2026-03-14T11:00:00Z INFO [startup] request w3 completed status=200 in 670 ms
2026-03-14T11:00:06Z INFO [scheduler] cache refresh complete: 1477 entries loaded
2026-03-14T11:00:10Z DEBUG [metrics] worker w16 idle for 2s
2026-03-14T11:00:49Z INFO [gc] scheduled job img_prewarm finished in 15s
2026-03-14T11:01:02Z INFO [startup] cache refresh complete: 1624 entries loaded
2026-03-14T11:01:12Z INFO [http.server] request w44 completed status=200 in 76 ms
2026-03-14T11:01:16Z WARN [startup] thread pool active 3786/64
2026-03-14T11:01:20Z INFO [metrics] request w58 completed status=200 in 548 ms
2026-03-14T11:01:23Z INFO [gc] scheduled job img_prewarm finished in 76s
2026-03-14T11:01:26Z WARN [scheduler] thread pool active 4478/64
2026-03-14T11:01:35Z INFO [cache] heartbeat ok (epoch 3845)
2026-03-14T11:02:30Z INFO [scheduler] connection established to metrics-broker:8182
2026-03-14T11:02:31Z WARN [cache] thread pool active 3230/64
2026-03-14T11:02:48Z WARN [scheduler] slow query 111 ms on table img_prewarm
2026-03-14T11:02:58Z INFO [cache] connection established to metrics-broker:8177
2026-03-14T11:03:17Z INFO [cache] heartbeat ok (epoch 1973)
2026-03-14T11:03:31Z INFO [gc] connection established to metrics-broker:8168
2026-03-14T11:03:50Z INFO [scheduler] connection established to metrics-broker:8117
2026-03-14T11:04:16Z INFO [cache] heartbeat ok (epoch 1615)
2026-03-14T11:04:26Z INFO [startup] scheduled job ledger_sync finished in 86s
2026-03-14T11:04:49Z WARN [metrics] thread pool active 3274/64
2026-03-14T11:05:35Z DEBUG [http.server] gc pause 895 ms (young gen)
2026-03-14T11:05:59Z INFO [gc] request w43 completed status=200 in 615 ms
2026-03-14T11:06:12Z ERROR [scheduler] temporary DNS failure resolving metrics-broker (retried ok)
2026-03-14T11:06:22Z WARN [gc] slow query 610 ms on table ledger_sync
2026-03-14T11:06:31Z INFO [gc] connection established to metrics-broker:8089
2026-03-14T11:06:40Z DEBUG [gc] gc pause 555 ms (young gen)
2026-03-14T11:06:45Z DEBUG [gc] queue depth 1093 within limits
2026-03-14T11:06:59Z INFO [scheduler] cache refresh complete: 4891 entries loaded
2026-03-14T11:07:26Z INFO [gc] heartbeat ok (epoch 3069)
2026-03-14T11:07:28Z INFO [gc] request w13 completed status=200 in 122 ms
2026-03-14T11:08:18Z INFO [metrics] heartbeat ok (epoch 2582)
2026-03-14T11:08:30Z INFO [scheduler] scheduled job ledger_sync finished in 61s
2026-03-14T11:08:33Z INFO [scheduler] connection established to metrics-broker:8114
2026-03-14T11:08:43Z INFO [http.server] heartbeat ok (epoch 2043)
2026-03-14T11:08:43Z DEBUG [gc] queue depth 2545 within limits
2026-03-14T11:08:46Z DEBUG [metrics] worker w57 idle for 91s
2026-03-14T11:08:48Z INFO [metrics] scheduled job img_prewarm finished in 26s
2026-03-14T11:09:15Z WARN [gc] certificate for metrics-broker expires in 4709 days
2026-03-14T11:09:24Z INFO [gc] request w11 completed status=200 in 594 ms
2026-03-14T11:09:57Z INFO [http.server] cache refresh complete: 1048 entries loaded
2026-03-14T11:10:20Z INFO [cache] connection established to metrics-broker:8181
2026-03-14T11:10:25Z INFO [http.server] cache refresh complete: 179 entries loaded
2026-03-14T11:10:46Z INFO [startup] request w33 completed status=200 in 778 ms
2026-03-14T11:10:46Z INFO [http.server] request w15 completed status=200 in 535 ms
2026-03-14T11:11:04Z INFO [scheduler] request w2 completed status=200 in 713 ms
2026-03-14T11:11:15Z INFO [metrics] request w1 completed status=200 in 157 ms
2026-03-14T11:11:23Z DEBUG [http.server] worker w18 idle for 66s
2026-03-14T11:12:04Z WARN [gc] slow query 149 ms on table email_digest
2026-03-14T11:12:18Z INFO [scheduler] heartbeat ok (epoch 360)
2026-03-14T11:12:28Z WARN [scheduler] thread pool active 705/64
2026-03-14T11:12:36Z INFO [cache] heartbeat ok (epoch 2686)
2026-03-14T11:12:38Z INFO [cache] cache refresh complete: 2722 entries loaded
2026-03-14T11:13:20Z INFO [startup] connection established to metrics-broker:8145
2026-03-14T11:13:34Z WARN [scheduler] certificate for metrics-broker expires in 3042 days
2026-03-14T11:13:47Z WARN [http.server] retrying metrics flush (attempt 3706)
2026-03-14T11:13:48Z INFO [startup] scheduled job email_digest finished in 35s
2026-03-14T11:13:50Z DEBUG [gc] worker w47 idle for 71s
2026-03-14T11:13:56Z WARN [scheduler] slow query 390 ms on table email_digest
2026-03-14T11:14:00Z INFO [gc] heartbeat ok (epoch 63)
2026-03-14T11:14:39Z INFO [metrics] heartbeat ok (epoch 1058)
2026-03-14T11:14:40Z INFO [gc] request w59 completed status=200 in 431 ms
2026-03-14T11:14:41Z INFO [scheduler] connection established to metrics-broker:8198
2026-03-14T11:15:07Z INFO [gc] scheduled job img_prewarm finished in 9s
2026-03-14T11:15:51Z WARN [startup] slow query 40 ms on table token_sweep
2026-03-14T11:16:40Z INFO [gc] heartbeat ok (epoch 1018)
2026-03-14T11:16:54Z INFO [scheduler] request w19 completed status=200 in 219 ms
2026-03-14T11:17:05Z INFO [cache] connection established to metrics-broker:8111
2026-03-14T11:17:13Z INFO [startup] scheduled job img_prewarm finished in 90s
2026-03-14T11:17:45Z DEBUG [metrics] gc pause 602 ms (young gen)
2026-03-14T11:17:49Z INFO [cache] request w14 completed status=200 in 311 ms
2026-03-14T11:18:10Z DEBUG [startup] gc pause 369 ms (young gen)
2026-03-14T11:19:01Z INFO [scheduler] scheduled job ledger_sync finished in 81s
2026-03-14T11:19:10Z WARN [cache] retrying metrics flush (attempt 2273)
2026-03-14T11:19:23Z INFO [metrics] connection established to metrics-broker:8113
2026-03-14T11:19:44Z INFO [http.server] scheduled job email_digest finished in 53s
2026-03-14T11:19:46Z WARN [scheduler] retrying metrics flush (attempt 3951)
2026-03-14T11:20:02Z DEBUG [startup] gc pause 564 ms (young gen)
2026-03-14T11:20:18Z DEBUG [http.server] queue depth 79 within limits
2026-03-14T11:20:46Z DEBUG [gc] queue depth 3953 within limits
2026-03-14T11:21:34Z WARN [gc] slow query 57 ms on table ledger_sync
2026-03-14T11:22:06Z INFO [scheduler] heartbeat ok (epoch 2907)
2026-03-14T11:22:08Z DEBUG [cache] queue depth 3437 within limits
2026-03-14T11:22:08Z WARN [cache] slow query 204 ms on table img_prewarm
2026-03-14T11:22:14Z WARN [metrics] thread pool active 4153/64
2026-03-14T11:22:40Z INFO [startup] connection established to metrics-broker:8102
2026-03-14T11:22:45Z INFO [cache] request w31 completed status=200 in 155 ms
2026-03-14T11:22:58Z INFO [cache] connection established to metrics-broker:8187
2026-03-14T11:23:05Z INFO [scheduler] scheduled job img_prewarm finished in 113s
2026-03-14T11:23:07Z DEBUG [startup] gc pause 719 ms (young gen)
2026-03-14T11:23:07Z INFO [scheduler] cache refresh complete: 1692 entries loaded
2026-03-14T11:23:10Z INFO [cache] scheduled job orders_rollup finished in 73s
2026-03-14T11:23:17Z DEBUG [http.server] queue depth 701 within limits
2026-03-14T11:23:19Z INFO [cache] cache refresh complete: 2249 entries loaded
2026-03-14T11:23:26Z INFO [gc] cache refresh complete: 3385 entries loaded
2026-03-14T11:23:35Z DEBUG [http.server] worker w44 idle for 54s
2026-03-14T11:23:36Z DEBUG [metrics] gc pause 551 ms (young gen)
2026-03-14T11:23:53Z WARN [scheduler] thread pool active 2618/64
2026-03-14T11:25:08Z ERROR [scheduler] temporary DNS failure resolving metrics-broker (retried ok)
2026-03-14T11:25:23Z DEBUG [gc] worker w35 idle for 83s
2026-03-14T11:25:27Z INFO [http.server] connection established to metrics-broker:8155
2026-03-14T11:25:38Z INFO [scheduler] heartbeat ok (epoch 202)
2026-03-14T11:26:07Z DEBUG [cache] queue depth 3586 within limits
2026-03-14T11:26:37Z WARN [http.server] retrying metrics flush (attempt 781)
2026-03-14T11:26:55Z INFO [metrics] connection established to metrics-broker:8150
2026-03-14T11:27:07Z INFO [cache] cache refresh complete: 476 entries loaded
2026-03-14T11:27:44Z WARN [cache] retrying metrics flush (attempt 4680)
2026-03-14T11:27:47Z DEBUG [metrics] queue depth 180 within limits
2026-03-14T11:27:49Z WARN [scheduler] retrying metrics flush (attempt 3920)
2026-03-14T11:28:05Z INFO [cache] heartbeat ok (epoch 1589)
2026-03-14T11:28:24Z INFO [http.server] cache refresh complete: 226 entries loaded
2026-03-14T11:28:35Z INFO [startup] cache refresh complete: 1753 entries loaded
2026-03-14T11:28:36Z INFO [http.server] request w5 completed status=200 in 103 ms
2026-03-14T11:28:59Z DEBUG [metrics] queue depth 3620 within limits
2026-03-14T11:29:00Z INFO [metrics] scheduled job ledger_sync finished in 1s
2026-03-14T11:29:06Z WARN [metrics] slow query 778 ms on table token_sweep
2026-03-14T11:29:13Z WARN [startup] retrying metrics flush (attempt 3496)
2026-03-14T11:29:34Z INFO [startup] scheduled job img_prewarm finished in 42s
2026-03-14T11:29:50Z WARN [metrics] certificate for metrics-broker expires in 417 days
2026-03-14T11:30:05Z INFO [http.server] request w33 completed status=200 in 684 ms
2026-03-14T11:30:21Z INFO [cache] connection established to metrics-broker:8119
2026-03-14T11:30:32Z WARN [http.server] certificate for metrics-broker expires in 3305 days
2026-03-14T11:30:57Z WARN [scheduler] slow query 287 ms on table img_prewarm
2026-03-14T11:30:57Z INFO [scheduler] request w58 completed status=200 in 476 ms
2026-03-14T11:31:32Z INFO [gc] cache refresh complete: 3193 entries loaded
2026-03-14T11:31:36Z DEBUG [cache] gc pause 558 ms (young gen)
2026-03-14T11:31:56Z INFO [cache] request w40 completed status=200 in 493 ms
2026-03-14T11:32:01Z DEBUG [startup] worker w26 idle for 109s
2026-03-14T11:32:15Z INFO [cache] scheduled job img_prewarm finished in 53s
2026-03-14T11:32:17Z INFO [http.server] cache refresh complete: 1912 entries loaded
2026-03-14T11:32:17Z INFO [gc] cache refresh complete: 3814 entries loaded
2026-03-14T11:32:32Z DEBUG [cache] worker w19 idle for 7s
2026-03-14T11:32:39Z INFO [startup] connection established to metrics-broker:8104
2026-03-14T11:33:01Z INFO [startup] request w17 completed status=200 in 450 ms
2026-03-14T11:33:23Z INFO [metrics] cache refresh complete: 958 entries loaded
2026-03-14T11:33:43Z INFO [gc] connection established to metrics-broker:8152
2026-03-14T11:33:46Z INFO [http.server] heartbeat ok (epoch 3758)
2026-03-14T11:33:59Z DEBUG [startup] worker w3 idle for 53s
2026-03-14T11:34:39Z INFO [startup] heartbeat ok (epoch 1631)
2026-03-14T11:35:11Z DEBUG [scheduler] queue depth 221 within limits
2026-03-14T11:35:16Z INFO [http.server] connection established to metrics-broker:8183
2026-03-14T11:35:17Z INFO [scheduler] scheduled job token_sweep finished in 64s
2026-03-14T11:35:37Z DEBUG [scheduler] queue depth 3032 within limits
2026-03-14T11:35:46Z INFO [scheduler] request w7 completed status=200 in 352 ms
2026-03-14T11:36:03Z WARN [http.server] retrying metrics flush (attempt 3789)
2026-03-14T11:36:04Z INFO [cache] connection established to metrics-broker:8101
2026-03-14T11:36:08Z INFO [metrics] request w30 completed status=200 in 758 ms
2026-03-14T11:36:47Z DEBUG [cache] gc pause 265 ms (young gen)
2026-03-14T11:36:51Z INFO [scheduler] connection established to metrics-broker:8189
2026-03-14T11:37:16Z WARN [gc] thread pool active 1985/64
2026-03-14T11:37:22Z INFO [metrics] request w51 completed status=200 in 372 ms
2026-03-14T11:37:54Z DEBUG [cache] queue depth 1537 within limits
2026-03-14T11:38:09Z DEBUG [http.server] gc pause 700 ms (young gen)
2026-03-14T11:38:21Z INFO [startup] cache refresh complete: 3249 entries loaded
2026-03-14T11:38:24Z INFO [startup] scheduled job orders_rollup finished in 114s
2026-03-14T11:38:25Z INFO [scheduler] scheduled job orders_rollup finished in 14s
2026-03-14T11:38:31Z INFO [http.server] request w12 completed status=200 in 743 ms
2026-03-14T11:38:56Z INFO [metrics] cache refresh complete: 3903 entries loaded
2026-03-14T11:39:03Z DEBUG [metrics] worker w64 idle for 117s
2026-03-14T11:39:23Z DEBUG [gc] worker w22 idle for 103s
2026-03-14T11:39:25Z INFO [startup] request w25 completed status=200 in 730 ms
2026-03-14T11:39:31Z WARN [gc] thread pool active 1197/64
2026-03-14T11:39:34Z INFO [scheduler] request w15 completed status=200 in 451 ms
2026-03-14T11:39:47Z INFO [http.server] cache refresh complete: 2915 entries loaded
2026-03-14T11:39:56Z WARN [metrics] certificate for metrics-broker expires in 700 days
2026-03-14T11:40:07Z WARN [scheduler] retrying metrics flush (attempt 2283)
2026-03-14T11:40:20Z INFO [cache] request w30 completed status=200 in 708 ms
2026-03-14T11:40:26Z WARN [startup] retrying metrics flush (attempt 4388)
2026-03-14T11:40:26Z DEBUG [startup] worker w54 idle for 24s
2026-03-14T11:40:54Z WARN [gc] retrying metrics flush (attempt 351)
2026-03-14T11:40:57Z DEBUG [gc] worker w20 idle for 116s
2026-03-14T11:40:58Z INFO [metrics] connection established to metrics-broker:8187
2026-03-14T11:41:05Z INFO [metrics] connection established to metrics-broker:8198
2026-03-14T11:41:07Z INFO [startup] request w24 completed status=200 in 383 ms
2026-03-14T11:41:20Z DEBUG [startup] gc pause 156 ms (young gen)
2026-03-14T11:41:33Z DEBUG [startup] worker w7 idle for 88s
2026-03-14T11:41:41Z INFO [scheduler] cache refresh complete: 2037 entries loaded
2026-03-14T11:42:24Z INFO [gc] scheduled job ledger_sync finished in 112s
2026-03-14T11:42:33Z WARN [metrics] retrying metrics flush (attempt 12)
2026-03-14T11:42:50Z DEBUG [cache] queue depth 3155 within limits
2026-03-14T11:43:05Z INFO [cache] cache refresh complete: 946 entries loaded
2026-03-14T11:43:18Z INFO [gc] connection established to metrics-broker:8170
2026-03-14T11:43:41Z DEBUG [http.server] worker w29 idle for 58s
2026-03-14T11:44:16Z DEBUG [startup] queue depth 215 within limits
2026-03-14T11:44:24Z DEBUG [startup] worker w7 idle for 70s
2026-03-14T11:44:43Z WARN [startup] retrying metrics flush (attempt 4203)
2026-03-14T11:44:45Z WARN [startup] slow query 125 ms on table email_digest
2026-03-14T11:45:27Z INFO [scheduler] connection established to metrics-broker:8147
2026-03-14T11:45:29Z INFO [metrics] heartbeat ok (epoch 3541)
2026-03-14T11:45:32Z INFO [startup] request w62 completed status=200 in 132 ms
2026-03-14T11:45:42Z INFO [scheduler] request w51 completed status=200 in 723 ms
2026-03-14T11:45:43Z ERROR [scheduler] failed to publish metrics batch: broker unavailable (will retry)
2026-03-14T11:46:07Z INFO [cache] request w28 completed status=200 in 425 ms
2026-03-14T11:46:12Z INFO [cache] cache refresh complete: 3287 entries loaded
2026-03-14T11:46:20Z WARN [scheduler] thread pool active 1808/64
2026-03-14T11:46:22Z DEBUG [startup] gc pause 458 ms (young gen)
2026-03-14T11:46:28Z INFO [startup] connection established to metrics-broker:8158
2026-03-14T11:46:50Z DEBUG [metrics] gc pause 818 ms (young gen)
2026-03-14T11:47:27Z DEBUG [http.server] worker w36 idle for 119s
2026-03-14T11:47:27Z INFO [gc] request w45 completed status=200 in 563 ms
2026-03-14T11:48:03Z INFO [cache] request w42 completed status=200 in 388 ms
2026-03-14T11:48:17Z INFO [metrics] request w5 completed status=200 in 882 ms
2026-03-14T11:48:49Z INFO [http.server] cache refresh complete: 4368 entries loaded
2026-03-14T11:48:50Z DEBUG [cache] worker w7 idle for 112s
2026-03-14T11:49:11Z DEBUG [http.server] worker w42 idle for 20s
2026-03-14T11:49:15Z INFO [metrics] scheduled job token_sweep finished in 101s
2026-03-14T11:49:26Z INFO [cache] connection established to metrics-broker:8089
2026-03-14T11:49:27Z INFO [metrics] cache refresh complete: 2727 entries loaded
2026-03-14T11:49:53Z INFO [startup] cache refresh complete: 4016 entries loaded
2026-03-14T11:50:08Z INFO [startup] request w39 completed status=200 in 488 ms
2026-03-14T11:50:12Z INFO [scheduler] scheduled job token_sweep finished in 19s
2026-03-14T11:50:13Z INFO [metrics] heartbeat ok (epoch 3084)
2026-03-14T11:50:45Z WARN [scheduler] retrying metrics flush (attempt 1159)
2026-03-14T11:50:52Z INFO [cache] request w53 completed status=200 in 711 ms
2026-03-14T11:51:48Z INFO [cache] request w10 completed status=200 in 695 ms
2026-03-14T11:51:49Z DEBUG [metrics] queue depth 4190 within limits
2026-03-14T11:51:50Z WARN [startup] retrying metrics flush (attempt 4719)
2026-03-14T11:52:02Z INFO [cache] scheduled job token_sweep finished in 22s
2026-03-14T11:52:05Z INFO [scheduler] request w5 completed status=200 in 265 ms
2026-03-14T11:52:21Z INFO [scheduler] connection established to metrics-broker:8115
2026-03-14T11:52:27Z INFO [cache] scheduled job token_sweep finished in 53s
2026-03-14T11:52:46Z WARN [startup] certificate for metrics-broker expires in 1419 days
2026-03-14T11:52:50Z INFO [cache] request w7 completed status=200 in 406 ms
2026-03-14T11:53:05Z DEBUG [http.server] gc pause 642 ms (young gen)
2026-03-14T11:53:22Z DEBUG [scheduler] queue depth 1545 within limits
2026-03-14T11:53:48Z WARN [cache] retrying metrics flush (attempt 2631)
2026-03-14T11:53:55Z INFO [metrics] connection established to metrics-broker:8107
2026-03-14T11:53:57Z INFO [metrics] scheduled job sku_reindex finished in 60s
2026-03-14T11:54:32Z DEBUG [startup] queue depth 260 within limits
2026-03-14T11:54:41Z INFO [gc] cache refresh complete: 287 entries loaded
2026-03-14T11:54:42Z DEBUG [gc] queue depth 4669 within limits
2026-03-14T11:55:06Z INFO [http.server] request w32 completed status=200 in 71 ms
2026-03-14T11:55:20Z INFO [startup] heartbeat ok (epoch 2937)
2026-03-14T11:55:20Z INFO [cache] request w47 completed status=200 in 804 ms
2026-03-14T11:55:29Z INFO [cache] scheduled job orders_rollup finished in 18s
2026-03-14T11:55:36Z INFO [scheduler] request w45 completed status=200 in 187 ms
2026-03-14T11:56:28Z DEBUG [gc] gc pause 513 ms (young gen)
2026-03-14T11:56:34Z DEBUG [metrics] worker w62 idle for 115s
2026-03-14T11:56:42Z INFO [http.server] request w26 completed status=200 in 738 ms
2026-03-14T11:56:57Z WARN [cache] certificate for metrics-broker expires in 3653 days
2026-03-14T11:57:04Z INFO [startup] request w22 completed status=200 in 273 ms
2026-03-14T11:57:05Z INFO [startup] request w29 completed status=200 in 377 ms
2026-03-14T11:57:08Z DEBUG [http.server] queue depth 4136 within limits
2026-03-14T11:57:34Z DEBUG [scheduler] worker w21 idle for 38s
2026-03-14T11:57:41Z INFO [metrics] request w2 completed status=200 in 171 ms
2026-03-14T11:58:00Z INFO [startup] connection established to metrics-broker:8194
2026-03-14T11:58:23Z INFO [scheduler] connection established to metrics-broker:8141
2026-03-14T11:58:24Z INFO [cache] heartbeat ok (epoch 4527)
2026-03-14T11:58:43Z INFO [scheduler] request w44 completed status=200 in 719 ms
2026-03-14T11:58:59Z INFO [gc] cache refresh complete: 2313 entries loaded
2026-03-14T11:59:08Z INFO [gc] connection established to metrics-broker:8132
2026-03-14T11:59:22Z INFO [startup] heartbeat ok (epoch 4562)
2026-03-14T11:59:22Z DEBUG [http.server] queue depth 1416 within limits
2026-03-14T11:59:24Z INFO [metrics] request w19 completed status=200 in 103 ms
2026-03-14T11:59:48Z INFO [gc] heartbeat ok (epoch 3696)
