2026-03-14T00:30:24Z change_id=CHG-5000 user=deploy-bot service=shipping-service key=cdn.edge_ttl_s old=600 new=300
2026-03-14T01:01:59Z change_id=CHG-5001 user=deploy-bot service=auth-service key=log.level old=WARN new=DEBUG
2026-03-14T01:19:30Z change_id=CHG-5002 user=sre-tools service=shipping-service key=hpa.max_replicas old=8 new=6
2026-03-14T01:24:03Z change_id=CHG-5003 user=deploy-bot service=recommendation-api key=tls.min_version old=1.2 new=1.3
2026-03-14T01:51:02Z change_id=CHG-5004 user=release-train service=recommendation-api key=metrics.flush_interval_s old=10 new=30
2026-03-14T02:21:05Z change_id=CHG-5005 user=deploy-bot service=checkout-api key=metrics.flush_interval_s old=60 new=10
2026-03-14T02:48:14Z change_id=CHG-5006 user=sre-tools service=shipping-service key=cdn.edge_ttl_s old=60 new=600
2026-03-14T02:48:28Z change_id=CHG-5007 user=deploy-bot service=payment-gateway key=cdn.edge_ttl_s old=300 new=600
2026-03-14T02:54:49Z change_id=CHG-5008 user=deploy-bot service=fraud-detector key=cache.warmup_batch old=500 new=100
2026-03-14T03:06:15Z change_id=CHG-5009 user=deploy-bot service=checkout-api key=tls.min_version old=1.3 new=1.2
2026-03-14T03:07:03Z change_id=CHG-5010 user=sre-tools service=edge-gateway key=hpa.max_replicas old=12 new=16
2026-03-14T03:30:20Z change_id=CHG-5011 user=release-train service=search-api key=search.index.refresh_interval_s old=60 new=15
2026-03-14T03:39:10Z change_id=CHG-5012 user=deploy-bot service=inventory-service key=feature.dark_launch old=off new=on
2026-03-14T03:42:55Z change_id=CHG-5013 user=release-train service=cart-api key=cache.warmup_batch old=100 new=500
2026-03-14T03:45:27Z change_id=CHG-5014 user=oncall-sre service=search-api key=search.index.refresh_interval_s old=15 new=60
2026-03-14T03:51:49Z change_id=CHG-5015 user=sre-tools service=order-service key=hpa.max_replicas old=16 new=8
2026-03-14T04:05:48Z change_id=CHG-5016 user=release-train service=edge-gateway key=feature.dark_launch old=off new=on
2026-03-14T04:12:27Z change_id=CHG-5017 user=deploy-bot service=payment-gateway key=tls.min_version old=1.3 new=1.2
2026-03-14T05:15:00Z change_id=CHG-5018 user=release-train service=auth-service key=tls.min_version old=1.2 new=1.3
2026-03-14T05:41:41Z change_id=CHG-5019 user=deploy-bot service=session-cache key=cache.ttl_s old=900 new=30
2026-03-14T06:25:38Z change_id=CHG-5020 user=release-train service=cart-api key=cache.warmup_batch old=250 new=100
2026-03-14T06:28:00Z change_id=CHG-5021 user=sre-tools service=auth-service key=search.index.refresh_interval_s old=120 new=30
2026-03-14T06:28:48Z change_id=CHG-5022 user=deploy-bot service=cart-api key=search.index.refresh_interval_s old=30 new=120
2026-03-14T07:03:08Z change_id=CHG-5023 user=oncall-sre service=session-cache key=cache.ttl_s old=30 new=900
2026-03-14T08:16:54Z change_id=CHG-5024 user=release-train service=payment-gateway key=metrics.flush_interval_s old=15 new=60
2026-03-14T08:24:50Z change_id=CHG-5025 user=release-train service=billing-worker key=log.level old=DEBUG new=WARN
2026-03-14T08:39:08Z change_id=CHG-5026 user=release-train service=order-service key=cache.warmup_batch old=500 new=100
2026-03-14T08:47:00Z change_id=CHG-5027 user=sre-tools service=payment-gateway key=metrics.flush_interval_s old=30 new=60
2026-03-14T08:59:03Z change_id=CHG-5028 user=sre-tools service=fraud-detector key=tls.min_version old=1.2 new=1.3
2026-03-14T09:12:57Z change_id=CHG-5029 user=release-train service=cart-api key=cache.warmup_batch old=100 new=500
2026-03-14T09:28:21Z change_id=CHG-5030 user=sre-tools service=billing-worker key=cache.warmup_batch old=500 new=250
2026-03-14T10:07:23Z change_id=CHG-5031 user=sre-tools service=auth-service key=cdn.edge_ttl_s old=60 new=600
2026-03-14T10:43:30Z change_id=CHG-5032 user=release-train service=pricing-service key=cache.warmup_batch old=500 new=100
2026-03-14T10:44:51Z change_id=CHG-5033 user=deploy-bot service=pricing-service key=metrics.flush_interval_s old=60 new=30
2026-03-14T10:58:57Z change_id=CHG-5034 user=sre-tools service=pricing-service key=tls.min_version old=1.3 new=1.2
2026-03-14T11:32:20Z change_id=CHG-5035 user=sre-tools service=recommendation-api key=cdn.edge_ttl_s old=60 new=600
