2026-03-14T10:00:04Z GET /api/cart 301 253ms req-5af50b
2026-03-14T10:00:11Z POST /api/cart 201 48ms req-c2db47
2026-03-14T10:00:20Z GET /api/products 200 192ms req-f56672
2026-03-14T10:00:20Z GET /api/search 404 148ms req-90da0d
2026-03-14T10:00:31Z GET /api/orders 201 397ms req-8b1813
2026-03-14T10:00:31Z PUT /api/orders 404 63ms req-d65293
2026-03-14T10:00:35Z POST /api/session 200 399ms req-496183
2026-03-14T10:00:40Z POST /api/search 301 300ms req-88c26f
2026-03-14T10:00:40Z PUT /api/recommendations 200 275ms req-041281
2026-03-14T10:00:43Z GET /api/account 201 110ms req-70f868
2026-03-14T10:00:59Z POST /api/search 204 43ms req-50e06d
2026-03-14T10:01:04Z POST /api/products 200 245ms req-289272
2026-03-14T10:01:23Z POST /api/cart 200 237ms req-7d74d4
2026-03-14T10:01:33Z GET /api/account 200 177ms req-6c802a
2026-03-14T10:01:38Z GET /api/shipping-quote 204 323ms req-a2b084
2026-03-14T10:01:40Z GET /healthz 204 99ms req-6cc162
2026-03-14T10:01:55Z POST /api/recommendations 200 363ms req-ea319b
2026-03-14T10:01:59Z POST /api/cart 404 339ms req-58a423
2026-03-14T10:02:02Z GET /api/recommendations 201 213ms req-3fecf9
2026-03-14T10:02:23Z GET /api/checkout 204 244ms req-5466c6
2026-03-14T10:02:30Z POST /api/checkout 200 205ms req-73969b
2026-03-14T10:02:38Z PUT /api/products 200 184ms req-ee7192
2026-03-14T10:02:51Z GET /api/recommendations 204 379ms req-e0e20a
2026-03-14T10:02:59Z POST /api/orders 301 33ms req-7a39d7
2026-03-14T10:03:01Z GET /api/orders 200 78ms req-5c41b7
2026-03-14T10:03:33Z PUT /api/recommendations 404 313ms req-576d50
2026-03-14T10:03:38Z POST /api/recommendations 204 224ms req-c6bd60
2026-03-14T10:03:41Z PUT /api/session 200 184ms req-e107ff
2026-03-14T10:03:47Z POST /api/cart 200 239ms req-71e91c
2026-03-14T10:03:48Z PUT /api/orders 200 399ms req-7fd818
2026-03-14T10:03:55Z GET /api/account 301 223ms req-ffa44c
2026-03-14T10:03:58Z GET /api/search 200 190ms req-7bd21e
2026-03-14T10:04:00Z GET /api/orders 201 80ms req-794389
2026-03-14T10:04:04Z GET /api/checkout 200 387ms req-7b32fe
2026-03-14T10:04:08Z GET /api/orders 200 54ms req-882957
2026-03-14T10:04:08Z PUT /api/account 200 354ms req-85fb46
2026-03-14T10:04:09Z POST /healthz 200 104ms req-6d4273
2026-03-14T10:04:09Z GET /api/search 404 175ms req-507f83
2026-03-14T10:04:12Z PUT /api/account 200 157ms req-f55b05
2026-03-14T10:04:20Z GET /api/recommendations 200 419ms req-d5fde4
2026-03-14T10:04:29Z POST /api/account 204 13ms req-dcf466
2026-03-14T10:04:34Z GET /api/recommendations 204 34ms req-b346c7
2026-03-14T10:04:35Z GET /api/recommendations 200 414ms req-8fe0fb
2026-03-14T10:04:36Z GET /api/recommendations 201 414ms req-df4d1d
2026-03-14T10:04:45Z POST /api/products 204 17ms req-aa2848
2026-03-14T10:04:54Z POST /api/shipping-quote 301 188ms req-714d8a
2026-03-14T10:05:02Z PUT /api/cart 201 217ms req-6a2230
2026-03-14T10:05:15Z GET /api/checkout 200 414ms req-4b4008
2026-03-14T10:05:21Z PUT /api/products 200 145ms req-dfe089
2026-03-14T10:05:22Z GET /api/search 200 115ms req-b630bd
2026-03-14T10:05:31Z GET /api/shipping-quote 201 228ms req-bed8e7
2026-03-14T10:05:31Z POST /api/search 204 38ms req-35be7e
2026-03-14T10:05:31Z POST /api/checkout 200 150ms req-163ad1
2026-03-14T10:05:33Z POST /healthz 200 415ms req-4ab1f7
2026-03-14T10:05:39Z POST /api/recommendations 200 337ms req-02faf3
2026-03-14T10:05:47Z POST /api/session 200 106ms req-ac0db8
2026-03-14T10:05:58Z GET /api/products 200 167ms req-cebbe9
2026-03-14T10:06:00Z POST /api/products 404 231ms req-c9efbb
2026-03-14T10:06:01Z PUT /api/cart 200 47ms req-b52937
2026-03-14T10:06:01Z POST /api/shipping-quote 200 197ms req-b31cb3
2026-03-14T10:06:05Z GET /healthz 200 39ms req-57c008
2026-03-14T10:06:05Z PUT /api/shipping-quote 404 87ms req-7d590d
2026-03-14T10:06:08Z POST /api/orders 200 305ms req-4898ee
2026-03-14T10:06:12Z GET /api/recommendations 200 314ms req-842d07
2026-03-14T10:06:12Z GET /api/search 301 340ms req-20df4b
2026-03-14T10:06:14Z PUT /api/account 204 201ms req-d584f1
2026-03-14T10:06:30Z GET /api/session 200 187ms req-652551
2026-03-14T10:06:34Z GET /api/account 200 349ms req-57d8ac
2026-03-14T10:06:34Z PUT /api/session 200 119ms req-442d90
2026-03-14T10:06:42Z POST /api/checkout 404 228ms req-ba7949
2026-03-14T10:06:57Z POST /healthz 201 146ms req-c5bf9a
2026-03-14T10:07:03Z GET /api/products 404 371ms req-d73663
2026-03-14T10:07:11Z PUT /api/session 200 15ms req-c5b3e2
2026-03-14T10:07:11Z GET /api/checkout 200 61ms req-d77b34
2026-03-14T10:07:13Z GET /api/shipping-quote 204 223ms req-0142bc
2026-03-14T10:07:30Z POST /api/session 200 398ms req-c687b7
2026-03-14T10:07:35Z POST /api/recommendations 204 371ms req-2afd05
2026-03-14T10:07:36Z GET /api/search 200 55ms req-1581cd
2026-03-14T10:07:39Z GET /api/session 404 246ms req-5ebb7b
2026-03-14T10:07:40Z POST /api/session 200 253ms req-c52925
2026-03-14T10:07:40Z GET /api/shipping-quote 404 75ms req-8055d0
2026-03-14T10:07:52Z GET /api/search 301 148ms req-cc3b1e
2026-03-14T10:07:54Z GET /api/session 204 222ms req-246276
2026-03-14T10:07:59Z GET /healthz 201 189ms req-ad41c3
2026-03-14T10:08:14Z GET /api/products 200 83ms req-41fc22
2026-03-14T10:08:14Z GET /api/products 201 183ms req-420492
2026-03-14T10:08:23Z PUT /api/search 200 317ms req-936e8f
2026-03-14T10:08:24Z GET /api/session 200 183ms req-333c8c
2026-03-14T10:08:27Z POST /api/session 301 370ms req-158a37
2026-03-14T10:08:31Z POST /healthz 200 302ms req-1bc995
2026-03-14T10:08:41Z GET /api/recommendations 201 335ms req-307e89
2026-03-14T10:09:02Z POST /api/search 301 294ms req-0d096a
2026-03-14T10:09:03Z POST /api/products 200 165ms req-3aa04e
2026-03-14T10:09:15Z POST /api/orders 301 26ms req-f00443
2026-03-14T10:09:33Z POST /api/cart 200 13ms req-6ee439
2026-03-14T10:09:33Z GET /api/search 404 90ms req-d077f1
2026-03-14T10:09:35Z GET /api/shipping-quote 201 49ms req-5bc95b
2026-03-14T10:09:39Z GET /api/session 404 122ms req-35ed27
2026-03-14T10:09:49Z GET /api/cart 404 245ms req-098823
2026-03-14T10:09:53Z GET /api/search 201 31ms req-c332ab
2026-03-14T10:10:06Z GET /api/shipping-quote 404 406ms req-3aa5ad
2026-03-14T10:10:08Z POST /api/cart 204 357ms req-75d208
2026-03-14T10:10:12Z GET /api/account 204 160ms req-3b3d46
2026-03-14T10:10:14Z GET /api/shipping-quote 200 207ms req-8d57af
2026-03-14T10:10:17Z GET /api/search 301 210ms req-476658
2026-03-14T10:10:19Z GET /api/account 204 15ms req-a2adb1
2026-03-14T10:10:26Z POST /api/session 200 191ms req-35260f
2026-03-14T10:10:35Z GET /healthz 200 408ms req-1ffeaa
2026-03-14T10:10:38Z POST /api/cart 200 321ms req-a6cfde
2026-03-14T10:10:38Z POST /healthz 200 255ms req-14e2ea
2026-03-14T10:10:40Z PUT /api/session 200 276ms req-bcca6e
2026-03-14T10:10:44Z POST /api/orders 404 84ms req-a8c81d
2026-03-14T10:10:47Z GET /api/cart 200 47ms req-07c807
2026-03-14T10:10:56Z PUT /api/checkout 200 351ms req-00b2a3
2026-03-14T10:11:03Z PUT /healthz 200 24ms req-9ebfc1
2026-03-14T10:11:05Z POST /api/recommendations 200 145ms req-e70997
2026-03-14T10:11:05Z POST /api/session 200 327ms req-e0362b
2026-03-14T10:11:06Z GET /api/orders 200 410ms req-c2e682
2026-03-14T10:11:07Z PUT /api/recommendations 301 220ms req-2cba69
2026-03-14T10:11:08Z PUT /api/cart 200 178ms req-cb12d5
2026-03-14T10:11:11Z POST /api/orders 201 146ms req-9ff69e
2026-03-14T10:11:29Z POST /api/recommendations 200 382ms req-d62f7f
2026-03-14T10:12:10Z PUT /api/shipping-quote 404 100ms req-d3c8c3
2026-03-14T10:12:14Z POST /api/cart 200 303ms req-39d6fb
2026-03-14T10:12:23Z POST /api/shipping-quote 200 25ms req-9040db
2026-03-14T10:12:26Z GET /api/checkout 200 167ms req-2c6f8e
2026-03-14T10:12:38Z POST /api/session 404 120ms req-881d33
2026-03-14T10:12:40Z POST /api/orders 201 390ms req-f56928
2026-03-14T10:12:44Z GET /api/orders 200 137ms req-6bc3af
2026-03-14T10:12:48Z GET /api/orders 404 244ms req-78debd
2026-03-14T10:12:59Z GET /api/session 204 342ms req-d47fa6
2026-03-14T10:13:00Z GET /api/cart 200 406ms req-a5b9d7
2026-03-14T10:13:14Z GET /api/shipping-quote 204 148ms req-c5666f
2026-03-14T10:13:18Z POST /api/session 404 180ms req-5cc20b
2026-03-14T10:13:20Z GET /api/search 200 138ms req-1c7879
2026-03-14T10:13:25Z GET /healthz 200 45ms req-82d7e6
2026-03-14T10:13:26Z GET /api/orders 404 403ms req-1ade16
2026-03-14T10:13:32Z GET /api/search 200 76ms req-2953a0
2026-03-14T10:13:33Z PUT /api/search 200 35ms req-838248
2026-03-14T10:13:38Z PUT /api/search 204 414ms req-c590b5
2026-03-14T10:13:45Z POST /api/orders 200 51ms req-532f15
2026-03-14T10:13:46Z GET /api/checkout 200 187ms req-cf7d79
2026-03-14T10:13:47Z PUT /api/search 301 364ms req-eb49b2
2026-03-14T10:14:01Z POST /api/session 301 182ms req-5b6328
2026-03-14T10:14:05Z GET /api/shipping-quote 200 350ms req-e51fd5
2026-03-14T10:14:07Z GET /api/products 200 271ms req-8a4c4c
2026-03-14T10:14:42Z GET /api/shipping-quote 201 81ms req-2f0311
2026-03-14T10:14:43Z GET /api/shipping-quote 200 298ms req-9503fe
2026-03-14T10:14:56Z GET /healthz 201 301ms req-e0d779
2026-03-14T10:15:06Z GET /api/checkout 301 235ms req-3bb1dc
2026-03-14T10:15:28Z POST /api/cart 200 259ms req-0bf2de
2026-03-14T10:15:28Z GET /api/cart 301 321ms req-0988ab
2026-03-14T10:15:43Z PUT /api/shipping-quote 200 338ms req-35cb26
2026-03-14T10:15:50Z GET /api/cart 200 230ms req-71a018
2026-03-14T10:15:57Z GET /api/recommendations 201 13ms req-2e3d80
2026-03-14T10:16:04Z PUT /api/session 200 311ms req-9afa5a
2026-03-14T10:16:04Z POST /api/cart 200 296ms req-20dce5
2026-03-14T10:16:14Z GET /api/search 200 275ms req-c16d67
2026-03-14T10:16:15Z PUT /api/recommendations 301 295ms req-9be4a1
2026-03-14T10:16:21Z PUT /api/account 200 145ms req-33e7ca
2026-03-14T10:16:24Z PUT /api/products 201 281ms req-3f6d71
2026-03-14T10:16:29Z GET /api/session 404 390ms req-678849
2026-03-14T10:16:34Z PUT /api/orders 204 101ms req-70e407
2026-03-14T10:16:36Z PUT /api/orders 200 154ms req-c20e1b
2026-03-14T10:16:57Z GET /api/checkout 204 371ms req-f15787
2026-03-14T10:16:59Z GET /api/search 201 124ms req-effa95
2026-03-14T10:17:01Z PUT /api/account 200 76ms req-0776d4
2026-03-14T10:17:05Z POST /api/cart 200 46ms req-46c6df
2026-03-14T10:17:08Z GET /api/orders 201 115ms req-823f99
2026-03-14T10:17:13Z PUT /api/orders 200 31ms req-5f5d40
2026-03-14T10:17:29Z GET /api/checkout 201 129ms req-3fdfdb
2026-03-14T10:17:37Z PUT /api/shipping-quote 201 63ms req-743382
2026-03-14T10:17:38Z PUT /api/session 404 302ms req-4fd928
2026-03-14T10:17:43Z GET /api/orders 200 153ms req-6a36cd
2026-03-14T10:17:47Z PUT /healthz 200 338ms req-be62ad
2026-03-14T10:17:58Z POST /api/recommendations 200 329ms req-afa8b0
2026-03-14T10:18:06Z GET /api/session 200 413ms req-3f4d73
2026-03-14T10:18:15Z GET /api/account 200 171ms req-59c06e
2026-03-14T10:18:15Z POST /api/products 200 370ms req-3b3aeb
2026-03-14T10:18:24Z POST /api/orders 204 226ms req-9900e1
2026-03-14T10:18:31Z PUT /api/search 200 185ms req-d37daa
2026-03-14T10:18:37Z GET /api/search 201 109ms req-32da60
2026-03-14T10:18:39Z PUT /api/search 200 339ms req-3f80ad
2026-03-14T10:18:41Z GET /healthz 204 115ms req-b45c9e
2026-03-14T10:18:48Z POST /api/products 404 187ms req-e33455
2026-03-14T10:18:50Z POST /api/checkout 204 322ms req-adab0f
2026-03-14T10:18:52Z POST /api/account 204 171ms req-e38128
2026-03-14T10:18:55Z GET /api/products 204 340ms req-a36510
2026-03-14T10:19:00Z POST /healthz 200 367ms req-ce8978
2026-03-14T10:19:07Z POST /api/orders 200 258ms req-8eb9f9
2026-03-14T10:19:07Z GET /api/products 200 303ms req-96a110
2026-03-14T10:19:16Z GET /healthz 200 84ms req-dbe63d
2026-03-14T10:19:17Z PUT /api/account 404 240ms req-a89ed6
2026-03-14T10:19:23Z GET /api/products 404 284ms req-f541d1
2026-03-14T10:19:24Z POST /api/checkout 301 217ms req-aacd0a
2026-03-14T10:19:31Z POST /api/recommendations 201 31ms req-b983f9
2026-03-14T10:19:35Z GET /api/products 200 83ms req-9387f1
2026-03-14T10:19:43Z PUT /api/search 204 271ms req-4ecdc1
2026-03-14T10:19:54Z POST /api/cart 200 98ms req-2874f3
2026-03-14T10:19:54Z POST /api/session 200 208ms req-202038
2026-03-14T10:20:03Z GET /api/checkout 200 18ms req-9265c1
2026-03-14T10:20:05Z POST /api/cart 200 83ms req-b3a2db
2026-03-14T10:20:11Z GET /api/session 200 310ms req-238624
2026-03-14T10:20:21Z POST /api/checkout 200 260ms req-e71730
2026-03-14T10:20:23Z POST /api/cart 200 90ms req-835043
2026-03-14T10:20:35Z PUT /api/products 200 60ms req-482141
2026-03-14T10:20:36Z GET /api/session 200 51ms req-82a1b1
2026-03-14T10:20:47Z GET /api/session 404 178ms req-8e6d9c
2026-03-14T10:20:58Z PUT /api/checkout 200 171ms req-18ec6e
2026-03-14T10:21:08Z GET /api/cart 200 65ms req-aed26d
2026-03-14T10:21:22Z POST /api/account 200 335ms req-1a0469
2026-03-14T10:21:33Z GET /api/session 200 170ms req-5f708d
2026-03-14T10:21:38Z PUT /api/orders 200 290ms req-b77e99
2026-03-14T10:21:38Z PUT /api/shipping-quote 404 189ms req-d73e2f
2026-03-14T10:21:42Z GET /api/cart 200 48ms req-723b07
2026-03-14T10:21:43Z GET /api/cart 200 78ms req-a7201d
2026-03-14T10:21:51Z PUT /api/checkout 201 144ms req-ffc443
2026-03-14T10:21:58Z GET /api/checkout 200 85ms req-f3675b
2026-03-14T10:22:01Z GET /api/shipping-quote 404 122ms req-d8962d
2026-03-14T10:22:16Z PUT /api/search 200 103ms req-cd57d9
2026-03-14T10:22:18Z GET /api/session 301 279ms req-7965bd
2026-03-14T10:22:23Z GET /api/products 301 33ms req-f749ba
2026-03-14T10:22:28Z POST /api/products 200 304ms req-14c5d1
2026-03-14T10:22:39Z GET /api/checkout 500 2803ms req-7a95af
2026-03-14T10:22:44Z POST /api/recommendations 200 249ms req-f7212b
2026-03-14T10:22:46Z GET /api/shipping-quote 200 278ms req-22ee8e
2026-03-14T10:22:48Z GET /api/checkout 200 346ms req-7394e6
2026-03-14T10:22:53Z GET /api/orders 200 21ms req-bbf3e4
2026-03-14T10:23:05Z PUT /api/search 200 64ms req-a4f436
2026-03-14T10:23:19Z GET /api/account 204 372ms req-05c019
2026-03-14T10:23:21Z PUT /api/shipping-quote 200 175ms req-a26db9
2026-03-14T10:23:36Z GET /api/shipping-quote 200 61ms req-f20552
2026-03-14T10:23:40Z GET /api/cart 301 362ms req-b48573
2026-03-14T10:24:00Z POST /api/account 301 29ms req-da06bf
2026-03-14T10:24:02Z GET /api/products 200 408ms req-ef3a99
2026-03-14T10:24:02Z POST /api/search 500 1422ms req-f69fa5
2026-03-14T10:24:04Z PUT /api/checkout 201 160ms req-78e2df
2026-03-14T10:24:05Z POST /api/session 200 342ms req-d17d95
2026-03-14T10:24:10Z POST /api/products 200 134ms req-9e599b
2026-03-14T10:24:15Z POST /api/shipping-quote 500 4327ms req-205ff7
2026-03-14T10:24:21Z GET /healthz 204 294ms req-7bb2ce
2026-03-14T10:24:24Z GET /api/orders 200 323ms req-f398ae
2026-03-14T10:24:25Z POST /api/recommendations 200 219ms req-8786af
2026-03-14T10:24:28Z PUT /api/cart 200 266ms req-374dfb
2026-03-14T10:24:29Z GET /api/orders 301 353ms req-43625e
2026-03-14T10:24:32Z GET /api/products 201 87ms req-bc03eb
2026-03-14T10:24:42Z PUT /api/checkout 200 227ms req-dce78a
2026-03-14T10:24:45Z GET /api/cart 200 221ms req-b37981
2026-03-14T10:24:51Z GET /api/checkout 200 139ms req-43df20
2026-03-14T10:24:52Z POST /api/recommendations 204 249ms req-133387
2026-03-14T10:24:52Z GET /api/session 200 327ms req-79b09a
2026-03-14T10:24:52Z GET /api/checkout 200 234ms req-7da556
2026-03-14T10:24:53Z GET /healthz 301 164ms req-794aae
2026-03-14T10:25:08Z GET /api/orders 204 392ms req-1d0171
2026-03-14T10:25:08Z PUT /api/checkout 200 288ms req-ffac71
2026-03-14T10:25:14Z POST /api/session 200 275ms req-a8aba9
2026-03-14T10:25:16Z GET /api/products 500 2253ms req-b1657c
2026-03-14T10:25:24Z GET /api/checkout 200 395ms req-5e2b35
2026-03-14T10:25:46Z POST /api/session 404 331ms req-382903
2026-03-14T10:25:47Z GET /api/checkout 200 220ms req-5dfbc2
2026-03-14T10:25:48Z POST /api/orders 200 93ms req-a011e9
2026-03-14T10:25:52Z POST /healthz 204 179ms req-2a93ff
2026-03-14T10:25:54Z GET /api/cart 404 195ms req-d3a7f5
2026-03-14T10:25:56Z POST /api/products 200 192ms req-d4b250
2026-03-14T10:25:59Z GET /api/recommendations 200 62ms req-7ca544
2026-03-14T10:26:00Z GET /api/account 200 225ms req-38ca44
2026-03-14T10:26:04Z POST /api/shipping-quote 200 278ms req-7870d7
2026-03-14T10:26:05Z GET /api/account 201 350ms req-c26a73
2026-03-14T10:26:10Z GET /api/cart 301 197ms req-ad49df
2026-03-14T10:26:10Z GET /api/products 301 411ms req-b1d763
2026-03-14T10:26:15Z PUT /api/cart 204 244ms req-337eb5
2026-03-14T10:26:16Z POST /api/shipping-quote 200 152ms req-ba1c62
2026-03-14T10:26:26Z POST /api/checkout 404 299ms req-fa1908
2026-03-14T10:26:30Z GET /api/session 204 125ms req-84f662
2026-03-14T10:26:33Z GET /api/shipping-quote 200 108ms req-2ef640
2026-03-14T10:26:34Z GET /api/orders 404 71ms req-63bf92
2026-03-14T10:26:34Z GET /api/account 200 25ms req-6ca7b4
2026-03-14T10:26:34Z POST /api/cart 301 106ms req-6994dc
2026-03-14T10:26:39Z GET /api/cart 404 23ms req-68aef0
2026-03-14T10:26:46Z PUT /healthz 204 378ms req-13a516
2026-03-14T10:26:46Z GET /api/shipping-quote 200 297ms req-b83996
2026-03-14T10:26:51Z GET /api/orders 201 231ms req-dac98e
2026-03-14T10:26:56Z GET /api/shipping-quote 200 14ms req-5d6df4
2026-03-14T10:27:02Z GET /healthz 200 143ms req-fd2f4f
2026-03-14T10:27:05Z GET /api/account 200 80ms req-70f92b
2026-03-14T10:27:06Z GET /api/recommendations 200 310ms req-be9195
2026-03-14T10:27:06Z PUT /api/search 200 199ms req-e60c56
2026-03-14T10:27:06Z GET /api/account 204 414ms req-c7e920
2026-03-14T10:27:10Z GET /api/account 301 198ms req-9c9a83
2026-03-14T10:27:16Z POST /api/products 204 148ms req-a9ad05
2026-03-14T10:27:16Z GET /api/cart 200 88ms req-ee1394
2026-03-14T10:27:16Z PUT /healthz 200 402ms req-34bbff
2026-03-14T10:27:21Z POST /api/checkout 200 385ms req-ad0440
2026-03-14T10:27:33Z GET /api/cart 404 29ms req-2a1e0a
2026-03-14T10:27:38Z GET /api/orders 301 330ms req-686f72
2026-03-14T10:27:56Z GET /api/session 200 163ms req-583e88
2026-03-14T10:28:05Z POST /api/shipping-quote 204 366ms req-8f2feb
2026-03-14T10:28:05Z POST /api/session 200 246ms req-5b318f
2026-03-14T10:28:08Z GET /api/shipping-quote 200 350ms req-50d0e1
2026-03-14T10:28:09Z PUT /api/products 200 146ms req-4fdeac
2026-03-14T10:28:20Z GET /api/session 200 278ms req-78cc74
2026-03-14T10:28:25Z POST /api/account 404 23ms req-ba1217
2026-03-14T10:28:26Z POST /api/checkout 200 184ms req-6e92ca
2026-03-14T10:28:31Z POST /api/search 200 195ms req-b6378f
2026-03-14T10:28:47Z POST /api/shipping-quote 200 234ms req-6cd7fc
2026-03-14T10:28:50Z GET /api/cart 200 368ms req-1ec581
2026-03-14T10:28:58Z GET /api/products 404 37ms req-5d89bd
2026-03-14T10:29:06Z GET /api/session 200 400ms req-fd9aea
2026-03-14T10:29:09Z POST /healthz 204 184ms req-f56b8d
2026-03-14T10:29:13Z POST /api/recommendations 201 417ms req-aa0b56
2026-03-14T10:29:13Z GET /api/products 200 31ms req-5da07f
2026-03-14T10:29:23Z PUT /api/recommendations 200 64ms req-3f6e80
2026-03-14T10:29:25Z GET /healthz 301 96ms req-bb461f
2026-03-14T10:29:32Z POST /api/session 404 365ms req-ec3c23
2026-03-14T10:29:42Z POST /api/session 200 253ms req-2d8b56
2026-03-14T10:29:43Z POST /api/cart 301 134ms req-8c4b36
2026-03-14T10:29:50Z PUT /healthz 200 141ms req-18b20a
2026-03-14T10:29:53Z GET /api/shipping-quote 200 200ms req-76e25c
2026-03-14T10:29:54Z POST /healthz 200 182ms req-cac04d
2026-03-14T10:30:09Z POST /api/account 200 249ms req-75e9ac
2026-03-14T10:30:10Z POST /api/session 200 192ms req-eec0f6
2026-03-14T10:30:11Z GET /api/account 200 241ms req-80790d
2026-03-14T10:30:12Z GET /api/account 404 95ms req-dbd869
2026-03-14T10:30:16Z GET /api/shipping-quote 200 121ms req-efe57d
2026-03-14T10:30:16Z GET /healthz 200 292ms req-3a1b71
2026-03-14T10:30:17Z GET /api/search 204 18ms req-ad8c57
2026-03-14T10:30:21Z GET /healthz 200 57ms req-2565e8
2026-03-14T10:30:31Z POST /api/cart 200 249ms req-b9ff70
2026-03-14T10:30:33Z POST /api/search 404 215ms req-032cda
2026-03-14T10:30:52Z GET /api/products 204 112ms req-260d77
2026-03-14T10:31:01Z GET /api/cart 201 391ms req-d73c20
2026-03-14T10:31:11Z GET /api/products 200 339ms req-4e6e45
2026-03-14T10:31:17Z POST /api/checkout 404 176ms req-0d4832
2026-03-14T10:31:20Z GET /api/search 200 241ms req-0afd94
2026-03-14T10:31:46Z GET /api/products 200 79ms req-4b33a5
2026-03-14T10:31:54Z PUT /api/session 200 62ms req-3f710e
2026-03-14T10:32:01Z GET /api/session 200 305ms req-0e3243
2026-03-14T10:32:09Z POST /api/shipping-quote 200 60ms req-d89145
2026-03-14T10:32:09Z POST /api/products 404 80ms req-f3dd95
2026-03-14T10:32:19Z GET /api/recommendations 404 326ms req-e02ed5
2026-03-14T10:32:21Z POST /api/recommendations 200 250ms req-563f2f
2026-03-14T10:32:22Z PUT /api/search 201 253ms req-22727d
2026-03-14T10:32:23Z GET /healthz 204 239ms req-f10751
2026-03-14T10:32:30Z POST /api/cart 200 117ms req-7a50e8
2026-03-14T10:32:30Z GET /api/shipping-quote 404 166ms req-042276
2026-03-14T10:32:46Z POST /api/orders 204 368ms req-dd90a3
2026-03-14T10:32:47Z POST /api/account 301 101ms req-701e10
2026-03-14T10:33:00Z POST /api/account 200 271ms req-470d27
2026-03-14T10:33:00Z GET /api/checkout 200 351ms req-9f2c0f
2026-03-14T10:33:05Z GET /healthz 301 24ms req-ff6537
2026-03-14T10:33:06Z POST /api/shipping-quote 201 197ms req-06104e
2026-03-14T10:33:14Z POST /api/orders 200 151ms req-fbdb24
2026-03-14T10:33:23Z POST /api/checkout 301 334ms req-fecb87
2026-03-14T10:33:24Z GET /api/products 201 380ms req-3ca5d4
2026-03-14T10:33:34Z POST /api/orders 200 54ms req-7524b0
2026-03-14T10:33:34Z POST /api/recommendations 201 54ms req-309429
2026-03-14T10:33:40Z GET /healthz 201 339ms req-8e23c0
2026-03-14T10:33:47Z POST /api/recommendations 200 18ms req-e6c34e
2026-03-14T10:33:50Z GET /api/recommendations 201 196ms req-0014b2
2026-03-14T10:33:54Z PUT /api/products 204 294ms req-82c7a6
2026-03-14T10:33:58Z PUT /api/search 201 408ms req-e110f8
2026-03-14T10:33:59Z POST /healthz 200 350ms req-7ec715
2026-03-14T10:34:07Z GET /api/cart 200 344ms req-98384f
2026-03-14T10:34:08Z POST /api/search 200 13ms req-b694b3
2026-03-14T10:34:16Z GET /api/recommendations 200 325ms req-977340
2026-03-14T10:34:17Z PUT /api/session 200 99ms req-413c4b
2026-03-14T10:34:17Z GET /api/products 301 320ms req-4cc774
2026-03-14T10:34:18Z GET /api/session 200 271ms req-2dfa72
2026-03-14T10:34:19Z PUT /api/orders 200 223ms req-832efc
2026-03-14T10:34:27Z GET /api/orders 404 181ms req-163f7f
2026-03-14T10:34:30Z POST /api/orders 200 78ms req-571c92
2026-03-14T10:34:39Z GET /api/cart 200 366ms req-b35ec2
2026-03-14T10:34:45Z POST /api/account 200 97ms req-c67497
2026-03-14T10:34:52Z GET /api/shipping-quote 200 180ms req-502850
2026-03-14T10:34:52Z POST /api/shipping-quote 200 94ms req-f2d165
2026-03-14T10:34:59Z GET /api/cart 404 84ms req-6133ff
2026-03-14T10:35:24Z POST /api/recommendations 200 153ms req-f7db48
2026-03-14T10:35:33Z POST /healthz 204 235ms req-367c7b
2026-03-14T10:35:38Z GET /api/products 200 60ms req-af2a38
2026-03-14T10:35:43Z POST /api/account 200 133ms req-ecd2e9
2026-03-14T10:35:46Z GET /api/products 404 403ms req-cfd27d
2026-03-14T10:35:47Z GET /api/recommendations 201 248ms req-c45cd1
2026-03-14T10:35:50Z GET /api/checkout 404 371ms req-b1dcea
2026-03-14T10:35:56Z GET /api/products 200 369ms req-2a3d39
2026-03-14T10:36:03Z PUT /api/cart 301 285ms req-92e465
2026-03-14T10:36:03Z GET /api/account 200 104ms req-0e2ecc
2026-03-14T10:36:08Z GET /api/orders 201 137ms req-39b8e4
2026-03-14T10:36:08Z GET /api/recommendations 200 317ms req-c21d7e
2026-03-14T10:36:11Z GET /api/products 404 85ms req-4dc24d
2026-03-14T10:36:13Z POST /api/checkout 404 267ms req-480f19
2026-03-14T10:36:16Z POST /api/shipping-quote 204 25ms req-ccc02e
2026-03-14T10:36:22Z POST /api/products 200 14ms req-cc6f35
2026-03-14T10:36:32Z GET /api/checkout 200 286ms req-2dd6d2
2026-03-14T10:36:37Z GET /api/recommendations 200 141ms req-8bf78c
2026-03-14T10:36:46Z GET /api/search 201 15ms req-2e9958
2026-03-14T10:36:51Z PUT /api/cart 200 104ms req-caa6cb
2026-03-14T10:37:04Z PUT /api/search 200 163ms req-57f133
2026-03-14T10:37:05Z POST /api/search 404 383ms req-a862a3
2026-03-14T10:37:10Z POST /api/cart 404 415ms req-123d1e
2026-03-14T10:37:11Z GET /api/orders 200 240ms req-cfa18b
2026-03-14T10:37:15Z POST /api/recommendations 404 242ms req-4b3016
2026-03-14T10:37:18Z PUT /api/cart 502 1791ms req-5b0215
2026-03-14T10:37:23Z POST /api/orders 200 161ms req-783cd5
2026-03-14T10:37:24Z POST /api/session 201 68ms req-cf4c67
2026-03-14T10:37:27Z PUT /api/recommendations 201 337ms req-c1f54c
2026-03-14T10:37:31Z POST /api/shipping-quote 404 301ms req-14d653
2026-03-14T10:37:35Z GET /api/account 200 335ms req-4d3e9c
2026-03-14T10:37:36Z PUT /api/shipping-quote 200 124ms req-de5660
2026-03-14T10:37:39Z POST /api/recommendations 200 223ms req-e059a5
2026-03-14T10:37:43Z GET /healthz 200 218ms req-c5ec64
2026-03-14T10:37:47Z GET /api/shipping-quote 200 235ms req-cb186d
2026-03-14T10:37:49Z POST /api/recommendations 200 27ms req-65a738
2026-03-14T10:37:56Z GET /api/products 200 387ms req-d1becc
2026-03-14T10:37:57Z POST /api/cart 200 275ms req-55daca
2026-03-14T10:37:58Z GET /api/orders 200 393ms req-1a7eca
2026-03-14T10:38:01Z POST /healthz 200 147ms req-2e51e8
2026-03-14T10:38:01Z GET /api/shipping-quote 200 151ms req-13c5da
2026-03-14T10:38:05Z GET /api/search 204 393ms req-477587
2026-03-14T10:38:13Z PUT /healthz 301 233ms req-93f316
2026-03-14T10:38:16Z GET /api/products 301 80ms req-41ed9c
2026-03-14T10:38:17Z GET /api/search 301 123ms req-9a1fbf
2026-03-14T10:38:19Z GET /api/shipping-quote 301 258ms req-09303f
2026-03-14T10:38:20Z PUT /healthz 201 379ms req-85d9ad
2026-03-14T10:38:23Z PUT /healthz 204 313ms req-0f1fbd
2026-03-14T10:38:25Z GET /api/orders 204 236ms req-5926a5
2026-03-14T10:38:27Z GET /api/shipping-quote 200 65ms req-4fdb8d
2026-03-14T10:38:31Z POST /api/search 200 394ms req-afdb81
2026-03-14T10:38:51Z PUT /api/orders 201 90ms req-f121e3
2026-03-14T10:39:05Z GET /api/checkout 200 417ms req-c66842
2026-03-14T10:39:05Z GET /api/checkout 301 79ms req-ae0932
2026-03-14T10:39:14Z POST /healthz 301 75ms req-52fd74
2026-03-14T10:39:16Z POST /api/search 200 370ms req-388c25
2026-03-14T10:39:31Z PUT /api/checkout 200 144ms req-dbf0f6
2026-03-14T10:39:33Z POST /api/search 204 249ms req-6c7bac
2026-03-14T10:39:36Z POST /api/account 200 17ms req-b5b2fd
2026-03-14T10:39:43Z GET /api/recommendations 200 317ms req-b4c9be
2026-03-14T10:39:48Z POST /api/orders 204 273ms req-173074
2026-03-14T10:39:50Z GET /api/shipping-quote 301 298ms req-6d4917
2026-03-14T10:39:56Z GET /api/products 301 120ms req-d2d315
2026-03-14T10:40:02Z POST /api/orders 200 297ms req-aae5df
2026-03-14T10:40:03Z GET /api/cart 201 43ms req-b14aff
2026-03-14T10:40:10Z GET /api/products 200 413ms req-b2aa65
2026-03-14T10:40:10Z GET /api/account 201 308ms req-6568f2
2026-03-14T10:40:18Z GET /api/shipping-quote 204 149ms req-9564c6
2026-03-14T10:40:21Z PUT /api/account 204 59ms req-650ed3
2026-03-14T10:40:22Z GET /api/products 201 390ms req-b03a9c
2026-03-14T10:40:22Z GET /api/shipping-quote 200 51ms req-ada026
2026-03-14T10:40:27Z PUT /api/checkout 200 229ms req-445712
2026-03-14T10:40:40Z GET /api/search 200 134ms req-782f3a
2026-03-14T10:40:45Z GET /api/account 201 267ms req-49f1b2
2026-03-14T10:40:50Z POST /api/cart 204 256ms req-cd58c4
2026-03-14T10:40:54Z POST /api/account 301 357ms req-6bae08
2026-03-14T10:41:00Z GET /api/checkout 201 18ms req-ad345a
2026-03-14T10:41:04Z GET /api/account 404 182ms req-87b112
2026-03-14T10:41:04Z GET /api/account 200 380ms req-d17be9
2026-03-14T10:41:04Z POST /api/shipping-quote 301 358ms req-d83379
2026-03-14T10:41:05Z POST /api/search 301 231ms req-74fa63
2026-03-14T10:41:08Z GET /api/recommendations 200 366ms req-4e824f
2026-03-14T10:41:11Z GET /api/checkout 200 37ms req-11b543
2026-03-14T10:41:13Z PUT /api/recommendations 200 103ms req-d12eef
2026-03-14T10:41:17Z POST /api/search 200 153ms req-72547e
2026-03-14T10:41:19Z POST /api/orders 200 234ms req-176ce6
2026-03-14T10:41:29Z PUT /api/search 200 28ms req-3c17e2
2026-03-14T10:41:36Z GET /api/cart 201 413ms req-33471f
2026-03-14T10:41:42Z PUT /api/recommendations 200 379ms req-27b5d5
2026-03-14T10:41:45Z GET /api/recommendations 200 217ms req-789e46
2026-03-14T10:42:07Z PUT /api/session 200 324ms req-918b6d
2026-03-14T10:42:12Z POST /api/checkout 404 307ms req-c8d24a
2026-03-14T10:42:18Z PUT /api/session 200 339ms req-4bdb50
2026-03-14T10:42:28Z GET /api/shipping-quote 200 63ms req-083acc
2026-03-14T10:42:45Z PUT /api/search 200 78ms req-c97814
2026-03-14T10:43:10Z GET /api/shipping-quote 200 352ms req-0cd3a5
2026-03-14T10:43:23Z POST /api/session 301 245ms req-82252e
2026-03-14T10:43:25Z POST /api/cart 200 297ms req-329b88
2026-03-14T10:43:29Z GET /api/session 200 300ms req-b6b432
2026-03-14T10:43:30Z PUT /api/products 404 121ms req-212f27
2026-03-14T10:43:34Z POST /api/checkout 200 368ms req-03fd08
2026-03-14T10:43:34Z POST /api/recommendations 204 109ms req-af378b
2026-03-14T10:43:36Z GET /api/search 301 254ms req-208909
2026-03-14T10:43:37Z GET /api/account 200 87ms req-7b6819
2026-03-14T10:43:44Z GET /api/recommendations 301 266ms req-8d0fef
2026-03-14T10:43:50Z PUT /api/search 301 144ms req-7570c9
2026-03-14T10:43:52Z PUT /api/shipping-quote 200 354ms req-8bbc56
2026-03-14T10:43:55Z GET /api/session 200 260ms req-acb66f
2026-03-14T10:44:12Z POST /api/orders 200 300ms req-7628e7
2026-03-14T10:44:18Z GET /api/cart 200 338ms req-18a785
2026-03-14T10:44:19Z POST /api/orders 200 207ms req-b4ce09
2026-03-14T10:44:22Z GET /api/shipping-quote 200 256ms req-503753
2026-03-14T10:44:26Z POST /api/shipping-quote 200 261ms req-eaf2e1
2026-03-14T10:44:33Z PUT /api/checkout 200 226ms req-525f65
2026-03-14T10:44:38Z PUT /api/shipping-quote 200 187ms req-c788b8
2026-03-14T10:44:45Z PUT /api/account 200 396ms req-471981
2026-03-14T10:44:50Z POST /api/search 204 391ms req-233d1e
2026-03-14T10:44:53Z POST /api/session 200 13ms req-63daa1
2026-03-14T10:45:18Z GET /api/shipping-quote 200 203ms req-eef51c
2026-03-14T10:45:30Z POST /api/account 200 261ms req-376d2a
2026-03-14T10:45:34Z GET /api/account 200 416ms req-c7fd2f
2026-03-14T10:45:35Z GET /api/cart 404 330ms req-32dad6
2026-03-14T10:45:43Z POST /api/session 404 17ms req-4b3b0f
2026-03-14T10:45:47Z GET /api/checkout 404 62ms req-511eac
2026-03-14T10:45:54Z GET /api/cart 201 44ms req-072575
2026-03-14T10:45:56Z PUT /api/products 200 251ms req-a9cc28
2026-03-14T10:45:57Z GET /api/recommendations 301 185ms req-8f8600
2026-03-14T10:46:07Z GET /api/search 502 1867ms req-57ee26
2026-03-14T10:46:16Z PUT /api/shipping-quote 200 306ms req-4e6097
2026-03-14T10:46:23Z GET /api/account 204 305ms req-006950
2026-03-14T10:46:25Z POST /api/account 404 185ms req-59eae7
2026-03-14T10:46:27Z GET /api/orders 200 410ms req-410be7
2026-03-14T10:46:37Z POST /api/products 204 288ms req-6efd35
2026-03-14T10:46:38Z GET /api/checkout 204 152ms req-ba8ca7
2026-03-14T10:46:39Z GET /api/orders 200 186ms req-9f4313
2026-03-14T10:46:40Z POST /api/session 200 375ms req-8d4959
2026-03-14T10:46:45Z POST /api/session 200 243ms req-a128bd
2026-03-14T10:46:51Z PUT /api/account 301 342ms req-c4158a
2026-03-14T10:46:52Z GET /healthz 200 144ms req-39b9fc
2026-03-14T10:47:05Z PUT /api/search 200 113ms req-3f3f76
2026-03-14T10:47:07Z POST /api/account 301 369ms req-6b08dd
2026-03-14T10:47:09Z POST /healthz 204 16ms req-e39b2d
2026-03-14T10:47:26Z PUT /api/session 200 99ms req-1c584f
2026-03-14T10:47:28Z GET /api/checkout 200 284ms req-f1a639
2026-03-14T10:47:30Z GET /api/cart 500 3920ms req-f87ba9
2026-03-14T10:47:47Z GET /api/products 201 278ms req-33d8f5
2026-03-14T10:47:47Z GET /api/cart 200 204ms req-804476
2026-03-14T10:48:02Z PUT /api/checkout 200 201ms req-772bc4
2026-03-14T10:48:09Z PUT /api/search 200 357ms req-1d5ca9
2026-03-14T10:48:15Z GET /api/shipping-quote 404 301ms req-340525
2026-03-14T10:48:25Z POST /api/checkout 200 11ms req-00eb90
2026-03-14T10:48:25Z PUT /api/cart 200 48ms req-57e98f
2026-03-14T10:48:31Z GET /api/products 404 281ms req-94b3db
2026-03-14T10:48:34Z GET /api/recommendations 200 125ms req-6a67b6
2026-03-14T10:48:35Z POST /api/orders 200 126ms req-fced08
2026-03-14T10:48:36Z GET /api/orders 404 206ms req-e37c78
2026-03-14T10:48:39Z POST /api/products 404 48ms req-f11b3c
2026-03-14T10:48:43Z POST /api/products 204 126ms req-9dbf88
2026-03-14T10:48:43Z PUT /api/session 200 406ms req-6dacdc
2026-03-14T10:48:47Z PUT /api/session 200 95ms req-aa8ccf
2026-03-14T10:48:47Z POST /api/products 200 291ms req-8f6c68
2026-03-14T10:48:55Z POST /api/cart 404 179ms req-f28462
2026-03-14T10:48:58Z POST /healthz 301 362ms req-8df341
2026-03-14T10:49:01Z GET /api/recommendations 200 100ms req-c6ed23
2026-03-14T10:49:04Z POST /api/cart 200 226ms req-8aed53
2026-03-14T10:49:06Z POST /api/checkout 200 406ms req-e321f9
2026-03-14T10:49:07Z POST /api/account 200 268ms req-0d0bb1
2026-03-14T10:49:10Z PUT /api/products 200 362ms req-702a4b
2026-03-14T10:49:17Z GET /api/products 200 310ms req-f63b39
2026-03-14T10:49:27Z POST /healthz 200 332ms req-beac9f
2026-03-14T10:49:33Z GET /api/session 200 419ms req-74cf24
2026-03-14T10:49:39Z PUT /api/cart 204 148ms req-425f1e
2026-03-14T10:49:40Z POST /healthz 200 291ms req-618fa5
2026-03-14T10:49:45Z GET /api/cart 200 415ms req-60b21d
2026-03-14T10:49:57Z GET /api/account 201 319ms req-bbca53
2026-03-14T10:49:58Z PUT /healthz 204 376ms req-9706a0
2026-03-14T10:49:59Z GET /api/orders 200 28ms req-fb1b09
2026-03-14T10:50:04Z GET /api/products 201 116ms req-d54e65
2026-03-14T10:50:13Z POST /api/recommendations 200 142ms req-ad3e4b
2026-03-14T10:50:19Z PUT /api/recommendations 200 172ms req-283ad6
2026-03-14T10:50:24Z GET /api/search 201 27ms req-6c6609
2026-03-14T10:50:24Z POST /healthz 201 55ms req-2df198
2026-03-14T10:50:28Z POST /api/search 200 62ms req-c931fb
2026-03-14T10:50:33Z GET /api/account 301 257ms req-ede3e9
2026-03-14T10:50:36Z POST /api/shipping-quote 404 271ms req-666547
2026-03-14T10:50:38Z GET /api/shipping-quote 200 201ms req-a7aeac
2026-03-14T10:50:51Z PUT /api/session 200 27ms req-d13ce7
2026-03-14T10:51:21Z POST /api/orders 200 188ms req-659264
2026-03-14T10:51:26Z POST /healthz 301 202ms req-ef3521
2026-03-14T10:51:28Z GET /api/search 200 18ms req-b659d3
2026-03-14T10:51:48Z PUT /api/recommendations 200 14ms req-fac775
2026-03-14T10:52:03Z POST /api/orders 200 280ms req-85fd4e
2026-03-14T10:52:08Z GET /api/cart 200 267ms req-3abbbb
2026-03-14T10:52:08Z GET /api/session 200 117ms req-03c3ac
2026-03-14T10:52:28Z GET /api/account 200 194ms req-16c99e
2026-03-14T10:52:29Z GET /api/search 200 338ms req-f5cc5a
2026-03-14T10:52:33Z POST /api/recommendations 200 261ms req-e711e4
2026-03-14T10:52:37Z PUT /api/search 201 313ms req-6e2b7d
2026-03-14T10:52:38Z POST /api/shipping-quote 200 40ms req-55cb77
2026-03-14T10:52:41Z GET /api/recommendations 200 113ms req-f5ad54
2026-03-14T10:52:45Z POST /api/orders 200 416ms req-1639db
2026-03-14T10:52:49Z POST /healthz 200 112ms req-0b8e6a
2026-03-14T10:52:50Z POST /api/products 200 388ms req-7b6a58
2026-03-14T10:52:52Z PUT /api/products 201 285ms req-43ec56
2026-03-14T10:52:58Z GET /api/checkout 404 341ms req-2e6bd9
2026-03-14T10:53:02Z POST /api/cart 301 144ms req-c54d5d
2026-03-14T10:53:03Z PUT /api/search 301 297ms req-750a06
2026-03-14T10:53:11Z GET /api/checkout 200 302ms req-9acfa2
2026-03-14T10:53:15Z GET /api/cart 200 102ms req-8d34ca
2026-03-14T10:53:19Z POST /api/cart 200 154ms req-5ebb48
2026-03-14T10:53:32Z GET /api/orders 200 315ms req-27e7b3
2026-03-14T10:53:36Z POST /api/search 201 334ms req-056c49
2026-03-14T10:53:38Z POST /healthz 200 179ms req-da83f8
2026-03-14T10:53:51Z GET /api/recommendations 404 336ms req-01b4df
2026-03-14T10:53:53Z GET /api/session 301 17ms req-d7cbd7
2026-03-14T10:53:55Z POST /healthz 200 290ms req-a423ca
2026-03-14T10:53:58Z GET /api/shipping-quote 204 91ms req-09ea27
2026-03-14T10:54:01Z GET /api/products 200 182ms req-091187
2026-03-14T10:54:12Z POST /healthz 204 125ms req-828782
2026-03-14T10:54:38Z POST /api/account 301 219ms req-2d537f
2026-03-14T10:54:39Z POST /api/products 200 313ms req-19b9f6
2026-03-14T10:54:41Z GET /api/cart 200 396ms req-ee2019
2026-03-14T10:54:48Z GET /api/cart 404 387ms req-f01160
2026-03-14T10:54:50Z POST /api/checkout 200 141ms req-caadb7
2026-03-14T10:54:53Z GET /api/checkout 200 159ms req-3488be
2026-03-14T10:55:03Z GET /healthz 201 314ms req-2646b0
2026-03-14T10:55:05Z GET /api/search 200 178ms req-ac7386
2026-03-14T10:55:10Z PUT /api/products 200 211ms req-765080
2026-03-14T10:55:11Z POST /api/orders 200 35ms req-b13f2f
2026-03-14T10:55:11Z GET /api/checkout 200 283ms req-2352c7
2026-03-14T10:55:17Z GET /api/account 200 194ms req-5bac8a
2026-03-14T10:55:22Z GET /api/search 200 176ms req-b972c7
2026-03-14T10:55:37Z PUT /healthz 200 333ms req-4f4d5d
2026-03-14T10:55:38Z POST /api/cart 200 330ms req-05c996
2026-03-14T10:55:47Z PUT /api/session 200 346ms req-3f6718
2026-03-14T10:55:56Z GET /api/shipping-quote 200 356ms req-9290c8
2026-03-14T10:55:57Z POST /api/products 200 414ms req-b778f2
2026-03-14T10:56:10Z POST /api/session 201 35ms req-28b678
2026-03-14T10:56:23Z GET /api/session 200 163ms req-b10738
2026-03-14T10:56:29Z GET /healthz 200 64ms req-36891c
2026-03-14T10:56:33Z GET /api/search 200 362ms req-22714f
2026-03-14T10:56:44Z GET /api/recommendations 204 67ms req-2921f7
2026-03-14T10:56:44Z PUT /api/account 301 94ms req-34bcde
2026-03-14T10:56:48Z GET /api/account 200 99ms req-5704f9
2026-03-14T10:56:49Z PUT /api/checkout 200 226ms req-435384
2026-03-14T10:56:53Z POST /api/recommendations 201 145ms req-79b4d3
2026-03-14T10:56:54Z PUT /api/account 204 106ms req-b440eb
2026-03-14T10:57:01Z PUT /api/cart 404 301ms req-e5eca2
2026-03-14T10:57:05Z GET /api/shipping-quote 200 216ms req-ae3bf6
2026-03-14T10:57:08Z GET /api/cart 200 406ms req-7c01b1
2026-03-14T10:57:13Z PUT /api/session 404 30ms req-3c1d44
2026-03-14T10:57:15Z PUT /api/session 200 207ms req-78395c
2026-03-14T10:57:22Z POST /api/products 404 314ms req-389300
2026-03-14T10:57:31Z POST /api/account 201 170ms req-20a11b
2026-03-14T10:57:39Z GET /api/cart 200 91ms req-397202
2026-03-14T10:57:41Z GET /api/session 200 201ms req-1597d8
2026-03-14T10:57:44Z POST /api/shipping-quote 204 150ms req-f7bbb3
2026-03-14T10:57:48Z POST /api/session 201 110ms req-33d8c9
2026-03-14T10:57:52Z POST /healthz 204 75ms req-a774dd
2026-03-14T10:58:00Z GET /api/checkout 200 352ms req-54f06e
2026-03-14T10:58:02Z GET /healthz 200 314ms req-18c415
2026-03-14T10:58:05Z PUT /healthz 200 145ms req-faafed
2026-03-14T10:58:07Z GET /api/account 301 47ms req-488784
2026-03-14T10:58:12Z POST /api/products 201 384ms req-2cef0b
2026-03-14T10:58:13Z POST /api/orders 200 149ms req-2aa661
2026-03-14T10:58:20Z GET /api/search 301 113ms req-19dde7
2026-03-14T10:58:26Z POST /api/session 204 246ms req-7946a4
2026-03-14T10:58:27Z PUT /api/orders 200 263ms req-93f643
2026-03-14T10:58:28Z GET /api/shipping-quote 200 65ms req-c58700
2026-03-14T10:58:29Z GET /api/cart 201 145ms req-f5b4c3
2026-03-14T10:58:39Z GET /api/account 200 295ms req-6f0bdc
2026-03-14T10:58:41Z POST /api/session 200 298ms req-f14e41
2026-03-14T10:58:42Z POST /api/account 200 326ms req-716ae1
2026-03-14T10:58:44Z POST /api/session 200 350ms req-21f323
2026-03-14T10:58:47Z PUT /api/shipping-quote 200 236ms req-6e83ec
2026-03-14T10:58:55Z GET /api/shipping-quote 200 390ms req-f9edf1
2026-03-14T10:58:59Z PUT /api/search 200 163ms req-e895d6
2026-03-14T10:59:00Z POST /api/checkout 200 129ms req-47ebff
2026-03-14T10:59:05Z POST /api/search 200 178ms req-9d480b
2026-03-14T10:59:06Z GET /api/recommendations 204 287ms req-90542d
2026-03-14T10:59:06Z PUT /api/account 200 158ms req-76dc9e
2026-03-14T10:59:09Z GET /api/shipping-quote 200 389ms req-8b5159
2026-03-14T10:59:26Z PUT /api/checkout 404 232ms req-55154d
2026-03-14T10:59:27Z POST /api/products 200 233ms req-e82cf0
2026-03-14T10:59:41Z GET /api/shipping-quote 200 106ms req-26f57a
2026-03-14T10:59:42Z POST /api/search 200 260ms req-334767
2026-03-14T10:59:49Z GET /api/cart 200 197ms req-97d999
2026-03-14T10:59:55Z GET /api/recommendations 200 143ms req-b37e82
2026-03-14T11:00:03Z POST /api/search 201 87ms req-ee85af
2026-03-14T11:00:04Z PUT /healthz 200 15ms req-e72645
2026-03-14T11:00:13Z GET /api/search 200 207ms req-a0d6f8
2026-03-14T11:00:14Z POST /api/recommendations 201 31ms req-576f9e
2026-03-14T11:00:14Z GET /api/orders 200 183ms req-29a1d9
2026-03-14T11:00:16Z GET /api/session 204 371ms req-455ba3
2026-03-14T11:00:24Z GET /api/search 404 219ms req-fe47a2
2026-03-14T11:00:29Z GET /api/recommendations 200 245ms req-2fe947
2026-03-14T11:00:34Z PUT /api/cart 201 181ms req-bd4519
2026-03-14T11:00:39Z PUT /api/products 204 314ms req-1ac024
2026-03-14T11:00:40Z POST /api/cart 201 61ms req-e8faf9
2026-03-14T11:00:42Z PUT /api/products 200 206ms req-4660fa
2026-03-14T11:00:47Z POST /api/orders 301 412ms req-12d511
2026-03-14T11:00:54Z GET /api/cart 200 43ms req-1633d1
2026-03-14T11:00:56Z GET /api/orders 201 352ms req-4f8179
2026-03-14T11:00:59Z GET /api/orders 200 219ms req-218972
2026-03-14T11:01:02Z GET /api/shipping-quote 200 313ms req-82125d
2026-03-14T11:01:07Z GET /api/session 200 23ms req-9d861d
2026-03-14T11:01:11Z POST /api/products 200 71ms req-e0a61b
2026-03-14T11:01:11Z POST /api/session 404 407ms req-53772c
2026-03-14T11:01:16Z POST /api/shipping-quote 201 164ms req-8c13ca
2026-03-14T11:01:22Z POST /api/shipping-quote 201 286ms req-05c488
2026-03-14T11:01:23Z GET /api/session 200 181ms req-273071
2026-03-14T11:01:24Z GET /api/recommendations 200 147ms req-1e9ee0
2026-03-14T11:01:33Z PUT /api/shipping-quote 204 371ms req-50ce92
2026-03-14T11:01:41Z POST /api/cart 404 164ms req-ecc755
2026-03-14T11:01:45Z GET /api/account 204 252ms req-2d9de7
2026-03-14T11:01:56Z GET /api/checkout 200 304ms req-96990d
2026-03-14T11:01:58Z POST /api/account 200 356ms req-f81491
2026-03-14T11:02:09Z PUT /api/checkout 201 234ms req-3b7254
2026-03-14T11:02:15Z GET /api/cart 301 152ms req-01a1bd
2026-03-14T11:02:17Z PUT /api/account 201 286ms req-acb4ea
2026-03-14T11:02:25Z GET /healthz 200 122ms req-35dc66
2026-03-14T11:02:27Z POST /api/checkout 200 374ms req-d7cdfa
2026-03-14T11:02:37Z POST /api/cart 404 57ms req-17999e
2026-03-14T11:02:50Z POST /api/products 200 303ms req-f6a514
2026-03-14T11:02:51Z GET /api/search 200 376ms req-8afaef
2026-03-14T11:02:53Z GET /api/search 200 92ms req-fc6d82
2026-03-14T11:02:53Z PUT /api/products 301 386ms req-cc2a01
2026-03-14T11:02:58Z POST /healthz 200 377ms req-bb6441
2026-03-14T11:02:58Z GET /api/session 201 242ms req-431e6b
2026-03-14T11:02:59Z GET /api/products 404 219ms req-a64b5e
2026-03-14T11:03:24Z PUT /api/recommendations 200 93ms req-0bb5d5
2026-03-14T11:03:25Z GET /api/shipping-quote 200 55ms req-622144
2026-03-14T11:03:36Z PUT /healthz 200 305ms req-e18c67
2026-03-14T11:03:46Z GET /api/orders 200 42ms req-312248
2026-03-14T11:03:54Z GET /api/checkout 200 124ms req-5efb78
2026-03-14T11:03:58Z GET /api/cart 200 143ms req-8e84b9
2026-03-14T11:04:01Z GET /api/shipping-quote 201 322ms req-7f3905
2026-03-14T11:04:06Z PUT /api/session 200 343ms req-59b894
2026-03-14T11:04:08Z GET /api/checkout 200 25ms req-4f5a98
2026-03-14T11:04:14Z GET /api/orders 200 62ms req-4e10ea
2026-03-14T11:04:17Z GET /healthz 201 190ms req-04ffc2
2026-03-14T11:04:22Z PUT /api/account 200 217ms req-4792f6
2026-03-14T11:04:27Z GET /api/account 200 384ms req-49e6d2
2026-03-14T11:04:30Z GET /api/search 404 28ms req-2c7d97
2026-03-14T11:04:33Z POST /api/orders 204 286ms req-26162d
2026-03-14T11:04:34Z POST /api/shipping-quote 200 89ms req-0fd84d
2026-03-14T11:04:37Z PUT /api/cart 200 357ms req-4a236a
2026-03-14T11:04:40Z GET /api/search 404 158ms req-bd8344
2026-03-14T11:04:41Z POST /api/cart 204 26ms req-659d53
2026-03-14T11:04:45Z POST /api/session 404 261ms req-f83ac3
2026-03-14T11:04:51Z POST /api/recommendations 301 196ms req-2c6968
2026-03-14T11:05:03Z GET /api/checkout 200 175ms req-c989dd
2026-03-14T11:05:04Z GET /api/search 200 164ms req-d21df1
2026-03-14T11:05:10Z POST /api/account 200 342ms req-1050b2
2026-03-14T11:05:14Z GET /api/cart 200 179ms req-af4342
2026-03-14T11:05:18Z POST /api/session 200 204ms req-594c5d
2026-03-14T11:05:25Z PUT /api/orders 301 393ms req-8fe2ef
2026-03-14T11:05:29Z PUT /api/products 200 76ms req-1ec92f
2026-03-14T11:05:29Z GET /api/search 200 200ms req-7317e5
2026-03-14T11:05:30Z PUT /healthz 200 386ms req-771dd8
2026-03-14T11:05:33Z POST /api/account 201 413ms req-40a168
2026-03-14T11:05:35Z PUT /api/search 200 357ms req-2d70a8
2026-03-14T11:05:40Z GET /api/account 200 271ms req-1ae6c2
2026-03-14T11:05:43Z GET /api/recommendations 200 286ms req-39ffa6
2026-03-14T11:05:44Z GET /api/recommendations 200 126ms req-1c46bd
2026-03-14T11:05:48Z POST /api/account 201 299ms req-455919
2026-03-14T11:05:56Z GET /api/account 404 131ms req-b604d4
2026-03-14T11:05:57Z PUT /api/shipping-quote 200 245ms req-1742ba
2026-03-14T11:06:09Z POST /api/session 200 32ms req-f76993
2026-03-14T11:06:17Z PUT /api/search 200 130ms req-ee65e6
2026-03-14T11:06:21Z POST /api/products 204 13ms req-58b3a4
2026-03-14T11:06:23Z GET /healthz 301 219ms req-c97acf
2026-03-14T11:06:23Z GET /api/shipping-quote 404 113ms req-763cad
2026-03-14T11:06:32Z POST /api/session 404 94ms req-e6bfaf
2026-03-14T11:06:35Z GET /api/recommendations 201 306ms req-694ed7
2026-03-14T11:06:41Z GET /healthz 200 35ms req-528e7c
2026-03-14T11:06:52Z PUT /api/orders 201 44ms req-31ca0c
2026-03-14T11:07:02Z GET /api/recommendations 201 186ms req-b3360e
2026-03-14T11:07:13Z PUT /api/cart 201 411ms req-f94a1c
2026-03-14T11:07:37Z PUT /api/orders 404 43ms req-f7d036
2026-03-14T11:07:45Z PUT /api/checkout 200 109ms req-b32396
2026-03-14T11:07:50Z PUT /api/account 301 246ms req-7be1e5
2026-03-14T11:08:06Z GET /api/search 204 39ms req-2512a4
2026-03-14T11:08:11Z POST /healthz 200 380ms req-4ff927
2026-03-14T11:08:15Z POST /api/session 200 171ms req-30185c
2026-03-14T11:08:20Z PUT /api/orders 404 202ms req-c835b3
2026-03-14T11:08:23Z GET /api/account 200 235ms req-acd340
2026-03-14T11:08:27Z GET /api/checkout 201 311ms req-b39ce7
2026-03-14T11:08:42Z PUT /api/products 200 232ms req-31c87a
2026-03-14T11:08:57Z PUT /api/search 200 243ms req-39464d
2026-03-14T11:08:59Z POST /api/orders 200 264ms req-9c2d47
2026-03-14T11:09:13Z PUT /api/account 200 328ms req-5b715a
2026-03-14T11:09:17Z GET /api/recommendations 301 155ms req-1eb5cd
2026-03-14T11:09:26Z GET /api/account 502 1757ms req-98d44d
2026-03-14T11:09:27Z PUT /api/checkout 200 316ms req-6aadef
2026-03-14T11:09:36Z GET /api/cart 200 334ms req-81d0cd
2026-03-14T11:09:41Z GET /api/recommendations 200 14ms req-44b4d3
2026-03-14T11:10:01Z PUT /api/recommendations 301 310ms req-ed9f17
2026-03-14T11:10:01Z GET /api/account 200 357ms req-a3e489
2026-03-14T11:10:01Z GET /api/checkout 204 86ms req-6097e3
2026-03-14T11:10:03Z GET /api/session 200 352ms req-ec4a50
2026-03-14T11:10:04Z GET /api/recommendations 200 333ms req-ff8d5e
2026-03-14T11:10:11Z POST /api/checkout 200 148ms req-e49fa8
2026-03-14T11:10:12Z POST /api/search 200 321ms req-7a4ec5
2026-03-14T11:10:14Z GET /api/shipping-quote 200 292ms req-22ac53
2026-03-14T11:10:14Z POST /api/cart 200 122ms req-74b396
2026-03-14T11:10:23Z POST /api/account 404 69ms req-1a57ec
2026-03-14T11:10:24Z POST /api/products 404 313ms req-3bafeb
2026-03-14T11:10:32Z POST /healthz 200 132ms req-31d6a9
2026-03-14T11:10:33Z POST /api/shipping-quote 201 318ms req-c3895f
2026-03-14T11:10:41Z POST /api/products 201 383ms req-098f14
2026-03-14T11:10:47Z GET /api/shipping-quote 404 275ms req-48ea91
2026-03-14T11:10:48Z POST /healthz 200 127ms req-32fd88
2026-03-14T11:10:50Z GET /api/account 204 118ms req-62d742
2026-03-14T11:10:52Z POST /api/account 200 118ms req-acfbc8
2026-03-14T11:10:54Z GET /api/checkout 200 12ms req-2702f2
2026-03-14T11:10:59Z GET /api/account 200 292ms req-a85e49
2026-03-14T11:10:59Z GET /api/cart 200 18ms req-c16651
2026-03-14T11:11:04Z PUT /api/account 200 177ms req-ec0391
2026-03-14T11:11:22Z GET /api/checkout 404 136ms req-022097
2026-03-14T11:11:25Z GET /api/products 200 87ms req-d1325a
2026-03-14T11:11:37Z PUT /api/recommendations 200 384ms req-85d0e9
2026-03-14T11:11:42Z GET /api/orders 200 312ms req-0f2382
2026-03-14T11:11:50Z PUT /api/cart 201 274ms req-732520
2026-03-14T11:12:11Z GET /api/cart 200 62ms req-167d0a
2026-03-14T11:12:17Z POST /api/orders 204 215ms req-00cf23
2026-03-14T11:12:18Z POST /api/recommendations 200 225ms req-e9521a
2026-03-14T11:12:22Z PUT /api/account 200 69ms req-03a41d
2026-03-14T11:12:29Z PUT /api/cart 502 4674ms req-1014ee
2026-03-14T11:12:32Z GET /api/products 200 43ms req-5c5943
2026-03-14T11:12:33Z POST /api/products 200 223ms req-dec52f
2026-03-14T11:12:38Z POST /api/checkout 201 109ms req-6e83a7
2026-03-14T11:12:40Z GET /api/search 200 70ms req-5c3796
2026-03-14T11:12:54Z POST /api/session 404 419ms req-578c15
2026-03-14T11:13:07Z GET /api/session 200 397ms req-beb0cc
2026-03-14T11:13:15Z GET /api/search 404 329ms req-9903f4
2026-03-14T11:13:17Z PUT /api/account 201 160ms req-95422a
2026-03-14T11:13:20Z PUT /api/products 200 16ms req-d0cd37
2026-03-14T11:13:24Z POST /api/search 404 324ms req-650343
2026-03-14T11:13:41Z POST /api/cart 201 415ms req-af244d
2026-03-14T11:13:42Z GET /api/recommendations 200 56ms req-139a50
2026-03-14T11:13:43Z PUT /healthz 200 273ms req-7ee753
2026-03-14T11:13:45Z POST /healthz 201 79ms req-cfeb8d
2026-03-14T11:13:50Z GET /api/shipping-quote 200 167ms req-42eaea
2026-03-14T11:13:58Z PUT /api/search 200 40ms req-29ebe6
2026-03-14T11:14:06Z GET /api/shipping-quote 200 405ms req-6bcde0
2026-03-14T11:14:07Z PUT /api/cart 200 234ms req-2b803e
2026-03-14T11:14:07Z POST /api/orders 404 97ms req-f5ca52
2026-03-14T11:14:20Z GET /api/session 200 243ms req-1d2215
2026-03-14T11:14:26Z GET /healthz 200 266ms req-283f7d
2026-03-14T11:14:28Z GET /api/orders 200 40ms req-e244a2
2026-03-14T11:14:31Z PUT /api/session 200 168ms req-da83e2
2026-03-14T11:14:32Z POST /api/checkout 200 212ms req-d18fd4
2026-03-14T11:14:40Z POST /api/cart 201 356ms req-9f34e8
2026-03-14T11:14:44Z GET /api/orders 200 368ms req-940b33
2026-03-14T11:14:48Z POST /api/account 200 161ms req-55688f
2026-03-14T11:14:49Z PUT /api/cart 200 324ms req-e0c482
2026-03-14T11:14:57Z PUT /api/cart 200 223ms req-6bf124
2026-03-14T11:15:03Z PUT /api/cart 200 111ms req-5cea7e
2026-03-14T11:15:08Z POST /api/recommendations 200 315ms req-546394
2026-03-14T11:15:10Z GET /api/checkout 200 165ms req-693bd3
2026-03-14T11:15:16Z POST /api/session 200 315ms req-abe7a5
2026-03-14T11:15:26Z POST /api/recommendations 201 255ms req-c99a1f
2026-03-14T11:15:36Z PUT /api/cart 204 232ms req-325bd3
2026-03-14T11:15:37Z GET /api/search 200 155ms req-bd0784
2026-03-14T11:15:45Z GET /api/shipping-quote 200 108ms req-9cb15d
2026-03-14T11:15:45Z GET /api/orders 204 172ms req-07ab43
2026-03-14T11:15:48Z POST /api/session 404 271ms req-a0c2cc
2026-03-14T11:16:07Z GET /api/account 200 218ms req-c34b17
2026-03-14T11:16:07Z PUT /api/products 200 295ms req-e6a1fc
2026-03-14T11:16:14Z POST /api/recommendations 200 361ms req-782b1e
2026-03-14T11:16:20Z POST /api/account 200 31ms req-71faa4
2026-03-14T11:16:30Z GET /api/search 301 370ms req-5aa778
2026-03-14T11:16:35Z GET /api/search 200 356ms req-d713ed
2026-03-14T11:16:38Z PUT /api/session 200 255ms req-44faba
2026-03-14T11:16:39Z POST /api/session 200 132ms req-c9f548
2026-03-14T11:16:46Z PUT /api/cart 200 149ms req-cef450
2026-03-14T11:16:48Z POST /healthz 200 17ms req-51cdab
2026-03-14T11:16:52Z POST /api/checkout 200 63ms req-42d50f
2026-03-14T11:16:55Z POST /api/session 201 166ms req-906a3d
2026-03-14T11:16:56Z POST /healthz 200 141ms req-4eb6c2
2026-03-14T11:17:05Z GET /api/account 301 182ms req-af712d
2026-03-14T11:17:14Z PUT /api/account 200 136ms req-0723bf
2026-03-14T11:17:15Z PUT /api/account 200 223ms req-13776f
2026-03-14T11:17:18Z GET /api/products 200 64ms req-7cbefe
2026-03-14T11:17:22Z POST /api/checkout 200 181ms req-593d54
2026-03-14T11:17:30Z PUT /api/account 200 203ms req-dce635
2026-03-14T11:17:33Z POST /api/recommendations 204 13ms req-161b68
2026-03-14T11:17:36Z POST /api/checkout 200 86ms req-8db34c
2026-03-14T11:17:45Z GET /api/search 200 338ms req-0f610c
2026-03-14T11:17:51Z POST /api/search 301 397ms req-fa56a2
2026-03-14T11:17:54Z GET /healthz 200 48ms req-059a20
2026-03-14T11:17:58Z GET /api/products 200 319ms req-5cceb7
2026-03-14T11:18:02Z POST /healthz 201 323ms req-c6cfd1
2026-03-14T11:18:03Z PUT /api/session 200 26ms req-b63737
2026-03-14T11:18:08Z GET /api/checkout 500 3743ms req-cc4262
2026-03-14T11:18:14Z PUT /api/checkout 404 305ms req-e5a134
2026-03-14T11:18:15Z GET /api/products 301 186ms req-1575ca
2026-03-14T11:18:21Z GET /api/cart 200 312ms req-b00041
2026-03-14T11:18:21Z GET /api/orders 404 385ms req-6f6d77
2026-03-14T11:18:22Z GET /api/products 201 89ms req-a0e671
2026-03-14T11:18:24Z GET /api/orders 200 56ms req-5236b8
2026-03-14T11:18:28Z PUT /healthz 200 128ms req-dacfbc
2026-03-14T11:18:42Z POST /api/recommendations 404 392ms req-474dec
2026-03-14T11:18:43Z PUT /healthz 200 199ms req-ce8ec7
2026-03-14T11:19:11Z GET /api/orders 200 50ms req-02c72e
2026-03-14T11:19:14Z GET /api/session 200 142ms req-cb7dc2
2026-03-14T11:19:32Z GET /api/recommendations 204 321ms req-2b787e
2026-03-14T11:19:40Z GET /api/shipping-quote 200 340ms req-f1e0cb
2026-03-14T11:19:50Z GET /healthz 200 163ms req-cb01b9
2026-03-14T11:20:03Z POST /api/account 204 153ms req-14469a
2026-03-14T11:20:04Z POST /api/checkout 201 384ms req-9ccfd8
2026-03-14T11:20:08Z GET /api/shipping-quote 301 25ms req-c5113c
2026-03-14T11:20:10Z POST /api/orders 200 197ms req-cdba78
2026-03-14T11:20:19Z POST /api/recommendations 201 373ms req-a9187e
2026-03-14T11:20:25Z POST /api/session 301 8ms req-6cecba
2026-03-14T11:20:26Z POST /api/session 301 346ms req-0c4553
2026-03-14T11:20:32Z GET /api/orders 200 297ms req-2fc6c5
2026-03-14T11:20:36Z GET /healthz 301 187ms req-ab9b24
2026-03-14T11:20:39Z PUT /api/products 200 290ms req-235397
2026-03-14T11:20:54Z PUT /api/recommendations 404 192ms req-6138fd
2026-03-14T11:21:04Z GET /api/checkout 200 391ms req-9c41e7
2026-03-14T11:21:16Z GET /api/search 200 177ms req-78482d
2026-03-14T11:21:21Z POST /api/search 204 276ms req-2a7ffa
2026-03-14T11:21:22Z PUT /api/session 301 115ms req-5069f0
2026-03-14T11:21:25Z POST /healthz 200 287ms req-f80bc9
2026-03-14T11:21:31Z GET /api/shipping-quote 204 401ms req-51f7e1
2026-03-14T11:21:40Z POST /api/account 200 373ms req-26bb03
2026-03-14T11:21:42Z PUT /api/shipping-quote 404 151ms req-8e22b5
2026-03-14T11:21:44Z PUT /api/session 200 99ms req-bd4209
2026-03-14T11:21:56Z POST /api/recommendations 204 127ms req-ed6af5
2026-03-14T11:21:58Z GET /healthz 201 175ms req-831de6
2026-03-14T11:22:01Z GET /api/shipping-quote 201 51ms req-ebd2f5
2026-03-14T11:22:08Z POST /api/cart 404 199ms req-cd58b4
2026-03-14T11:22:11Z GET /api/recommendations 201 33ms req-4f80af
2026-03-14T11:22:15Z GET /api/session 404 219ms req-a16d5d
2026-03-14T11:22:24Z GET /api/account 201 222ms req-028bfb
2026-03-14T11:22:33Z GET /api/products 404 296ms req-e06adb
2026-03-14T11:22:40Z GET /api/search 200 130ms req-f5e987
2026-03-14T11:22:41Z PUT /api/session 204 20ms req-9535f5
2026-03-14T11:22:48Z GET /api/cart 200 28ms req-719455
2026-03-14T11:22:58Z POST /api/session 200 155ms req-11545b
2026-03-14T11:23:01Z GET /api/products 404 173ms req-fccef4
2026-03-14T11:23:03Z POST /api/checkout 502 3916ms req-f32bfd
2026-03-14T11:23:12Z POST /api/shipping-quote 200 392ms req-4d8f13
2026-03-14T11:23:19Z PUT /api/recommendations 200 252ms req-5d45f8
2026-03-14T11:23:23Z PUT /healthz 200 184ms req-6f912b
2026-03-14T11:23:26Z PUT /api/products 200 201ms req-8e76f4
2026-03-14T11:23:27Z POST /api/session 200 253ms req-81ddb5
2026-03-14T11:23:31Z POST /api/orders 200 81ms req-702179
2026-03-14T11:23:35Z GET /api/search 301 98ms req-1540b8
2026-03-14T11:23:40Z GET /api/products 200 347ms req-c6401a
2026-03-14T11:23:41Z PUT /api/account 200 151ms req-897e2c
2026-03-14T11:23:44Z POST /api/products 204 231ms req-e9d109
2026-03-14T11:23:51Z GET /api/session 200 105ms req-c6c73d
2026-03-14T11:23:56Z GET /api/account 200 184ms req-b78beb
2026-03-14T11:23:59Z GET /api/recommendations 404 362ms req-5d1407
2026-03-14T11:24:01Z PUT /api/recommendations 200 290ms req-b45ef3
2026-03-14T11:24:09Z POST /api/cart 200 303ms req-ff4d0e
2026-03-14T11:24:11Z PUT /api/cart 200 62ms req-bbc789
2026-03-14T11:24:11Z POST /api/cart 200 260ms req-cdee2d
2026-03-14T11:24:26Z PUT /api/orders 204 410ms req-f6c89d
2026-03-14T11:24:34Z GET /api/session 201 351ms req-e53690
2026-03-14T11:24:40Z GET /api/account 200 165ms req-606344
2026-03-14T11:24:46Z GET /api/account 301 292ms req-a4d6a3
2026-03-14T11:24:47Z GET /api/orders 201 210ms req-0d8597
2026-03-14T11:24:53Z GET /healthz 200 139ms req-4c0c3c
2026-03-14T11:24:55Z POST /api/products 404 402ms req-4b8733
2026-03-14T11:25:05Z GET /api/recommendations 301 205ms req-17101e
2026-03-14T11:25:13Z POST /api/checkout 301 102ms req-4ee4ff
2026-03-14T11:25:17Z GET /api/cart 200 42ms req-9b1337
2026-03-14T11:25:18Z PUT /api/recommendations 200 284ms req-ab3720
2026-03-14T11:25:27Z POST /api/checkout 200 43ms req-1865cb
2026-03-14T11:25:31Z POST /api/shipping-quote 200 60ms req-634f38
2026-03-14T11:25:32Z POST /api/session 201 227ms req-73677a
2026-03-14T11:25:33Z GET /api/shipping-quote 200 202ms req-90082d
2026-03-14T11:25:35Z PUT /api/products 301 322ms req-3db3c0
2026-03-14T11:25:40Z POST /api/checkout 301 145ms req-bebc76
2026-03-14T11:25:42Z GET /api/orders 200 85ms req-d4cdd2
2026-03-14T11:25:50Z POST /healthz 200 364ms req-616b4a
2026-03-14T11:25:59Z POST /api/account 204 379ms req-f165f8
2026-03-14T11:26:05Z POST /api/session 200 216ms req-31387a
2026-03-14T11:26:10Z GET /api/orders 200 82ms req-4501ab
2026-03-14T11:26:12Z GET /api/search 200 31ms req-05ca90
2026-03-14T11:26:14Z GET /api/orders 200 175ms req-ddcb6c
2026-03-14T11:26:28Z GET /healthz 204 212ms req-819916
2026-03-14T11:26:33Z POST /api/cart 200 154ms req-0fc27c
2026-03-14T11:26:34Z GET /api/recommendations 301 49ms req-ea879b
2026-03-14T11:26:37Z PUT /api/recommendations 200 373ms req-04a612
2026-03-14T11:26:38Z GET /api/account 404 86ms req-a825c9
2026-03-14T11:26:45Z GET /api/session 201 11ms req-e6689f
2026-03-14T11:26:53Z GET /api/recommendations 200 251ms req-49bb21
2026-03-14T11:26:59Z GET /api/orders 200 142ms req-b75c44
2026-03-14T11:27:03Z GET /api/session 301 277ms req-e1bfc1
2026-03-14T11:27:05Z POST /api/cart 200 359ms req-21aac5
2026-03-14T11:27:07Z GET /api/checkout 200 99ms req-c50019
2026-03-14T11:27:16Z GET /api/products 200 327ms req-55cdbf
2026-03-14T11:27:22Z POST /api/session 200 76ms req-44d8be
2026-03-14T11:27:22Z GET /api/account 404 406ms req-932a33
2026-03-14T11:27:25Z PUT /healthz 200 142ms req-7da01e
2026-03-14T11:27:26Z GET /healthz 200 264ms req-e165e1
2026-03-14T11:27:28Z PUT /healthz 201 299ms req-6008d9
2026-03-14T11:27:34Z GET /api/search 404 187ms req-ff609c
2026-03-14T11:27:37Z POST /healthz 301 42ms req-b38252
2026-03-14T11:27:46Z POST /api/orders 204 260ms req-108932
2026-03-14T11:27:52Z GET /api/orders 201 168ms req-137a6a
2026-03-14T11:28:00Z POST /api/recommendations 404 248ms req-64fa89
2026-03-14T11:28:01Z GET /api/search 301 48ms req-f7e4fe
2026-03-14T11:28:15Z GET /api/session 301 373ms req-d37896
2026-03-14T11:28:19Z GET /healthz 201 188ms req-c2bb8a
2026-03-14T11:28:32Z POST /api/search 200 320ms req-731a24
2026-03-14T11:28:32Z POST /api/shipping-quote 201 364ms req-1871e8
2026-03-14T11:28:33Z POST /api/shipping-quote 204 307ms req-eebea0
2026-03-14T11:28:46Z POST /api/search 200 372ms req-6c18f8
2026-03-14T11:28:46Z PUT /api/shipping-quote 201 254ms req-abc228
2026-03-14T11:28:54Z GET /api/cart 404 133ms req-fbc5f4
2026-03-14T11:29:06Z POST /healthz 204 401ms req-805b23
2026-03-14T11:29:09Z GET /api/orders 200 419ms req-acab4a
2026-03-14T11:29:10Z GET /api/cart 200 270ms req-736efe
2026-03-14T11:29:19Z POST /api/search 204 410ms req-859d3d
2026-03-14T11:29:27Z POST /api/checkout 301 305ms req-c86390
2026-03-14T11:29:28Z PUT /api/products 201 317ms req-e33fd5
2026-03-14T11:29:29Z POST /api/checkout 301 186ms req-55836f
2026-03-14T11:29:35Z GET /api/account 204 415ms req-a06326
2026-03-14T11:29:40Z GET /api/checkout 404 134ms req-638f08
2026-03-14T11:29:43Z POST /healthz 200 111ms req-280eb7
2026-03-14T11:29:46Z GET /api/checkout 200 200ms req-b29ff1
2026-03-14T11:29:50Z GET /api/orders 404 144ms req-bacae9
2026-03-14T11:29:52Z GET /api/recommendations 301 405ms req-7366a7
2026-03-14T11:29:59Z GET /api/cart 204 329ms req-813c7e
2026-03-14T11:30:01Z GET /api/search 200 301ms req-b468c6
2026-03-14T11:30:09Z PUT /api/checkout 200 191ms req-9345fc
2026-03-14T11:30:18Z GET /api/orders 200 337ms req-204dcf
2026-03-14T11:30:33Z POST /api/account 200 62ms req-ef7299
2026-03-14T11:30:39Z POST /api/recommendations 502 4276ms req-775beb
2026-03-14T11:30:44Z GET /api/shipping-quote 301 148ms req-8d5d32
2026-03-14T11:30:45Z POST /api/cart 204 269ms req-3309ef
2026-03-14T11:30:53Z GET /api/account 200 165ms req-acaf7a
2026-03-14T11:30:58Z GET /api/orders 404 314ms req-f69b83
2026-03-14T11:31:01Z POST /api/products 204 242ms req-7de756
2026-03-14T11:31:04Z GET /api/recommendations 200 254ms req-176b00
2026-03-14T11:31:06Z POST /api/cart 201 370ms req-ece007
2026-03-14T11:31:09Z GET /api/recommendations 301 254ms req-02782b
2026-03-14T11:31:19Z GET /api/orders 404 271ms req-aa13fd
2026-03-14T11:31:20Z GET /api/search 200 173ms req-eec0c7
2026-03-14T11:31:22Z POST /api/products 200 284ms req-92532f
2026-03-14T11:31:36Z GET /api/checkout 200 276ms req-d8def4
2026-03-14T11:31:39Z GET /api/orders 301 282ms req-f30099
2026-03-14T11:31:48Z GET /api/session 200 116ms req-bbacc7
2026-03-14T11:31:55Z GET /api/products 301 173ms req-f72573
2026-03-14T11:31:57Z POST /api/account 201 11ms req-50d8cc
2026-03-14T11:32:06Z POST /healthz 301 287ms req-f1e093
2026-03-14T11:32:06Z GET /api/cart 301 111ms req-fa0c4c
2026-03-14T11:32:09Z POST /api/checkout 200 146ms req-04b6a6
2026-03-14T11:32:13Z GET /api/checkout 200 171ms req-e6841d
2026-03-14T11:32:13Z POST /healthz 200 340ms req-14e87a
2026-03-14T11:32:15Z POST /api/recommendations 200 147ms req-aed4fe
2026-03-14T11:32:23Z POST /api/checkout 200 18ms req-25e853
2026-03-14T11:32:23Z GET /api/session 404 386ms req-005bf9
2026-03-14T11:32:23Z GET /api/orders 204 53ms req-9254c9
2026-03-14T11:32:33Z PUT /api/orders 200 356ms req-301f7f
2026-03-14T11:32:42Z GET /api/session 204 333ms req-46a3ac
2026-03-14T11:32:46Z PUT /api/products 200 351ms req-1144f4
2026-03-14T11:32:51Z GET /api/account 201 37ms req-4582ca
2026-03-14T11:32:51Z GET /api/checkout 200 188ms req-db67c2
2026-03-14T11:33:02Z POST /api/search 200 16ms req-cbbe42
2026-03-14T11:33:03Z POST /healthz 301 14ms req-e98309
2026-03-14T11:33:10Z PUT /api/account 201 121ms req-98276d
2026-03-14T11:33:22Z GET /api/account 200 353ms req-3487f7
2026-03-14T11:33:23Z POST /api/products 204 248ms req-98ce60
2026-03-14T11:33:32Z GET /api/products 201 199ms req-08babc
2026-03-14T11:33:35Z PUT /api/account 200 347ms req-97017a
2026-03-14T11:33:38Z GET /api/products 204 220ms req-75c49e
2026-03-14T11:33:47Z PUT /healthz 200 84ms req-467f7f
2026-03-14T11:33:48Z GET /api/products 404 112ms req-1f2a04
2026-03-14T11:34:05Z GET /api/products 200 248ms req-e944e6
2026-03-14T11:34:05Z GET /api/shipping-quote 204 49ms req-a6cfd2
2026-03-14T11:34:11Z POST /api/products 301 149ms req-880e04
2026-03-14T11:34:15Z PUT /api/products 200 369ms req-0d89a2
2026-03-14T11:34:16Z GET /healthz 201 345ms req-46ffa0
2026-03-14T11:34:22Z PUT /api/recommendations 201 256ms req-5a0dbb
2026-03-14T11:34:24Z GET /api/session 200 384ms req-5bc54d
2026-03-14T11:34:29Z GET /api/session 301 58ms req-e4b7aa
2026-03-14T11:34:35Z GET /api/products 200 243ms req-e4703e
2026-03-14T11:34:38Z POST /api/cart 200 240ms req-d6d6e6
2026-03-14T11:34:43Z PUT /api/checkout 200 331ms req-3dad90
2026-03-14T11:34:46Z POST /api/account 200 172ms req-027df7
2026-03-14T11:34:46Z GET /api/products 200 62ms req-27c83c
2026-03-14T11:34:57Z GET /api/products 200 97ms req-ab15b6
2026-03-14T11:35:00Z GET /api/session 200 191ms req-ca375f
2026-03-14T11:35:01Z POST /api/orders 204 268ms req-e2484e
2026-03-14T11:35:02Z PUT /api/checkout 204 310ms req-23df72
2026-03-14T11:35:03Z POST /healthz 201 246ms req-c6cf33
2026-03-14T11:35:05Z POST /api/recommendations 200 218ms req-a1764e
2026-03-14T11:35:09Z GET /api/shipping-quote 200 234ms req-98cb49
2026-03-14T11:35:23Z GET /api/cart 301 119ms req-6adef3
2026-03-14T11:35:30Z POST /api/orders 200 307ms req-fcd731
2026-03-14T11:35:32Z GET /api/products 200 264ms req-6e8fd7
2026-03-14T11:35:49Z POST /api/shipping-quote 204 178ms req-ed8c4f
2026-03-14T11:35:51Z GET /api/products 200 286ms req-879fdd
2026-03-14T11:36:09Z POST /api/products 201 77ms req-f69217
2026-03-14T11:36:11Z POST /api/products 301 341ms req-51c36d
2026-03-14T11:36:12Z POST /healthz 200 229ms req-c78441
2026-03-14T11:36:15Z GET /api/shipping-quote 200 346ms req-eba85e
2026-03-14T11:36:29Z GET /api/recommendations 200 211ms req-6577db
2026-03-14T11:36:30Z GET /api/session 404 55ms req-563708
2026-03-14T11:36:50Z GET /api/session 200 280ms req-e551f1
2026-03-14T11:36:50Z POST /api/products 200 327ms req-f2f238
2026-03-14T11:36:53Z POST /api/account 201 308ms req-fc33d7
2026-03-14T11:37:00Z POST /api/checkout 200 403ms req-350d9f
2026-03-14T11:37:04Z GET /api/shipping-quote 301 233ms req-f91134
2026-03-14T11:37:21Z PUT /api/orders 200 40ms req-4d11f5
2026-03-14T11:37:30Z GET /api/account 200 268ms req-e5a8ab
2026-03-14T11:37:38Z GET /api/orders 200 375ms req-d68c18
2026-03-14T11:37:40Z POST /api/recommendations 200 311ms req-e6e4e0
2026-03-14T11:37:43Z POST /api/account 204 300ms req-b57901
2026-03-14T11:37:49Z GET /api/recommendations 200 417ms req-488c54
2026-03-14T11:37:58Z GET /api/account 204 321ms req-550345
2026-03-14T11:38:12Z GET /api/account 200 346ms req-538188
2026-03-14T11:38:16Z GET /healthz 200 306ms req-4cb7e2
2026-03-14T11:38:17Z GET /api/recommendations 200 309ms req-76b6a4
2026-03-14T11:38:22Z GET /api/account 200 183ms req-0763c3
2026-03-14T11:38:22Z POST /api/products 201 49ms req-2d6719
2026-03-14T11:38:23Z POST /api/shipping-quote 301 377ms req-52cba6
2026-03-14T11:38:34Z POST /api/cart 200 112ms req-e0361f
2026-03-14T11:38:34Z PUT /api/recommendations 200 370ms req-32ecab
2026-03-14T11:38:37Z GET /api/search 200 60ms req-addbc2
2026-03-14T11:38:43Z GET /api/account 200 202ms req-939305
2026-03-14T11:38:53Z GET /api/search 200 175ms req-254e01
2026-03-14T11:38:54Z GET /healthz 301 141ms req-02bb35
2026-03-14T11:38:54Z POST /api/session 200 163ms req-555bd7
2026-03-14T11:39:04Z GET /api/session 200 61ms req-e2f1c6
2026-03-14T11:39:08Z PUT /api/session 201 44ms req-e228f6
2026-03-14T11:39:12Z POST /api/orders 200 114ms req-b16bac
2026-03-14T11:39:24Z POST /api/shipping-quote 200 52ms req-d1375d
2026-03-14T11:39:33Z POST /api/orders 204 118ms req-b6bb0c
2026-03-14T11:39:38Z PUT /api/account 204 103ms req-96a81d
2026-03-14T11:39:44Z GET /api/shipping-quote 200 162ms req-840626
2026-03-14T11:39:45Z GET /api/products 200 13ms req-423a21
2026-03-14T11:39:49Z POST /api/orders 200 205ms req-54280c
2026-03-14T11:39:52Z POST /api/session 204 320ms req-481bd0
2026-03-14T11:40:00Z POST /api/account 200 307ms req-579f86
2026-03-14T11:40:04Z POST /api/orders 204 196ms req-c6ccf7
2026-03-14T11:40:08Z GET /api/checkout 200 118ms req-d167c4
2026-03-14T11:40:12Z POST /api/products 200 36ms req-961535
2026-03-14T11:40:14Z GET /api/orders 200 393ms req-30f6f7
2026-03-14T11:40:15Z POST /api/recommendations 502 2070ms req-dfb1c1
2026-03-14T11:40:48Z POST /healthz 301 51ms req-f3cc4e
2026-03-14T11:40:54Z GET /api/account 200 267ms req-6f1ed7
2026-03-14T11:40:58Z GET /api/session 200 76ms req-83a511
2026-03-14T11:40:59Z POST /api/session 200 416ms req-f53160
2026-03-14T11:41:03Z PUT /api/session 404 69ms req-3e3b5b
2026-03-14T11:41:05Z POST /api/products 200 349ms req-bb1890
2026-03-14T11:41:30Z PUT /api/shipping-quote 200 307ms req-08e846
2026-03-14T11:41:44Z POST /api/search 301 300ms req-3e1f9d
2026-03-14T11:41:50Z PUT /api/search 200 219ms req-a5d381
2026-03-14T11:41:50Z POST /api/orders 201 368ms req-262e15
2026-03-14T11:41:53Z POST /api/products 200 65ms req-285fdb
2026-03-14T11:41:55Z POST /healthz 204 215ms req-dde12d
2026-03-14T11:42:02Z GET /api/account 200 214ms req-b3ec00
2026-03-14T11:42:22Z PUT /api/cart 301 129ms req-cbe4c1
2026-03-14T11:42:27Z POST /healthz 301 59ms req-99a9ec
2026-03-14T11:42:36Z PUT /api/checkout 200 318ms req-15d556
2026-03-14T11:42:40Z POST /api/products 502 2693ms req-71809e
2026-03-14T11:42:44Z POST /healthz 200 125ms req-fb4a18
2026-03-14T11:42:46Z GET /api/search 200 390ms req-cca29c
2026-03-14T11:42:53Z GET /api/account 201 355ms req-ebac55
2026-03-14T11:42:57Z POST /healthz 200 182ms req-e16354
2026-03-14T11:42:58Z GET /api/session 200 153ms req-9b101a
2026-03-14T11:42:59Z POST /api/account 404 143ms req-a4ce00
2026-03-14T11:43:02Z GET /healthz 301 28ms req-82c0c8
2026-03-14T11:43:04Z GET /api/orders 201 67ms req-8dc2e2
2026-03-14T11:43:05Z POST /api/session 204 246ms req-3144f8
2026-03-14T11:43:29Z GET /healthz 200 62ms req-d62fe0
2026-03-14T11:43:31Z GET /api/orders 404 338ms req-71f28a
2026-03-14T11:43:31Z GET /api/search 200 15ms req-a7ba9e
2026-03-14T11:43:37Z GET /api/account 200 344ms req-15149f
2026-03-14T11:43:50Z PUT /api/checkout 301 185ms req-53fb42
2026-03-14T11:43:58Z POST /api/shipping-quote 200 355ms req-d35849
2026-03-14T11:43:58Z GET /api/shipping-quote 502 3213ms req-a7e892
2026-03-14T11:44:00Z GET /api/orders 301 215ms req-6e68e1
2026-03-14T11:44:11Z PUT /api/session 201 234ms req-340b88
2026-03-14T11:44:16Z GET /api/orders 200 417ms req-e7ade4
2026-03-14T11:44:16Z GET /healthz 200 361ms req-6922ca
2026-03-14T11:44:20Z PUT /api/shipping-quote 404 140ms req-d242c2
2026-03-14T11:44:23Z GET /api/account 200 151ms req-cf601b
2026-03-14T11:44:26Z POST /api/cart 200 118ms req-ad14eb
2026-03-14T11:44:27Z GET /api/shipping-quote 200 158ms req-d725f9
2026-03-14T11:44:31Z GET /api/recommendations 200 103ms req-d4d837
2026-03-14T11:44:33Z POST /api/session 404 201ms req-ce6572
2026-03-14T11:44:33Z GET /api/checkout 200 366ms req-09b9d5
2026-03-14T11:44:37Z GET /api/cart 200 280ms req-ac0e56
2026-03-14T11:44:47Z GET /api/checkout 200 387ms req-7ee5ba
2026-03-14T11:44:48Z POST /api/account 201 93ms req-a417c1
2026-03-14T11:44:49Z GET /api/shipping-quote 404 199ms req-83dec9
2026-03-14T11:44:52Z GET /api/shipping-quote 200 192ms req-db9f14
2026-03-14T11:44:57Z PUT /api/shipping-quote 200 389ms req-229953
2026-03-14T11:45:01Z POST /api/checkout 200 144ms req-f9c233
2026-03-14T11:45:16Z POST /api/products 200 48ms req-9fc0bf
2026-03-14T11:45:31Z POST /api/shipping-quote 204 356ms req-0b6b75
2026-03-14T11:45:39Z GET /api/session 301 335ms req-bb1389
2026-03-14T11:45:44Z GET /api/session 200 135ms req-0e6c4f
2026-03-14T11:45:48Z PUT /api/products 200 382ms req-7dee6f
2026-03-14T11:45:56Z POST /api/checkout 201 194ms req-3a7d3f
2026-03-14T11:45:57Z GET /api/session 301 319ms req-cccced
2026-03-14T11:46:02Z GET /api/recommendations 200 217ms req-79fde0
2026-03-14T11:46:03Z POST /api/products 200 219ms req-7f49d4
2026-03-14T11:46:06Z GET /api/search 200 81ms req-884d87
2026-03-14T11:46:14Z GET /healthz 200 99ms req-b4c003
2026-03-14T11:46:37Z GET /api/account 200 399ms req-1c84fe
2026-03-14T11:46:37Z POST /api/products 201 123ms req-f566f5
2026-03-14T11:46:47Z POST /api/account 200 304ms req-907ec5
2026-03-14T11:46:54Z GET /api/checkout 200 29ms req-72e1f8
2026-03-14T11:47:04Z POST /api/products 204 135ms req-f9c159
2026-03-14T11:47:06Z POST /api/orders 200 158ms req-535c0d
2026-03-14T11:47:07Z GET /api/orders 502 2915ms req-2c9fc6
2026-03-14T11:47:11Z PUT /api/search 200 362ms req-ed6b20
2026-03-14T11:47:17Z GET /api/shipping-quote 301 308ms req-233d6d
2026-03-14T11:47:22Z POST /api/session 204 233ms req-205938
2026-03-14T11:47:43Z POST /api/account 200 372ms req-02383e
2026-03-14T11:47:47Z POST /api/cart 200 187ms req-4fcfb7
2026-03-14T11:47:47Z GET /api/account 204 270ms req-757c58
2026-03-14T11:48:00Z POST /api/shipping-quote 200 109ms req-4c598f
2026-03-14T11:48:07Z GET /api/checkout 200 212ms req-cd4c76
2026-03-14T11:48:07Z POST /api/shipping-quote 200 199ms req-188a97
2026-03-14T11:48:11Z GET /api/account 200 281ms req-a59682
2026-03-14T11:48:19Z GET /healthz 204 241ms req-5bf656
2026-03-14T11:48:23Z POST /api/shipping-quote 200 207ms req-8b4ac0
2026-03-14T11:48:34Z PUT /api/orders 301 27ms req-80ba37
2026-03-14T11:48:49Z GET /healthz 200 375ms req-047ac0
2026-03-14T11:48:51Z GET /api/products 200 176ms req-2dbd78
2026-03-14T11:48:52Z GET /api/account 201 183ms req-00d9d1
2026-03-14T11:48:56Z POST /healthz 200 308ms req-cf258d
2026-03-14T11:49:00Z PUT /api/orders 201 77ms req-692c47
2026-03-14T11:49:05Z PUT /api/account 200 397ms req-0de015
2026-03-14T11:49:13Z GET /api/orders 201 215ms req-0da973
2026-03-14T11:49:15Z GET /healthz 204 145ms req-156aaf
2026-03-14T11:49:22Z POST /healthz 200 250ms req-aaa92c
2026-03-14T11:49:25Z PUT /api/shipping-quote 204 361ms req-461d07
2026-03-14T11:49:27Z GET /api/recommendations 200 27ms req-79bf8c
2026-03-14T11:49:32Z GET /api/session 204 167ms req-effe17
2026-03-14T11:49:35Z GET /api/recommendations 301 233ms req-e3b671
2026-03-14T11:49:37Z GET /api/checkout 201 261ms req-934314
2026-03-14T11:49:38Z GET /api/search 201 232ms req-83a042
2026-03-14T11:49:52Z POST /api/products 200 166ms req-d7cbac
2026-03-14T11:49:53Z GET /api/recommendations 200 45ms req-dda0ce
2026-03-14T11:49:55Z GET /healthz 200 139ms req-fd2aa0
2026-03-14T11:50:13Z GET /api/shipping-quote 201 37ms req-9d67f3
2026-03-14T11:50:17Z GET /api/cart 200 251ms req-e2599b
2026-03-14T11:50:18Z GET /healthz 200 225ms req-468d61
2026-03-14T11:50:24Z GET /api/shipping-quote 200 395ms req-b9107c
2026-03-14T11:50:25Z GET /api/account 204 52ms req-3be9f7
2026-03-14T11:50:29Z POST /api/orders 200 272ms req-2c1136
2026-03-14T11:50:33Z GET /api/search 200 113ms req-7a0544
2026-03-14T11:50:35Z GET /api/session 200 170ms req-8af6ee
2026-03-14T11:50:37Z GET /api/cart 200 395ms req-1b1f68
2026-03-14T11:50:38Z POST /api/recommendations 404 165ms req-d955a1
2026-03-14T11:50:51Z POST /api/shipping-quote 201 16ms req-9586ca
2026-03-14T11:50:55Z PUT /api/search 201 140ms req-f81c24
2026-03-14T11:50:59Z GET /api/products 201 85ms req-bba067
2026-03-14T11:51:00Z PUT /api/checkout 200 263ms req-3e04b6
2026-03-14T11:51:03Z GET /api/shipping-quote 204 15ms req-783f37
2026-03-14T11:51:25Z GET /api/shipping-quote 404 175ms req-2efc28
2026-03-14T11:51:26Z PUT /api/account 200 286ms req-e5d521
2026-03-14T11:51:29Z GET /api/products 200 180ms req-cd0d79
2026-03-14T11:51:35Z POST /api/recommendations 200 412ms req-54140a
2026-03-14T11:51:37Z PUT /api/recommendations 200 97ms req-66a339
2026-03-14T11:51:45Z GET /api/recommendations 301 172ms req-68ebc6
2026-03-14T11:51:47Z POST /api/shipping-quote 200 238ms req-0f0760
2026-03-14T11:51:51Z GET /api/session 201 19ms req-c4a318
2026-03-14T11:51:54Z POST /api/account 200 206ms req-e2917c
2026-03-14T11:51:56Z GET /api/checkout 204 91ms req-670f4f
2026-03-14T11:52:03Z POST /api/checkout 404 9ms req-35bd77
2026-03-14T11:52:12Z PUT /api/account 200 335ms req-92d6bd
2026-03-14T11:52:12Z GET /api/products 200 106ms req-df4ce5
2026-03-14T11:52:12Z GET /api/search 200 233ms req-d651c8
2026-03-14T11:52:13Z GET /api/search 200 173ms req-f3ad4f
2026-03-14T11:52:18Z GET /api/shipping-quote 301 96ms req-07a78c
2026-03-14T11:52:21Z POST /api/checkout 301 116ms req-a826c2
2026-03-14T11:52:26Z PUT /api/orders 200 152ms req-a58f55
2026-03-14T11:52:27Z POST /healthz 200 234ms req-efa3cc
2026-03-14T11:52:35Z PUT /api/products 200 115ms req-b56f55
2026-03-14T11:52:40Z POST /api/search 204 12ms req-c5badf
2026-03-14T11:52:41Z PUT /api/checkout 200 98ms req-5367ad
2026-03-14T11:52:45Z GET /api/cart 301 297ms req-cf932a
2026-03-14T11:52:58Z PUT /api/recommendations 301 366ms req-8670ad
2026-03-14T11:53:00Z PUT /api/shipping-quote 404 382ms req-ef012c
2026-03-14T11:53:03Z GET /api/shipping-quote 200 141ms req-95e824
2026-03-14T11:53:17Z POST /api/checkout 200 234ms req-1fbd3c
2026-03-14T11:53:18Z GET /api/recommendations 200 119ms req-ef0452
2026-03-14T11:53:20Z POST /api/search 200 355ms req-d5aa18
2026-03-14T11:53:24Z POST /api/products 204 9ms req-d63d20
2026-03-14T11:53:35Z GET /api/recommendations 404 381ms req-0debdd
2026-03-14T11:53:35Z GET /api/products 200 390ms req-7258d6
2026-03-14T11:53:36Z POST /api/session 204 418ms req-97e677
2026-03-14T11:53:40Z POST /api/checkout 204 381ms req-3345c4
2026-03-14T11:53:40Z PUT /api/recommendations 201 415ms req-3ac2f5
2026-03-14T11:53:48Z POST /api/orders 200 27ms req-c401d4
2026-03-14T11:53:50Z GET /healthz 204 397ms req-ecd706
2026-03-14T11:53:51Z GET /api/shipping-quote 201 216ms req-5d4f64
2026-03-14T11:53:51Z GET /api/products 200 373ms req-850f96
2026-03-14T11:54:01Z GET /api/search 200 298ms req-a5d73d
2026-03-14T11:54:13Z PUT /api/account 201 78ms req-119046
2026-03-14T11:54:13Z POST /api/orders 404 55ms req-d9d36e
2026-03-14T11:54:14Z POST /api/checkout 200 401ms req-b228bd
2026-03-14T11:54:14Z GET /healthz 301 406ms req-c29816
2026-03-14T11:54:15Z GET /api/recommendations 200 129ms req-362b48
2026-03-14T11:54:20Z GET /api/recommendations 200 194ms req-e778d5
2026-03-14T11:54:23Z POST /api/recommendations 200 111ms req-685d26
2026-03-14T11:54:27Z POST /api/recommendations 200 390ms req-905603
2026-03-14T11:54:31Z GET /api/account 404 221ms req-2e5c5d
2026-03-14T11:54:48Z POST /api/cart 201 323ms req-533c69
2026-03-14T11:55:16Z GET /api/account 404 151ms req-a8b336
2026-03-14T11:55:18Z GET /api/orders 200 335ms req-1d0327
2026-03-14T11:55:20Z GET /api/shipping-quote 201 203ms req-618126
2026-03-14T11:55:26Z POST /api/cart 200 148ms req-8538ed
2026-03-14T11:55:43Z GET /api/orders 200 248ms req-e62e52
2026-03-14T11:55:51Z PUT /api/search 200 326ms req-3f0767
2026-03-14T11:56:07Z POST /api/shipping-quote 200 132ms req-da013b
2026-03-14T11:56:16Z POST /api/shipping-quote 200 251ms req-5d1589
2026-03-14T11:56:39Z PUT /api/shipping-quote 404 57ms req-bdb114
2026-03-14T11:56:52Z POST /api/shipping-quote 200 266ms req-350e49
2026-03-14T11:56:57Z GET /api/recommendations 200 238ms req-2a55f5
2026-03-14T11:56:58Z POST /api/recommendations 301 192ms req-2bfcb0
2026-03-14T11:57:00Z PUT /api/cart 200 112ms req-5cd5c5
2026-03-14T11:57:04Z GET /api/cart 301 15ms req-6499e4
2026-03-14T11:57:04Z GET /api/cart 200 353ms req-e6f601
2026-03-14T11:57:07Z GET /api/account 200 108ms req-c1aa03
2026-03-14T11:57:07Z GET /api/recommendations 201 317ms req-1ec076
2026-03-14T11:57:08Z GET /healthz 301 89ms req-084289
2026-03-14T11:57:15Z GET /api/recommendations 404 276ms req-56f4c3
2026-03-14T11:57:16Z PUT /api/orders 200 20ms req-d34815
2026-03-14T11:57:19Z GET /api/search 200 126ms req-e31f26
2026-03-14T11:57:25Z GET /healthz 200 27ms req-1323e4
2026-03-14T11:57:31Z POST /api/session 200 218ms req-d4ccf2
2026-03-14T11:57:31Z PUT /healthz 200 64ms req-1c9476
2026-03-14T11:57:32Z POST /api/products 204 182ms req-e3d01d
2026-03-14T11:57:34Z GET /api/account 301 392ms req-a155e3
2026-03-14T11:57:36Z POST /api/search 200 169ms req-9b0680
2026-03-14T11:57:41Z GET /api/products 404 378ms req-3f1e99
2026-03-14T11:57:51Z PUT /api/recommendations 200 116ms req-bf0e67
2026-03-14T11:57:56Z POST /api/orders 404 148ms req-9ec02f
2026-03-14T11:57:57Z POST /api/shipping-quote 200 304ms req-54584c
2026-03-14T11:58:02Z GET /api/cart 200 218ms req-932866
2026-03-14T11:58:14Z POST /api/cart 201 225ms req-b89510
2026-03-14T11:58:20Z POST /api/cart 204 142ms req-ffdd3b
2026-03-14T11:58:38Z GET /api/recommendations 200 400ms req-3b055e
2026-03-14T11:58:42Z GET /api/search 301 418ms req-2df3e2
2026-03-14T11:58:47Z GET /api/orders 404 8ms req-0cdc5e
2026-03-14T11:58:48Z GET /api/account 301 338ms req-0eac24
2026-03-14T11:58:52Z PUT /api/session 200 317ms req-7dcfcb
2026-03-14T11:59:03Z POST /api/products 200 399ms req-5ed557
2026-03-14T11:59:04Z GET /api/search 200 363ms req-a9fc3b
2026-03-14T11:59:05Z GET /api/recommendations 200 137ms req-240bdd
2026-03-14T11:59:14Z GET /api/products 200 62ms req-91bc41
2026-03-14T11:59:23Z POST /healthz 200 156ms req-69d0ef
2026-03-14T11:59:24Z GET /api/orders 201 392ms req-d82e02
2026-03-14T11:59:32Z GET /api/products 200 122ms req-2cbcd4
2026-03-14T11:59:33Z GET /api/checkout 200 271ms req-15204b
2026-03-14T11:59:39Z POST /api/search 204 190ms req-cfb8c6
2026-03-14T11:59:49Z PUT /api/products 201 202ms req-62fd14
2026-03-14T11:59:55Z GET /api/recommendations 200 303ms req-8a4b1a
2026-03-14T11:59:59Z POST /api/session 200 325ms req-38aaae
