2026-03-14T10:00:11Z INFO [gc] connection established to order-service:8174
2026-03-14T10:00:20Z ERROR [rpc.client] upstream call to inventory-service failed: timed out after 4379 ms
2026-03-14T10:00:39Z DEBUG [http.server] worker w62 idle for 26s
2026-03-14T10:00:40Z INFO [startup] request w6 completed status=200 in 280 ms
2026-03-14T10:00:41Z ERROR [rpc.client] upstream call to inventory-service failed: timed out after 3051 ms
2026-03-14T10:00:54Z WARN [startup] slow query 503 ms on table ledger_sync
2026-03-14T10:00:59Z ERROR [rpc.client] upstream call to inventory-service failed: timed out after 3431 ms
2026-03-14T10:01:04Z INFO [http.server] scheduled job sku_reindex finished in 95s
2026-03-14T10:01:23Z ERROR [rpc.client] upstream call to inventory-service failed: timed out after 3841 ms
2026-03-14T10:01:32Z INFO [metrics] request w20 completed status=200 in 116 ms
2026-03-14T10:01:40Z ERROR [rpc.client] upstream call to inventory-service failed: timed out after 2418 ms
2026-03-14T10:01:47Z INFO [http.server] heartbeat ok (epoch 2209)
2026-03-14T10:01:59Z ERROR [rpc.client] upstream call to inventory-service failed: timed out after 3541 ms
2026-03-14T10:02:07Z WARN [cache] certificate for session-cache expires in 4395 days
2026-03-14T10:02:15Z DEBUG [scheduler] gc pause 418 ms (young gen)
2026-03-14T10:02:16Z INFO [cache] request w18 completed status=200 in 206 ms
2026-03-14T10:02:23Z ERROR [rpc.client] upstream call to inventory-service failed: timed out after 3698 ms
2026-03-14T10:02:43Z DEBUG [gc] gc pause 226 ms (young gen)
2026-03-14T10:02:43Z ERROR [rpc.client] upstream call to inventory-service failed: timed out after 3593 ms
2026-03-14T10:02:45Z INFO [gc] scheduled job email_digest finished in 59s
2026-03-14T10:02:53Z ERROR [rpc.client] upstream call to inventory-service failed: timed out after 3172 ms
2026-03-14T10:03:11Z ERROR [rpc.client] upstream call to inventory-service failed: timed out after 6317 ms
2026-03-14T10:03:26Z ERROR [rpc.client] upstream call to inventory-service failed: timed out after 4156 ms
2026-03-14T10:03:28Z INFO [scheduler] scheduled job ledger_sync finished in 11s
2026-03-14T10:03:36Z ERROR [rpc.client] upstream call to inventory-service failed: timed out after 4469 ms
2026-03-14T10:03:48Z DEBUG [http.server] worker w22 idle for 74s
2026-03-14T10:03:48Z WARN [metrics] retrying metrics flush (attempt 1109)
2026-03-14T10:03:48Z ERROR [rpc.client] upstream call to inventory-service failed: timed out after 2423 ms
2026-03-14T10:03:53Z INFO [cache] scheduled job orders_rollup finished in 4s
2026-03-14T10:04:04Z ERROR [rpc.client] upstream call to inventory-service failed: timed out after 3653 ms
2026-03-14T10:04:10Z INFO [http.server] connection established to session-cache:8123
2026-03-14T10:04:14Z ERROR [rpc.client] upstream call to inventory-service failed: timed out after 4654 ms
2026-03-14T10:04:24Z DEBUG [startup] worker w45 idle for 8s
2026-03-14T10:04:32Z ERROR [rpc.client] upstream call to inventory-service failed: timed out after 4389 ms
2026-03-14T10:04:42Z DEBUG [startup] gc pause 13 ms (young gen)
2026-03-14T10:04:50Z INFO [gc] connection established to order-service:8117
2026-03-14T10:04:50Z INFO [scheduler] scheduled job token_sweep finished in 73s
2026-03-14T10:04:53Z ERROR [rpc.client] upstream call to inventory-service failed: timed out after 2181 ms
2026-03-14T10:05:08Z ERROR [rpc.client] upstream call to inventory-service failed: timed out after 4617 ms
2026-03-14T10:05:17Z DEBUG [scheduler] gc pause 483 ms (young gen)
2026-03-14T10:05:31Z DEBUG [cache] queue depth 4675 within limits
2026-03-14T10:05:31Z ERROR [rpc.client] upstream call to inventory-service failed: timed out after 5989 ms
2026-03-14T10:05:53Z INFO [gc] heartbeat ok (epoch 4099)
2026-03-14T10:05:56Z INFO [metrics] connection established to order-service:8145
2026-03-14T10:06:00Z INFO [scheduler] scheduled job orders_rollup finished in 5s
2026-03-14T10:06:02Z INFO [scheduler] request w37 completed status=200 in 886 ms
2026-03-14T10:06:08Z WARN [scheduler] slow query 878 ms on table token_sweep
2026-03-14T10:06:35Z INFO [gc] request w49 completed status=200 in 102 ms
2026-03-14T10:06:47Z DEBUG [cache] gc pause 44 ms (young gen)
2026-03-14T10:07:01Z DEBUG [cache] worker w11 idle for 91s
2026-03-14T10:07:05Z DEBUG [scheduler] worker w32 idle for 16s
2026-03-14T10:07:17Z INFO [cache] heartbeat ok (epoch 4500)
2026-03-14T10:07:56Z INFO [http.server] scheduled job token_sweep finished in 67s
2026-03-14T10:08:06Z WARN [startup] thread pool active 1745/64
2026-03-14T10:08:34Z DEBUG [startup] gc pause 566 ms (young gen)
2026-03-14T10:08:44Z DEBUG [startup] queue depth 3152 within limits
2026-03-14T10:08:46Z WARN [cache] slow query 18 ms on table orders_rollup
2026-03-14T10:08:48Z INFO [cache] scheduled job email_digest finished in 102s
2026-03-14T10:08:56Z INFO [metrics] request w50 completed status=200 in 694 ms
2026-03-14T10:08:56Z INFO [cache] connection established to payment-gateway:8189
2026-03-14T10:09:32Z INFO [cache] connection established to order-service:8113
2026-03-14T10:09:38Z WARN [scheduler] retrying metrics flush (attempt 4648)
2026-03-14T10:09:44Z INFO [gc] connection established to session-cache:8137
2026-03-14T10:09:46Z INFO [scheduler] cache refresh complete: 4850 entries loaded
2026-03-14T10:10:25Z DEBUG [scheduler] gc pause 819 ms (young gen)
2026-03-14T10:10:37Z INFO [startup] request w48 completed status=200 in 618 ms
2026-03-14T10:11:09Z INFO [http.server] connection established to order-service:8166
2026-03-14T10:11:13Z WARN [gc] thread pool active 443/64
2026-03-14T10:11:23Z WARN [cache] slow query 287 ms on table orders_rollup
2026-03-14T10:11:24Z INFO [metrics] scheduled job img_prewarm finished in 14s
2026-03-14T10:11:30Z INFO [scheduler] connection established to inventory-service:8081
2026-03-14T10:11:34Z ERROR [metrics] failed to publish metrics batch: broker unavailable (will retry)
2026-03-14T10:11:36Z INFO [cache] connection established to order-service:8145
2026-03-14T10:11:52Z WARN [metrics] slow query 464 ms on table img_prewarm
2026-03-14T10:11:56Z INFO [cache] cache refresh complete: 1127 entries loaded
2026-03-14T10:12:04Z DEBUG [scheduler] worker w60 idle for 42s
2026-03-14T10:12:19Z INFO [cache] heartbeat ok (epoch 3137)
2026-03-14T10:12:21Z INFO [scheduler] connection established to session-cache:8161
2026-03-14T10:12:29Z INFO [http.server] scheduled job ledger_sync finished in 114s
2026-03-14T10:12:33Z WARN [scheduler] thread pool active 1610/64
2026-03-14T10:12:43Z INFO [scheduler] connection established to order-service:8119
2026-03-14T10:13:43Z INFO [metrics] cache refresh complete: 277 entries loaded
2026-03-14T10:13:48Z DEBUG [cache] worker w42 idle for 57s
2026-03-14T10:13:56Z INFO [startup] cache refresh complete: 142 entries loaded
2026-03-14T10:14:09Z DEBUG [gc] gc pause 613 ms (young gen)
2026-03-14T10:14:39Z WARN [cache] slow query 305 ms on table token_sweep
2026-03-14T10:15:00Z DEBUG [cache] queue depth 3435 within limits
2026-03-14T10:15:19Z INFO [startup] request w24 completed status=200 in 769 ms
2026-03-14T10:15:23Z INFO [scheduler] scheduled job img_prewarm finished in 72s
2026-03-14T10:15:36Z INFO [cache] cache refresh complete: 2360 entries loaded
2026-03-14T10:15:42Z ERROR [scheduler] failed to publish metrics batch: broker unavailable (will retry)
2026-03-14T10:15:47Z INFO [http.server] connection established to order-service:8102
2026-03-14T10:15:49Z DEBUG [gc] queue depth 795 within limits
2026-03-14T10:15:59Z INFO [http.server] cache refresh complete: 4070 entries loaded
2026-03-14T10:16:51Z INFO [scheduler] request w64 completed status=200 in 897 ms
2026-03-14T10:17:06Z INFO [scheduler] connection established to inventory-service:8154
2026-03-14T10:17:09Z INFO [scheduler] heartbeat ok (epoch 2051)
2026-03-14T10:17:17Z INFO [cache] heartbeat ok (epoch 199)
2026-03-14T10:17:18Z INFO [scheduler] scheduled job token_sweep finished in 58s
2026-03-14T10:17:34Z INFO [scheduler] connection established to inventory-service:8177
2026-03-14T10:17:38Z INFO [http.server] connection established to session-cache:8175
2026-03-14T10:17:45Z INFO [scheduler] connection established to payment-gateway:8113
2026-03-14T10:17:59Z WARN [cache] slow query 479 ms on table orders_rollup
2026-03-14T10:18:03Z INFO [startup] request w16 completed status=200 in 151 ms
2026-03-14T10:18:17Z INFO [scheduler] request w28 completed status=200 in 39 ms
2026-03-14T10:18:26Z INFO [scheduler] scheduled job ledger_sync finished in 18s
2026-03-14T10:18:30Z INFO [cache] cache refresh complete: 1311 entries loaded
2026-03-14T10:18:40Z INFO [startup] scheduled job token_sweep finished in 38s
2026-03-14T10:18:42Z INFO [metrics] request w45 completed status=200 in 858 ms
2026-03-14T10:18:58Z INFO [scheduler] heartbeat ok (epoch 945)
2026-03-14T10:19:07Z DEBUG [http.server] worker w26 idle for 59s
2026-03-14T10:19:30Z INFO [startup] request w37 completed status=200 in 355 ms
2026-03-14T10:19:34Z WARN [startup] retrying metrics flush (attempt 1336)
2026-03-14T10:19:37Z INFO [http.server] cache refresh complete: 3103 entries loaded
2026-03-14T10:19:48Z ERROR [http.server] failed to publish metrics batch: broker unavailable (will retry)
2026-03-14T10:19:59Z WARN [gc] retrying metrics flush (attempt 1105)
2026-03-14T10:20:06Z INFO [http.server] cache refresh complete: 4376 entries loaded
2026-03-14T10:20:09Z WARN [metrics] thread pool active 185/64
2026-03-14T10:20:15Z ERROR [http.server] temporary DNS failure resolving order-service (retried ok)
2026-03-14T10:20:29Z WARN [http.server] slow query 786 ms on table token_sweep
2026-03-14T10:20:33Z INFO [scheduler] request w30 completed status=200 in 458 ms
2026-03-14T10:20:54Z INFO [cache] connection established to inventory-service:8181
2026-03-14T10:20:54Z INFO [scheduler] scheduled job orders_rollup finished in 28s
2026-03-14T10:21:19Z WARN [cache] certificate for session-cache expires in 1799 days
2026-03-14T10:21:26Z WARN [cache] certificate for inventory-service expires in 881 days
2026-03-14T10:21:33Z DEBUG [gc] gc pause 880 ms (young gen)
2026-03-14T10:22:05Z INFO [scheduler] heartbeat ok (epoch 604)
2026-03-14T10:22:15Z INFO [http.server] heartbeat ok (epoch 4110)
2026-03-14T10:22:24Z INFO [scheduler] cache refresh complete: 1911 entries loaded
2026-03-14T10:22:42Z WARN [http.server] certificate for inventory-service expires in 2461 days
2026-03-14T10:22:48Z INFO [metrics] scheduled job sku_reindex finished in 3s
2026-03-14T10:22:48Z WARN [http.server] slow query 393 ms on table orders_rollup
2026-03-14T10:22:59Z WARN [startup] thread pool active 2656/64
2026-03-14T10:23:01Z ERROR [metrics] failed to publish metrics batch: broker unavailable (will retry)
2026-03-14T10:23:13Z INFO [metrics] heartbeat ok (epoch 3936)
2026-03-14T10:23:39Z INFO [startup] heartbeat ok (epoch 1772)
2026-03-14T10:23:42Z WARN [metrics] thread pool active 3548/64
2026-03-14T10:23:42Z INFO [startup] heartbeat ok (epoch 2225)
2026-03-14T10:24:03Z DEBUG [startup] queue depth 4941 within limits
2026-03-14T10:24:08Z INFO [scheduler] request w8 completed status=200 in 544 ms
2026-03-14T10:24:11Z INFO [metrics] cache refresh complete: 4703 entries loaded
2026-03-14T10:24:20Z INFO [startup] connection established to session-cache:8105
2026-03-14T10:24:27Z INFO [gc] scheduled job email_digest finished in 18s
2026-03-14T10:24:30Z INFO [startup] connection established to session-cache:8118
2026-03-14T10:24:57Z INFO [metrics] request w18 completed status=200 in 649 ms
2026-03-14T10:24:59Z INFO [scheduler] cache refresh complete: 1567 entries loaded
2026-03-14T10:25:13Z WARN [http.server] certificate for order-service expires in 277 days
2026-03-14T10:25:22Z INFO [metrics] connection established to payment-gateway:8094
2026-03-14T10:25:29Z DEBUG [startup] gc pause 373 ms (young gen)
2026-03-14T10:25:32Z INFO [cache] request w14 completed status=200 in 809 ms
2026-03-14T10:25:43Z DEBUG [metrics] queue depth 3771 within limits
2026-03-14T10:25:45Z INFO [scheduler] scheduled job sku_reindex finished in 72s
2026-03-14T10:25:47Z INFO [startup] request w38 completed status=200 in 727 ms
2026-03-14T10:26:11Z DEBUG [metrics] queue depth 3202 within limits
2026-03-14T10:26:16Z INFO [cache] cache refresh complete: 2762 entries loaded
2026-03-14T10:26:16Z DEBUG [http.server] queue depth 4279 within limits
2026-03-14T10:26:26Z INFO [cache] request w4 completed status=200 in 895 ms
2026-03-14T10:26:39Z INFO [metrics] scheduled job img_prewarm finished in 115s
2026-03-14T10:26:43Z INFO [startup] heartbeat ok (epoch 4663)
2026-03-14T10:26:55Z DEBUG [scheduler] worker w50 idle for 20s
2026-03-14T10:28:04Z DEBUG [gc] queue depth 3412 within limits
2026-03-14T10:28:16Z DEBUG [metrics] queue depth 425 within limits
2026-03-14T10:28:19Z INFO [gc] request w17 completed status=200 in 596 ms
2026-03-14T10:28:49Z INFO [cache] scheduled job orders_rollup finished in 65s
2026-03-14T10:28:50Z WARN [scheduler] retrying metrics flush (attempt 3607)
2026-03-14T10:28:53Z INFO [scheduler] connection established to inventory-service:8184
2026-03-14T10:29:11Z INFO [startup] request w24 completed status=200 in 561 ms
2026-03-14T10:29:20Z INFO [gc] connection established to order-service:8198
2026-03-14T10:29:20Z INFO [scheduler] request w11 completed status=200 in 584 ms
2026-03-14T10:29:47Z DEBUG [startup] queue depth 3601 within limits
2026-03-14T10:29:58Z INFO [metrics] request w37 completed status=200 in 37 ms
2026-03-14T10:30:10Z INFO [http.server] heartbeat ok (epoch 1627)
2026-03-14T10:30:23Z DEBUG [metrics] worker w60 idle for 50s
2026-03-14T10:30:26Z INFO [metrics] request w27 completed status=200 in 567 ms
2026-03-14T10:30:30Z WARN [startup] thread pool active 3872/64
2026-03-14T10:30:34Z INFO [gc] request w40 completed status=200 in 800 ms
2026-03-14T10:30:54Z WARN [gc] certificate for payment-gateway expires in 1704 days
2026-03-14T10:31:14Z INFO [startup] request w35 completed status=200 in 804 ms
2026-03-14T10:31:28Z INFO [http.server] connection established to payment-gateway:8135
2026-03-14T10:31:46Z WARN [startup] slow query 654 ms on table email_digest
2026-03-14T10:31:47Z DEBUG [gc] gc pause 662 ms (young gen)
2026-03-14T10:31:57Z INFO [metrics] cache refresh complete: 3631 entries loaded
2026-03-14T10:32:04Z DEBUG [http.server] worker w52 idle for 86s
2026-03-14T10:32:07Z WARN [http.server] slow query 354 ms on table token_sweep
2026-03-14T10:32:11Z WARN [startup] certificate for order-service expires in 3145 days
2026-03-14T10:32:18Z INFO [metrics] heartbeat ok (epoch 146)
2026-03-14T10:32:31Z DEBUG [http.server] gc pause 396 ms (young gen)
2026-03-14T10:32:35Z INFO [scheduler] heartbeat ok (epoch 1087)
2026-03-14T10:32:36Z INFO [scheduler] cache refresh complete: 1849 entries loaded
2026-03-14T10:32:41Z INFO [http.server] request w5 completed status=200 in 792 ms
2026-03-14T10:32:47Z INFO [http.server] request w8 completed status=200 in 498 ms
2026-03-14T10:33:00Z INFO [metrics] heartbeat ok (epoch 450)
2026-03-14T10:33:15Z WARN [gc] slow query 114 ms on table email_digest
2026-03-14T10:33:17Z DEBUG [gc] gc pause 116 ms (young gen)
2026-03-14T10:33:17Z WARN [gc] thread pool active 2412/64
2026-03-14T10:33:24Z INFO [http.server] request w56 completed status=200 in 274 ms
2026-03-14T10:33:41Z INFO [startup] request w49 completed status=200 in 789 ms
2026-03-14T10:33:44Z INFO [cache] cache refresh complete: 1931 entries loaded
2026-03-14T10:33:48Z INFO [scheduler] cache refresh complete: 3012 entries loaded
2026-03-14T10:34:17Z INFO [gc] request w5 completed status=200 in 312 ms
2026-03-14T10:34:18Z WARN [cache] slow query 362 ms on table orders_rollup
2026-03-14T10:34:41Z INFO [scheduler] scheduled job token_sweep finished in 75s
2026-03-14T10:35:18Z DEBUG [scheduler] gc pause 661 ms (young gen)
2026-03-14T10:35:21Z WARN [cache] thread pool active 1562/64
2026-03-14T10:35:31Z DEBUG [gc] queue depth 3323 within limits
2026-03-14T10:35:43Z DEBUG [scheduler] worker w59 idle for 78s
2026-03-14T10:35:48Z INFO [gc] scheduled job img_prewarm finished in 110s
2026-03-14T10:35:56Z INFO [scheduler] heartbeat ok (epoch 4058)
2026-03-14T10:35:57Z INFO [scheduler] request w6 completed status=200 in 425 ms
2026-03-14T10:36:00Z WARN [cache] slow query 794 ms on table email_digest
2026-03-14T10:36:06Z INFO [cache] cache refresh complete: 399 entries loaded
2026-03-14T10:36:12Z INFO [scheduler] heartbeat ok (epoch 2803)
2026-03-14T10:36:14Z INFO [metrics] cache refresh complete: 438 entries loaded
2026-03-14T10:36:23Z INFO [cache] cache refresh complete: 577 entries loaded
2026-03-14T10:36:45Z INFO [gc] heartbeat ok (epoch 744)
2026-03-14T10:36:45Z DEBUG [startup] gc pause 62 ms (young gen)
2026-03-14T10:37:03Z WARN [gc] certificate for session-cache expires in 4532 days
2026-03-14T10:37:05Z INFO [gc] request w41 completed status=200 in 677 ms
2026-03-14T10:37:17Z INFO [metrics] heartbeat ok (epoch 1182)
2026-03-14T10:37:30Z INFO [cache] heartbeat ok (epoch 3303)
2026-03-14T10:37:51Z INFO [startup] connection established to order-service:8131
2026-03-14T10:37:52Z INFO [cache] heartbeat ok (epoch 4504)
2026-03-14T10:37:57Z INFO [http.server] scheduled job ledger_sync finished in 91s
2026-03-14T10:38:01Z INFO [gc] heartbeat ok (epoch 522)
2026-03-14T10:38:05Z INFO [scheduler] connection established to payment-gateway:8163
2026-03-14T10:38:09Z WARN [metrics] thread pool active 3336/64
2026-03-14T10:38:20Z DEBUG [cache] gc pause 804 ms (young gen)
2026-03-14T10:38:32Z INFO [metrics] cache refresh complete: 3583 entries loaded
2026-03-14T10:38:32Z INFO [startup] cache refresh complete: 1908 entries loaded
2026-03-14T10:38:34Z WARN [startup] slow query 786 ms on table token_sweep
2026-03-14T10:38:41Z INFO [scheduler] scheduled job orders_rollup finished in 104s
2026-03-14T10:39:52Z DEBUG [scheduler] queue depth 2126 within limits
2026-03-14T10:40:04Z DEBUG [metrics] worker w43 idle for 43s
2026-03-14T10:40:48Z DEBUG [metrics] worker w9 idle for 15s
2026-03-14T10:41:13Z INFO [cache] connection established to inventory-service:8159
2026-03-14T10:41:14Z ERROR [scheduler] temporary DNS failure resolving session-cache (retried ok)
2026-03-14T10:41:24Z INFO [http.server] connection established to payment-gateway:8196
2026-03-14T10:41:29Z INFO [http.server] heartbeat ok (epoch 68)
2026-03-14T10:41:32Z INFO [http.server] request w32 completed status=200 in 547 ms
2026-03-14T10:41:49Z INFO [http.server] connection established to session-cache:8102
2026-03-14T10:41:59Z INFO [cache] connection established to order-service:8170
2026-03-14T10:42:05Z INFO [metrics] request w31 completed status=200 in 205 ms
2026-03-14T10:42:10Z DEBUG [scheduler] queue depth 3579 within limits
2026-03-14T10:42:13Z INFO [scheduler] heartbeat ok (epoch 528)
2026-03-14T10:42:18Z INFO [http.server] request w43 completed status=200 in 317 ms
2026-03-14T10:42:27Z INFO [cache] connection established to session-cache:8101
2026-03-14T10:42:40Z INFO [http.server] cache refresh complete: 368 entries loaded
2026-03-14T10:42:53Z WARN [gc] thread pool active 2747/64
2026-03-14T10:42:56Z WARN [scheduler] retrying metrics flush (attempt 3501)
2026-03-14T10:43:03Z INFO [cache] cache refresh complete: 2578 entries loaded
2026-03-14T10:43:21Z INFO [scheduler] cache refresh complete: 676 entries loaded
2026-03-14T10:43:45Z WARN [scheduler] slow query 331 ms on table email_digest
2026-03-14T10:43:48Z INFO [cache] cache refresh complete: 3092 entries loaded
2026-03-14T10:43:56Z WARN [cache] certificate for order-service expires in 688 days
2026-03-14T10:44:00Z INFO [gc] heartbeat ok (epoch 3178)
2026-03-14T10:44:11Z DEBUG [startup] gc pause 427 ms (young gen)
2026-03-14T10:44:36Z WARN [scheduler] retrying metrics flush (attempt 12)
2026-03-14T10:45:03Z DEBUG [metrics] gc pause 858 ms (young gen)
2026-03-14T10:45:13Z DEBUG [cache] gc pause 890 ms (young gen)
2026-03-14T10:45:21Z WARN [metrics] retrying metrics flush (attempt 2011)
2026-03-14T10:45:23Z INFO [scheduler] scheduled job orders_rollup finished in 40s
2026-03-14T10:45:26Z WARN [scheduler] slow query 207 ms on table ledger_sync
2026-03-14T10:45:26Z WARN [gc] thread pool active 2557/64
2026-03-14T10:45:31Z INFO [metrics] connection established to payment-gateway:8173
2026-03-14T10:45:32Z INFO [http.server] scheduled job token_sweep finished in 28s
2026-03-14T10:45:39Z WARN [gc] certificate for order-service expires in 2679 days
2026-03-14T10:46:21Z INFO [cache] heartbeat ok (epoch 3477)
2026-03-14T10:46:28Z WARN [http.server] slow query 889 ms on table orders_rollup
2026-03-14T10:46:30Z ERROR [startup] failed to publish metrics batch: broker unavailable (will retry)
2026-03-14T10:46:34Z INFO [scheduler] request w18 completed status=200 in 155 ms
2026-03-14T10:46:54Z WARN [cache] certificate for order-service expires in 1431 days
2026-03-14T10:47:06Z INFO [startup] cache refresh complete: 4911 entries loaded
2026-03-14T10:47:40Z INFO [startup] request w47 completed status=200 in 670 ms
2026-03-14T10:47:55Z INFO [gc] heartbeat ok (epoch 4026)
2026-03-14T10:47:58Z DEBUG [http.server] worker w12 idle for 111s
2026-03-14T10:48:01Z WARN [gc] certificate for session-cache expires in 1011 days
2026-03-14T10:48:17Z INFO [http.server] request w27 completed status=200 in 10 ms
2026-03-14T10:48:19Z INFO [scheduler] connection established to inventory-service:8082
2026-03-14T10:48:31Z INFO [gc] cache refresh complete: 2622 entries loaded
2026-03-14T10:48:35Z DEBUG [gc] queue depth 720 within limits
2026-03-14T10:49:30Z DEBUG [metrics] queue depth 3146 within limits
2026-03-14T10:49:45Z INFO [startup] heartbeat ok (epoch 3011)
2026-03-14T10:49:59Z INFO [http.server] request w43 completed status=200 in 668 ms
2026-03-14T10:50:01Z DEBUG [http.server] worker w22 idle for 108s
2026-03-14T10:50:24Z INFO [cache] heartbeat ok (epoch 4632)
2026-03-14T10:50:30Z INFO [startup] scheduled job ledger_sync finished in 27s
2026-03-14T10:50:32Z WARN [metrics] slow query 239 ms on table sku_reindex
2026-03-14T10:50:51Z ERROR [http.server] temporary DNS failure resolving payment-gateway (retried ok)
2026-03-14T10:51:08Z DEBUG [startup] queue depth 4302 within limits
2026-03-14T10:51:14Z WARN [scheduler] certificate for payment-gateway expires in 2374 days
2026-03-14T10:51:16Z INFO [gc] cache refresh complete: 1379 entries loaded
2026-03-14T10:51:25Z DEBUG [scheduler] gc pause 870 ms (young gen)
2026-03-14T10:51:34Z INFO [scheduler] scheduled job img_prewarm finished in 103s
2026-03-14T10:51:39Z INFO [gc] request w24 completed status=200 in 486 ms
2026-03-14T10:51:58Z DEBUG [cache] gc pause 572 ms (young gen)
2026-03-14T10:52:00Z INFO [startup] scheduled job img_prewarm finished in 69s
2026-03-14T10:52:01Z DEBUG [metrics] gc pause 763 ms (young gen)
2026-03-14T10:52:09Z WARN [gc] thread pool active 4956/64
2026-03-14T10:52:11Z DEBUG [http.server] worker w15 idle for 3s
2026-03-14T10:52:30Z DEBUG [metrics] queue depth 1263 within limits
2026-03-14T10:52:41Z WARN [metrics] slow query 412 ms on table orders_rollup
2026-03-14T10:53:15Z DEBUG [cache] queue depth 2298 within limits
2026-03-14T10:53:21Z INFO [metrics] heartbeat ok (epoch 2324)
2026-03-14T10:53:21Z WARN [cache] certificate for session-cache expires in 1522 days
2026-03-14T10:53:22Z WARN [scheduler] slow query 696 ms on table orders_rollup
2026-03-14T10:53:24Z INFO [cache] scheduled job email_digest finished in 117s
2026-03-14T10:53:47Z DEBUG [startup] gc pause 636 ms (young gen)
2026-03-14T10:53:50Z WARN [gc] slow query 444 ms on table token_sweep
2026-03-14T10:54:04Z INFO [cache] scheduled job ledger_sync finished in 115s
2026-03-14T10:54:09Z DEBUG [cache] worker w46 idle for 46s
2026-03-14T10:54:26Z INFO [cache] heartbeat ok (epoch 2038)
2026-03-14T10:54:33Z WARN [http.server] slow query 107 ms on table sku_reindex
2026-03-14T10:54:35Z WARN [scheduler] certificate for inventory-service expires in 1320 days
2026-03-14T10:54:50Z INFO [startup] cache refresh complete: 3122 entries loaded
2026-03-14T10:54:54Z DEBUG [gc] gc pause 431 ms (young gen)
2026-03-14T10:54:57Z INFO [metrics] request w39 completed status=200 in 173 ms
2026-03-14T10:54:57Z INFO [cache] cache refresh complete: 2142 entries loaded
2026-03-14T10:55:16Z WARN [scheduler] retrying metrics flush (attempt 3069)
2026-03-14T10:55:31Z DEBUG [gc] queue depth 4037 within limits
2026-03-14T10:55:32Z INFO [cache] connection established to payment-gateway:8100
2026-03-14T10:55:55Z INFO [cache] cache refresh complete: 4659 entries loaded
2026-03-14T10:55:58Z INFO [startup] connection established to inventory-service:8192
2026-03-14T10:56:08Z WARN [cache] thread pool active 2407/64
2026-03-14T10:56:10Z INFO [startup] request w4 completed status=200 in 261 ms
2026-03-14T10:56:14Z DEBUG [metrics] queue depth 4278 within limits
2026-03-14T10:56:17Z DEBUG [gc] gc pause 249 ms (young gen)
2026-03-14T10:56:33Z INFO [cache] scheduled job ledger_sync finished in 23s
2026-03-14T10:57:01Z DEBUG [startup] worker w63 idle for 4s
2026-03-14T10:57:02Z DEBUG [metrics] queue depth 2386 within limits
2026-03-14T10:57:04Z INFO [startup] heartbeat ok (epoch 2647)
2026-03-14T10:57:06Z INFO [http.server] request w4 completed status=200 in 601 ms
2026-03-14T10:57:12Z INFO [startup] scheduled job ledger_sync finished in 117s
2026-03-14T10:57:23Z INFO [gc] scheduled job sku_reindex finished in 46s
2026-03-14T10:57:28Z INFO [metrics] request w13 completed status=200 in 360 ms
2026-03-14T10:57:32Z INFO [metrics] request w22 completed status=200 in 894 ms
2026-03-14T10:57:36Z INFO [http.server] request w38 completed status=200 in 488 ms
2026-03-14T10:57:39Z WARN [scheduler] thread pool active 4985/64
2026-03-14T10:57:45Z INFO [http.server] heartbeat ok (epoch 3680)
2026-03-14T10:58:01Z WARN [startup] retrying metrics flush (attempt 2444)
2026-03-14T10:58:04Z INFO [http.server] cache refresh complete: 3734 entries loaded
2026-03-14T10:58:04Z INFO [http.server] scheduled job token_sweep finished in 21s
2026-03-14T10:58:10Z DEBUG [cache] queue depth 1638 within limits
2026-03-14T10:58:33Z INFO [startup] request w9 completed status=200 in 130 ms
2026-03-14T10:58:41Z INFO [http.server] heartbeat ok (epoch 3828)
2026-03-14T10:58:51Z INFO [http.server] scheduled job sku_reindex finished in 101s
2026-03-14T10:58:56Z INFO [http.server] cache refresh complete: 187 entries loaded
2026-03-14T10:59:20Z DEBUG [http.server] queue depth 3453 within limits
2026-03-14T10:59:26Z INFO [metrics] request w46 completed status=200 in 708 ms
2026-03-14T10:59:41Z WARN [gc] retrying metrics flush (attempt 4147)
2026-03-14T11:00:04Z INFO [startup] heartbeat ok (epoch 292)
2026-03-14T11:00:07Z INFO [startup] connection established to session-cache:8172
2026-03-14T11:00:07Z INFO [metrics] scheduled job token_sweep finished in 57s
2026-03-14T11:00:42Z INFO [gc] connection established to payment-gateway:8092
2026-03-14T11:00:59Z INFO [scheduler] request w25 completed status=200 in 843 ms
2026-03-14T11:01:06Z INFO [cache] scheduled job sku_reindex finished in 87s
2026-03-14T11:01:08Z INFO [scheduler] request w22 completed status=200 in 492 ms
2026-03-14T11:01:26Z WARN [http.server] thread pool active 1470/64
2026-03-14T11:01:29Z DEBUG [metrics] queue depth 449 within limits
2026-03-14T11:01:38Z DEBUG [metrics] worker w19 idle for 9s
2026-03-14T11:01:39Z WARN [scheduler] certificate for payment-gateway expires in 190 days
2026-03-14T11:01:39Z INFO [metrics] heartbeat ok (epoch 2205)
2026-03-14T11:01:40Z DEBUG [gc] worker w57 idle for 117s
2026-03-14T11:01:43Z INFO [cache] scheduled job email_digest finished in 116s
2026-03-14T11:01:56Z INFO [http.server] connection established to inventory-service:8117
2026-03-14T11:01:56Z INFO [http.server] scheduled job token_sweep finished in 113s
2026-03-14T11:02:03Z INFO [startup] connection established to payment-gateway:8084
2026-03-14T11:02:17Z WARN [startup] thread pool active 2091/64
2026-03-14T11:02:22Z WARN [cache] retrying metrics flush (attempt 4869)
2026-03-14T11:02:29Z INFO [cache] connection established to payment-gateway:8125
2026-03-14T11:02:30Z INFO [cache] cache refresh complete: 2864 entries loaded
2026-03-14T11:02:48Z INFO [scheduler] cache refresh complete: 1701 entries loaded
2026-03-14T11:02:49Z INFO [startup] scheduled job ledger_sync finished in 91s
2026-03-14T11:02:50Z WARN [http.server] thread pool active 3545/64
2026-03-14T11:02:50Z INFO [startup] scheduled job ledger_sync finished in 23s
2026-03-14T11:02:51Z WARN [http.server] slow query 51 ms on table img_prewarm
2026-03-14T11:03:19Z INFO [startup] cache refresh complete: 4181 entries loaded
2026-03-14T11:03:26Z INFO [metrics] scheduled job email_digest finished in 94s
2026-03-14T11:03:31Z INFO [http.server] request w5 completed status=200 in 445 ms
2026-03-14T11:03:36Z DEBUG [metrics] gc pause 494 ms (young gen)
2026-03-14T11:03:38Z INFO [http.server] request w57 completed status=200 in 873 ms
2026-03-14T11:03:46Z DEBUG [scheduler] queue depth 2380 within limits
2026-03-14T11:04:08Z WARN [scheduler] thread pool active 4108/64
2026-03-14T11:04:14Z INFO [cache] heartbeat ok (epoch 4369)
2026-03-14T11:04:41Z INFO [gc] cache refresh complete: 1275 entries loaded
2026-03-14T11:04:53Z DEBUG [cache] queue depth 830 within limits
2026-03-14T11:04:54Z WARN [cache] certificate for session-cache expires in 1255 days
2026-03-14T11:05:15Z DEBUG [scheduler] gc pause 229 ms (young gen)
2026-03-14T11:05:21Z INFO [startup] request w42 completed status=200 in 199 ms
2026-03-14T11:05:24Z DEBUG [startup] gc pause 802 ms (young gen)
2026-03-14T11:05:51Z WARN [cache] retrying metrics flush (attempt 2070)
2026-03-14T11:05:57Z INFO [cache] request w4 completed status=200 in 620 ms
2026-03-14T11:06:03Z INFO [metrics] connection established to session-cache:8185
2026-03-14T11:06:12Z INFO [cache] cache refresh complete: 3378 entries loaded
2026-03-14T11:06:17Z INFO [metrics] request w8 completed status=200 in 511 ms
2026-03-14T11:06:31Z INFO [startup] scheduled job token_sweep finished in 102s
2026-03-14T11:06:42Z DEBUG [scheduler] gc pause 625 ms (young gen)
2026-03-14T11:07:05Z WARN [cache] certificate for inventory-service expires in 3880 days
2026-03-14T11:07:09Z DEBUG [scheduler] gc pause 416 ms (young gen)
2026-03-14T11:07:10Z DEBUG [startup] queue depth 1898 within limits
2026-03-14T11:07:27Z INFO [scheduler] connection established to payment-gateway:8151
2026-03-14T11:07:38Z DEBUG [cache] worker w26 idle for 6s
2026-03-14T11:07:47Z INFO [gc] cache refresh complete: 4778 entries loaded
2026-03-14T11:07:50Z INFO [startup] connection established to session-cache:8159
2026-03-14T11:07:54Z INFO [gc] connection established to inventory-service:8128
2026-03-14T11:08:17Z WARN [scheduler] retrying metrics flush (attempt 3282)
2026-03-14T11:08:21Z DEBUG [metrics] worker w45 idle for 87s
2026-03-14T11:08:55Z INFO [scheduler] heartbeat ok (epoch 2794)
2026-03-14T11:08:56Z DEBUG [scheduler] gc pause 623 ms (young gen)
2026-03-14T11:09:07Z INFO [metrics] scheduled job img_prewarm finished in 48s
2026-03-14T11:09:10Z INFO [metrics] connection established to session-cache:8102
2026-03-14T11:09:11Z INFO [metrics] connection established to session-cache:8174
2026-03-14T11:09:15Z INFO [metrics] request w2 completed status=200 in 145 ms
2026-03-14T11:09:25Z DEBUG [cache] queue depth 2096 within limits
2026-03-14T11:09:29Z INFO [http.server] connection established to inventory-service:8156
2026-03-14T11:09:50Z INFO [metrics] connection established to order-service:8111
2026-03-14T11:10:06Z INFO [cache] heartbeat ok (epoch 2570)
2026-03-14T11:10:14Z INFO [scheduler] cache refresh complete: 3096 entries loaded
2026-03-14T11:10:49Z ERROR [metrics] failed to publish metrics batch: broker unavailable (will retry)
2026-03-14T11:10:49Z INFO [gc] request w12 completed status=200 in 773 ms
2026-03-14T11:10:57Z INFO [cache] connection established to order-service:8154
2026-03-14T11:10:59Z INFO [http.server] connection established to inventory-service:8121
2026-03-14T11:11:25Z INFO [scheduler] scheduled job orders_rollup finished in 101s
2026-03-14T11:11:33Z INFO [startup] request w26 completed status=200 in 881 ms
2026-03-14T11:11:45Z INFO [gc] heartbeat ok (epoch 4383)
2026-03-14T11:11:57Z DEBUG [metrics] worker w22 idle for 44s
2026-03-14T11:11:59Z INFO [cache] connection established to payment-gateway:8106
2026-03-14T11:12:14Z INFO [cache] connection established to session-cache:8082
2026-03-14T11:12:15Z INFO [startup] connection established to payment-gateway:8163
2026-03-14T11:12:18Z INFO [startup] request w48 completed status=200 in 862 ms
2026-03-14T11:12:23Z INFO [gc] connection established to session-cache:8093
2026-03-14T11:12:24Z DEBUG [scheduler] worker w31 idle for 64s
2026-03-14T11:12:54Z INFO [metrics] heartbeat ok (epoch 1406)
2026-03-14T11:13:01Z ERROR [scheduler] failed to publish metrics batch: broker unavailable (will retry)
2026-03-14T11:13:05Z DEBUG [scheduler] gc pause 744 ms (young gen)
2026-03-14T11:13:17Z DEBUG [scheduler] worker w47 idle for 53s
2026-03-14T11:13:23Z INFO [metrics] request w23 completed status=200 in 615 ms
2026-03-14T11:13:44Z INFO [cache] heartbeat ok (epoch 2610)
2026-03-14T11:13:53Z INFO [http.server] request w13 completed status=200 in 646 ms
2026-03-14T11:14:06Z INFO [startup] connection established to order-service:8106
2026-03-14T11:14:17Z WARN [metrics] certificate for inventory-service expires in 3514 days
2026-03-14T11:14:23Z DEBUG [gc] gc pause 743 ms (young gen)
2026-03-14T11:14:24Z INFO [gc] connection established to inventory-service:8111
2026-03-14T11:14:50Z INFO [metrics] connection established to payment-gateway:8091
2026-03-14T11:14:51Z ERROR [cache] failed to publish metrics batch: broker unavailable (will retry)
2026-03-14T11:15:16Z INFO [http.server] request w35 completed status=200 in 891 ms
2026-03-14T11:15:16Z WARN [cache] retrying metrics flush (attempt 133)
2026-03-14T11:15:20Z INFO [cache] cache refresh complete: 1770 entries loaded
2026-03-14T11:15:21Z WARN [http.server] retrying metrics flush (attempt 2125)
2026-03-14T11:15:24Z WARN [metrics] thread pool active 1962/64
2026-03-14T11:15:30Z INFO [http.server] cache refresh complete: 4746 entries loaded
2026-03-14T11:15:35Z INFO [gc] cache refresh complete: 4801 entries loaded
2026-03-14T11:15:46Z INFO [http.server] heartbeat ok (epoch 1378)
2026-03-14T11:16:09Z INFO [scheduler] scheduled job img_prewarm finished in 35s
2026-03-14T11:16:15Z INFO [gc] heartbeat ok (epoch 4212)
2026-03-14T11:16:17Z WARN [http.server] thread pool active 719/64
2026-03-14T11:16:24Z INFO [gc] cache refresh complete: 2270 entries loaded
2026-03-14T11:17:22Z INFO [http.server] cache refresh complete: 552 entries loaded
2026-03-14T11:17:22Z INFO [cache] cache refresh complete: 2863 entries loaded
2026-03-14T11:17:36Z INFO [http.server] scheduled job email_digest finished in 96s
2026-03-14T11:17:41Z INFO [cache] cache refresh complete: 2225 entries loaded
2026-03-14T11:17:47Z INFO [http.server] heartbeat ok (epoch 3909)
2026-03-14T11:17:48Z INFO [startup] request w17 completed status=200 in 173 ms
2026-03-14T11:18:01Z INFO [metrics] request w9 completed status=200 in 532 ms
2026-03-14T11:18:07Z INFO [http.server] request w39 completed status=200 in 248 ms
2026-03-14T11:18:19Z DEBUG [gc] gc pause 650 ms (young gen)
2026-03-14T11:18:20Z DEBUG [gc] worker w21 idle for 36s
2026-03-14T11:18:27Z WARN [scheduler] retrying metrics flush (attempt 3597)
2026-03-14T11:18:41Z WARN [metrics] certificate for payment-gateway expires in 480 days
2026-03-14T11:18:45Z ERROR [gc] temporary DNS failure resolving payment-gateway (retried ok)
2026-03-14T11:19:17Z WARN [scheduler] slow query 348 ms on table orders_rollup
2026-03-14T11:19:28Z INFO [scheduler] scheduled job token_sweep finished in 94s
2026-03-14T11:19:32Z INFO [http.server] heartbeat ok (epoch 2860)
2026-03-14T11:19:49Z WARN [cache] slow query 264 ms on table sku_reindex
2026-03-14T11:19:56Z INFO [gc] heartbeat ok (epoch 4351)
2026-03-14T11:20:11Z INFO [cache] connection established to inventory-service:8124
2026-03-14T11:20:20Z INFO [cache] scheduled job email_digest finished in 20s
2026-03-14T11:20:33Z INFO [cache] cache refresh complete: 2401 entries loaded
2026-03-14T11:20:44Z INFO [scheduler] connection established to inventory-service:8151
2026-03-14T11:20:55Z WARN [metrics] slow query 890 ms on table email_digest
2026-03-14T11:21:06Z INFO [cache] scheduled job email_digest finished in 56s
2026-03-14T11:21:06Z DEBUG [scheduler] gc pause 371 ms (young gen)
2026-03-14T11:21:12Z DEBUG [startup] worker w19 idle for 32s
2026-03-14T11:21:24Z INFO [cache] cache refresh complete: 4773 entries loaded
2026-03-14T11:21:55Z WARN [gc] retrying metrics flush (attempt 2209)
2026-03-14T11:22:04Z INFO [startup] request w23 completed status=200 in 313 ms
2026-03-14T11:22:41Z INFO [scheduler] cache refresh complete: 599 entries loaded
2026-03-14T11:22:44Z INFO [http.server] connection established to payment-gateway:8143
2026-03-14T11:22:51Z INFO [http.server] heartbeat ok (epoch 4715)
2026-03-14T11:23:07Z INFO [http.server] cache refresh complete: 29 entries loaded
2026-03-14T11:23:21Z WARN [gc] thread pool active 2183/64
2026-03-14T11:23:27Z INFO [gc] heartbeat ok (epoch 1907)
2026-03-14T11:23:34Z DEBUG [gc] worker w18 idle for 118s
2026-03-14T11:23:49Z DEBUG [metrics] queue depth 4567 within limits
2026-03-14T11:24:07Z WARN [cache] thread pool active 1354/64
2026-03-14T11:24:18Z WARN [startup] certificate for inventory-service expires in 4738 days
2026-03-14T11:24:21Z DEBUG [cache] gc pause 128 ms (young gen)
2026-03-14T11:24:41Z INFO [http.server] request w27 completed status=200 in 272 ms
2026-03-14T11:24:46Z INFO [scheduler] heartbeat ok (epoch 2902)
2026-03-14T11:24:48Z INFO [metrics] connection established to order-service:8145
2026-03-14T11:24:59Z DEBUG [gc] worker w41 idle for 82s
2026-03-14T11:25:31Z DEBUG [scheduler] gc pause 315 ms (young gen)
2026-03-14T11:25:36Z INFO [startup] connection established to inventory-service:8160
2026-03-14T11:26:45Z INFO [scheduler] heartbeat ok (epoch 48)
2026-03-14T11:26:50Z DEBUG [startup] worker w56 idle for 68s
2026-03-14T11:26:56Z INFO [metrics] request w33 completed status=200 in 157 ms
2026-03-14T11:26:58Z INFO [gc] connection established to session-cache:8171
2026-03-14T11:27:10Z INFO [scheduler] connection established to session-cache:8177
2026-03-14T11:27:14Z ERROR [http.server] failed to publish metrics batch: broker unavailable (will retry)
2026-03-14T11:27:17Z DEBUG [scheduler] queue depth 14 within limits
2026-03-14T11:27:30Z DEBUG [http.server] queue depth 776 within limits
2026-03-14T11:28:09Z WARN [gc] slow query 29 ms on table orders_rollup
2026-03-14T11:28:14Z INFO [gc] request w61 completed status=200 in 529 ms
2026-03-14T11:28:44Z DEBUG [startup] queue depth 1585 within limits
2026-03-14T11:28:45Z INFO [cache] heartbeat ok (epoch 4527)
2026-03-14T11:28:59Z INFO [metrics] request w2 completed status=200 in 55 ms
2026-03-14T11:29:07Z WARN [startup] certificate for order-service expires in 264 days
2026-03-14T11:29:16Z INFO [scheduler] connection established to order-service:8120
2026-03-14T11:29:20Z WARN [http.server] certificate for session-cache expires in 4753 days
2026-03-14T11:29:22Z INFO [cache] scheduled job token_sweep finished in 85s
2026-03-14T11:29:26Z ERROR [cache] failed to publish metrics batch: broker unavailable (will retry)
2026-03-14T11:29:27Z WARN [gc] thread pool active 4356/64
2026-03-14T11:29:33Z INFO [metrics] connection established to payment-gateway:8176
2026-03-14T11:29:34Z DEBUG [cache] queue depth 1832 within limits
2026-03-14T11:29:50Z INFO [metrics] request w8 completed status=200 in 70 ms
2026-03-14T11:30:27Z ERROR [http.server] temporary DNS failure resolving payment-gateway (retried ok)
2026-03-14T11:30:41Z INFO [scheduler] heartbeat ok (epoch 592)
2026-03-14T11:30:44Z INFO [startup] cache refresh complete: 133 entries loaded
2026-03-14T11:31:03Z WARN [scheduler] slow query 178 ms on table orders_rollup
2026-03-14T11:31:04Z INFO [gc] connection established to session-cache:8096
2026-03-14T11:31:14Z DEBUG [metrics] queue depth 2594 within limits
2026-03-14T11:31:16Z DEBUG [metrics] worker w46 idle for 60s
2026-03-14T11:31:40Z INFO [http.server] heartbeat ok (epoch 4857)
2026-03-14T11:31:41Z WARN [http.server] slow query 865 ms on table ledger_sync
2026-03-14T11:31:47Z INFO [cache] heartbeat ok (epoch 3109)
2026-03-14T11:31:56Z INFO [gc] connection established to payment-gateway:8120
2026-03-14T11:31:57Z DEBUG [scheduler] gc pause 711 ms (young gen)
2026-03-14T11:32:18Z INFO [startup] cache refresh complete: 795 entries loaded
2026-03-14T11:32:21Z INFO [scheduler] connection established to order-service:8176
2026-03-14T11:32:28Z INFO [scheduler] scheduled job ledger_sync finished in 99s
2026-03-14T11:32:53Z INFO [scheduler] heartbeat ok (epoch 1296)
2026-03-14T11:33:07Z DEBUG [gc] worker w11 idle for 67s
2026-03-14T11:33:15Z WARN [startup] retrying metrics flush (attempt 1542)
2026-03-14T11:33:22Z INFO [metrics] connection established to session-cache:8187
2026-03-14T11:33:28Z WARN [startup] certificate for session-cache expires in 880 days
2026-03-14T11:33:28Z DEBUG [cache] gc pause 861 ms (young gen)
2026-03-14T11:33:29Z WARN [http.server] slow query 150 ms on table sku_reindex
2026-03-14T11:33:49Z ERROR [metrics] temporary DNS failure resolving order-service (retried ok)
2026-03-14T11:34:03Z INFO [gc] heartbeat ok (epoch 4255)
2026-03-14T11:34:17Z INFO [startup] cache refresh complete: 777 entries loaded
2026-03-14T11:34:18Z INFO [gc] heartbeat ok (epoch 4535)
2026-03-14T11:34:35Z INFO [http.server] connection established to payment-gateway:8088
2026-03-14T11:34:45Z INFO [cache] request w51 completed status=200 in 309 ms
2026-03-14T11:34:45Z INFO [http.server] connection established to session-cache:8150
2026-03-14T11:35:27Z INFO [startup] request w49 completed status=200 in 23 ms
2026-03-14T11:35:31Z INFO [http.server] request w62 completed status=200 in 731 ms
2026-03-14T11:35:35Z DEBUG [startup] queue depth 4982 within limits
2026-03-14T11:36:19Z DEBUG [metrics] gc pause 883 ms (young gen)
2026-03-14T11:36:26Z INFO [startup] request w49 completed status=200 in 890 ms
2026-03-14T11:36:57Z DEBUG [http.server] worker w53 idle for 13s
2026-03-14T11:36:59Z INFO [metrics] connection established to order-service:8137
2026-03-14T11:37:05Z DEBUG [scheduler] worker w11 idle for 107s
2026-03-14T11:37:24Z INFO [gc] request w50 completed status=200 in 514 ms
2026-03-14T11:37:29Z INFO [startup] heartbeat ok (epoch 898)
2026-03-14T11:37:44Z INFO [http.server] heartbeat ok (epoch 2984)
2026-03-14T11:37:48Z DEBUG [cache] gc pause 36 ms (young gen)
2026-03-14T11:37:56Z WARN [startup] thread pool active 260/64
2026-03-14T11:38:20Z WARN [metrics] certificate for order-service expires in 2365 days
2026-03-14T11:38:21Z INFO [startup] request w45 completed status=200 in 415 ms
2026-03-14T11:38:21Z WARN [gc] slow query 882 ms on table ledger_sync
2026-03-14T11:38:22Z WARN [cache] slow query 741 ms on table ledger_sync
2026-03-14T11:38:29Z DEBUG [http.server] queue depth 146 within limits
2026-03-14T11:38:40Z INFO [scheduler] heartbeat ok (epoch 1606)
2026-03-14T11:38:47Z INFO [scheduler] request w14 completed status=200 in 180 ms
2026-03-14T11:39:03Z INFO [cache] request w23 completed status=200 in 499 ms
2026-03-14T11:39:21Z INFO [scheduler] heartbeat ok (epoch 3222)
2026-03-14T11:39:23Z DEBUG [cache] gc pause 443 ms (young gen)
2026-03-14T11:39:29Z INFO [metrics] request w41 completed status=200 in 468 ms
2026-03-14T11:39:40Z WARN [metrics] retrying metrics flush (attempt 4409)
2026-03-14T11:39:53Z DEBUG [gc] queue depth 4201 within limits
2026-03-14T11:39:53Z WARN [startup] retrying metrics flush (attempt 1785)
2026-03-14T11:40:17Z INFO [metrics] request w38 completed status=200 in 663 ms
2026-03-14T11:40:18Z INFO [metrics] scheduled job ledger_sync finished in 5s
2026-03-14T11:40:26Z INFO [scheduler] cache refresh complete: 792 entries loaded
2026-03-14T11:40:36Z DEBUG [metrics] gc pause 577 ms (young gen)
2026-03-14T11:40:40Z INFO [scheduler] heartbeat ok (epoch 1991)
2026-03-14T11:40:44Z WARN [startup] retrying metrics flush (attempt 3954)
2026-03-14T11:40:48Z DEBUG [startup] gc pause 689 ms (young gen)
2026-03-14T11:40:52Z INFO [cache] connection established to session-cache:8128
2026-03-14T11:40:58Z DEBUG [cache] queue depth 49 within limits
2026-03-14T11:41:13Z INFO [http.server] connection established to session-cache:8138
2026-03-14T11:41:16Z DEBUG [metrics] worker w34 idle for 13s
2026-03-14T11:41:35Z INFO [http.server] request w22 completed status=200 in 76 ms
2026-03-14T11:41:36Z INFO [scheduler] scheduled job sku_reindex finished in 26s
2026-03-14T11:42:08Z INFO [gc] request w62 completed status=200 in 437 ms
2026-03-14T11:42:46Z INFO [cache] heartbeat ok (epoch 164)
2026-03-14T11:43:04Z DEBUG [gc] worker w4 idle for 28s
2026-03-14T11:43:10Z INFO [metrics] cache refresh complete: 3797 entries loaded
2026-03-14T11:43:26Z WARN [metrics] slow query 647 ms on table sku_reindex
2026-03-14T11:43:45Z DEBUG [metrics] gc pause 819 ms (young gen)
2026-03-14T11:43:47Z DEBUG [gc] gc pause 626 ms (young gen)
2026-03-14T11:43:48Z WARN [metrics] certificate for inventory-service expires in 4772 days
2026-03-14T11:43:49Z INFO [startup] request w14 completed status=200 in 70 ms
2026-03-14T11:43:53Z WARN [metrics] thread pool active 3254/64
2026-03-14T11:44:22Z INFO [scheduler] scheduled job email_digest finished in 51s
2026-03-14T11:44:31Z INFO [cache] heartbeat ok (epoch 224)
2026-03-14T11:44:45Z ERROR [metrics] failed to publish metrics batch: broker unavailable (will retry)
2026-03-14T11:44:52Z INFO [gc] cache refresh complete: 2455 entries loaded
2026-03-14T11:44:56Z INFO [gc] request w54 completed status=200 in 150 ms
2026-03-14T11:45:08Z DEBUG [scheduler] gc pause 759 ms (young gen)
2026-03-14T11:45:10Z INFO [http.server] cache refresh complete: 2035 entries loaded
2026-03-14T11:45:20Z INFO [gc] scheduled job orders_rollup finished in 22s
2026-03-14T11:45:35Z DEBUG [startup] gc pause 23 ms (young gen)
2026-03-14T11:45:38Z WARN [cache] certificate for inventory-service expires in 280 days
2026-03-14T11:45:42Z DEBUG [scheduler] gc pause 442 ms (young gen)
2026-03-14T11:45:47Z INFO [cache] cache refresh complete: 3832 entries loaded
2026-03-14T11:45:54Z INFO [gc] scheduled job sku_reindex finished in 5s
2026-03-14T11:46:03Z DEBUG [http.server] queue depth 327 within limits
2026-03-14T11:46:04Z WARN [metrics] retrying metrics flush (attempt 1492)
2026-03-14T11:46:07Z INFO [http.server] request w13 completed status=200 in 545 ms
2026-03-14T11:46:21Z WARN [http.server] thread pool active 2961/64
2026-03-14T11:46:24Z INFO [startup] heartbeat ok (epoch 2021)
2026-03-14T11:46:27Z WARN [scheduler] slow query 222 ms on table img_prewarm
2026-03-14T11:47:19Z DEBUG [scheduler] queue depth 2374 within limits
2026-03-14T11:47:23Z DEBUG [scheduler] gc pause 654 ms (young gen)
2026-03-14T11:47:38Z INFO [startup] scheduled job sku_reindex finished in 71s
2026-03-14T11:47:56Z INFO [metrics] cache refresh complete: 4583 entries loaded
2026-03-14T11:48:11Z WARN [cache] retrying metrics flush (attempt 1917)
2026-03-14T11:48:11Z DEBUG [cache] worker w11 idle for 70s
2026-03-14T11:48:42Z INFO [startup] request w20 completed status=200 in 545 ms
2026-03-14T11:49:01Z WARN [scheduler] slow query 238 ms on table ledger_sync
2026-03-14T11:49:35Z WARN [cache] certificate for session-cache expires in 179 days
2026-03-14T11:49:35Z INFO [gc] connection established to session-cache:8100
2026-03-14T11:49:40Z INFO [metrics] request w60 completed status=200 in 475 ms
2026-03-14T11:49:57Z ERROR [cache] temporary DNS failure resolving inventory-service (retried ok)
2026-03-14T11:50:10Z INFO [scheduler] cache refresh complete: 1978 entries loaded
2026-03-14T11:50:20Z DEBUG [http.server] gc pause 473 ms (young gen)
2026-03-14T11:50:30Z INFO [cache] heartbeat ok (epoch 1404)
2026-03-14T11:50:49Z WARN [http.server] retrying metrics flush (attempt 4868)
2026-03-14T11:51:43Z INFO [startup] connection established to inventory-service:8096
2026-03-14T11:51:44Z DEBUG [startup] queue depth 4018 within limits
2026-03-14T11:51:47Z INFO [http.server] request w51 completed status=200 in 158 ms
2026-03-14T11:51:57Z INFO [scheduler] heartbeat ok (epoch 2041)
2026-03-14T11:52:04Z WARN [startup] slow query 726 ms on table token_sweep
2026-03-14T11:52:05Z INFO [gc] scheduled job email_digest finished in 118s
2026-03-14T11:52:22Z INFO [metrics] request w40 completed status=200 in 217 ms
2026-03-14T11:52:23Z WARN [gc] slow query 587 ms on table ledger_sync
2026-03-14T11:52:25Z INFO [metrics] scheduled job ledger_sync finished in 12s
2026-03-14T11:52:50Z INFO [startup] request w35 completed status=200 in 738 ms
2026-03-14T11:53:05Z DEBUG [http.server] queue depth 2056 within limits
2026-03-14T11:53:12Z INFO [scheduler] heartbeat ok (epoch 3859)
2026-03-14T11:53:13Z INFO [startup] scheduled job email_digest finished in 37s
2026-03-14T11:53:26Z INFO [startup] request w15 completed status=200 in 68 ms
2026-03-14T11:53:35Z DEBUG [cache] queue depth 3108 within limits
2026-03-14T11:53:45Z DEBUG [metrics] queue depth 2439 within limits
2026-03-14T11:53:47Z DEBUG [gc] gc pause 103 ms (young gen)
2026-03-14T11:53:49Z WARN [http.server] thread pool active 2569/64
2026-03-14T11:53:57Z INFO [startup] connection established to inventory-service:8100
2026-03-14T11:54:02Z INFO [cache] request w44 completed status=200 in 117 ms
2026-03-14T11:54:08Z ERROR [gc] temporary DNS failure resolving order-service (retried ok)
2026-03-14T11:54:12Z INFO [scheduler] scheduled job img_prewarm finished in 115s
2026-03-14T11:54:18Z WARN [metrics] certificate for session-cache expires in 2985 days
2026-03-14T11:54:20Z ERROR [gc] temporary DNS failure resolving inventory-service (retried ok)
2026-03-14T11:54:24Z INFO [metrics] request w13 completed status=200 in 671 ms
2026-03-14T11:54:30Z INFO [startup] connection established to inventory-service:8106
2026-03-14T11:55:11Z DEBUG [http.server] worker w60 idle for 71s
2026-03-14T11:55:26Z INFO [http.server] scheduled job img_prewarm finished in 66s
2026-03-14T11:56:06Z INFO [http.server] request w52 completed status=200 in 139 ms
2026-03-14T11:56:14Z DEBUG [metrics] gc pause 420 ms (young gen)
2026-03-14T11:56:26Z INFO [startup] request w48 completed status=200 in 155 ms
2026-03-14T11:56:44Z INFO [cache] connection established to payment-gateway:8131
2026-03-14T11:56:49Z INFO [scheduler] connection established to inventory-service:8197
2026-03-14T11:57:01Z DEBUG [gc] queue depth 2056 within limits
2026-03-14T11:57:08Z INFO [http.server] cache refresh complete: 2326 entries loaded
2026-03-14T11:57:32Z DEBUG [gc] worker w16 idle for 115s
2026-03-14T11:57:32Z WARN [gc] slow query 546 ms on table token_sweep
2026-03-14T11:57:48Z DEBUG [http.server] queue depth 3002 within limits
2026-03-14T11:57:52Z INFO [cache] heartbeat ok (epoch 1487)
2026-03-14T11:58:35Z WARN [cache] thread pool active 573/64
2026-03-14T11:58:41Z INFO [http.server] request w16 completed status=200 in 813 ms
2026-03-14T11:58:50Z DEBUG [gc] queue depth 2010 within limits
2026-03-14T11:59:03Z INFO [metrics] request w6 completed status=200 in 55 ms
2026-03-14T11:59:13Z INFO [gc] scheduled job orders_rollup finished in 35s
2026-03-14T11:59:15Z DEBUG [scheduler] gc pause 124 ms (young gen)
2026-03-14T11:59:25Z INFO [startup] scheduled job orders_rollup finished in 50s
2026-03-14T11:59:30Z INFO [startup] heartbeat ok (epoch 3306)
2026-03-14T11:59:47Z INFO [scheduler] cache refresh complete: 3151 entries loaded
