2026-03-14T11:00:34Z DEBUG [metrics] gc pause 806 ms (young gen)
2026-03-14T11:01:12Z DEBUG [metrics] queue depth 302 within limits
2026-03-14T11:01:18Z INFO [scheduler] cache refresh complete: 4430 entries loaded
2026-03-14T11:01:36Z ERROR [tls] certificate validation deferred: chain for push-relay expired, using cached pin
2026-03-14T11:01:42Z WARN [metrics] retrying metrics flush (attempt 3633)
2026-03-14T11:01:54Z WARN [metrics] thread pool active 2065/64
2026-03-14T11:02:00Z INFO [scheduler] request w27 completed status=200 in 874 ms
2026-03-14T11:02:07Z INFO [http.server] request w16 completed status=200 in 11 ms
2026-03-14T11:02:20Z INFO [gc] connection established to metrics-broker:8102
2026-03-14T11:02:36Z DEBUG [metrics] worker w34 idle for 75s
2026-03-14T11:02:56Z INFO [scheduler] connection established to metrics-broker:8093
2026-03-14T11:02:57Z DEBUG [startup] worker w44 idle for 18s
2026-03-14T11:03:07Z DEBUG [gc] queue depth 1355 within limits
2026-03-14T11:03:07Z INFO [gc] request w33 completed status=200 in 699 ms
2026-03-14T11:03:15Z INFO [metrics] connection established to metrics-broker:8083
2026-03-14T11:03:28Z DEBUG [gc] worker w1 idle for 29s
2026-03-14T11:03:35Z WARN [http.server] retrying metrics flush (attempt 1994)
2026-03-14T11:03:47Z WARN [metrics] certificate for metrics-broker expires in 2815 days
2026-03-14T11:03:50Z WARN [scheduler] certificate for metrics-broker expires in 3882 days
2026-03-14T11:03:58Z INFO [http.server] request w35 completed status=200 in 328 ms
2026-03-14T11:04:01Z INFO [metrics] heartbeat ok (epoch 2349)
2026-03-14T11:04:10Z DEBUG [scheduler] gc pause 21 ms (young gen)
2026-03-14T11:05:02Z DEBUG [startup] worker w48 idle for 117s
2026-03-14T11:05:04Z INFO [gc] scheduled job email_digest finished in 40s
2026-03-14T11:05:10Z INFO [gc] scheduled job token_sweep finished in 72s
2026-03-14T11:05:27Z WARN [metrics] slow query 378 ms on table orders_rollup
2026-03-14T11:05:39Z DEBUG [http.server] worker w49 idle for 75s
2026-03-14T11:05:45Z INFO [scheduler] scheduled job token_sweep finished in 111s
2026-03-14T11:05:47Z DEBUG [cache] queue depth 4090 within limits
2026-03-14T11:05:48Z INFO [http.server] request w53 completed status=200 in 536 ms
2026-03-14T11:05:58Z DEBUG [http.server] gc pause 644 ms (young gen)
2026-03-14T11:06:05Z INFO [gc] scheduled job token_sweep finished in 100s
2026-03-14T11:06:16Z INFO [cache] scheduled job orders_rollup finished in 18s
2026-03-14T11:06:26Z INFO [scheduler] request w42 completed status=200 in 51 ms
2026-03-14T11:07:06Z DEBUG [metrics] gc pause 653 ms (young gen)
2026-03-14T11:07:21Z WARN [tls] certificate chain for push-relay expires in 0 days
2026-03-14T11:07:41Z WARN [startup] retrying metrics flush (attempt 1125)
2026-03-14T11:07:45Z WARN [scheduler] certificate for metrics-broker expires in 1816 days
2026-03-14T11:07:48Z INFO [metrics] request w63 completed status=200 in 624 ms
2026-03-14T11:07:50Z DEBUG [metrics] worker w50 idle for 8s
2026-03-14T11:09:05Z INFO [gc] heartbeat ok (epoch 1943)
2026-03-14T11:09:23Z DEBUG [scheduler] worker w40 idle for 32s
2026-03-14T11:09:50Z INFO [metrics] heartbeat ok (epoch 2686)
2026-03-14T11:09:51Z DEBUG [scheduler] gc pause 623 ms (young gen)
2026-03-14T11:10:04Z INFO [startup] connection established to metrics-broker:8182
2026-03-14T11:10:21Z INFO [cache] connection established to metrics-broker:8138
2026-03-14T11:10:29Z INFO [metrics] cache refresh complete: 1368 entries loaded
2026-03-14T11:10:54Z INFO [http.server] connection established to metrics-broker:8170
2026-03-14T11:11:34Z INFO [startup] request w8 completed status=200 in 222 ms
2026-03-14T11:12:04Z ERROR [tls] certificate validation deferred: chain for push-relay expired, using cached pin
2026-03-14T11:12:15Z INFO [startup] heartbeat ok (epoch 4413)
2026-03-14T11:12:22Z DEBUG [http.server] gc pause 579 ms (young gen)
2026-03-14T11:12:56Z DEBUG [scheduler] gc pause 541 ms (young gen)
2026-03-14T11:13:05Z INFO [cache] cache refresh complete: 3516 entries loaded
2026-03-14T11:13:32Z INFO [scheduler] scheduled job orders_rollup finished in 66s
2026-03-14T11:13:49Z INFO [metrics] heartbeat ok (epoch 399)
2026-03-14T11:13:54Z WARN [gc] slow query 820 ms on table ledger_sync
2026-03-14T11:14:01Z DEBUG [metrics] worker w51 idle for 98s
2026-03-14T11:14:24Z WARN [cache] thread pool active 1729/64
2026-03-14T11:14:41Z DEBUG [cache] worker w44 idle for 16s
2026-03-14T11:14:42Z WARN [metrics] retrying metrics flush (attempt 4329)
2026-03-14T11:14:50Z WARN [metrics] thread pool active 377/64
2026-03-14T11:15:08Z INFO [http.server] connection established to metrics-broker:8171
2026-03-14T11:15:09Z INFO [cache] cache refresh complete: 903 entries loaded
2026-03-14T11:15:24Z WARN [tls] certificate chain for push-relay expires in 0 days
2026-03-14T11:15:29Z DEBUG [http.server] worker w3 idle for 86s
2026-03-14T11:15:30Z DEBUG [http.server] queue depth 1724 within limits
2026-03-14T11:16:07Z INFO [scheduler] request w43 completed status=200 in 117 ms
2026-03-14T11:16:51Z WARN [gc] certificate for metrics-broker expires in 4085 days
2026-03-14T11:17:04Z INFO [startup] cache refresh complete: 4740 entries loaded
2026-03-14T11:17:04Z INFO [http.server] connection established to metrics-broker:8097
2026-03-14T11:17:06Z INFO [gc] heartbeat ok (epoch 991)
2026-03-14T11:17:22Z INFO [startup] heartbeat ok (epoch 2772)
2026-03-14T11:17:24Z DEBUG [gc] worker w60 idle for 74s
2026-03-14T11:17:31Z INFO [cache] cache refresh complete: 4835 entries loaded
2026-03-14T11:17:56Z WARN [http.server] thread pool active 2255/64
2026-03-14T11:18:51Z WARN [http.server] thread pool active 2480/64
2026-03-14T11:19:12Z DEBUG [metrics] gc pause 468 ms (young gen)
2026-03-14T11:19:21Z INFO [http.server] connection established to metrics-broker:8118
2026-03-14T11:19:46Z WARN [scheduler] slow query 511 ms on table token_sweep
2026-03-14T11:19:52Z DEBUG [gc] worker w20 idle for 41s
2026-03-14T11:20:03Z WARN [scheduler] retrying metrics flush (attempt 334)
2026-03-14T11:20:37Z INFO [scheduler] heartbeat ok (epoch 1522)
2026-03-14T11:21:00Z INFO [scheduler] request w25 completed status=200 in 898 ms
2026-03-14T11:21:10Z WARN [metrics] certificate for metrics-broker expires in 2971 days
2026-03-14T11:21:31Z INFO [gc] request w55 completed status=200 in 13 ms
2026-03-14T11:21:40Z INFO [scheduler] request w8 completed status=200 in 772 ms
2026-03-14T11:21:49Z INFO [metrics] request w30 completed status=200 in 709 ms
2026-03-14T11:22:00Z DEBUG [startup] queue depth 4580 within limits
2026-03-14T11:22:02Z INFO [gc] cache refresh complete: 2065 entries loaded
2026-03-14T11:22:03Z ERROR [tls] certificate validation deferred: chain for push-relay expired, using cached pin
2026-03-14T11:22:05Z WARN [metrics] certificate for metrics-broker expires in 1405 days
2026-03-14T11:22:11Z INFO [gc] request w50 completed status=200 in 781 ms
2026-03-14T11:22:18Z INFO [cache] connection established to metrics-broker:8120
2026-03-14T11:22:22Z DEBUG [scheduler] worker w44 idle for 60s
2026-03-14T11:22:35Z INFO [cache] cache refresh complete: 1768 entries loaded
2026-03-14T11:23:15Z WARN [startup] retrying metrics flush (attempt 1086)
2026-03-14T11:23:30Z INFO [cache] request w59 completed status=200 in 552 ms
2026-03-14T11:23:50Z DEBUG [metrics] worker w29 idle for 50s
2026-03-14T11:24:03Z INFO [http.server] connection established to metrics-broker:8146
2026-03-14T11:24:08Z INFO [startup] request w34 completed status=200 in 663 ms
2026-03-14T11:24:13Z WARN [cache] thread pool active 543/64
2026-03-14T11:24:28Z INFO [startup] scheduled job email_digest finished in 103s
2026-03-14T11:24:28Z DEBUG [cache] gc pause 835 ms (young gen)
2026-03-14T11:24:43Z INFO [scheduler] heartbeat ok (epoch 4309)
2026-03-14T11:24:59Z INFO [gc] heartbeat ok (epoch 392)
2026-03-14T11:25:25Z WARN [tls] certificate chain for push-relay expires in 0 days
2026-03-14T11:25:32Z INFO [gc] heartbeat ok (epoch 1400)
2026-03-14T11:25:44Z ERROR [cache] temporary DNS failure resolving metrics-broker (retried ok)
2026-03-14T11:25:55Z DEBUG [startup] worker w44 idle for 107s
2026-03-14T11:25:56Z INFO [metrics] request w33 completed status=200 in 687 ms
2026-03-14T11:25:59Z DEBUG [scheduler] gc pause 595 ms (young gen)
2026-03-14T11:26:18Z DEBUG [startup] queue depth 1884 within limits
2026-03-14T11:26:22Z WARN [gc] retrying metrics flush (attempt 3156)
2026-03-14T11:26:29Z DEBUG [scheduler] worker w47 idle for 78s
2026-03-14T11:26:37Z INFO [scheduler] scheduled job orders_rollup finished in 9s
2026-03-14T11:27:20Z INFO [http.server] request w8 completed status=200 in 32 ms
2026-03-14T11:27:40Z INFO [gc] scheduled job email_digest finished in 32s
2026-03-14T11:27:51Z WARN [startup] slow query 4 ms on table sku_reindex
2026-03-14T11:27:52Z INFO [scheduler] heartbeat ok (epoch 1527)
2026-03-14T11:27:59Z WARN [gc] thread pool active 4422/64
2026-03-14T11:28:26Z INFO [startup] scheduled job ledger_sync finished in 43s
2026-03-14T11:28:36Z INFO [startup] connection established to metrics-broker:8147
2026-03-14T11:28:42Z INFO [cache] cache refresh complete: 4124 entries loaded
2026-03-14T11:28:59Z INFO [gc] connection established to metrics-broker:8134
2026-03-14T11:29:27Z DEBUG [scheduler] worker w48 idle for 41s
2026-03-14T11:29:32Z INFO [gc] scheduled job orders_rollup finished in 17s
2026-03-14T11:29:37Z DEBUG [scheduler] gc pause 896 ms (young gen)
2026-03-14T11:29:45Z INFO [metrics] connection established to metrics-broker:8178
2026-03-14T11:29:49Z WARN [scheduler] certificate for metrics-broker expires in 1230 days
2026-03-14T11:29:49Z INFO [scheduler] cache refresh complete: 2920 entries loaded
2026-03-14T11:30:19Z WARN [startup] retrying metrics flush (attempt 1191)
2026-03-14T11:30:30Z INFO [http.server] connection established to metrics-broker:8111
2026-03-14T11:30:34Z INFO [scheduler] connection established to metrics-broker:8189
2026-03-14T11:30:57Z WARN [cache] retrying metrics flush (attempt 4217)
2026-03-14T11:31:04Z INFO [cache] connection established to metrics-broker:8082
2026-03-14T11:31:18Z DEBUG [http.server] gc pause 243 ms (young gen)
2026-03-14T11:31:21Z INFO [http.server] scheduled job ledger_sync finished in 77s
2026-03-14T11:31:41Z INFO [scheduler] scheduled job sku_reindex finished in 62s
2026-03-14T11:31:52Z INFO [gc] request w29 completed status=200 in 363 ms
2026-03-14T11:31:56Z INFO [scheduler] request w20 completed status=200 in 74 ms
2026-03-14T11:31:57Z INFO [metrics] heartbeat ok (epoch 2271)
2026-03-14T11:32:32Z ERROR [tls] certificate validation deferred: chain for push-relay expired, using cached pin
2026-03-14T11:33:21Z ERROR [startup] temporary DNS failure resolving metrics-broker (retried ok)
2026-03-14T11:33:23Z INFO [scheduler] scheduled job orders_rollup finished in 112s
2026-03-14T11:33:34Z ERROR [startup] failed to publish metrics batch: broker unavailable (will retry)
2026-03-14T11:33:39Z WARN [startup] retrying metrics flush (attempt 4402)
2026-03-14T11:34:03Z INFO [http.server] request w12 completed status=200 in 898 ms
2026-03-14T11:34:05Z INFO [cache] cache refresh complete: 2694 entries loaded
2026-03-14T11:34:09Z INFO [http.server] request w43 completed status=200 in 389 ms
2026-03-14T11:34:10Z DEBUG [cache] gc pause 131 ms (young gen)
2026-03-14T11:34:23Z WARN [cache] slow query 265 ms on table token_sweep
2026-03-14T11:34:24Z INFO [metrics] scheduled job ledger_sync finished in 110s
2026-03-14T11:34:39Z INFO [metrics] cache refresh complete: 256 entries loaded
2026-03-14T11:34:45Z INFO [gc] request w49 completed status=200 in 574 ms
2026-03-14T11:34:55Z INFO [http.server] scheduled job email_digest finished in 69s
2026-03-14T11:35:10Z INFO [startup] request w5 completed status=200 in 202 ms
2026-03-14T11:35:13Z DEBUG [startup] gc pause 745 ms (young gen)
2026-03-14T11:35:17Z INFO [cache] connection established to metrics-broker:8189
2026-03-14T11:35:21Z WARN [startup] thread pool active 32/64
2026-03-14T11:36:01Z INFO [metrics] connection established to metrics-broker:8153
2026-03-14T11:36:05Z INFO [metrics] scheduled job token_sweep finished in 69s
2026-03-14T11:36:07Z INFO [gc] heartbeat ok (epoch 709)
2026-03-14T11:36:14Z WARN [gc] slow query 694 ms on table sku_reindex
2026-03-14T11:36:16Z WARN [tls] certificate chain for push-relay expires in 0 days
2026-03-14T11:36:25Z WARN [scheduler] thread pool active 3704/64
2026-03-14T11:36:25Z INFO [http.server] connection established to metrics-broker:8191
2026-03-14T11:36:27Z DEBUG [http.server] queue depth 4490 within limits
2026-03-14T11:36:50Z WARN [metrics] certificate for metrics-broker expires in 1732 days
2026-03-14T11:37:09Z INFO [startup] cache refresh complete: 886 entries loaded
2026-03-14T11:37:15Z INFO [gc] heartbeat ok (epoch 4684)
2026-03-14T11:37:30Z INFO [http.server] scheduled job img_prewarm finished in 108s
2026-03-14T11:37:34Z DEBUG [startup] queue depth 735 within limits
2026-03-14T11:37:37Z INFO [http.server] cache refresh complete: 4792 entries loaded
2026-03-14T11:37:41Z INFO [startup] request w30 completed status=200 in 799 ms
2026-03-14T11:38:18Z INFO [gc] request w13 completed status=200 in 184 ms
2026-03-14T11:38:50Z DEBUG [gc] gc pause 773 ms (young gen)
2026-03-14T11:38:54Z WARN [http.server] thread pool active 3442/64
2026-03-14T11:38:56Z INFO [gc] connection established to metrics-broker:8175
2026-03-14T11:39:00Z WARN [metrics] retrying metrics flush (attempt 4949)
2026-03-14T11:39:15Z WARN [metrics] retrying metrics flush (attempt 1220)
2026-03-14T11:39:25Z DEBUG [http.server] gc pause 675 ms (young gen)
2026-03-14T11:39:31Z WARN [http.server] slow query 375 ms on table email_digest
2026-03-14T11:39:52Z INFO [gc] connection established to metrics-broker:8147
2026-03-14T11:40:04Z INFO [metrics] request w51 completed status=200 in 55 ms
2026-03-14T11:40:10Z INFO [gc] connection established to metrics-broker:8191
2026-03-14T11:40:14Z INFO [gc] connection established to metrics-broker:8167
2026-03-14T11:40:38Z INFO [http.server] heartbeat ok (epoch 2837)
2026-03-14T11:40:46Z WARN [gc] retrying metrics flush (attempt 1231)
2026-03-14T11:40:49Z INFO [gc] request w42 completed status=200 in 704 ms
2026-03-14T11:41:02Z INFO [http.server] scheduled job sku_reindex finished in 46s
2026-03-14T11:41:12Z INFO [cache] connection established to metrics-broker:8147
2026-03-14T11:41:49Z INFO [http.server] request w21 completed status=200 in 229 ms
2026-03-14T11:42:27Z WARN [metrics] slow query 660 ms on table img_prewarm
2026-03-14T11:42:36Z INFO [http.server] heartbeat ok (epoch 4148)
2026-03-14T11:42:36Z WARN [gc] certificate for metrics-broker expires in 113 days
2026-03-14T11:42:47Z DEBUG [http.server] gc pause 33 ms (young gen)
2026-03-14T11:42:51Z ERROR [tls] certificate validation deferred: chain for push-relay expired, using cached pin
2026-03-14T11:43:16Z WARN [scheduler] slow query 602 ms on table ledger_sync
2026-03-14T11:43:47Z INFO [cache] heartbeat ok (epoch 4720)
2026-03-14T11:43:54Z INFO [gc] cache refresh complete: 3689 entries loaded
2026-03-14T11:43:57Z INFO [gc] connection established to metrics-broker:8181
2026-03-14T11:44:06Z INFO [http.server] scheduled job email_digest finished in 32s
2026-03-14T11:44:11Z INFO [http.server] request w34 completed status=200 in 648 ms
2026-03-14T11:44:16Z DEBUG [cache] gc pause 232 ms (young gen)
2026-03-14T11:44:33Z WARN [startup] retrying metrics flush (attempt 2452)
2026-03-14T11:44:51Z INFO [http.server] request w3 completed status=200 in 394 ms
2026-03-14T11:44:52Z INFO [gc] request w11 completed status=200 in 778 ms
2026-03-14T11:44:56Z INFO [metrics] request w1 completed status=200 in 794 ms
2026-03-14T11:45:02Z WARN [metrics] thread pool active 4967/64
2026-03-14T11:45:20Z WARN [metrics] slow query 601 ms on table sku_reindex
2026-03-14T11:45:21Z INFO [scheduler] connection established to metrics-broker:8187
2026-03-14T11:45:21Z DEBUG [gc] gc pause 748 ms (young gen)
2026-03-14T11:45:35Z INFO [startup] scheduled job token_sweep finished in 107s
2026-03-14T11:46:01Z INFO [http.server] connection established to metrics-broker:8170
2026-03-14T11:46:08Z INFO [http.server] request w9 completed status=200 in 47 ms
2026-03-14T11:46:37Z INFO [cache] request w1 completed status=200 in 626 ms
2026-03-14T11:46:41Z INFO [gc] request w22 completed status=200 in 7 ms
2026-03-14T11:46:45Z DEBUG [http.server] queue depth 110 within limits
2026-03-14T11:46:45Z INFO [cache] scheduled job ledger_sync finished in 69s
2026-03-14T11:46:55Z INFO [http.server] heartbeat ok (epoch 1447)
2026-03-14T11:46:56Z WARN [cache] thread pool active 298/64
2026-03-14T11:47:01Z INFO [cache] scheduled job ledger_sync finished in 45s
2026-03-14T11:47:02Z INFO [http.server] heartbeat ok (epoch 3930)
2026-03-14T11:47:05Z DEBUG [gc] worker w18 idle for 117s
2026-03-14T11:47:05Z INFO [http.server] request w61 completed status=200 in 845 ms
2026-03-14T11:47:08Z INFO [gc] cache refresh complete: 4199 entries loaded
2026-03-14T11:47:32Z DEBUG [http.server] gc pause 103 ms (young gen)
2026-03-14T11:48:03Z WARN [startup] certificate for metrics-broker expires in 3750 days
2026-03-14T11:48:06Z DEBUG [metrics] worker w3 idle for 15s
2026-03-14T11:48:08Z DEBUG [gc] queue depth 3251 within limits
2026-03-14T11:48:14Z INFO [cache] heartbeat ok (epoch 4525)
2026-03-14T11:48:24Z INFO [gc] heartbeat ok (epoch 632)
2026-03-14T11:49:32Z DEBUG [cache] gc pause 299 ms (young gen)
2026-03-14T11:50:05Z WARN [tls] certificate chain for push-relay expires in 0 days
2026-03-14T11:50:12Z DEBUG [cache] gc pause 858 ms (young gen)
2026-03-14T11:50:28Z WARN [scheduler] thread pool active 141/64
2026-03-14T11:50:51Z INFO [startup] connection established to metrics-broker:8108
2026-03-14T11:50:59Z ERROR [gc] failed to publish metrics batch: broker unavailable (will retry)
2026-03-14T11:51:17Z INFO [cache] scheduled job email_digest finished in 86s
2026-03-14T11:51:23Z INFO [cache] scheduled job email_digest finished in 117s
2026-03-14T11:51:37Z WARN [metrics] thread pool active 1647/64
2026-03-14T11:51:39Z DEBUG [cache] worker w58 idle for 99s
2026-03-14T11:51:43Z DEBUG [cache] gc pause 876 ms (young gen)
2026-03-14T11:51:45Z DEBUG [scheduler] queue depth 4308 within limits
2026-03-14T11:52:01Z WARN [startup] thread pool active 3134/64
2026-03-14T11:52:10Z DEBUG [gc] gc pause 102 ms (young gen)
2026-03-14T11:52:18Z INFO [metrics] request w61 completed status=200 in 60 ms
2026-03-14T11:52:49Z INFO [cache] scheduled job token_sweep finished in 46s
2026-03-14T11:52:51Z INFO [gc] cache refresh complete: 4514 entries loaded
2026-03-14T11:53:29Z DEBUG [gc] queue depth 3098 within limits
2026-03-14T11:53:32Z DEBUG [startup] queue depth 3653 within limits
2026-03-14T11:53:48Z INFO [cache] connection established to metrics-broker:8127
2026-03-14T11:53:51Z INFO [scheduler] request w60 completed status=200 in 485 ms
2026-03-14T11:53:54Z INFO [gc] cache refresh complete: 2725 entries loaded
2026-03-14T11:54:01Z WARN [http.server] retrying metrics flush (attempt 3154)
2026-03-14T11:54:37Z ERROR [tls] certificate validation deferred: chain for push-relay expired, using cached pin
2026-03-14T11:55:09Z WARN [gc] thread pool active 4185/64
2026-03-14T11:55:16Z INFO [scheduler] connection established to metrics-broker:8092
2026-03-14T11:55:17Z INFO [http.server] heartbeat ok (epoch 2806)
2026-03-14T11:55:39Z DEBUG [gc] gc pause 567 ms (young gen)
2026-03-14T11:55:42Z INFO [startup] cache refresh complete: 2729 entries loaded
2026-03-14T11:56:08Z DEBUG [startup] worker w55 idle for 43s
2026-03-14T11:56:32Z INFO [gc] request w10 completed status=200 in 536 ms
2026-03-14T11:57:24Z INFO [scheduler] request w60 completed status=200 in 257 ms
2026-03-14T11:57:31Z INFO [scheduler] connection established to metrics-broker:8184
2026-03-14T11:57:35Z INFO [scheduler] scheduled job orders_rollup finished in 103s
2026-03-14T11:58:08Z INFO [startup] request w29 completed status=200 in 164 ms
2026-03-14T11:58:12Z INFO [startup] cache refresh complete: 733 entries loaded
2026-03-14T11:58:16Z DEBUG [cache] worker w53 idle for 27s
2026-03-14T11:58:32Z INFO [gc] cache refresh complete: 3568 entries loaded
2026-03-14T11:58:34Z INFO [cache] cache refresh complete: 296 entries loaded
2026-03-14T11:58:56Z INFO [scheduler] scheduled job ledger_sync finished in 71s
2026-03-14T11:59:00Z DEBUG [gc] queue depth 1934 within limits
2026-03-14T11:59:32Z INFO [startup] heartbeat ok (epoch 4071)
2026-03-14T11:59:36Z INFO [startup] heartbeat ok (epoch 2445)
2026-03-14T11:59:39Z INFO [http.server] cache refresh complete: 4689 entries loaded
2026-03-14T11:59:49Z DEBUG [metrics] worker w58 idle for 77s
