2026-03-14T11:00:04Z DEBUG [metrics] gc pause 780 ms (young gen)
2026-03-14T11:00:23Z WARN [startup] certificate for billing-worker expires in 689 days
2026-03-14T11:00:27Z DEBUG [cache] gc pause 5 ms (young gen)
2026-03-14T11:00:33Z INFO [gc] cache refresh complete: 3148 entries loaded
2026-03-14T11:00:42Z DEBUG [metrics] gc pause 898 ms (young gen)
2026-03-14T11:00:45Z INFO [cache] scheduled job img_prewarm finished in 4s
2026-03-14T11:01:15Z INFO [startup] cache refresh complete: 1960 entries loaded
2026-03-14T11:01:47Z INFO [metrics] heartbeat ok (epoch 2165)
2026-03-14T11:02:01Z DEBUG [http.server] queue depth 1998 within limits
2026-03-14T11:02:09Z INFO [metrics] cache refresh complete: 259 entries loaded
2026-03-14T11:02:11Z WARN [cache] thread pool active 631/64
2026-03-14T11:02:11Z DEBUG [http.server] worker w24 idle for 5s
2026-03-14T11:02:14Z INFO [scheduler] cache refresh complete: 3215 entries loaded
2026-03-14T11:02:46Z WARN [startup] retrying metrics flush (attempt 532)
2026-03-14T11:02:46Z WARN [gc] slow query 15 ms on table sku_reindex
2026-03-14T11:03:21Z DEBUG [metrics] queue depth 728 within limits
2026-03-14T11:03:30Z INFO [metrics] heartbeat ok (epoch 3643)
2026-03-14T11:03:37Z WARN [gc] certificate for fraud-detector expires in 341 days
2026-03-14T11:04:27Z WARN [http.server] slow query 630 ms on table token_sweep
2026-03-14T11:04:43Z INFO [scheduler] scheduled job orders_rollup finished in 30s
2026-03-14T11:04:47Z DEBUG [http.server] worker w62 idle for 98s
2026-03-14T11:05:00Z INFO [http.server] request w59 completed status=200 in 587 ms
2026-03-14T11:05:01Z DEBUG [cache] queue depth 4198 within limits
2026-03-14T11:05:09Z INFO [cache] scheduled job ledger_sync finished in 16s
2026-03-14T11:05:18Z WARN [metrics] retrying metrics flush (attempt 2539)
2026-03-14T11:05:18Z DEBUG [gc] queue depth 722 within limits
2026-03-14T11:05:54Z INFO [scheduler] scheduled job orders_rollup finished in 87s
2026-03-14T11:05:55Z INFO [startup] request w37 completed status=200 in 562 ms
2026-03-14T11:06:04Z DEBUG [metrics] queue depth 2823 within limits
2026-03-14T11:06:38Z INFO [gc] heartbeat ok (epoch 4085)
2026-03-14T11:06:42Z INFO [http.server] cache refresh complete: 4875 entries loaded
2026-03-14T11:07:16Z INFO [startup] request w5 completed status=200 in 40 ms
2026-03-14T11:07:32Z INFO [startup] scheduled job email_digest finished in 108s
2026-03-14T11:07:35Z WARN [http.server] retrying metrics flush (attempt 3830)
2026-03-14T11:07:40Z INFO [metrics] request w55 completed status=200 in 227 ms
2026-03-14T11:08:15Z INFO [startup] heartbeat ok (epoch 1073)
2026-03-14T11:08:21Z WARN [metrics] retrying metrics flush (attempt 4072)
2026-03-14T11:08:24Z INFO [gc] request w1 completed status=200 in 531 ms
2026-03-14T11:08:37Z INFO [scheduler] cache refresh complete: 4369 entries loaded
2026-03-14T11:09:02Z WARN [startup] slow query 94 ms on table ledger_sync
2026-03-14T11:09:04Z INFO [startup] scheduled job token_sweep finished in 94s
2026-03-14T11:09:15Z DEBUG [scheduler] gc pause 232 ms (young gen)
2026-03-14T11:10:01Z INFO [cache] heartbeat ok (epoch 2331)
2026-03-14T11:10:07Z INFO [http.server] cache refresh complete: 2184 entries loaded
2026-03-14T11:10:24Z INFO [scheduler] scheduled job sku_reindex finished in 54s
2026-03-14T11:10:34Z WARN [startup] certificate for fraud-detector expires in 1093 days
2026-03-14T11:11:20Z INFO [metrics] connection established to fraud-detector:8085
2026-03-14T11:11:31Z ERROR [startup] temporary DNS failure resolving billing-worker (retried ok)
2026-03-14T11:11:35Z INFO [scheduler] scheduled job orders_rollup finished in 62s
2026-03-14T11:11:36Z INFO [cache] cache refresh complete: 3037 entries loaded
2026-03-14T11:11:42Z INFO [metrics] connection established to billing-worker:8125
2026-03-14T11:11:56Z INFO [scheduler] connection established to fraud-detector:8146
2026-03-14T11:12:05Z INFO [gc] heartbeat ok (epoch 3486)
2026-03-14T11:12:06Z INFO [http.server] heartbeat ok (epoch 2983)
2026-03-14T11:12:07Z INFO [cache] connection established to fraud-detector:8191
2026-03-14T11:12:16Z DEBUG [metrics] queue depth 2679 within limits
2026-03-14T11:12:44Z WARN [scheduler] certificate for billing-worker expires in 1551 days
2026-03-14T11:12:48Z WARN [scheduler] slow query 698 ms on table sku_reindex
2026-03-14T11:13:16Z DEBUG [metrics] worker w39 idle for 63s
2026-03-14T11:13:20Z WARN [scheduler] retrying metrics flush (attempt 4011)
2026-03-14T11:13:21Z WARN [scheduler] thread pool active 1445/64
2026-03-14T11:13:38Z INFO [metrics] request w41 completed status=200 in 884 ms
2026-03-14T11:13:45Z WARN [cache] certificate for fraud-detector expires in 4955 days
2026-03-14T11:13:57Z WARN [http.server] slow query 85 ms on table orders_rollup
2026-03-14T11:14:18Z INFO [metrics] heartbeat ok (epoch 3873)
2026-03-14T11:14:29Z INFO [scheduler] request w21 completed status=200 in 659 ms
2026-03-14T11:14:40Z INFO [startup] connection established to fraud-detector:8124
2026-03-14T11:14:55Z WARN [startup] slow query 422 ms on table img_prewarm
2026-03-14T11:14:57Z DEBUG [scheduler] gc pause 306 ms (young gen)
2026-03-14T11:15:38Z INFO [cache] cache refresh complete: 3471 entries loaded
2026-03-14T11:15:40Z DEBUG [metrics] gc pause 196 ms (young gen)
2026-03-14T11:15:55Z INFO [scheduler] heartbeat ok (epoch 3631)
2026-03-14T11:16:09Z INFO [gc] scheduled job token_sweep finished in 106s
2026-03-14T11:16:32Z INFO [startup] cache refresh complete: 3436 entries loaded
2026-03-14T11:16:47Z DEBUG [cache] gc pause 344 ms (young gen)
2026-03-14T11:16:53Z INFO [http.server] connection established to fraud-detector:8153
2026-03-14T11:16:54Z INFO [metrics] heartbeat ok (epoch 1283)
2026-03-14T11:17:02Z WARN [gc] thread pool active 2734/64
2026-03-14T11:17:24Z INFO [startup] heartbeat ok (epoch 2932)
2026-03-14T11:17:25Z DEBUG [http.server] gc pause 546 ms (young gen)
2026-03-14T11:17:47Z INFO [gc] cache refresh complete: 3656 entries loaded
2026-03-14T11:18:26Z DEBUG [http.server] worker w41 idle for 33s
2026-03-14T11:18:28Z INFO [scheduler] request w64 completed status=200 in 784 ms
2026-03-14T11:19:00Z WARN [startup] thread pool active 2217/64
2026-03-14T11:19:23Z INFO [http.server] scheduled job orders_rollup finished in 32s
2026-03-14T11:20:04Z INFO [startup] heartbeat ok (epoch 10)
2026-03-14T11:20:34Z WARN [gc] slow query 478 ms on table email_digest
2026-03-14T11:21:05Z INFO [cache] connection established to billing-worker:8103
2026-03-14T11:21:06Z DEBUG [gc] worker w2 idle for 7s
2026-03-14T11:21:06Z DEBUG [scheduler] worker w61 idle for 8s
2026-03-14T11:21:16Z DEBUG [startup] worker w54 idle for 15s
2026-03-14T11:21:16Z ERROR [cache] temporary DNS failure resolving fraud-detector (retried ok)
2026-03-14T11:21:49Z ERROR [cache] temporary DNS failure resolving fraud-detector (retried ok)
2026-03-14T11:22:04Z WARN [gc] certificate for billing-worker expires in 1335 days
2026-03-14T11:22:27Z WARN [metrics] retrying metrics flush (attempt 4303)
2026-03-14T11:23:10Z WARN [http.server] thread pool active 3351/64
2026-03-14T11:23:22Z INFO [metrics] cache refresh complete: 1529 entries loaded
2026-03-14T11:23:30Z INFO [http.server] scheduled job orders_rollup finished in 49s
2026-03-14T11:23:32Z INFO [gc] request w6 completed status=200 in 484 ms
2026-03-14T11:23:33Z WARN [scheduler] certificate for billing-worker expires in 3917 days
2026-03-14T11:23:42Z INFO [cache] request w11 completed status=200 in 558 ms
2026-03-14T11:24:09Z INFO [scheduler] connection established to fraud-detector:8117
2026-03-14T11:24:26Z WARN [metrics] retrying metrics flush (attempt 3714)
2026-03-14T11:24:46Z DEBUG [scheduler] gc pause 691 ms (young gen)
2026-03-14T11:24:58Z INFO [scheduler] scheduled job ledger_sync finished in 99s
2026-03-14T11:25:05Z DEBUG [cache] queue depth 466 within limits
2026-03-14T11:25:18Z DEBUG [cache] queue depth 4222 within limits
2026-03-14T11:25:39Z DEBUG [cache] queue depth 161 within limits
2026-03-14T11:25:53Z DEBUG [http.server] worker w19 idle for 74s
2026-03-14T11:25:55Z INFO [metrics] cache refresh complete: 3132 entries loaded
2026-03-14T11:25:56Z INFO [metrics] heartbeat ok (epoch 3841)
2026-03-14T11:25:56Z INFO [scheduler] scheduled job orders_rollup finished in 89s
2026-03-14T11:25:59Z ERROR [startup] temporary DNS failure resolving billing-worker (retried ok)
2026-03-14T11:26:07Z INFO [cache] scheduled job ledger_sync finished in 63s
2026-03-14T11:26:25Z INFO [http.server] scheduled job token_sweep finished in 67s
2026-03-14T11:27:33Z INFO [scheduler] heartbeat ok (epoch 2689)
2026-03-14T11:27:48Z INFO [gc] request w5 completed status=200 in 541 ms
2026-03-14T11:28:02Z INFO [http.server] connection established to billing-worker:8160
2026-03-14T11:28:03Z INFO [scheduler] cache refresh complete: 4906 entries loaded
2026-03-14T11:28:04Z WARN [scheduler] retrying metrics flush (attempt 3217)
2026-03-14T11:28:28Z WARN [metrics] slow query 831 ms on table sku_reindex
2026-03-14T11:28:40Z INFO [cache] scheduled job orders_rollup finished in 111s
2026-03-14T11:28:41Z INFO [gc] scheduled job orders_rollup finished in 81s
2026-03-14T11:28:44Z INFO [gc] heartbeat ok (epoch 3413)
2026-03-14T11:28:48Z INFO [scheduler] request w45 completed status=200 in 679 ms
2026-03-14T11:29:40Z WARN [gc] thread pool active 2061/64
2026-03-14T11:30:03Z DEBUG [scheduler] worker w60 idle for 69s
2026-03-14T11:30:04Z INFO [gc] cache refresh complete: 1511 entries loaded
2026-03-14T11:30:15Z INFO [startup] heartbeat ok (epoch 4735)
2026-03-14T11:30:23Z DEBUG [http.server] gc pause 359 ms (young gen)
2026-03-14T11:30:50Z INFO [startup] cache refresh complete: 1495 entries loaded
2026-03-14T11:31:04Z WARN [scheduler] certificate for billing-worker expires in 2445 days
2026-03-14T11:31:33Z WARN [startup] retrying metrics flush (attempt 3960)
2026-03-14T11:31:54Z INFO [scheduler] request w18 completed status=200 in 625 ms
2026-03-14T11:32:00Z INFO [http.server] request w10 completed status=200 in 327 ms
2026-03-14T11:32:09Z INFO [startup] connection established to billing-worker:8179
2026-03-14T11:32:23Z INFO [http.server] request w2 completed status=200 in 859 ms
2026-03-14T11:32:37Z WARN [metrics] thread pool active 4687/64
2026-03-14T11:33:04Z DEBUG [cache] worker w17 idle for 102s
2026-03-14T11:33:05Z INFO [cache] heartbeat ok (epoch 2619)
2026-03-14T11:33:07Z DEBUG [cache] gc pause 209 ms (young gen)
2026-03-14T11:33:30Z WARN [cache] retrying metrics flush (attempt 3368)
2026-03-14T11:33:48Z INFO [http.server] cache refresh complete: 2389 entries loaded
2026-03-14T11:33:54Z DEBUG [startup] queue depth 1761 within limits
2026-03-14T11:33:55Z INFO [startup] connection established to billing-worker:8193
2026-03-14T11:34:01Z DEBUG [http.server] gc pause 138 ms (young gen)
2026-03-14T11:34:11Z INFO [startup] heartbeat ok (epoch 4502)
2026-03-14T11:34:16Z INFO [http.server] connection established to fraud-detector:8145
2026-03-14T11:34:25Z INFO [gc] heartbeat ok (epoch 1231)
2026-03-14T11:34:47Z INFO [cache] scheduled job orders_rollup finished in 34s
2026-03-14T11:35:32Z WARN [startup] certificate for billing-worker expires in 3246 days
2026-03-14T11:35:51Z INFO [metrics] connection established to fraud-detector:8083
2026-03-14T11:35:52Z INFO [http.server] scheduled job img_prewarm finished in 113s
2026-03-14T11:36:07Z INFO [http.server] connection established to fraud-detector:8124
2026-03-14T11:36:11Z DEBUG [startup] queue depth 977 within limits
2026-03-14T11:36:15Z INFO [metrics] request w36 completed status=200 in 604 ms
2026-03-14T11:36:30Z INFO [metrics] connection established to fraud-detector:8179
2026-03-14T11:37:09Z INFO [metrics] cache refresh complete: 4520 entries loaded
2026-03-14T11:37:11Z INFO [scheduler] connection established to fraud-detector:8174
2026-03-14T11:37:12Z INFO [cache] cache refresh complete: 1677 entries loaded
2026-03-14T11:37:30Z INFO [gc] heartbeat ok (epoch 4697)
2026-03-14T11:37:48Z DEBUG [cache] queue depth 3881 within limits
2026-03-14T11:37:54Z ERROR [gc] failed to publish metrics batch: broker unavailable (will retry)
2026-03-14T11:38:12Z WARN [http.server] retrying metrics flush (attempt 4108)
2026-03-14T11:38:25Z DEBUG [cache] gc pause 786 ms (young gen)
2026-03-14T11:38:28Z WARN [http.server] slow query 129 ms on table img_prewarm
2026-03-14T11:38:37Z WARN [cache] slow query 679 ms on table email_digest
2026-03-14T11:38:46Z DEBUG [startup] queue depth 2025 within limits
2026-03-14T11:38:53Z WARN [scheduler] thread pool active 2761/64
2026-03-14T11:38:57Z WARN [http.server] certificate for fraud-detector expires in 4319 days
2026-03-14T11:39:04Z INFO [scheduler] cache refresh complete: 4271 entries loaded
2026-03-14T11:39:09Z INFO [cache] cache refresh complete: 1529 entries loaded
2026-03-14T11:39:17Z INFO [metrics] cache refresh complete: 319 entries loaded
2026-03-14T11:39:30Z INFO [startup] request w56 completed status=200 in 35 ms
2026-03-14T11:39:57Z INFO [startup] connection established to fraud-detector:8117
2026-03-14T11:40:37Z DEBUG [cache] gc pause 362 ms (young gen)
2026-03-14T11:40:47Z INFO [metrics] cache refresh complete: 1647 entries loaded
2026-03-14T11:41:06Z WARN [gc] slow query 89 ms on table token_sweep
2026-03-14T11:41:15Z INFO [startup] scheduled job img_prewarm finished in 97s
2026-03-14T11:41:22Z WARN [gc] thread pool active 3105/64
2026-03-14T11:41:48Z WARN [startup] slow query 655 ms on table sku_reindex
2026-03-14T11:41:55Z INFO [cache] connection established to billing-worker:8174
2026-03-14T11:42:25Z WARN [http.server] slow query 695 ms on table orders_rollup
2026-03-14T11:42:28Z INFO [cache] heartbeat ok (epoch 2174)
2026-03-14T11:42:52Z INFO [gc] request w40 completed status=200 in 190 ms
2026-03-14T11:43:25Z WARN [startup] retrying metrics flush (attempt 3217)
2026-03-14T11:43:29Z INFO [metrics] scheduled job sku_reindex finished in 73s
2026-03-14T11:43:37Z INFO [scheduler] scheduled job img_prewarm finished in 39s
2026-03-14T11:44:32Z DEBUG [scheduler] gc pause 253 ms (young gen)
2026-03-14T11:44:46Z DEBUG [metrics] queue depth 2566 within limits
2026-03-14T11:44:49Z INFO [http.server] request w27 completed status=200 in 674 ms
2026-03-14T11:44:50Z INFO [cache] request w18 completed status=200 in 836 ms
2026-03-14T11:44:50Z INFO [metrics] cache refresh complete: 4073 entries loaded
2026-03-14T11:45:39Z INFO [http.server] cache refresh complete: 4072 entries loaded
2026-03-14T11:45:41Z INFO [scheduler] request w11 completed status=200 in 110 ms
2026-03-14T11:46:13Z INFO [gc] connection established to billing-worker:8090
2026-03-14T11:46:36Z DEBUG [http.server] gc pause 577 ms (young gen)
2026-03-14T11:46:58Z DEBUG [startup] gc pause 517 ms (young gen)
2026-03-14T11:47:05Z INFO [gc] connection established to billing-worker:8107
2026-03-14T11:47:22Z INFO [gc] request w21 completed status=200 in 587 ms
2026-03-14T11:47:51Z INFO [scheduler] cache refresh complete: 2484 entries loaded
2026-03-14T11:47:53Z DEBUG [cache] worker w5 idle for 85s
2026-03-14T11:48:04Z INFO [scheduler] cache refresh complete: 3584 entries loaded
2026-03-14T11:48:17Z INFO [http.server] cache refresh complete: 957 entries loaded
2026-03-14T11:49:15Z INFO [startup] connection established to billing-worker:8184
2026-03-14T11:49:20Z INFO [http.server] cache refresh complete: 2143 entries loaded
2026-03-14T11:49:33Z WARN [startup] certificate for billing-worker expires in 3445 days
2026-03-14T11:49:45Z INFO [http.server] scheduled job token_sweep finished in 15s
2026-03-14T11:50:00Z INFO [metrics] heartbeat ok (epoch 4052)
2026-03-14T11:50:13Z INFO [startup] cache refresh complete: 2299 entries loaded
2026-03-14T11:50:16Z DEBUG [startup] queue depth 1369 within limits
2026-03-14T11:50:29Z WARN [gc] slow query 504 ms on table img_prewarm
2026-03-14T11:50:31Z ERROR [cache] temporary DNS failure resolving fraud-detector (retried ok)
2026-03-14T11:50:35Z INFO [startup] connection established to fraud-detector:8113
2026-03-14T11:50:36Z INFO [gc] connection established to fraud-detector:8140
2026-03-14T11:50:43Z INFO [cache] cache refresh complete: 1556 entries loaded
2026-03-14T11:50:46Z INFO [startup] heartbeat ok (epoch 535)
2026-03-14T11:50:47Z DEBUG [startup] queue depth 1893 within limits
2026-03-14T11:51:10Z DEBUG [http.server] worker w47 idle for 45s
2026-03-14T11:51:25Z DEBUG [cache] worker w24 idle for 94s
2026-03-14T11:51:31Z DEBUG [metrics] gc pause 584 ms (young gen)
2026-03-14T11:51:47Z INFO [gc] request w2 completed status=200 in 610 ms
2026-03-14T11:51:55Z INFO [http.server] request w24 completed status=200 in 177 ms
2026-03-14T11:52:08Z DEBUG [scheduler] queue depth 961 within limits
2026-03-14T11:52:39Z INFO [metrics] cache refresh complete: 2735 entries loaded
2026-03-14T11:52:55Z INFO [scheduler] heartbeat ok (epoch 3218)
2026-03-14T11:53:03Z INFO [cache] request w27 completed status=200 in 203 ms
2026-03-14T11:53:04Z WARN [startup] thread pool active 1230/64
2026-03-14T11:53:09Z INFO [scheduler] cache refresh complete: 4795 entries loaded
2026-03-14T11:53:27Z INFO [metrics] heartbeat ok (epoch 1606)
2026-03-14T11:53:48Z WARN [http.server] slow query 112 ms on table img_prewarm
2026-03-14T11:53:54Z WARN [gc] retrying metrics flush (attempt 958)
2026-03-14T11:53:58Z INFO [gc] heartbeat ok (epoch 4532)
2026-03-14T11:54:22Z INFO [cache] connection established to fraud-detector:8128
2026-03-14T11:54:32Z INFO [cache] cache refresh complete: 4935 entries loaded
2026-03-14T11:54:36Z INFO [cache] cache refresh complete: 3395 entries loaded
2026-03-14T11:54:43Z INFO [metrics] request w53 completed status=200 in 115 ms
2026-03-14T11:54:53Z INFO [http.server] heartbeat ok (epoch 917)
2026-03-14T11:55:09Z INFO [cache] scheduled job token_sweep finished in 23s
2026-03-14T11:55:14Z INFO [cache] heartbeat ok (epoch 376)
2026-03-14T11:55:17Z INFO [gc] request w43 completed status=200 in 107 ms
2026-03-14T11:55:36Z ERROR [metrics] temporary DNS failure resolving fraud-detector (retried ok)
2026-03-14T11:55:45Z INFO [startup] request w42 completed status=200 in 810 ms
2026-03-14T11:55:48Z DEBUG [metrics] worker w8 idle for 76s
2026-03-14T11:55:55Z WARN [metrics] certificate for billing-worker expires in 2898 days
2026-03-14T11:55:56Z INFO [http.server] connection established to fraud-detector:8158
2026-03-14T11:56:29Z INFO [http.server] cache refresh complete: 2653 entries loaded
2026-03-14T11:56:43Z WARN [cache] retrying metrics flush (attempt 1323)
2026-03-14T11:56:55Z DEBUG [scheduler] queue depth 1190 within limits
2026-03-14T11:57:13Z WARN [startup] certificate for billing-worker expires in 2945 days
2026-03-14T11:57:16Z INFO [http.server] scheduled job sku_reindex finished in 107s
2026-03-14T11:57:24Z WARN [startup] thread pool active 3442/64
2026-03-14T11:57:28Z INFO [gc] connection established to fraud-detector:8084
2026-03-14T11:57:36Z INFO [http.server] cache refresh complete: 4055 entries loaded
2026-03-14T11:57:45Z DEBUG [gc] worker w24 idle for 61s
2026-03-14T11:58:33Z INFO [gc] heartbeat ok (epoch 3410)
2026-03-14T11:58:36Z DEBUG [metrics] gc pause 269 ms (young gen)
2026-03-14T11:58:41Z DEBUG [http.server] queue depth 4723 within limits
2026-03-14T11:59:18Z DEBUG [startup] queue depth 1072 within limits
2026-03-14T11:59:28Z WARN [cache] certificate for fraud-detector expires in 739 days
2026-03-14T11:59:30Z WARN [cache] certificate for billing-worker expires in 1563 days
