2026-03-14T10:00:02Z GET /api/products 200 279ms req-0202ab
2026-03-14T10:00:03Z POST /api/checkout 200 320ms req-10d909
2026-03-14T10:00:04Z GET /api/products 502 2709ms req-030edb
2026-03-14T10:00:08Z PUT /api/orders 502 2768ms req-ce74ff
2026-03-14T10:00:10Z GET /api/products 404 252ms req-5e12bc
2026-03-14T10:00:14Z GET /api/search 502 3228ms req-db01e7
2026-03-14T10:00:22Z GET /api/cart 504 1572ms req-2d8692
2026-03-14T10:00:27Z GET /api/search 200 181ms req-89594e
2026-03-14T10:00:30Z POST /api/search 502 3970ms req-7186af
2026-03-14T10:00:35Z GET /api/account 301 105ms req-15a947
2026-03-14T10:00:38Z POST /api/recommendations 502 2891ms req-31a3e2
2026-03-14T10:00:43Z POST /api/shipping-quote 500 2090ms req-828797
2026-03-14T10:00:50Z PUT /api/session 504 4394ms req-292d88
2026-03-14T10:00:53Z POST /api/account 204 331ms req-a1a55e
2026-03-14T10:00:53Z PUT /api/products 200 71ms req-5d74d2
2026-03-14T10:00:56Z PUT /api/orders 200 375ms req-f3f237
2026-03-14T10:00:58Z POST /api/session 200 84ms req-a3f1a7
2026-03-14T10:00:58Z PUT /api/search 500 4156ms req-e926a8
2026-03-14T10:00:59Z POST /api/products 201 374ms req-bd38a8
2026-03-14T10:01:00Z GET /api/cart 200 196ms req-cda2e6
2026-03-14T10:01:02Z POST /api/recommendations 502 4341ms req-059b3e
2026-03-14T10:01:06Z GET /api/shipping-quote 200 370ms req-1c0ce6
2026-03-14T10:01:07Z GET /api/checkout 500 4629ms req-ab223f
2026-03-14T10:01:09Z POST /api/account 200 215ms req-ac148d
2026-03-14T10:01:15Z PUT /api/products 500 2483ms req-cd6108
2026-03-14T10:01:18Z POST /api/orders 301 404ms req-d2fffa
2026-03-14T10:01:18Z GET /api/cart 504 4607ms req-b8380a
2026-03-14T10:01:22Z GET /api/search 500 5023ms req-90c5ad
2026-03-14T10:01:26Z GET /healthz 204 163ms req-6bce70
2026-03-14T10:01:27Z POST /api/cart 500 5125ms req-7fbe79
2026-03-14T10:01:30Z GET /api/shipping-quote 200 249ms req-3b4812
2026-03-14T10:01:30Z PUT /api/session 504 4877ms req-058688
2026-03-14T10:01:33Z GET /api/session 200 288ms req-0626c2
2026-03-14T10:01:34Z POST /api/orders 504 1619ms req-8a99e4
2026-03-14T10:01:37Z GET /api/session 200 309ms req-2a108f
2026-03-14T10:01:41Z GET /api/shipping-quote 200 264ms req-055fcc
2026-03-14T10:01:41Z GET /api/recommendations 502 4792ms req-f01dca
2026-03-14T10:01:44Z PUT /api/shipping-quote 200 159ms req-d3788e
2026-03-14T10:01:44Z POST /api/session 502 2259ms req-f89960
2026-03-14T10:01:50Z GET /api/search 201 134ms req-1ff438
2026-03-14T10:01:52Z GET /api/shipping-quote 504 4733ms req-a208e7
2026-03-14T10:01:58Z GET /api/session 200 76ms req-6e243e
2026-03-14T10:01:59Z GET /api/orders 301 268ms req-322f07
2026-03-14T10:02:00Z GET /api/cart 504 4587ms req-29ee2f
2026-03-14T10:02:05Z GET /healthz 201 159ms req-1e574f
2026-03-14T10:02:07Z POST /api/shipping-quote 502 3283ms req-324ccb
2026-03-14T10:02:08Z GET /api/checkout 200 94ms req-a72b70
2026-03-14T10:02:12Z GET /api/shipping-quote 200 241ms req-7b46ad
2026-03-14T10:02:14Z GET /api/account 200 217ms req-4d02c7
2026-03-14T10:02:14Z POST /api/products 504 2145ms req-d97a13
2026-03-14T10:02:16Z GET /api/account 200 348ms req-93bbe3
2026-03-14T10:02:17Z POST /api/products 500 3245ms req-ff7b9f
2026-03-14T10:02:20Z GET /api/search 200 323ms req-b94ed5
2026-03-14T10:02:21Z GET /healthz 200 263ms req-c226da
2026-03-14T10:02:22Z POST /api/orders 502 3494ms req-9df4cd
2026-03-14T10:02:29Z GET /api/orders 200 279ms req-437506
2026-03-14T10:02:29Z GET /api/shipping-quote 404 73ms req-29e108
2026-03-14T10:02:29Z PUT /healthz 200 208ms req-f940e5
2026-03-14T10:02:29Z GET /api/account 502 3436ms req-f3289c
2026-03-14T10:02:31Z PUT /api/shipping-quote 200 340ms req-69adce
2026-03-14T10:02:35Z POST /api/shipping-quote 500 2243ms req-9c1c01
2026-03-14T10:02:39Z POST /api/products 502 2696ms req-1274cf
2026-03-14T10:02:46Z POST /api/products 502 4416ms req-3dc53e
2026-03-14T10:02:48Z GET /api/session 204 161ms req-41a6d2
2026-03-14T10:02:49Z GET /api/products 204 233ms req-e10f38
2026-03-14T10:02:50Z GET /healthz 200 408ms req-c3634f
2026-03-14T10:02:51Z GET /api/recommendations 500 3086ms req-d2a4d0
2026-03-14T10:02:56Z GET /api/session 200 141ms req-5901a7
2026-03-14T10:02:59Z POST /api/account 502 5006ms req-cb3752
2026-03-14T10:03:02Z POST /api/orders 201 332ms req-326670
2026-03-14T10:03:07Z GET /api/shipping-quote 502 3659ms req-d11d81
2026-03-14T10:03:12Z GET /api/recommendations 201 320ms req-e32320
2026-03-14T10:03:13Z POST /api/cart 504 2385ms req-25d2ad
2026-03-14T10:03:16Z GET /api/orders 200 203ms req-181c39
2026-03-14T10:03:16Z GET /api/products 200 35ms req-35fc58
2026-03-14T10:03:17Z GET /api/checkout 502 3734ms req-3735aa
2026-03-14T10:03:20Z POST /api/account 502 2133ms req-57ce3c
2026-03-14T10:03:26Z GET /api/shipping-quote 504 5051ms req-8b45db
2026-03-14T10:03:33Z GET /api/recommendations 502 3390ms req-4fd4de
2026-03-14T10:03:36Z POST /api/recommendations 500 1533ms req-d3988c
2026-03-14T10:03:38Z PUT /api/recommendations 200 122ms req-238625
2026-03-14T10:03:39Z POST /api/session 502 1677ms req-de038d
2026-03-14T10:03:47Z GET /api/recommendations 201 66ms req-883a4c
2026-03-14T10:03:47Z POST /api/checkout 502 4302ms req-5f0cf6
2026-03-14T10:03:51Z POST /api/account 502 4000ms req-7e09c1
2026-03-14T10:03:54Z GET /api/orders 404 167ms req-0bc2ca
2026-03-14T10:03:54Z PUT /api/recommendations 502 5158ms req-a3d31d
2026-03-14T10:03:59Z POST /api/session 200 297ms req-3a6fb0
2026-03-14T10:04:02Z POST /api/account 504 2460ms req-f425ea
2026-03-14T10:04:06Z GET /api/account 200 94ms req-ddaa4c
2026-03-14T10:04:06Z PUT /api/session 502 5139ms req-a83ffd
2026-03-14T10:04:10Z POST /api/orders 502 2054ms req-9ee202
2026-03-14T10:04:17Z POST /api/cart 500 1651ms req-07d598
2026-03-14T10:04:18Z POST /api/search 200 261ms req-048bf1
2026-03-14T10:04:20Z GET /api/products 200 282ms req-d93fb5
2026-03-14T10:04:20Z PUT /api/recommendations 504 2271ms req-50e72b
2026-03-14T10:04:27Z GET /api/search 301 175ms req-3c20ce
2026-03-14T10:04:27Z PUT /api/account 502 4670ms req-703de7
2026-03-14T10:04:31Z POST /api/shipping-quote 500 2717ms req-a919a1
2026-03-14T10:04:32Z GET /api/session 200 14ms req-ff3976
2026-03-14T10:04:33Z POST /api/recommendations 200 41ms req-432e72
2026-03-14T10:04:34Z PUT /api/checkout 200 62ms req-dda3fc
2026-03-14T10:04:35Z GET /api/products 504 4906ms req-4a8677
2026-03-14T10:04:38Z GET /api/search 502 4371ms req-edc692
2026-03-14T10:04:41Z POST /api/session 200 128ms req-402e38
2026-03-14T10:04:41Z POST /api/shipping-quote 504 3761ms req-277692
2026-03-14T10:04:45Z GET /api/session 200 185ms req-e054b9
2026-03-14T10:04:48Z PUT /api/cart 500 4989ms req-159b10
2026-03-14T10:04:51Z GET /healthz 200 413ms req-c9ad6f
2026-03-14T10:04:51Z GET /api/search 200 197ms req-86b2f1
2026-03-14T10:04:53Z PUT /api/orders 504 3311ms req-ac9429
2026-03-14T10:04:56Z PUT /api/orders 502 4991ms req-778ce1
2026-03-14T10:05:03Z GET /api/checkout 504 4346ms req-35367a
2026-03-14T10:05:04Z POST /api/orders 200 309ms req-b2dccd
2026-03-14T10:05:06Z PUT /api/shipping-quote 502 3825ms req-0fe203
2026-03-14T10:05:09Z GET /api/cart 404 120ms req-3db68d
2026-03-14T10:05:12Z GET /api/account 404 403ms req-3e35b4
2026-03-14T10:05:13Z GET /api/checkout 301 201ms req-d151f7
2026-03-14T10:05:13Z GET /api/search 502 1961ms req-6244f2
2026-03-14T10:05:21Z PUT /api/products 502 4145ms req-ae4115
2026-03-14T10:05:22Z PUT /api/search 204 306ms req-10b7ac
2026-03-14T10:05:23Z GET /api/recommendations 200 244ms req-70beff
2026-03-14T10:05:24Z PUT /api/account 500 2524ms req-a0dffb
2026-03-14T10:05:26Z GET /api/search 201 325ms req-a383b9
2026-03-14T10:05:27Z PUT /api/shipping-quote 200 248ms req-1828c9
2026-03-14T10:05:27Z PUT /api/cart 502 4331ms req-d27a59
2026-03-14T10:05:28Z POST /api/cart 200 37ms req-b21dbe
2026-03-14T10:05:31Z GET /api/orders 200 193ms req-25b42c
2026-03-14T10:05:32Z GET /api/checkout 502 4889ms req-41fbff
2026-03-14T10:05:34Z GET /api/shipping-quote 200 185ms req-20d0a8
2026-03-14T10:05:37Z GET /api/recommendations 500 3498ms req-2c4b31
2026-03-14T10:05:38Z PUT /api/cart 404 58ms req-dae46c
2026-03-14T10:05:44Z GET /api/recommendations 200 32ms req-dab344
2026-03-14T10:05:50Z GET /healthz 200 374ms req-b8a25d
2026-03-14T10:05:54Z POST /api/session 204 28ms req-3d808d
2026-03-14T10:05:55Z PUT /api/shipping-quote 200 281ms req-a4b831
2026-03-14T10:06:07Z POST /api/recommendations 200 156ms req-dfe8c0
2026-03-14T10:06:13Z GET /api/checkout 200 104ms req-4ef80a
2026-03-14T10:06:16Z GET /api/account 200 207ms req-791027
2026-03-14T10:06:31Z PUT /healthz 200 349ms req-e953bf
2026-03-14T10:06:32Z POST /api/search 200 95ms req-a973bc
2026-03-14T10:06:32Z POST /api/search 200 399ms req-ba98c0
2026-03-14T10:06:32Z PUT /api/search 200 68ms req-cb55d3
2026-03-14T10:06:41Z POST /api/orders 200 29ms req-53bbc8
2026-03-14T10:06:44Z GET /api/account 200 282ms req-fb2dcc
2026-03-14T10:06:54Z POST /api/orders 204 350ms req-e2a033
2026-03-14T10:06:59Z GET /api/products 200 90ms req-cee47b
2026-03-14T10:06:59Z GET /api/cart 200 235ms req-706fa3
2026-03-14T10:07:01Z POST /api/orders 200 216ms req-8dd2c9
2026-03-14T10:07:02Z POST /api/checkout 301 338ms req-301c97
2026-03-14T10:07:16Z PUT /api/checkout 200 155ms req-d0a8b5
2026-03-14T10:07:22Z PUT /api/cart 301 216ms req-f9fabd
2026-03-14T10:07:26Z GET /api/checkout 200 56ms req-c848c4
2026-03-14T10:07:35Z GET /api/orders 204 281ms req-f43b32
2026-03-14T10:07:44Z GET /api/orders 404 19ms req-7dd6d4
2026-03-14T10:07:44Z POST /healthz 200 239ms req-fdb3da
2026-03-14T10:07:55Z GET /api/recommendations 201 375ms req-8a8bab
2026-03-14T10:07:56Z POST /api/checkout 200 154ms req-e794b3
2026-03-14T10:07:59Z POST /api/cart 200 358ms req-df3f53
2026-03-14T10:08:01Z POST /api/recommendations 204 33ms req-2c2877
2026-03-14T10:08:13Z GET /api/account 200 419ms req-079885
2026-03-14T10:08:23Z GET /api/cart 204 56ms req-24cf4a
2026-03-14T10:08:24Z POST /api/checkout 200 92ms req-b15381
2026-03-14T10:08:25Z POST /api/search 301 148ms req-043b64
2026-03-14T10:08:27Z GET /api/cart 201 174ms req-edf0d6
2026-03-14T10:08:27Z GET /api/checkout 200 208ms req-8795a3
2026-03-14T10:08:29Z POST /api/products 200 113ms req-acd496
2026-03-14T10:08:32Z POST /api/search 200 73ms req-33cade
2026-03-14T10:08:39Z POST /api/recommendations 201 402ms req-681f42
2026-03-14T10:08:41Z POST /api/account 200 364ms req-191c5e
2026-03-14T10:08:46Z GET /api/products 200 142ms req-600513
2026-03-14T10:08:51Z GET /api/recommendations 201 295ms req-ea8603
2026-03-14T10:08:54Z PUT /api/checkout 301 25ms req-a21a82
2026-03-14T10:08:59Z PUT /api/products 201 111ms req-bbbe2d
2026-03-14T10:09:04Z POST /api/checkout 404 189ms req-61f5a3
2026-03-14T10:09:04Z PUT /api/cart 404 272ms req-f80697
2026-03-14T10:09:04Z GET /api/account 200 396ms req-86ca2a
2026-03-14T10:09:08Z POST /api/search 201 186ms req-2506c7
2026-03-14T10:09:16Z PUT /api/search 200 220ms req-1bedf2
2026-03-14T10:09:18Z GET /healthz 200 75ms req-f72a6c
2026-03-14T10:09:26Z GET /api/session 200 65ms req-f73d4e
2026-03-14T10:09:32Z GET /api/account 200 43ms req-0c74c9
2026-03-14T10:09:37Z GET /api/orders 200 143ms req-f98500
2026-03-14T10:09:40Z GET /api/session 200 27ms req-035fd2
2026-03-14T10:09:41Z GET /api/products 200 321ms req-4804dd
2026-03-14T10:09:56Z POST /api/session 200 59ms req-4862b6
2026-03-14T10:09:58Z GET /api/account 200 397ms req-e47fbb
2026-03-14T10:09:59Z GET /api/products 404 105ms req-dcc22a
2026-03-14T10:10:00Z PUT /api/orders 200 188ms req-a762b3
2026-03-14T10:10:03Z POST /api/orders 200 90ms req-b36ce7
2026-03-14T10:10:05Z GET /api/cart 301 354ms req-2ac804
2026-03-14T10:10:06Z PUT /api/session 201 39ms req-99b9d3
2026-03-14T10:10:11Z GET /api/shipping-quote 201 229ms req-aacdbc
2026-03-14T10:10:12Z POST /api/products 200 354ms req-a07c87
2026-03-14T10:10:20Z GET /api/recommendations 200 15ms req-2ab292
2026-03-14T10:10:20Z POST /api/shipping-quote 200 292ms req-b004b4
2026-03-14T10:10:26Z POST /api/shipping-quote 200 148ms req-f80108
2026-03-14T10:10:29Z POST /api/orders 200 389ms req-b40560
2026-03-14T10:10:29Z GET /api/session 200 158ms req-df2af9
2026-03-14T10:10:34Z POST /healthz 201 39ms req-9ee65c
2026-03-14T10:10:38Z POST /api/checkout 200 160ms req-5963c6
2026-03-14T10:10:38Z POST /api/recommendations 200 206ms req-709345
2026-03-14T10:10:41Z GET /api/checkout 200 309ms req-55f82c
2026-03-14T10:10:42Z GET /api/cart 201 196ms req-8cac76
2026-03-14T10:10:51Z PUT /api/cart 301 35ms req-92d88f
2026-03-14T10:10:57Z GET /api/search 200 295ms req-bfe2a0
2026-03-14T10:11:04Z PUT /api/orders 204 309ms req-7ee1cc
2026-03-14T10:11:07Z GET /api/search 200 389ms req-54b3f4
2026-03-14T10:11:16Z GET /api/account 200 358ms req-0aec91
2026-03-14T10:11:20Z POST /api/recommendations 200 367ms req-756135
2026-03-14T10:11:26Z PUT /api/products 201 223ms req-002a86
2026-03-14T10:11:31Z POST /api/orders 301 51ms req-78b092
2026-03-14T10:11:41Z POST /api/session 204 46ms req-05e2db
2026-03-14T10:11:43Z PUT /api/recommendations 404 176ms req-47b44d
2026-03-14T10:11:52Z POST /api/cart 301 8ms req-bfc11c
2026-03-14T10:11:54Z GET /api/search 301 184ms req-f87ce5
2026-03-14T10:11:56Z GET /api/search 200 107ms req-f9400e
2026-03-14T10:11:59Z GET /api/account 201 355ms req-f0b90e
2026-03-14T10:12:07Z GET /healthz 200 172ms req-c7b1d4
2026-03-14T10:12:28Z GET /api/cart 200 238ms req-496e52
2026-03-14T10:12:37Z POST /api/account 200 339ms req-704910
2026-03-14T10:12:39Z GET /api/products 200 393ms req-85cccf
2026-03-14T10:12:41Z POST /api/orders 204 372ms req-013aa5
2026-03-14T10:12:42Z GET /api/cart 200 371ms req-3ba262
2026-03-14T10:12:44Z POST /api/account 200 346ms req-48f60b
2026-03-14T10:12:51Z GET /healthz 201 70ms req-e788b3
2026-03-14T10:12:54Z GET /api/cart 201 121ms req-673828
2026-03-14T10:12:58Z GET /api/session 404 65ms req-157424
2026-03-14T10:13:01Z POST /api/session 200 119ms req-55c983
2026-03-14T10:13:18Z GET /api/orders 200 240ms req-6753db
2026-03-14T10:13:24Z GET /api/orders 200 87ms req-29025e
2026-03-14T10:13:25Z GET /api/session 200 346ms req-1ef7a4
2026-03-14T10:13:32Z GET /api/cart 201 323ms req-e21db8
2026-03-14T10:13:34Z GET /api/account 200 13ms req-01c78a
2026-03-14T10:13:36Z PUT /api/orders 201 167ms req-72ea61
2026-03-14T10:13:42Z GET /api/account 301 293ms req-ac400b
2026-03-14T10:13:44Z POST /healthz 200 379ms req-7857af
2026-03-14T10:13:47Z GET /api/checkout 201 20ms req-f45b20
2026-03-14T10:13:51Z GET /api/search 301 344ms req-f91291
2026-03-14T10:13:54Z PUT /api/products 301 416ms req-0bce4f
2026-03-14T10:13:58Z GET /api/products 502 4013ms req-00439a
2026-03-14T10:14:00Z POST /api/products 200 233ms req-14c627
2026-03-14T10:14:03Z GET /healthz 201 400ms req-7db21c
2026-03-14T10:14:04Z GET /api/cart 201 285ms req-4db85b
2026-03-14T10:14:10Z POST /api/shipping-quote 200 308ms req-5151d9
2026-03-14T10:14:13Z GET /healthz 200 290ms req-4620d9
2026-03-14T10:14:14Z GET /api/session 404 315ms req-4ac33f
2026-03-14T10:14:21Z POST /healthz 200 307ms req-a35f39
2026-03-14T10:14:25Z PUT /api/recommendations 204 184ms req-881f03
2026-03-14T10:14:25Z POST /api/cart 201 249ms req-3e13aa
2026-03-14T10:14:28Z POST /healthz 200 321ms req-43bf4f
2026-03-14T10:14:29Z GET /api/orders 404 182ms req-7258db
2026-03-14T10:14:32Z GET /api/orders 200 126ms req-92e13f
2026-03-14T10:14:32Z PUT /api/checkout 200 361ms req-606f5c
2026-03-14T10:14:35Z GET /api/cart 200 290ms req-9d6dad
2026-03-14T10:14:37Z POST /healthz 201 169ms req-99c327
2026-03-14T10:14:38Z GET /healthz 201 277ms req-dc2cb7
2026-03-14T10:14:44Z PUT /api/cart 200 418ms req-0c1c7b
2026-03-14T10:14:46Z POST /api/shipping-quote 200 163ms req-364f65
2026-03-14T10:14:48Z PUT /api/search 200 346ms req-3e758c
2026-03-14T10:14:51Z GET /api/shipping-quote 404 262ms req-878da1
2026-03-14T10:15:04Z PUT /api/account 204 51ms req-388119
2026-03-14T10:15:06Z GET /api/products 301 293ms req-356e2d
2026-03-14T10:15:28Z GET /api/session 204 363ms req-3c88c6
2026-03-14T10:15:45Z POST /api/account 200 19ms req-9cdff6
2026-03-14T10:15:51Z PUT /api/orders 200 132ms req-e8b5fe
2026-03-14T10:15:55Z PUT /api/recommendations 404 419ms req-c1673d
2026-03-14T10:15:58Z GET /api/checkout 404 75ms req-ae66de
2026-03-14T10:16:01Z GET /api/session 200 339ms req-7fae0b
2026-03-14T10:16:05Z POST /api/search 200 91ms req-0dcb10
2026-03-14T10:16:12Z GET /api/shipping-quote 502 1886ms req-93d5da
2026-03-14T10:16:16Z PUT /api/session 200 171ms req-358b4b
2026-03-14T10:16:17Z GET /api/checkout 200 104ms req-f4b349
2026-03-14T10:16:34Z POST /api/checkout 200 247ms req-62589d
2026-03-14T10:16:36Z GET /api/checkout 200 301ms req-123e75
2026-03-14T10:16:38Z POST /api/shipping-quote 200 333ms req-4c16f1
2026-03-14T10:16:53Z PUT /api/shipping-quote 200 418ms req-cbc5a9
2026-03-14T10:16:59Z GET /api/products 200 235ms req-c860e4
2026-03-14T10:16:59Z GET /api/recommendations 204 32ms req-523a3a
2026-03-14T10:17:02Z GET /api/account 200 157ms req-f310ea
2026-03-14T10:17:06Z GET /api/products 301 14ms req-52df0a
2026-03-14T10:17:07Z POST /api/account 404 37ms req-ee879d
2026-03-14T10:17:08Z GET /api/products 200 272ms req-836d91
2026-03-14T10:17:14Z GET /api/search 200 44ms req-758f89
2026-03-14T10:17:17Z GET /api/search 200 380ms req-b93aa4
2026-03-14T10:17:17Z POST /api/search 200 161ms req-7a35ff
2026-03-14T10:17:18Z GET /api/search 200 118ms req-8333ff
2026-03-14T10:17:21Z PUT /api/recommendations 200 167ms req-969f4c
2026-03-14T10:17:22Z GET /api/orders 404 382ms req-8f2c64
2026-03-14T10:17:22Z GET /api/recommendations 201 346ms req-2dc1a4
2026-03-14T10:17:29Z POST /healthz 201 271ms req-33c4e2
2026-03-14T10:17:36Z GET /api/checkout 200 56ms req-fd5161
2026-03-14T10:17:39Z POST /api/cart 200 318ms req-36a64e
2026-03-14T10:17:41Z GET /api/checkout 200 148ms req-57b48f
2026-03-14T10:17:47Z GET /api/checkout 404 96ms req-f18c50
2026-03-14T10:17:47Z PUT /api/session 404 217ms req-b0d112
2026-03-14T10:17:50Z GET /api/shipping-quote 204 336ms req-0d7f74
2026-03-14T10:17:55Z GET /api/cart 404 111ms req-b93215
2026-03-14T10:17:58Z GET /api/shipping-quote 200 352ms req-30cac1
2026-03-14T10:18:01Z GET /api/account 200 42ms req-88ca27
2026-03-14T10:18:04Z GET /api/shipping-quote 204 328ms req-d9de3d
2026-03-14T10:18:09Z GET /api/products 200 46ms req-8d4312
2026-03-14T10:18:09Z POST /api/cart 201 128ms req-71bc12
2026-03-14T10:18:10Z PUT /api/shipping-quote 200 233ms req-4d4679
2026-03-14T10:18:11Z POST /api/account 204 221ms req-0562a1
2026-03-14T10:18:12Z GET /api/account 200 411ms req-f5b92b
2026-03-14T10:18:13Z GET /api/recommendations 200 345ms req-7253a6
2026-03-14T10:18:14Z GET /api/products 301 152ms req-7134c7
2026-03-14T10:18:16Z GET /api/orders 200 206ms req-6f3e3d
2026-03-14T10:18:37Z GET /api/orders 200 332ms req-79ddcd
2026-03-14T10:18:38Z POST /api/checkout 200 279ms req-9848c9
2026-03-14T10:18:41Z POST /api/cart 200 63ms req-7d7324
2026-03-14T10:18:45Z POST /api/session 200 190ms req-ee2e51
2026-03-14T10:18:51Z GET /api/cart 200 90ms req-5c0b80
2026-03-14T10:18:56Z POST /api/orders 201 385ms req-9aefab
2026-03-14T10:19:02Z PUT /api/cart 200 51ms req-d69cab
2026-03-14T10:19:15Z POST /api/session 200 385ms req-861e33
2026-03-14T10:19:16Z POST /api/account 200 335ms req-8434bf
2026-03-14T10:19:18Z GET /api/session 200 394ms req-4c66b4
2026-03-14T10:19:22Z GET /api/shipping-quote 204 375ms req-5092b1
2026-03-14T10:19:25Z GET /api/checkout 201 362ms req-f9913a
2026-03-14T10:19:37Z GET /api/search 200 37ms req-a970fc
2026-03-14T10:19:41Z POST /api/search 404 314ms req-5b3035
2026-03-14T10:19:43Z GET /api/account 200 112ms req-c758d2
2026-03-14T10:19:52Z POST /api/search 200 62ms req-21f595
2026-03-14T10:19:59Z GET /healthz 200 8ms req-fdd5e6
2026-03-14T10:20:15Z PUT /api/cart 404 347ms req-a95ac1
2026-03-14T10:20:18Z POST /api/session 200 310ms req-d170ab
2026-03-14T10:20:19Z GET /api/checkout 301 52ms req-fd63f5
2026-03-14T10:20:26Z GET /api/products 200 33ms req-fb6bb1
2026-03-14T10:20:31Z GET /api/cart 204 368ms req-059c79
2026-03-14T10:20:32Z GET /api/cart 301 397ms req-c736a3
2026-03-14T10:20:33Z GET /api/recommendations 201 374ms req-6d7d1f
2026-03-14T10:20:38Z POST /api/search 204 22ms req-658e70
2026-03-14T10:20:41Z POST /api/search 301 88ms req-d52ca8
2026-03-14T10:20:42Z POST /api/orders 200 52ms req-2ee567
2026-03-14T10:20:42Z GET /api/session 200 257ms req-0a08fe
2026-03-14T10:20:43Z GET /api/account 204 296ms req-084880
2026-03-14T10:20:56Z POST /api/shipping-quote 301 278ms req-7aa2f8
2026-03-14T10:21:02Z GET /api/shipping-quote 200 167ms req-6a1e86
2026-03-14T10:21:04Z POST /api/products 404 306ms req-aa5833
2026-03-14T10:21:10Z POST /api/account 301 174ms req-a6fdaf
2026-03-14T10:21:23Z GET /api/orders 200 381ms req-0354ec
2026-03-14T10:21:24Z PUT /api/shipping-quote 200 47ms req-211bb5
2026-03-14T10:21:26Z GET /api/cart 301 218ms req-e91b58
2026-03-14T10:21:30Z POST /api/products 301 298ms req-207584
2026-03-14T10:21:35Z GET /api/account 200 353ms req-7f1d15
2026-03-14T10:21:41Z GET /api/recommendations 200 264ms req-5479fb
2026-03-14T10:21:46Z GET /api/recommendations 404 129ms req-276c16
2026-03-14T10:21:47Z GET /healthz 201 224ms req-549941
2026-03-14T10:21:49Z PUT /api/products 500 2066ms req-999cd7
2026-03-14T10:21:50Z PUT /api/account 404 283ms req-9a061c
2026-03-14T10:21:54Z GET /api/checkout 200 88ms req-cbae54
2026-03-14T10:21:59Z PUT /api/search 200 239ms req-959f9c
2026-03-14T10:22:07Z GET /api/checkout 200 51ms req-b30783
2026-03-14T10:22:25Z POST /api/cart 200 418ms req-bd40ad
2026-03-14T10:22:26Z POST /api/account 404 166ms req-7ccc2b
2026-03-14T10:22:37Z POST /api/shipping-quote 200 182ms req-525bb0
2026-03-14T10:22:47Z GET /healthz 200 324ms req-4a7040
2026-03-14T10:23:11Z GET /api/orders 200 231ms req-258b88
2026-03-14T10:23:20Z POST /api/shipping-quote 200 44ms req-e70870
2026-03-14T10:23:25Z GET /api/products 204 27ms req-30cd3c
2026-03-14T10:23:26Z POST /healthz 200 371ms req-042ee8
2026-03-14T10:23:32Z GET /api/checkout 201 66ms req-3b784e
2026-03-14T10:23:38Z PUT /api/account 200 82ms req-fe8c72
2026-03-14T10:23:39Z GET /api/recommendations 301 353ms req-90949b
2026-03-14T10:23:41Z GET /api/checkout 201 194ms req-2eba50
2026-03-14T10:23:42Z POST /api/checkout 200 94ms req-ceb575
2026-03-14T10:23:47Z PUT /api/recommendations 204 97ms req-5f7431
2026-03-14T10:23:58Z GET /api/shipping-quote 204 374ms req-639358
2026-03-14T10:24:04Z PUT /api/products 201 249ms req-be0d31
2026-03-14T10:24:04Z POST /api/search 404 26ms req-654429
2026-03-14T10:24:13Z GET /api/checkout 200 304ms req-9d3961
2026-03-14T10:24:17Z POST /api/search 200 112ms req-0d5a8e
2026-03-14T10:24:25Z GET /api/cart 200 59ms req-c1779e
2026-03-14T10:24:32Z POST /api/session 200 292ms req-c8880c
2026-03-14T10:24:34Z GET /api/shipping-quote 404 417ms req-8a95e2
2026-03-14T10:24:36Z GET /api/orders 301 409ms req-f4ae1c
2026-03-14T10:24:38Z POST /api/account 200 312ms req-56d6f8
2026-03-14T10:24:39Z POST /api/checkout 200 183ms req-b47cc9
2026-03-14T10:24:42Z GET /api/shipping-quote 200 198ms req-8ccb70
2026-03-14T10:24:53Z GET /api/session 200 20ms req-c101dd
2026-03-14T10:25:03Z PUT /api/cart 200 254ms req-db0fb1
2026-03-14T10:25:08Z POST /api/cart 200 10ms req-1e014a
2026-03-14T10:25:08Z GET /api/shipping-quote 200 358ms req-f4c1a3
2026-03-14T10:25:09Z PUT /api/search 200 363ms req-6d237c
2026-03-14T10:25:18Z GET /api/cart 502 3186ms req-2016c1
2026-03-14T10:25:20Z PUT /api/orders 200 55ms req-b95c2b
2026-03-14T10:25:35Z GET /api/session 200 124ms req-88552e
2026-03-14T10:25:36Z PUT /healthz 301 322ms req-1952ab
2026-03-14T10:25:44Z POST /api/recommendations 200 302ms req-bfacf2
2026-03-14T10:25:44Z PUT /api/shipping-quote 200 289ms req-288723
2026-03-14T10:25:48Z GET /api/session 204 161ms req-d18e3c
2026-03-14T10:25:49Z GET /api/cart 200 383ms req-dc7027
2026-03-14T10:25:59Z GET /api/shipping-quote 301 71ms req-1b9af2
2026-03-14T10:25:59Z GET /api/session 404 280ms req-a2fda1
2026-03-14T10:26:03Z PUT /api/checkout 200 317ms req-b8a63f
2026-03-14T10:26:06Z GET /api/recommendations 301 307ms req-babce1
2026-03-14T10:26:06Z POST /api/checkout 201 111ms req-61a9c0
2026-03-14T10:26:17Z PUT /api/checkout 200 39ms req-3eb5f8
2026-03-14T10:26:18Z GET /api/cart 200 118ms req-4332a6
2026-03-14T10:26:24Z GET /healthz 200 264ms req-4dd6ed
2026-03-14T10:26:27Z GET /api/account 404 229ms req-58bc9e
2026-03-14T10:26:32Z POST /api/orders 204 342ms req-0bbcf0
2026-03-14T10:26:37Z GET /healthz 301 299ms req-17e582
2026-03-14T10:26:38Z POST /api/shipping-quote 200 294ms req-248e61
2026-03-14T10:26:38Z GET /api/recommendations 204 98ms req-998f2c
2026-03-14T10:26:40Z POST /api/checkout 404 300ms req-5a888c
2026-03-14T10:26:50Z GET /healthz 200 377ms req-7a37ae
2026-03-14T10:26:50Z GET /api/checkout 204 304ms req-9032bd
2026-03-14T10:27:02Z GET /api/orders 301 24ms req-f0a0dc
2026-03-14T10:27:08Z GET /api/cart 200 405ms req-4729ec
2026-03-14T10:27:12Z POST /api/cart 200 325ms req-f1a098
2026-03-14T10:27:17Z GET /api/account 201 166ms req-6b7c0c
2026-03-14T10:27:18Z PUT /api/search 200 149ms req-1dc0f9
2026-03-14T10:27:35Z PUT /api/orders 204 415ms req-fcb9e5
2026-03-14T10:27:50Z POST /api/shipping-quote 404 227ms req-f02bc0
2026-03-14T10:27:50Z POST /healthz 204 274ms req-e4f86f
2026-03-14T10:27:54Z GET /api/account 200 297ms req-492d78
2026-03-14T10:27:55Z POST /api/checkout 200 258ms req-2283c9
2026-03-14T10:27:57Z POST /api/account 200 344ms req-126c9c
2026-03-14T10:28:00Z POST /api/recommendations 200 91ms req-6f3ab1
2026-03-14T10:28:02Z PUT /api/cart 301 21ms req-b97e34
2026-03-14T10:28:04Z POST /api/session 200 244ms req-7d8baa
2026-03-14T10:28:07Z POST /api/search 301 18ms req-1c6874
2026-03-14T10:28:15Z POST /api/cart 404 347ms req-f43c22
2026-03-14T10:28:15Z GET /api/search 200 38ms req-f38914
2026-03-14T10:28:18Z POST /api/checkout 204 73ms req-bb6f71
2026-03-14T10:28:18Z POST /api/search 200 410ms req-296f4e
2026-03-14T10:28:19Z POST /api/orders 201 417ms req-90b047
2026-03-14T10:28:20Z POST /api/search 301 197ms req-bba809
2026-03-14T10:28:38Z PUT /healthz 301 400ms req-90c210
2026-03-14T10:28:44Z POST /api/orders 301 19ms req-f1b750
2026-03-14T10:28:50Z GET /api/orders 200 345ms req-5d977e
2026-03-14T10:28:54Z GET /healthz 200 199ms req-aa8699
2026-03-14T10:28:55Z GET /healthz 200 212ms req-63e64c
2026-03-14T10:28:57Z POST /api/orders 200 376ms req-acad2b
2026-03-14T10:28:58Z GET /api/cart 200 266ms req-2b268f
2026-03-14T10:29:00Z GET /api/shipping-quote 200 359ms req-a3877f
2026-03-14T10:29:03Z POST /api/search 200 260ms req-334c08
2026-03-14T10:29:06Z GET /api/orders 404 86ms req-a04550
2026-03-14T10:29:11Z GET /api/session 200 207ms req-0476b0
2026-03-14T10:29:15Z GET /api/orders 204 333ms req-6b5512
2026-03-14T10:29:20Z PUT /api/account 200 203ms req-f8e7d2
2026-03-14T10:29:29Z GET /api/orders 201 144ms req-40d872
2026-03-14T10:29:30Z GET /api/account 201 344ms req-051f3f
2026-03-14T10:29:36Z PUT /api/search 200 210ms req-afe88a
2026-03-14T10:29:43Z POST /api/products 200 60ms req-12f9bc
2026-03-14T10:29:44Z GET /api/checkout 200 173ms req-10e4ce
2026-03-14T10:29:45Z POST /healthz 200 267ms req-d2ba42
2026-03-14T10:29:45Z GET /api/search 200 329ms req-86a732
2026-03-14T10:29:46Z POST /healthz 200 81ms req-79d97d
2026-03-14T10:29:53Z POST /api/account 201 416ms req-2ea2d5
2026-03-14T10:29:58Z PUT /api/account 200 113ms req-1f6792
2026-03-14T10:30:02Z PUT /api/session 204 180ms req-de2475
2026-03-14T10:30:05Z GET /api/search 200 323ms req-f293cf
2026-03-14T10:30:07Z PUT /api/session 404 327ms req-e16a9d
2026-03-14T10:30:10Z POST /api/account 200 195ms req-605186
2026-03-14T10:30:19Z POST /api/recommendations 200 102ms req-46af0b
2026-03-14T10:30:29Z GET /api/products 301 308ms req-87619e
2026-03-14T10:30:34Z POST /api/session 200 284ms req-a83259
2026-03-14T10:30:48Z GET /api/orders 200 52ms req-65543e
2026-03-14T10:30:48Z PUT /api/shipping-quote 201 62ms req-5744d7
2026-03-14T10:30:51Z POST /api/account 200 251ms req-de3bf8
2026-03-14T10:30:51Z GET /api/checkout 200 367ms req-d485f1
2026-03-14T10:30:57Z POST /api/orders 200 353ms req-a6140e
2026-03-14T10:31:02Z GET /api/account 200 192ms req-7e1955
2026-03-14T10:31:05Z GET /api/products 200 38ms req-b817cf
2026-03-14T10:31:05Z POST /api/checkout 301 158ms req-e08fe5
2026-03-14T10:31:09Z POST /api/orders 200 152ms req-8d346f
2026-03-14T10:31:11Z GET /api/products 201 153ms req-e6e9c8
2026-03-14T10:31:13Z GET /api/recommendations 200 198ms req-b08224
2026-03-14T10:31:15Z POST /api/checkout 201 179ms req-f132b2
2026-03-14T10:31:21Z GET /api/account 301 81ms req-22e651
2026-03-14T10:31:25Z GET /api/orders 200 244ms req-3b9e34
2026-03-14T10:31:31Z GET /api/orders 200 239ms req-e22f0d
2026-03-14T10:31:36Z POST /api/account 200 205ms req-6ef8d7
2026-03-14T10:31:37Z PUT /api/search 200 365ms req-d788df
2026-03-14T10:31:40Z GET /api/recommendations 200 347ms req-3c23b5
2026-03-14T10:31:56Z POST /api/shipping-quote 200 35ms req-284472
2026-03-14T10:32:00Z GET /api/checkout 201 408ms req-7aaeae
2026-03-14T10:32:02Z PUT /api/orders 200 195ms req-f0026d
2026-03-14T10:32:06Z GET /api/products 404 354ms req-d71a69
2026-03-14T10:32:08Z PUT /api/orders 404 201ms req-269b2b
2026-03-14T10:32:12Z POST /healthz 200 242ms req-99db12
2026-03-14T10:32:15Z GET /api/account 204 290ms req-4b1c47
2026-03-14T10:32:15Z POST /api/account 404 350ms req-e0c620
2026-03-14T10:32:17Z GET /api/recommendations 200 144ms req-09a51a
2026-03-14T10:32:27Z POST /api/checkout 200 231ms req-589fac
2026-03-14T10:32:28Z POST /api/account 200 99ms req-791df1
2026-03-14T10:32:55Z GET /api/search 200 386ms req-157ac1
2026-03-14T10:32:56Z GET /api/checkout 200 196ms req-ebb074
2026-03-14T10:33:08Z POST /healthz 201 183ms req-5faa21
2026-03-14T10:33:11Z GET /api/orders 201 215ms req-647aa6
2026-03-14T10:33:12Z GET /api/account 404 122ms req-7ef587
2026-03-14T10:33:19Z PUT /api/checkout 404 316ms req-445c48
2026-03-14T10:33:20Z GET /api/checkout 200 21ms req-0fdb7b
2026-03-14T10:33:20Z GET /api/shipping-quote 204 318ms req-6fe409
2026-03-14T10:33:26Z GET /api/shipping-quote 200 165ms req-ce78c6
2026-03-14T10:33:29Z PUT /api/shipping-quote 200 153ms req-3c8cd9
2026-03-14T10:33:48Z POST /api/orders 204 378ms req-8f1b92
2026-03-14T10:33:57Z GET /api/checkout 200 67ms req-5eeb32
2026-03-14T10:33:58Z PUT /api/search 200 272ms req-b47401
2026-03-14T10:34:09Z POST /api/products 200 178ms req-d4ef9b
2026-03-14T10:34:12Z PUT /api/account 200 374ms req-6989fb
2026-03-14T10:34:12Z GET /api/orders 200 401ms req-a23206
2026-03-14T10:34:19Z GET /api/recommendations 201 86ms req-9531fb
2026-03-14T10:34:26Z POST /healthz 200 26ms req-bd4bd3
2026-03-14T10:34:28Z PUT /api/account 201 275ms req-7e0bbd
2026-03-14T10:34:28Z POST /healthz 200 260ms req-eb9585
2026-03-14T10:34:29Z GET /api/checkout 404 367ms req-7731ab
2026-03-14T10:34:38Z GET /api/orders 200 361ms req-5a3433
2026-03-14T10:34:41Z POST /api/session 200 313ms req-a465b3
2026-03-14T10:34:55Z PUT /api/products 200 276ms req-485f9a
2026-03-14T10:35:06Z POST /api/cart 200 38ms req-c649a1
2026-03-14T10:35:09Z POST /api/checkout 301 295ms req-853643
2026-03-14T10:35:23Z PUT /api/search 404 230ms req-078e12
2026-03-14T10:35:25Z POST /api/session 200 193ms req-aeeb78
2026-03-14T10:35:26Z POST /api/checkout 404 419ms req-edc9c5
2026-03-14T10:35:33Z GET /api/account 404 313ms req-68d761
2026-03-14T10:35:36Z PUT /api/session 201 395ms req-182b3f
2026-03-14T10:35:37Z GET /api/session 404 117ms req-69f1f3
2026-03-14T10:35:55Z GET /api/search 200 383ms req-a079eb
2026-03-14T10:35:55Z GET /api/recommendations 404 291ms req-a19007
2026-03-14T10:36:11Z POST /api/checkout 404 212ms req-3d19bd
2026-03-14T10:36:12Z POST /api/cart 200 21ms req-e8f634
2026-03-14T10:36:14Z PUT /api/products 301 150ms req-a26f74
2026-03-14T10:36:15Z GET /api/shipping-quote 200 344ms req-8a724d
2026-03-14T10:36:21Z POST /api/products 200 177ms req-e72b9a
2026-03-14T10:36:24Z GET /api/checkout 201 113ms req-9269f8
2026-03-14T10:36:27Z GET /api/shipping-quote 200 123ms req-78a73e
2026-03-14T10:36:37Z GET /healthz 204 301ms req-024835
2026-03-14T10:36:42Z PUT /api/products 200 343ms req-2b6a69
2026-03-14T10:36:47Z POST /api/shipping-quote 200 247ms req-e8115f
2026-03-14T10:36:53Z GET /api/orders 200 36ms req-a4e1d0
2026-03-14T10:36:58Z PUT /api/search 200 272ms req-226062
2026-03-14T10:36:58Z GET /api/orders 404 343ms req-50dbf1
2026-03-14T10:37:02Z POST /api/shipping-quote 200 354ms req-8d699b
2026-03-14T10:37:06Z GET /api/session 200 91ms req-cb2da2
2026-03-14T10:37:12Z PUT /api/account 404 405ms req-636699
2026-03-14T10:37:14Z GET /api/account 200 146ms req-c89d0a
2026-03-14T10:37:27Z GET /api/cart 200 300ms req-db19af
2026-03-14T10:37:30Z GET /healthz 200 235ms req-ef2fe2
2026-03-14T10:37:33Z POST /api/search 201 160ms req-3c2b88
2026-03-14T10:37:38Z POST /api/account 200 101ms req-024751
2026-03-14T10:37:43Z POST /api/products 200 207ms req-b14769
2026-03-14T10:37:47Z POST /api/session 200 54ms req-25c16d
2026-03-14T10:37:48Z POST /api/checkout 200 395ms req-1b587d
2026-03-14T10:37:49Z GET /api/checkout 200 341ms req-e3ef58
2026-03-14T10:37:58Z POST /api/cart 200 406ms req-76f2ee
2026-03-14T10:38:00Z GET /api/shipping-quote 200 364ms req-0a3167
2026-03-14T10:38:00Z GET /api/orders 301 336ms req-de2619
2026-03-14T10:38:03Z POST /api/cart 204 61ms req-212ba5
2026-03-14T10:38:17Z POST /api/checkout 200 214ms req-795527
2026-03-14T10:38:21Z GET /api/orders 200 273ms req-07dba7
2026-03-14T10:38:22Z GET /api/products 204 330ms req-624d8b
2026-03-14T10:38:23Z PUT /api/account 301 343ms req-5281f5
2026-03-14T10:38:26Z GET /api/checkout 200 283ms req-28d4c9
2026-03-14T10:38:29Z POST /api/account 201 18ms req-5d6d6a
2026-03-14T10:38:38Z POST /api/products 200 247ms req-5bfb8b
2026-03-14T10:38:48Z POST /api/orders 200 416ms req-1c14a5
2026-03-14T10:38:51Z GET /api/cart 301 126ms req-a54113
2026-03-14T10:38:51Z GET /api/account 200 163ms req-300cef
2026-03-14T10:38:56Z GET /api/account 301 272ms req-5c5fee
2026-03-14T10:39:03Z GET /api/account 301 246ms req-967250
2026-03-14T10:39:14Z POST /api/orders 200 36ms req-9cea8d
2026-03-14T10:39:15Z PUT /api/recommendations 204 16ms req-05b873
2026-03-14T10:39:18Z POST /api/recommendations 301 79ms req-59914a
2026-03-14T10:39:19Z GET /healthz 201 136ms req-acfc17
2026-03-14T10:39:20Z GET /api/checkout 200 164ms req-8fd463
2026-03-14T10:39:23Z PUT /api/products 404 187ms req-39e59a
2026-03-14T10:39:25Z GET /api/products 200 50ms req-2978d9
2026-03-14T10:39:26Z POST /api/orders 200 199ms req-bee523
2026-03-14T10:39:47Z POST /api/orders 404 267ms req-445127
2026-03-14T10:39:48Z GET /api/orders 404 251ms req-9304d4
2026-03-14T10:40:01Z GET /api/session 201 63ms req-6ec005
2026-03-14T10:40:07Z GET /api/orders 204 308ms req-6440b0
2026-03-14T10:40:09Z POST /api/shipping-quote 200 183ms req-840c47
2026-03-14T10:40:10Z POST /api/products 201 59ms req-08a1bd
2026-03-14T10:40:11Z POST /api/shipping-quote 301 378ms req-7a6b94
2026-03-14T10:40:12Z POST /api/checkout 404 153ms req-974c3f
2026-03-14T10:40:14Z GET /healthz 204 105ms req-16647e
2026-03-14T10:40:15Z GET /api/shipping-quote 201 124ms req-6e30a9
2026-03-14T10:40:15Z GET /api/cart 404 396ms req-abc147
2026-03-14T10:40:21Z GET /api/products 200 393ms req-778608
2026-03-14T10:40:24Z POST /api/account 200 204ms req-6af99f
2026-03-14T10:40:24Z GET /healthz 201 371ms req-5ec189
2026-03-14T10:40:26Z GET /api/account 201 146ms req-fe3c6f
2026-03-14T10:40:38Z GET /healthz 200 355ms req-3f0dfa
2026-03-14T10:40:39Z PUT /api/session 200 364ms req-b683fe
2026-03-14T10:40:44Z GET /api/checkout 200 384ms req-379437
2026-03-14T10:40:46Z POST /healthz 200 106ms req-afa0b0
2026-03-14T10:40:55Z POST /api/products 200 311ms req-8a0424
2026-03-14T10:41:02Z GET /healthz 200 300ms req-905a59
2026-03-14T10:41:04Z GET /api/search 404 8ms req-f50981
2026-03-14T10:41:07Z GET /api/cart 200 10ms req-e17a63
2026-03-14T10:41:08Z POST /api/cart 200 253ms req-b3c2da
2026-03-14T10:41:09Z GET /api/orders 200 253ms req-80df82
2026-03-14T10:41:15Z GET /api/cart 301 15ms req-d6f760
2026-03-14T10:41:19Z POST /healthz 200 70ms req-bc97de
2026-03-14T10:41:20Z PUT /api/products 201 190ms req-b08f41
2026-03-14T10:41:22Z POST /api/shipping-quote 200 265ms req-96a6a8
2026-03-14T10:41:23Z PUT /api/checkout 404 216ms req-b430ea
2026-03-14T10:41:27Z POST /api/shipping-quote 200 286ms req-1ec16a
2026-03-14T10:41:38Z PUT /api/recommendations 404 12ms req-989fa6
2026-03-14T10:41:38Z PUT /api/checkout 200 57ms req-a71aff
2026-03-14T10:41:41Z POST /api/cart 200 247ms req-41849b
2026-03-14T10:41:48Z GET /healthz 200 382ms req-482b9c
2026-03-14T10:41:56Z PUT /api/shipping-quote 201 400ms req-73766a
2026-03-14T10:41:59Z POST /api/session 200 114ms req-a2e657
2026-03-14T10:42:16Z GET /api/search 200 157ms req-703ae5
2026-03-14T10:42:19Z PUT /api/checkout 201 9ms req-271567
2026-03-14T10:42:20Z GET /api/search 404 298ms req-82c3a6
2026-03-14T10:42:29Z POST /api/recommendations 200 419ms req-fb1be9
2026-03-14T10:42:42Z GET /api/orders 200 26ms req-d6c39b
2026-03-14T10:42:44Z POST /api/recommendations 201 159ms req-b9e2a2
2026-03-14T10:42:47Z PUT /api/cart 301 360ms req-8b5254
2026-03-14T10:42:49Z POST /api/orders 301 309ms req-9826db
2026-03-14T10:42:59Z GET /api/cart 301 377ms req-b0e4cf
2026-03-14T10:42:59Z GET /api/orders 200 328ms req-1dda3c
2026-03-14T10:43:00Z GET /api/shipping-quote 200 336ms req-adea50
2026-03-14T10:43:06Z POST /api/orders 200 149ms req-d3d041
2026-03-14T10:43:07Z PUT /api/account 200 385ms req-f481c1
2026-03-14T10:43:19Z GET /api/shipping-quote 200 227ms req-ba51f8
2026-03-14T10:43:22Z POST /api/products 200 271ms req-0294da
2026-03-14T10:43:33Z GET /api/search 200 88ms req-f77199
2026-03-14T10:43:34Z GET /healthz 200 307ms req-75ba67
2026-03-14T10:43:36Z POST /api/cart 200 116ms req-0ea9b3
2026-03-14T10:43:39Z GET /healthz 200 311ms req-edd3a1
2026-03-14T10:43:39Z POST /api/products 200 402ms req-c22a0d
2026-03-14T10:43:45Z GET /api/session 301 138ms req-20991f
2026-03-14T10:43:50Z POST /api/session 301 203ms req-0b28d2
2026-03-14T10:43:59Z POST /api/search 404 285ms req-ee9a9d
2026-03-14T10:44:23Z POST /api/account 404 165ms req-07b03d
2026-03-14T10:44:29Z POST /api/account 201 68ms req-8ba7ff
2026-03-14T10:44:38Z GET /api/products 201 46ms req-321ed6
2026-03-14T10:44:39Z PUT /api/search 200 373ms req-0b022c
2026-03-14T10:44:43Z GET /api/search 200 300ms req-3c36b7
2026-03-14T10:44:53Z GET /api/checkout 201 394ms req-50fb8c
2026-03-14T10:44:55Z POST /api/orders 200 384ms req-2b22bd
2026-03-14T10:45:00Z POST /api/account 201 367ms req-45ef39
2026-03-14T10:45:11Z GET /api/account 200 403ms req-91ce00
2026-03-14T10:45:11Z GET /api/products 301 27ms req-e3a497
2026-03-14T10:45:16Z GET /healthz 201 93ms req-e01132
2026-03-14T10:45:28Z POST /api/cart 200 394ms req-96a169
2026-03-14T10:45:35Z PUT /api/orders 200 174ms req-30952f
2026-03-14T10:45:36Z PUT /api/checkout 200 82ms req-5b1c0f
2026-03-14T10:45:38Z GET /healthz 204 192ms req-038c31
2026-03-14T10:45:41Z GET /api/checkout 404 8ms req-6b9089
2026-03-14T10:45:44Z GET /api/checkout 200 296ms req-17333e
2026-03-14T10:45:45Z GET /api/orders 200 161ms req-b79457
2026-03-14T10:45:47Z GET /api/shipping-quote 201 28ms req-f61617
2026-03-14T10:45:59Z GET /api/account 200 376ms req-7bd89a
2026-03-14T10:46:09Z GET /api/account 200 137ms req-897ac8
2026-03-14T10:46:15Z GET /api/orders 200 33ms req-1a9aaf
2026-03-14T10:46:22Z POST /healthz 204 235ms req-ea4328
2026-03-14T10:46:25Z POST /api/account 201 246ms req-50bfcd
2026-03-14T10:46:31Z POST /api/products 404 134ms req-d15fe4
2026-03-14T10:46:33Z POST /api/products 404 314ms req-f4f4d2
2026-03-14T10:46:33Z GET /api/checkout 204 358ms req-189ffe
2026-03-14T10:46:35Z POST /healthz 200 69ms req-196311
2026-03-14T10:46:46Z GET /api/shipping-quote 200 37ms req-e89230
2026-03-14T10:47:07Z PUT /api/search 200 86ms req-85efde
2026-03-14T10:47:08Z GET /api/account 200 202ms req-fd31ac
2026-03-14T10:47:09Z POST /api/checkout 200 195ms req-837e65
2026-03-14T10:47:10Z PUT /api/checkout 201 320ms req-f2431f
2026-03-14T10:47:13Z POST /healthz 200 416ms req-5da66c
2026-03-14T10:47:17Z PUT /api/account 201 406ms req-905878
2026-03-14T10:47:18Z POST /api/products 200 332ms req-e3338e
2026-03-14T10:47:20Z GET /healthz 301 62ms req-af1836
2026-03-14T10:47:22Z POST /api/checkout 404 204ms req-3cc222
2026-03-14T10:47:25Z GET /api/products 204 317ms req-e787d9
2026-03-14T10:47:32Z GET /api/products 200 200ms req-6e5f9f
2026-03-14T10:47:37Z GET /api/cart 502 4619ms req-b8fe9c
2026-03-14T10:47:44Z POST /api/shipping-quote 200 76ms req-f98d0c
2026-03-14T10:47:47Z POST /api/recommendations 200 257ms req-c221ad
2026-03-14T10:47:53Z GET /api/search 200 305ms req-6727e0
2026-03-14T10:48:04Z GET /api/recommendations 301 343ms req-10d7ca
2026-03-14T10:48:13Z GET /api/account 201 107ms req-155681
2026-03-14T10:48:17Z PUT /healthz 200 338ms req-bb415d
2026-03-14T10:48:17Z GET /api/orders 301 260ms req-897eee
2026-03-14T10:48:32Z GET /api/account 200 148ms req-978930
2026-03-14T10:48:39Z GET /api/shipping-quote 200 50ms req-6cc191
2026-03-14T10:48:41Z POST /api/cart 200 386ms req-118ff3
2026-03-14T10:48:42Z GET /api/shipping-quote 204 405ms req-54850a
2026-03-14T10:48:42Z PUT /api/products 404 271ms req-2b4e37
2026-03-14T10:48:45Z POST /api/orders 204 39ms req-af10ba
2026-03-14T10:48:45Z POST /api/orders 200 381ms req-c786a0
2026-03-14T10:48:48Z POST /healthz 200 408ms req-0359bd
2026-03-14T10:48:51Z GET /api/orders 200 205ms req-c5ea2e
2026-03-14T10:48:52Z PUT /api/search 200 119ms req-10e679
2026-03-14T10:49:08Z GET /api/recommendations 200 44ms req-c10603
2026-03-14T10:49:22Z POST /api/checkout 204 303ms req-6a4663
2026-03-14T10:49:24Z GET /api/shipping-quote 301 249ms req-7553e1
2026-03-14T10:49:25Z GET /api/account 200 163ms req-7c61c5
2026-03-14T10:49:26Z POST /api/recommendations 200 245ms req-23dd35
2026-03-14T10:49:29Z GET /healthz 200 218ms req-d6fd36
2026-03-14T10:49:32Z GET /healthz 204 305ms req-dba9f0
2026-03-14T10:49:38Z GET /api/orders 201 47ms req-a80d9c
2026-03-14T10:49:42Z POST /api/account 204 343ms req-c0a2bc
2026-03-14T10:49:44Z POST /api/products 502 4943ms req-388ecd
2026-03-14T10:49:51Z POST /api/search 200 144ms req-6372ea
2026-03-14T10:49:52Z POST /api/recommendations 200 261ms req-5ac6a4
2026-03-14T10:50:01Z GET /api/checkout 301 171ms req-ec260e
2026-03-14T10:50:04Z POST /api/search 200 126ms req-505711
2026-03-14T10:50:07Z GET /api/orders 204 272ms req-e32f53
2026-03-14T10:50:13Z GET /api/account 200 27ms req-d9dca2
2026-03-14T10:50:31Z GET /api/products 200 261ms req-b158d6
2026-03-14T10:50:33Z PUT /api/shipping-quote 204 358ms req-094fd0
2026-03-14T10:50:52Z POST /api/search 200 312ms req-e1425a
2026-03-14T10:50:56Z PUT /api/search 200 214ms req-fffb3f
2026-03-14T10:50:58Z PUT /api/checkout 201 396ms req-2bd80b
2026-03-14T10:51:00Z GET /api/session 200 242ms req-9a6f38
2026-03-14T10:51:04Z PUT /api/recommendations 200 377ms req-f700d0
2026-03-14T10:51:09Z POST /api/account 200 202ms req-769396
2026-03-14T10:51:10Z GET /api/shipping-quote 301 369ms req-fbc258
2026-03-14T10:51:11Z GET /api/shipping-quote 200 328ms req-91f6df
2026-03-14T10:51:12Z GET /healthz 201 334ms req-3be1d2
2026-03-14T10:51:13Z GET /api/checkout 200 197ms req-f64f08
2026-03-14T10:51:17Z POST /api/orders 200 57ms req-afd829
2026-03-14T10:51:28Z POST /api/search 404 408ms req-68b639
2026-03-14T10:51:33Z GET /api/checkout 200 381ms req-7fe68f
2026-03-14T10:51:36Z GET /api/account 200 215ms req-e381a6
2026-03-14T10:51:37Z GET /api/session 200 172ms req-6ed332
2026-03-14T10:51:41Z GET /api/products 200 382ms req-b7873b
2026-03-14T10:51:50Z GET /api/products 204 296ms req-d13cad
2026-03-14T10:51:50Z GET /api/cart 301 378ms req-09d916
2026-03-14T10:51:54Z GET /api/shipping-quote 200 149ms req-9821cd
2026-03-14T10:51:55Z PUT /api/checkout 200 342ms req-d5bda7
2026-03-14T10:51:58Z GET /api/cart 204 243ms req-fac950
2026-03-14T10:52:02Z PUT /api/cart 404 330ms req-5639be
2026-03-14T10:52:03Z PUT /api/search 200 172ms req-c38cb9
2026-03-14T10:52:10Z GET /api/account 200 33ms req-de6740
2026-03-14T10:52:15Z GET /api/orders 204 403ms req-68f6c2
2026-03-14T10:52:15Z GET /api/orders 200 123ms req-2c5335
2026-03-14T10:52:19Z GET /api/checkout 204 162ms req-5621d8
2026-03-14T10:52:20Z PUT /healthz 301 357ms req-fb43eb
2026-03-14T10:52:23Z PUT /api/account 200 269ms req-f105b0
2026-03-14T10:52:26Z GET /api/recommendations 204 31ms req-8b1673
2026-03-14T10:52:26Z POST /api/cart 200 22ms req-451b68
2026-03-14T10:52:28Z GET /api/recommendations 200 195ms req-3ea09f
2026-03-14T10:52:29Z GET /api/session 404 91ms req-045202
2026-03-14T10:52:29Z GET /api/shipping-quote 200 170ms req-126418
2026-03-14T10:53:04Z POST /healthz 200 378ms req-51b483
2026-03-14T10:53:08Z GET /api/orders 200 398ms req-d3213f
2026-03-14T10:53:13Z POST /api/account 200 128ms req-088ca7
2026-03-14T10:53:14Z GET /api/cart 200 69ms req-1194a0
2026-03-14T10:53:14Z GET /api/search 200 332ms req-9781ff
2026-03-14T10:53:15Z GET /api/account 204 224ms req-89edc7
2026-03-14T10:53:16Z GET /api/session 301 383ms req-73fe8d
2026-03-14T10:53:16Z GET /api/cart 200 131ms req-7bb77f
2026-03-14T10:53:18Z GET /api/session 200 306ms req-d622a4
2026-03-14T10:53:27Z PUT /api/shipping-quote 201 328ms req-c4f752
2026-03-14T10:53:29Z GET /api/cart 200 165ms req-17f7fa
2026-03-14T10:53:32Z GET /api/products 200 207ms req-5bb40d
2026-03-14T10:53:32Z POST /api/recommendations 204 119ms req-cf0d0f
2026-03-14T10:53:35Z GET /api/shipping-quote 204 88ms req-1c9987
2026-03-14T10:53:40Z GET /api/products 200 389ms req-ae7881
2026-03-14T10:53:43Z POST /api/shipping-quote 200 343ms req-9382f3
2026-03-14T10:53:44Z GET /api/orders 200 162ms req-fe640a
2026-03-14T10:53:45Z POST /api/shipping-quote 404 126ms req-18050b
2026-03-14T10:53:46Z POST /api/recommendations 200 342ms req-c43b75
2026-03-14T10:53:49Z GET /api/session 301 10ms req-f0956f
2026-03-14T10:53:59Z PUT /api/account 200 251ms req-043df9
2026-03-14T10:54:10Z PUT /api/shipping-quote 201 346ms req-ead251
2026-03-14T10:54:10Z GET /api/checkout 200 144ms req-eb9250
2026-03-14T10:54:13Z GET /api/session 200 125ms req-c51bd8
2026-03-14T10:54:35Z GET /api/cart 200 250ms req-55d766
2026-03-14T10:54:39Z PUT /api/recommendations 200 189ms req-c9532b
2026-03-14T10:54:50Z GET /api/session 204 116ms req-444627
2026-03-14T10:54:54Z GET /api/shipping-quote 200 324ms req-0b137a
2026-03-14T10:54:58Z GET /healthz 201 57ms req-e22545
2026-03-14T10:55:02Z GET /api/shipping-quote 200 247ms req-8ea0ba
2026-03-14T10:55:04Z GET /api/session 201 131ms req-959500
2026-03-14T10:55:07Z GET /api/cart 200 348ms req-c59020
2026-03-14T10:55:18Z PUT /api/orders 200 131ms req-c25559
2026-03-14T10:55:19Z PUT /api/search 201 296ms req-4a7f6b
2026-03-14T10:55:22Z GET /api/cart 200 189ms req-34b8ea
2026-03-14T10:55:28Z GET /api/shipping-quote 404 385ms req-7c1a77
2026-03-14T10:55:41Z GET /api/session 200 318ms req-7a464a
2026-03-14T10:55:57Z PUT /api/search 200 29ms req-b19fa9
2026-03-14T10:55:58Z PUT /api/shipping-quote 201 339ms req-c9b649
2026-03-14T10:55:59Z POST /api/checkout 200 189ms req-083cce
2026-03-14T10:55:59Z GET /api/session 200 188ms req-b478dc
2026-03-14T10:56:04Z GET /api/cart 201 171ms req-e38903
2026-03-14T10:56:20Z PUT /api/session 204 138ms req-f27e42
2026-03-14T10:56:21Z POST /api/shipping-quote 301 296ms req-2749e4
2026-03-14T10:56:25Z POST /api/shipping-quote 200 182ms req-2533ea
2026-03-14T10:56:26Z GET /api/shipping-quote 502 5042ms req-72673e
2026-03-14T10:56:30Z PUT /api/shipping-quote 301 208ms req-78a7d3
2026-03-14T10:56:40Z POST /api/account 200 321ms req-eadddc
2026-03-14T10:56:53Z GET /api/search 404 22ms req-69b385
2026-03-14T10:57:00Z PUT /api/recommendations 404 364ms req-c59502
2026-03-14T10:57:00Z GET /api/account 404 346ms req-cc66be
2026-03-14T10:57:13Z PUT /api/cart 200 226ms req-d3918f
2026-03-14T10:57:17Z GET /api/checkout 201 298ms req-a95746
2026-03-14T10:57:31Z GET /healthz 204 174ms req-05f943
2026-03-14T10:57:31Z GET /api/shipping-quote 200 281ms req-aa5f73
2026-03-14T10:57:33Z POST /api/account 404 280ms req-0715f3
2026-03-14T10:57:34Z POST /api/session 201 11ms req-b76018
2026-03-14T10:57:38Z PUT /api/checkout 200 44ms req-afc6ec
2026-03-14T10:57:42Z POST /api/account 200 331ms req-b1c401
2026-03-14T10:57:44Z GET /api/orders 200 141ms req-8b02fd
2026-03-14T10:57:44Z GET /api/checkout 200 26ms req-db0bf0
2026-03-14T10:57:47Z POST /api/checkout 204 317ms req-646dbf
2026-03-14T10:58:00Z POST /api/orders 201 71ms req-5c5376
2026-03-14T10:58:02Z GET /api/session 200 47ms req-39a97c
2026-03-14T10:58:13Z POST /api/cart 404 93ms req-661209
2026-03-14T10:58:13Z POST /api/recommendations 204 13ms req-5d765e
2026-03-14T10:58:22Z POST /api/search 404 54ms req-459877
2026-03-14T10:58:26Z GET /api/search 200 48ms req-21a07a
2026-03-14T10:58:30Z PUT /api/products 200 395ms req-fb2296
2026-03-14T10:58:30Z GET /healthz 200 326ms req-5290ba
2026-03-14T10:58:41Z GET /healthz 301 114ms req-7a99cd
2026-03-14T10:58:45Z GET /api/search 404 315ms req-fc95f7
2026-03-14T10:58:46Z PUT /api/recommendations 200 157ms req-54cd64
2026-03-14T10:58:51Z POST /api/products 301 104ms req-bfecd9
2026-03-14T10:58:57Z POST /api/session 200 409ms req-7847e7
2026-03-14T10:58:57Z POST /api/search 200 360ms req-78e1e0
2026-03-14T10:58:59Z POST /api/recommendations 200 177ms req-1f33cd
2026-03-14T10:58:59Z POST /api/session 200 213ms req-df9e33
2026-03-14T10:59:03Z PUT /api/search 200 227ms req-5f58ce
2026-03-14T10:59:05Z GET /healthz 200 222ms req-e94d8a
2026-03-14T10:59:25Z POST /api/account 204 245ms req-759dd1
2026-03-14T10:59:29Z PUT /api/account 200 284ms req-dda4fc
2026-03-14T10:59:31Z POST /api/checkout 301 331ms req-08a3eb
2026-03-14T10:59:35Z GET /api/recommendations 200 75ms req-4f37ed
2026-03-14T10:59:40Z PUT /api/products 200 410ms req-b5b18f
2026-03-14T10:59:41Z GET /api/recommendations 301 236ms req-67c133
2026-03-14T10:59:47Z GET /api/products 200 383ms req-552163
2026-03-14T10:59:47Z PUT /api/cart 200 111ms req-d70e5a
2026-03-14T10:59:49Z GET /api/session 201 300ms req-516c12
2026-03-14T11:00:02Z GET /api/account 301 95ms req-7beb97
2026-03-14T11:00:04Z POST /api/recommendations 404 168ms req-e2cd06
2026-03-14T11:00:04Z PUT /api/cart 301 339ms req-514320
2026-03-14T11:00:11Z PUT /api/search 204 242ms req-11d112
2026-03-14T11:00:15Z POST /api/checkout 200 409ms req-e58c59
2026-03-14T11:00:24Z POST /api/session 200 341ms req-ddbf78
2026-03-14T11:00:24Z POST /api/recommendations 200 253ms req-ebb166
2026-03-14T11:00:27Z GET /api/checkout 301 162ms req-7f7be3
2026-03-14T11:00:35Z PUT /healthz 201 200ms req-fe1d68
2026-03-14T11:00:36Z GET /api/search 200 248ms req-9c1e3f
2026-03-14T11:00:45Z POST /api/account 404 52ms req-349e31
2026-03-14T11:00:47Z POST /api/search 404 351ms req-6921e4
2026-03-14T11:00:49Z POST /api/checkout 204 180ms req-d00a00
2026-03-14T11:00:55Z POST /api/recommendations 404 285ms req-d414fa
2026-03-14T11:00:58Z POST /healthz 200 118ms req-33f525
2026-03-14T11:01:00Z GET /api/recommendations 200 29ms req-c35f85
2026-03-14T11:01:07Z GET /api/products 200 10ms req-9e9711
2026-03-14T11:01:08Z PUT /api/account 204 195ms req-90a9e5
2026-03-14T11:01:17Z POST /api/session 201 36ms req-443cbb
2026-03-14T11:01:18Z POST /api/cart 200 57ms req-a30776
2026-03-14T11:01:28Z PUT /api/orders 301 270ms req-892d02
2026-03-14T11:01:36Z GET /api/session 200 41ms req-a2c1f9
2026-03-14T11:01:39Z POST /api/checkout 204 33ms req-995076
2026-03-14T11:01:42Z GET /healthz 200 116ms req-84aea9
2026-03-14T11:01:46Z POST /api/shipping-quote 201 327ms req-bcaead
2026-03-14T11:01:47Z POST /api/recommendations 200 414ms req-f5356c
2026-03-14T11:01:51Z POST /api/products 404 327ms req-78e556
2026-03-14T11:01:59Z POST /api/recommendations 200 303ms req-3f1d38
2026-03-14T11:02:00Z GET /api/orders 200 237ms req-06f15f
2026-03-14T11:02:01Z POST /api/products 301 58ms req-b2f404
2026-03-14T11:02:01Z PUT /healthz 201 123ms req-761814
2026-03-14T11:02:06Z GET /api/checkout 200 245ms req-d56e6c
2026-03-14T11:02:10Z PUT /api/orders 301 196ms req-183f87
2026-03-14T11:02:11Z PUT /api/shipping-quote 204 73ms req-39eb30
2026-03-14T11:02:14Z GET /api/cart 200 319ms req-8ff7ac
2026-03-14T11:02:24Z GET /healthz 201 242ms req-2d5903
2026-03-14T11:02:28Z POST /api/shipping-quote 204 24ms req-28aee4
2026-03-14T11:02:28Z GET /api/checkout 200 281ms req-355f7a
2026-03-14T11:02:38Z GET /api/account 200 383ms req-12df7c
2026-03-14T11:02:42Z POST /api/account 301 166ms req-2847e7
2026-03-14T11:02:51Z POST /healthz 200 190ms req-135dff
2026-03-14T11:02:54Z GET /api/cart 301 306ms req-c52ae6
2026-03-14T11:03:11Z GET /api/shipping-quote 200 241ms req-7de462
2026-03-14T11:03:17Z POST /api/recommendations 404 176ms req-e2e7c1
2026-03-14T11:03:21Z GET /api/search 404 13ms req-7b47aa
2026-03-14T11:03:22Z POST /api/shipping-quote 204 107ms req-9f64e6
2026-03-14T11:03:22Z GET /api/search 404 50ms req-e2f2ac
2026-03-14T11:03:27Z POST /api/account 201 233ms req-20c946
2026-03-14T11:03:28Z PUT /api/session 301 375ms req-26cd85
2026-03-14T11:03:29Z PUT /api/products 200 212ms req-1aa063
2026-03-14T11:03:44Z PUT /api/search 301 282ms req-c08c67
2026-03-14T11:03:47Z POST /api/orders 204 155ms req-901bcb
2026-03-14T11:03:48Z POST /api/checkout 301 217ms req-e4ac09
2026-03-14T11:03:49Z GET /api/account 404 152ms req-5a153f
2026-03-14T11:03:53Z GET /api/session 200 229ms req-9b8df8
2026-03-14T11:04:09Z POST /api/products 200 17ms req-d3512d
2026-03-14T11:04:10Z POST /api/session 404 142ms req-dfdcc0
2026-03-14T11:04:24Z POST /api/checkout 201 328ms req-8d0d99
2026-03-14T11:04:31Z POST /api/session 200 207ms req-10cbe5
2026-03-14T11:04:35Z PUT /api/search 200 116ms req-cf0e4e
2026-03-14T11:04:36Z POST /healthz 301 325ms req-437918
2026-03-14T11:04:38Z POST /api/account 404 271ms req-670eb6
2026-03-14T11:04:40Z POST /api/products 201 185ms req-9024aa
2026-03-14T11:04:43Z GET /api/account 200 53ms req-2497af
2026-03-14T11:04:56Z POST /healthz 201 194ms req-073dba
2026-03-14T11:05:18Z GET /healthz 200 70ms req-ee9567
2026-03-14T11:05:20Z GET /api/search 200 57ms req-667347
2026-03-14T11:05:27Z GET /api/account 200 417ms req-ab2b8b
2026-03-14T11:05:27Z PUT /api/orders 404 306ms req-4f3258
2026-03-14T11:05:29Z PUT /api/shipping-quote 200 243ms req-8e7216
2026-03-14T11:05:32Z GET /api/orders 200 62ms req-607027
2026-03-14T11:05:32Z PUT /healthz 201 117ms req-c90bd2
2026-03-14T11:05:50Z PUT /api/orders 200 142ms req-a715ab
2026-03-14T11:05:50Z GET /api/orders 200 296ms req-e0161b
2026-03-14T11:05:53Z POST /api/search 301 279ms req-779667
2026-03-14T11:05:56Z GET /api/products 200 63ms req-26914e
2026-03-14T11:06:03Z POST /api/session 200 208ms req-1836bb
2026-03-14T11:06:03Z GET /api/shipping-quote 204 239ms req-ccccfc
2026-03-14T11:06:04Z PUT /api/cart 404 382ms req-9bb77e
2026-03-14T11:06:09Z GET /api/search 404 255ms req-3830a8
2026-03-14T11:06:11Z GET /api/search 204 114ms req-1f32bd
2026-03-14T11:06:12Z POST /api/account 200 113ms req-0bd296
2026-03-14T11:06:32Z PUT /api/session 301 154ms req-579af3
2026-03-14T11:06:33Z POST /api/account 404 102ms req-4fb1d8
2026-03-14T11:06:36Z POST /api/shipping-quote 200 105ms req-b35a39
2026-03-14T11:06:40Z GET /api/orders 204 264ms req-bb64e2
2026-03-14T11:06:41Z GET /api/shipping-quote 200 359ms req-e506ac
2026-03-14T11:06:48Z GET /api/shipping-quote 404 157ms req-994360
2026-03-14T11:06:54Z POST /api/session 200 284ms req-e69168
2026-03-14T11:07:13Z POST /api/cart 404 227ms req-c71185
2026-03-14T11:07:16Z PUT /api/recommendations 404 134ms req-a60fc3
2026-03-14T11:07:28Z GET /api/products 200 8ms req-0fa1cd
2026-03-14T11:07:32Z PUT /api/session 200 134ms req-bb8fa4
2026-03-14T11:07:32Z GET /api/cart 204 285ms req-4b2ea5
2026-03-14T11:07:38Z PUT /api/recommendations 204 115ms req-34b2d2
2026-03-14T11:07:45Z PUT /api/account 200 273ms req-31d556
2026-03-14T11:07:49Z GET /api/orders 404 363ms req-6f8666
2026-03-14T11:08:09Z POST /api/account 200 120ms req-48a113
2026-03-14T11:08:17Z GET /api/checkout 200 248ms req-238e85
2026-03-14T11:08:28Z GET /api/products 301 149ms req-50d776
2026-03-14T11:08:35Z POST /api/orders 200 344ms req-09ff56
2026-03-14T11:08:40Z PUT /healthz 201 356ms req-74f28f
2026-03-14T11:08:50Z POST /api/products 200 379ms req-73469a
2026-03-14T11:08:51Z POST /api/checkout 204 403ms req-e32696
2026-03-14T11:08:55Z POST /api/cart 201 128ms req-d08412
2026-03-14T11:08:58Z POST /api/account 404 218ms req-f9aa5e
2026-03-14T11:08:59Z GET /api/search 404 378ms req-66c284
2026-03-14T11:09:04Z POST /api/recommendations 200 214ms req-f5a9c9
2026-03-14T11:09:05Z GET /api/cart 204 329ms req-7057c3
2026-03-14T11:09:06Z GET /api/checkout 200 363ms req-02fac6
2026-03-14T11:09:07Z GET /api/checkout 200 166ms req-e23898
2026-03-14T11:09:13Z GET /healthz 201 386ms req-358792
2026-03-14T11:09:15Z GET /api/orders 301 357ms req-5b0965
2026-03-14T11:09:16Z GET /healthz 200 301ms req-f3b0cb
2026-03-14T11:09:18Z POST /api/orders 200 337ms req-8876c0
2026-03-14T11:09:20Z GET /api/account 200 394ms req-c1919b
2026-03-14T11:09:23Z PUT /api/account 200 87ms req-4018d3
2026-03-14T11:09:27Z GET /api/products 201 27ms req-7724ac
2026-03-14T11:09:29Z POST /api/orders 200 215ms req-70cec1
2026-03-14T11:09:36Z GET /api/recommendations 301 254ms req-7794d4
2026-03-14T11:09:39Z GET /api/session 200 18ms req-06bf0b
2026-03-14T11:09:43Z GET /api/checkout 200 269ms req-480dc4
2026-03-14T11:09:55Z GET /healthz 201 154ms req-bacbbf
2026-03-14T11:10:08Z GET /api/checkout 404 98ms req-e04432
2026-03-14T11:10:09Z POST /api/checkout 404 71ms req-5472e5
2026-03-14T11:10:12Z POST /api/products 201 105ms req-3991cd
2026-03-14T11:10:24Z POST /api/shipping-quote 200 249ms req-4922f3
2026-03-14T11:10:33Z POST /api/products 200 375ms req-4eb9bd
2026-03-14T11:10:40Z GET /api/search 200 116ms req-409191
2026-03-14T11:10:42Z GET /api/search 200 194ms req-78dc33
2026-03-14T11:10:45Z GET /healthz 200 103ms req-9bf07b
2026-03-14T11:10:47Z GET /api/session 200 56ms req-051071
2026-03-14T11:11:04Z PUT /api/recommendations 200 76ms req-aa5d19
2026-03-14T11:11:07Z GET /api/search 201 295ms req-bb5a68
2026-03-14T11:11:10Z POST /api/session 200 17ms req-7bac5c
2026-03-14T11:11:11Z GET /api/recommendations 404 346ms req-c4c9bc
2026-03-14T11:11:17Z GET /api/products 201 193ms req-1b4499
2026-03-14T11:11:18Z POST /api/orders 301 63ms req-67dbe8
2026-03-14T11:11:25Z GET /api/search 404 32ms req-f275fb
2026-03-14T11:11:28Z GET /api/shipping-quote 200 44ms req-77026c
2026-03-14T11:11:28Z GET /api/checkout 404 346ms req-438b0d
2026-03-14T11:11:46Z GET /api/cart 200 269ms req-422314
2026-03-14T11:11:49Z GET /api/recommendations 204 368ms req-df402b
2026-03-14T11:11:57Z POST /healthz 200 399ms req-3ed6f7
2026-03-14T11:12:09Z GET /api/products 201 174ms req-fe003b
2026-03-14T11:12:14Z PUT /api/account 200 164ms req-68908e
2026-03-14T11:12:17Z POST /api/cart 404 286ms req-ef335c
2026-03-14T11:12:20Z GET /api/shipping-quote 404 158ms req-d00154
2026-03-14T11:12:24Z GET /api/search 200 260ms req-b88feb
2026-03-14T11:12:27Z POST /api/cart 201 409ms req-33ac2f
2026-03-14T11:12:38Z POST /api/cart 200 368ms req-870ea5
2026-03-14T11:12:43Z PUT /api/products 200 38ms req-010da4
2026-03-14T11:12:46Z PUT /api/shipping-quote 404 238ms req-c05f28
2026-03-14T11:12:53Z PUT /healthz 200 21ms req-b7174c
2026-03-14T11:12:53Z POST /api/recommendations 301 119ms req-4604af
2026-03-14T11:12:59Z GET /api/checkout 200 140ms req-93fc61
2026-03-14T11:13:08Z POST /api/checkout 404 355ms req-663d18
2026-03-14T11:13:17Z POST /api/session 200 418ms req-145cf0
2026-03-14T11:13:27Z PUT /api/session 204 123ms req-51a715
2026-03-14T11:13:37Z POST /api/orders 201 241ms req-af855a
2026-03-14T11:13:41Z GET /healthz 200 291ms req-a937ac
2026-03-14T11:13:46Z GET /api/shipping-quote 200 93ms req-4bdd32
2026-03-14T11:13:50Z GET /api/cart 201 134ms req-845880
2026-03-14T11:13:51Z POST /api/session 200 272ms req-c3108e
2026-03-14T11:13:58Z GET /api/account 200 322ms req-bf3af7
2026-03-14T11:14:01Z GET /api/orders 404 9ms req-b7accf
2026-03-14T11:14:01Z POST /api/checkout 204 309ms req-e4ac6c
2026-03-14T11:14:05Z GET /healthz 201 243ms req-6f93d3
2026-03-14T11:14:08Z GET /api/account 404 350ms req-10ec09
2026-03-14T11:14:13Z GET /api/orders 404 211ms req-5fb1a4
2026-03-14T11:14:25Z GET /api/search 201 301ms req-c0051a
2026-03-14T11:14:33Z GET /api/orders 200 140ms req-24e69f
2026-03-14T11:14:40Z POST /api/recommendations 404 333ms req-511718
2026-03-14T11:14:43Z GET /api/orders 200 242ms req-0dce02
2026-03-14T11:14:44Z PUT /api/cart 201 224ms req-483922
2026-03-14T11:14:47Z POST /api/session 404 349ms req-6cce8c
2026-03-14T11:14:53Z POST /api/search 200 307ms req-46fc51
2026-03-14T11:14:59Z PUT /api/recommendations 200 394ms req-21667c
2026-03-14T11:15:02Z GET /api/search 204 285ms req-79d66a
2026-03-14T11:15:10Z PUT /api/products 200 387ms req-f23a3d
2026-03-14T11:15:21Z GET /api/search 200 273ms req-e4eb57
2026-03-14T11:15:22Z POST /api/orders 200 201ms req-e790b3
2026-03-14T11:15:25Z GET /api/account 301 287ms req-d85130
2026-03-14T11:15:26Z GET /api/checkout 200 55ms req-1424ea
2026-03-14T11:15:30Z GET /api/recommendations 200 71ms req-579174
2026-03-14T11:15:34Z POST /api/orders 200 219ms req-c633d4
2026-03-14T11:15:42Z GET /api/session 404 20ms req-7419c1
2026-03-14T11:15:45Z POST /api/session 200 14ms req-b9d150
2026-03-14T11:15:50Z GET /api/products 204 68ms req-272187
2026-03-14T11:15:53Z POST /api/search 200 38ms req-5f3499
2026-03-14T11:16:03Z POST /api/search 200 122ms req-832718
2026-03-14T11:16:03Z PUT /api/products 404 118ms req-5bfe0c
2026-03-14T11:16:06Z POST /api/products 200 42ms req-300e17
2026-03-14T11:16:17Z GET /api/account 200 271ms req-60ea59
2026-03-14T11:16:20Z GET /api/search 200 270ms req-58cb7f
2026-03-14T11:16:26Z GET /api/account 200 253ms req-a6b5e3
2026-03-14T11:16:26Z POST /api/session 301 322ms req-25d820
2026-03-14T11:16:27Z GET /api/checkout 201 31ms req-d78803
2026-03-14T11:16:32Z PUT /api/account 301 269ms req-ffd4fd
2026-03-14T11:16:35Z POST /api/shipping-quote 200 296ms req-2d7d0a
2026-03-14T11:16:37Z POST /healthz 200 147ms req-c19d8a
2026-03-14T11:16:48Z POST /api/orders 200 335ms req-aef65b
2026-03-14T11:16:52Z GET /healthz 204 404ms req-c83735
2026-03-14T11:16:55Z GET /api/products 200 250ms req-d46f04
2026-03-14T11:16:55Z POST /api/cart 200 14ms req-34dea2
2026-03-14T11:16:58Z POST /api/session 200 360ms req-aad579
2026-03-14T11:17:00Z GET /api/checkout 201 377ms req-870409
2026-03-14T11:17:01Z POST /healthz 200 69ms req-8887f5
2026-03-14T11:17:06Z GET /api/shipping-quote 200 294ms req-484742
2026-03-14T11:17:15Z GET /api/search 200 380ms req-f4417c
2026-03-14T11:17:33Z GET /api/recommendations 200 253ms req-be7016
2026-03-14T11:17:37Z PUT /healthz 200 391ms req-baa0c8
2026-03-14T11:17:43Z PUT /api/session 200 124ms req-d33372
2026-03-14T11:17:52Z POST /api/account 200 171ms req-782aef
2026-03-14T11:17:57Z PUT /api/checkout 404 18ms req-59c07c
2026-03-14T11:17:58Z GET /api/checkout 200 267ms req-3872b6
2026-03-14T11:18:00Z GET /api/cart 404 369ms req-6497b7
2026-03-14T11:18:07Z GET /api/products 200 400ms req-029ebb
2026-03-14T11:18:14Z GET /api/session 204 412ms req-a1cca3
2026-03-14T11:18:15Z PUT /api/search 200 38ms req-70fecd
2026-03-14T11:18:16Z POST /api/account 200 53ms req-71d41d
2026-03-14T11:18:21Z PUT /api/search 204 74ms req-5d6ad1
2026-03-14T11:18:21Z POST /api/session 204 238ms req-e19719
2026-03-14T11:18:26Z POST /api/account 200 386ms req-c2a761
2026-03-14T11:18:32Z GET /api/search 200 63ms req-0e9594
2026-03-14T11:18:38Z POST /api/search 404 99ms req-255fda
2026-03-14T11:18:43Z POST /api/shipping-quote 301 292ms req-179044
2026-03-14T11:18:50Z POST /api/session 200 109ms req-c6b167
2026-03-14T11:18:50Z GET /api/checkout 201 201ms req-acad30
2026-03-14T11:18:53Z PUT /api/recommendations 200 327ms req-4837a3
2026-03-14T11:18:58Z PUT /api/recommendations 200 49ms req-9a9813
2026-03-14T11:19:10Z GET /api/session 200 11ms req-b23918
2026-03-14T11:19:11Z GET /api/account 404 232ms req-df5b13
2026-03-14T11:19:13Z POST /healthz 301 312ms req-2abdc9
2026-03-14T11:19:16Z PUT /api/recommendations 200 307ms req-d2e6d7
2026-03-14T11:19:17Z GET /api/search 301 15ms req-894bdc
2026-03-14T11:19:18Z POST /api/checkout 200 300ms req-fea8c5
2026-03-14T11:19:43Z PUT /api/checkout 201 138ms req-2b9ed1
2026-03-14T11:19:49Z GET /api/account 200 144ms req-cb3732
2026-03-14T11:19:51Z POST /api/session 200 179ms req-7c6152
2026-03-14T11:19:55Z GET /api/search 201 408ms req-d1d99a
2026-03-14T11:20:00Z POST /api/session 301 286ms req-104ac0
2026-03-14T11:20:04Z GET /api/products 201 80ms req-bb249a
2026-03-14T11:20:04Z POST /api/checkout 201 289ms req-c0d4c5
2026-03-14T11:20:06Z GET /api/shipping-quote 404 338ms req-082396
2026-03-14T11:20:08Z GET /api/recommendations 200 92ms req-f6c187
2026-03-14T11:20:13Z POST /api/search 301 316ms req-1776dc
2026-03-14T11:20:19Z PUT /healthz 200 397ms req-9c39f4
2026-03-14T11:20:21Z GET /api/shipping-quote 200 283ms req-601ae3
2026-03-14T11:20:24Z GET /api/session 201 224ms req-ebe3b3
2026-03-14T11:20:28Z PUT /api/recommendations 301 243ms req-5a3f02
2026-03-14T11:20:28Z PUT /api/products 301 419ms req-207cbf
2026-03-14T11:20:34Z GET /api/cart 200 400ms req-8a40b0
2026-03-14T11:20:36Z POST /api/products 301 250ms req-3ad260
2026-03-14T11:20:40Z POST /api/cart 200 80ms req-a83ccf
2026-03-14T11:20:42Z GET /api/cart 200 412ms req-15d68d
2026-03-14T11:20:43Z GET /api/shipping-quote 200 195ms req-dbf279
2026-03-14T11:20:47Z POST /api/orders 301 352ms req-566198
2026-03-14T11:20:56Z PUT /api/account 404 351ms req-c50f74
2026-03-14T11:20:57Z PUT /api/products 201 318ms req-19c010
2026-03-14T11:20:58Z GET /api/orders 200 180ms req-79a4cc
2026-03-14T11:21:09Z GET /api/shipping-quote 404 375ms req-69f509
2026-03-14T11:21:09Z POST /api/checkout 200 264ms req-a0dcd6
2026-03-14T11:21:23Z POST /api/orders 200 336ms req-111fd0
2026-03-14T11:21:31Z GET /api/products 404 232ms req-b36587
2026-03-14T11:21:48Z GET /api/search 200 414ms req-719ce9
2026-03-14T11:21:50Z GET /api/cart 200 308ms req-0378a4
2026-03-14T11:21:53Z POST /api/session 404 153ms req-708c84
2026-03-14T11:21:59Z POST /api/search 404 262ms req-a7e692
2026-03-14T11:22:00Z POST /api/shipping-quote 200 227ms req-5c1335
2026-03-14T11:22:04Z GET /api/products 200 180ms req-3850ed
2026-03-14T11:22:06Z PUT /api/recommendations 200 67ms req-c291de
2026-03-14T11:22:08Z GET /api/orders 200 283ms req-ed40b3
2026-03-14T11:22:11Z GET /api/shipping-quote 301 320ms req-7d4e49
2026-03-14T11:22:26Z PUT /healthz 200 254ms req-036ad9
2026-03-14T11:22:26Z GET /healthz 200 124ms req-232be2
2026-03-14T11:22:31Z PUT /api/recommendations 204 331ms req-5b0f7f
2026-03-14T11:22:37Z PUT /api/products 201 65ms req-0e5928
2026-03-14T11:22:39Z POST /api/recommendations 404 200ms req-a6f3dc
2026-03-14T11:22:42Z GET /api/shipping-quote 204 217ms req-5a5277
2026-03-14T11:22:52Z GET /api/recommendations 200 256ms req-047e19
2026-03-14T11:23:20Z GET /api/cart 301 284ms req-1a1e36
2026-03-14T11:23:20Z GET /api/cart 201 217ms req-8ceed2
2026-03-14T11:23:20Z GET /api/checkout 404 169ms req-257bc7
2026-03-14T11:23:21Z GET /api/session 200 234ms req-578057
2026-03-14T11:23:22Z PUT /api/orders 404 32ms req-5e72dd
2026-03-14T11:23:23Z GET /api/recommendations 204 227ms req-2212d1
2026-03-14T11:23:39Z POST /api/session 200 85ms req-868bbb
2026-03-14T11:23:42Z GET /api/checkout 204 73ms req-c27709
2026-03-14T11:23:44Z GET /api/recommendations 204 208ms req-563fa1
2026-03-14T11:23:59Z GET /api/session 200 397ms req-b9fe2e
2026-03-14T11:24:01Z PUT /healthz 204 178ms req-8b7b16
2026-03-14T11:24:13Z POST /api/session 404 276ms req-c768d5
2026-03-14T11:24:16Z GET /api/cart 200 305ms req-573a63
2026-03-14T11:24:17Z POST /api/orders 200 32ms req-df3ac3
2026-03-14T11:24:17Z PUT /api/orders 200 130ms req-f2c2a3
2026-03-14T11:24:19Z GET /api/checkout 404 104ms req-4531e8
2026-03-14T11:24:22Z PUT /api/cart 502 2497ms req-5b930d
2026-03-14T11:24:25Z GET /api/recommendations 201 239ms req-f5e0af
2026-03-14T11:24:26Z POST /api/shipping-quote 200 80ms req-ca3c8c
2026-03-14T11:24:32Z GET /api/shipping-quote 201 124ms req-d4e9ad
2026-03-14T11:24:38Z POST /healthz 301 66ms req-cc4a27
2026-03-14T11:24:44Z GET /api/checkout 301 315ms req-f28dc8
2026-03-14T11:24:46Z GET /api/account 200 76ms req-77ffcd
2026-03-14T11:24:48Z GET /api/cart 200 210ms req-e9da0b
2026-03-14T11:24:51Z PUT /api/cart 200 405ms req-bb8e5e
2026-03-14T11:24:52Z POST /healthz 200 240ms req-4deaee
2026-03-14T11:24:58Z GET /api/cart 200 264ms req-73cd87
2026-03-14T11:24:58Z POST /api/orders 200 269ms req-4df698
2026-03-14T11:25:06Z GET /api/recommendations 200 149ms req-41d3e6
2026-03-14T11:25:07Z GET /api/account 200 104ms req-07e983
2026-03-14T11:25:10Z GET /api/search 204 267ms req-5971df
2026-03-14T11:25:16Z GET /api/account 204 117ms req-c5b8be
2026-03-14T11:25:21Z GET /api/products 204 62ms req-417004
2026-03-14T11:25:28Z GET /api/orders 200 175ms req-b86bea
2026-03-14T11:25:37Z GET /api/products 301 120ms req-43f43a
2026-03-14T11:25:41Z GET /api/recommendations 200 154ms req-80e982
2026-03-14T11:25:43Z GET /api/search 201 87ms req-12495b
2026-03-14T11:25:44Z POST /api/search 200 146ms req-c961d9
2026-03-14T11:25:46Z GET /api/products 404 289ms req-34391d
2026-03-14T11:25:46Z PUT /api/shipping-quote 301 295ms req-eb6ebd
2026-03-14T11:25:49Z GET /api/products 200 147ms req-fdeb57
2026-03-14T11:26:07Z POST /api/orders 200 137ms req-b16adb
2026-03-14T11:26:17Z POST /api/orders 200 416ms req-b03eab
2026-03-14T11:26:18Z GET /api/search 301 51ms req-09268b
2026-03-14T11:26:19Z GET /healthz 200 101ms req-5f0037
2026-03-14T11:26:20Z GET /api/recommendations 404 87ms req-02450c
2026-03-14T11:26:21Z GET /api/cart 200 359ms req-cba953
2026-03-14T11:26:21Z GET /api/products 200 53ms req-f0196d
2026-03-14T11:26:24Z POST /api/orders 404 295ms req-9d4ffa
2026-03-14T11:26:24Z POST /api/session 301 382ms req-cad565
2026-03-14T11:26:27Z GET /api/recommendations 200 82ms req-765cd8
2026-03-14T11:26:34Z POST /api/session 200 386ms req-99968b
2026-03-14T11:26:37Z PUT /api/shipping-quote 200 63ms req-3db861
2026-03-14T11:26:37Z GET /api/shipping-quote 200 315ms req-ba802f
2026-03-14T11:26:42Z GET /api/shipping-quote 404 333ms req-b2195f
2026-03-14T11:26:47Z POST /api/products 200 122ms req-011a44
2026-03-14T11:26:53Z PUT /api/session 301 44ms req-5e1a15
2026-03-14T11:26:58Z POST /api/orders 200 200ms req-1c5253
2026-03-14T11:27:02Z GET /api/cart 404 222ms req-8614d8
2026-03-14T11:27:03Z GET /api/checkout 301 397ms req-ad8f16
2026-03-14T11:27:04Z GET /api/orders 200 320ms req-099120
2026-03-14T11:27:16Z GET /api/session 200 33ms req-8562a2
2026-03-14T11:27:17Z GET /api/search 200 178ms req-3a4fcb
2026-03-14T11:27:24Z POST /api/recommendations 200 397ms req-5ad7b0
2026-03-14T11:27:36Z POST /api/orders 404 311ms req-80d932
2026-03-14T11:27:38Z GET /api/recommendations 404 250ms req-429ec6
2026-03-14T11:27:39Z GET /api/cart 200 193ms req-2f84b7
2026-03-14T11:27:39Z POST /api/account 200 99ms req-617f2c
2026-03-14T11:27:52Z GET /healthz 200 58ms req-13a3b0
2026-03-14T11:27:52Z GET /api/shipping-quote 200 401ms req-aad81d
2026-03-14T11:27:55Z POST /api/orders 200 16ms req-adb88c
2026-03-14T11:27:58Z GET /api/cart 301 261ms req-8e0eb2
2026-03-14T11:27:59Z POST /api/cart 301 327ms req-46380c
2026-03-14T11:28:00Z PUT /api/shipping-quote 204 364ms req-5eaf43
2026-03-14T11:28:05Z GET /api/orders 200 262ms req-4e11fc
2026-03-14T11:28:08Z GET /healthz 200 107ms req-b7e12f
2026-03-14T11:28:11Z POST /api/account 301 163ms req-542c46
2026-03-14T11:28:17Z GET /healthz 200 364ms req-fdf049
2026-03-14T11:28:24Z POST /api/session 200 298ms req-f34017
2026-03-14T11:28:33Z PUT /healthz 200 322ms req-de292c
2026-03-14T11:28:37Z POST /api/checkout 301 363ms req-baa1a1
2026-03-14T11:28:38Z POST /api/search 200 319ms req-caaddf
2026-03-14T11:28:46Z GET /api/orders 200 115ms req-dfe7ac
2026-03-14T11:28:47Z GET /api/orders 200 401ms req-d30f39
2026-03-14T11:28:57Z GET /api/shipping-quote 200 391ms req-5426ca
2026-03-14T11:28:59Z GET /api/session 301 185ms req-511dbd
2026-03-14T11:29:02Z GET /api/account 404 219ms req-aacce1
2026-03-14T11:29:04Z POST /api/cart 200 44ms req-e80e12
2026-03-14T11:29:09Z GET /api/checkout 200 255ms req-f2cb4c
2026-03-14T11:29:14Z GET /api/checkout 201 75ms req-f2bf6f
2026-03-14T11:29:22Z PUT /api/checkout 204 235ms req-58d6df
2026-03-14T11:29:26Z GET /api/cart 201 416ms req-dd838c
2026-03-14T11:29:27Z PUT /api/checkout 301 365ms req-9277df
2026-03-14T11:29:29Z GET /api/search 200 11ms req-33191e
2026-03-14T11:29:34Z GET /api/search 404 50ms req-b2361e
2026-03-14T11:29:40Z POST /api/orders 404 98ms req-72e6fc
2026-03-14T11:29:41Z GET /api/cart 204 23ms req-32a608
2026-03-14T11:29:42Z PUT /healthz 200 11ms req-f12c53
2026-03-14T11:29:42Z GET /api/orders 201 349ms req-f4fa54
2026-03-14T11:29:44Z PUT /healthz 301 367ms req-1409e4
2026-03-14T11:29:56Z GET /api/cart 200 273ms req-fe0a25
2026-03-14T11:29:59Z GET /api/products 200 50ms req-88aadc
2026-03-14T11:30:02Z GET /healthz 204 359ms req-98141b
2026-03-14T11:30:05Z GET /api/search 200 258ms req-4b81cc
2026-03-14T11:30:05Z GET /api/search 301 383ms req-35c398
2026-03-14T11:30:24Z GET /api/account 301 275ms req-36260b
2026-03-14T11:30:27Z POST /api/checkout 404 31ms req-98422b
2026-03-14T11:30:28Z POST /api/checkout 301 65ms req-93f0f6
2026-03-14T11:30:33Z PUT /api/orders 204 203ms req-249547
2026-03-14T11:30:34Z PUT /api/checkout 404 94ms req-2c1046
2026-03-14T11:30:43Z GET /api/checkout 201 136ms req-58c721
2026-03-14T11:31:07Z GET /api/search 200 144ms req-57d1a1
2026-03-14T11:31:09Z GET /api/shipping-quote 204 258ms req-0ba09c
2026-03-14T11:31:21Z GET /api/recommendations 200 412ms req-41a6f6
2026-03-14T11:31:24Z GET /api/orders 204 111ms req-94f9e8
2026-03-14T11:31:27Z POST /api/products 200 261ms req-eaac19
2026-03-14T11:31:29Z POST /healthz 200 274ms req-98d4c7
2026-03-14T11:31:29Z GET /api/orders 200 180ms req-ebeae3
2026-03-14T11:31:33Z POST /api/shipping-quote 404 410ms req-f9aa29
2026-03-14T11:31:38Z POST /api/checkout 200 313ms req-0301d8
2026-03-14T11:31:43Z PUT /api/shipping-quote 200 103ms req-ed37b6
2026-03-14T11:31:55Z GET /api/session 201 65ms req-54834a
2026-03-14T11:31:56Z GET /api/shipping-quote 200 45ms req-a0944a
2026-03-14T11:31:57Z GET /api/products 404 131ms req-1302a9
2026-03-14T11:31:57Z PUT /api/orders 201 205ms req-68ab71
2026-03-14T11:32:00Z POST /healthz 204 178ms req-a905f8
2026-03-14T11:32:04Z GET /api/shipping-quote 200 42ms req-beddb1
2026-03-14T11:32:10Z POST /api/search 200 334ms req-274d4e
2026-03-14T11:32:13Z POST /api/shipping-quote 200 64ms req-878af3
2026-03-14T11:32:21Z PUT /api/session 200 351ms req-49f51c
2026-03-14T11:32:29Z GET /api/products 200 11ms req-a99288
2026-03-14T11:32:47Z POST /api/checkout 200 354ms req-52b49c
2026-03-14T11:32:49Z GET /api/orders 301 125ms req-ba4f79
2026-03-14T11:32:57Z GET /api/recommendations 201 301ms req-d5a97a
2026-03-14T11:32:59Z POST /api/checkout 204 235ms req-415018
2026-03-14T11:33:03Z POST /api/cart 201 226ms req-7c3010
2026-03-14T11:33:05Z POST /api/orders 301 122ms req-85b784
2026-03-14T11:33:07Z POST /healthz 301 239ms req-0f2771
2026-03-14T11:33:17Z GET /api/shipping-quote 301 306ms req-e5a670
2026-03-14T11:33:21Z GET /api/search 200 152ms req-e765a0
2026-03-14T11:33:22Z POST /api/shipping-quote 200 284ms req-e94c77
2026-03-14T11:33:25Z GET /api/cart 301 235ms req-3281a9
2026-03-14T11:33:25Z PUT /healthz 200 58ms req-efcc1f
2026-03-14T11:33:26Z POST /api/session 201 44ms req-86a5a5
2026-03-14T11:33:26Z PUT /api/session 200 378ms req-fc2545
2026-03-14T11:33:29Z GET /api/products 204 332ms req-5097ea
2026-03-14T11:33:47Z GET /api/cart 301 171ms req-66aaff
2026-03-14T11:33:52Z PUT /api/cart 200 15ms req-ba058f
2026-03-14T11:33:53Z POST /api/shipping-quote 201 367ms req-d3ff44
2026-03-14T11:33:54Z POST /api/orders 200 28ms req-0a3295
2026-03-14T11:33:56Z POST /api/recommendations 200 119ms req-d6af31
2026-03-14T11:34:00Z PUT /api/search 301 223ms req-6cfcc0
2026-03-14T11:34:07Z PUT /api/orders 200 387ms req-75787b
2026-03-14T11:34:12Z POST /api/recommendations 200 255ms req-1a3f5c
2026-03-14T11:34:12Z PUT /api/session 204 135ms req-232995
2026-03-14T11:34:14Z GET /api/cart 200 327ms req-a6602a
2026-03-14T11:34:18Z POST /api/products 204 204ms req-703dab
2026-03-14T11:34:19Z PUT /api/products 404 318ms req-dc3166
2026-03-14T11:34:29Z PUT /healthz 204 43ms req-60e19d
2026-03-14T11:34:36Z GET /api/cart 200 311ms req-c0af52
2026-03-14T11:34:38Z GET /api/orders 200 116ms req-46d6ed
2026-03-14T11:34:40Z POST /api/cart 404 225ms req-6010dc
2026-03-14T11:34:42Z GET /healthz 201 299ms req-5a8edc
2026-03-14T11:34:44Z GET /api/orders 404 410ms req-5e13f8
2026-03-14T11:34:53Z GET /api/cart 200 8ms req-55b42d
2026-03-14T11:34:54Z POST /api/account 200 190ms req-f35ef3
2026-03-14T11:34:57Z GET /api/products 204 356ms req-e44c18
2026-03-14T11:35:01Z GET /api/orders 200 367ms req-529f2b
2026-03-14T11:35:02Z POST /api/recommendations 200 319ms req-523647
2026-03-14T11:35:04Z POST /api/session 200 108ms req-af630f
2026-03-14T11:35:11Z GET /api/shipping-quote 301 74ms req-cbfb96
2026-03-14T11:35:19Z POST /api/orders 200 285ms req-b1c00d
2026-03-14T11:35:22Z GET /api/cart 200 226ms req-2cc4c2
2026-03-14T11:35:26Z POST /api/session 200 416ms req-036e6d
2026-03-14T11:35:36Z GET /api/session 404 42ms req-707a1a
2026-03-14T11:35:38Z POST /api/cart 200 358ms req-4a6df6
2026-03-14T11:35:42Z POST /healthz 200 282ms req-247a7f
2026-03-14T11:35:57Z POST /api/session 200 377ms req-f12698
2026-03-14T11:36:01Z POST /api/checkout 200 136ms req-36eca3
2026-03-14T11:36:03Z POST /api/account 204 172ms req-e96004
2026-03-14T11:36:04Z GET /api/orders 204 272ms req-1ef02a
2026-03-14T11:36:12Z POST /api/checkout 200 35ms req-8dab81
2026-03-14T11:36:13Z POST /api/shipping-quote 200 105ms req-1021bb
2026-03-14T11:36:16Z PUT /api/products 201 254ms req-394f22
2026-03-14T11:36:27Z POST /api/cart 204 408ms req-0294fb
2026-03-14T11:36:30Z POST /api/session 204 288ms req-f07dc1
2026-03-14T11:36:39Z GET /api/account 200 115ms req-60ef41
2026-03-14T11:36:44Z PUT /api/checkout 200 136ms req-729003
2026-03-14T11:36:45Z POST /api/shipping-quote 200 401ms req-c6019b
2026-03-14T11:36:45Z GET /api/orders 200 22ms req-42c35e
2026-03-14T11:36:47Z GET /api/cart 200 415ms req-a7898a
2026-03-14T11:36:55Z GET /api/shipping-quote 200 366ms req-cd02f3
2026-03-14T11:36:56Z POST /api/shipping-quote 200 412ms req-1ea948
2026-03-14T11:36:56Z POST /api/session 200 31ms req-ae3079
2026-03-14T11:36:58Z GET /api/search 200 162ms req-e29c18
2026-03-14T11:37:02Z GET /healthz 200 35ms req-b8533b
2026-03-14T11:37:03Z GET /api/account 200 126ms req-d7a563
2026-03-14T11:37:04Z GET /api/search 200 211ms req-0318c4
2026-03-14T11:37:08Z PUT /api/orders 201 209ms req-b4aa0c
2026-03-14T11:37:14Z POST /api/search 200 199ms req-3c48c7
2026-03-14T11:37:15Z GET /api/account 200 407ms req-7235ad
2026-03-14T11:37:18Z GET /api/checkout 301 380ms req-4932e5
2026-03-14T11:37:21Z GET /api/orders 200 113ms req-85652f
2026-03-14T11:37:27Z PUT /api/products 201 389ms req-a600f8
2026-03-14T11:37:33Z GET /api/products 200 98ms req-e78521
2026-03-14T11:37:36Z POST /api/products 200 233ms req-2f3b8d
2026-03-14T11:37:36Z GET /api/search 200 385ms req-dd8220
2026-03-14T11:37:44Z GET /api/account 200 243ms req-80035f
2026-03-14T11:37:52Z POST /healthz 200 89ms req-ef6493
2026-03-14T11:37:58Z POST /api/orders 200 270ms req-acf12c
2026-03-14T11:38:00Z PUT /api/products 404 90ms req-9c317d
2026-03-14T11:38:02Z GET /api/orders 204 184ms req-e40c56
2026-03-14T11:38:08Z POST /api/products 200 106ms req-73b522
2026-03-14T11:38:08Z POST /api/orders 204 117ms req-66164f
2026-03-14T11:38:09Z GET /api/shipping-quote 404 340ms req-5f40c4
2026-03-14T11:38:18Z PUT /api/products 200 322ms req-05fa70
2026-03-14T11:38:19Z PUT /api/orders 200 376ms req-53d37e
2026-03-14T11:38:23Z GET /api/account 301 261ms req-71a06b
2026-03-14T11:38:23Z GET /api/cart 200 350ms req-dcabdd
2026-03-14T11:38:24Z POST /api/orders 200 138ms req-b9d8cc
2026-03-14T11:38:35Z POST /api/cart 200 312ms req-f73c53
2026-03-14T11:38:45Z POST /api/session 200 56ms req-938a1b
2026-03-14T11:38:57Z PUT /api/checkout 200 323ms req-0ab5fa
2026-03-14T11:39:02Z POST /healthz 201 379ms req-cb85e7
2026-03-14T11:39:07Z POST /api/checkout 200 259ms req-fdb428
2026-03-14T11:39:12Z PUT /healthz 200 416ms req-a85e77
2026-03-14T11:39:13Z GET /healthz 204 342ms req-9031a0
2026-03-14T11:39:21Z POST /healthz 200 118ms req-40ff1f
2026-03-14T11:39:40Z POST /api/search 200 144ms req-adde58
2026-03-14T11:39:42Z PUT /api/session 200 43ms req-9c607b
2026-03-14T11:39:42Z POST /api/checkout 204 309ms req-e5cfec
2026-03-14T11:39:43Z GET /api/cart 301 257ms req-e7d62b
2026-03-14T11:39:47Z PUT /api/products 201 312ms req-7e78e0
2026-03-14T11:39:49Z GET /api/orders 200 146ms req-67009d
2026-03-14T11:39:53Z GET /healthz 200 354ms req-8c975d
2026-03-14T11:40:05Z GET /api/orders 200 102ms req-b4ba9a
2026-03-14T11:40:07Z GET /api/recommendations 200 108ms req-9a44cb
2026-03-14T11:40:10Z GET /api/shipping-quote 301 110ms req-b4865c
2026-03-14T11:40:23Z POST /api/cart 404 336ms req-e0a90d
2026-03-14T11:40:28Z POST /healthz 200 131ms req-6645cb
2026-03-14T11:40:30Z GET /api/shipping-quote 200 364ms req-fd9c16
2026-03-14T11:40:36Z GET /api/products 201 165ms req-23f79d
2026-03-14T11:40:41Z GET /api/cart 404 391ms req-e965eb
2026-03-14T11:40:45Z GET /api/cart 200 204ms req-4835a4
2026-03-14T11:40:53Z PUT /api/session 200 243ms req-2bebcd
2026-03-14T11:40:54Z GET /api/account 404 21ms req-87f6e0
2026-03-14T11:40:57Z GET /api/shipping-quote 201 111ms req-440ddb
2026-03-14T11:41:09Z POST /api/session 201 161ms req-7ff4ae
2026-03-14T11:41:11Z POST /api/session 200 219ms req-8a1498
2026-03-14T11:41:11Z GET /api/checkout 201 395ms req-b63e6f
2026-03-14T11:41:14Z POST /api/products 204 250ms req-ce6304
2026-03-14T11:41:15Z POST /api/session 404 389ms req-450c1e
2026-03-14T11:41:25Z GET /api/session 301 157ms req-aa2e06
2026-03-14T11:41:34Z POST /healthz 301 65ms req-596413
2026-03-14T11:41:35Z POST /api/recommendations 200 200ms req-50b5d4
2026-03-14T11:41:36Z GET /api/session 200 377ms req-2b497b
2026-03-14T11:41:43Z GET /api/search 200 252ms req-c80c95
2026-03-14T11:41:48Z POST /api/account 200 11ms req-444e0b
2026-03-14T11:41:52Z GET /api/orders 301 294ms req-95ad8e
2026-03-14T11:42:01Z GET /api/cart 201 124ms req-e0eca2
2026-03-14T11:42:06Z GET /api/recommendations 200 66ms req-07d01d
2026-03-14T11:42:06Z POST /api/cart 201 373ms req-4eef1f
2026-03-14T11:42:16Z POST /api/cart 301 84ms req-82fe99
2026-03-14T11:42:17Z GET /api/orders 200 119ms req-9516a6
2026-03-14T11:42:21Z POST /api/recommendations 200 73ms req-27e641
2026-03-14T11:42:29Z POST /api/checkout 204 306ms req-5f1af6
2026-03-14T11:42:29Z GET /api/shipping-quote 200 287ms req-4f0487
2026-03-14T11:42:34Z POST /api/search 200 89ms req-feac52
2026-03-14T11:42:34Z POST /api/cart 301 416ms req-b273bf
2026-03-14T11:42:36Z GET /api/session 200 266ms req-ef15d2
2026-03-14T11:42:38Z GET /healthz 200 123ms req-d4ffd1
2026-03-14T11:42:43Z GET /api/account 200 149ms req-2ed5f5
2026-03-14T11:42:44Z PUT /api/search 204 64ms req-5e261c
2026-03-14T11:42:47Z POST /api/shipping-quote 200 243ms req-b019ec
2026-03-14T11:42:50Z GET /api/search 200 214ms req-2046cc
2026-03-14T11:42:52Z POST /api/checkout 204 205ms req-c3afa6
2026-03-14T11:42:55Z GET /api/recommendations 301 134ms req-c906f3
2026-03-14T11:43:02Z PUT /api/checkout 200 287ms req-66201b
2026-03-14T11:43:08Z POST /api/account 200 85ms req-094919
2026-03-14T11:43:11Z GET /api/search 200 22ms req-a5f208
2026-03-14T11:43:25Z POST /api/orders 200 276ms req-a53a0d
2026-03-14T11:43:27Z POST /api/products 201 44ms req-945306
2026-03-14T11:43:33Z PUT /healthz 200 258ms req-332ac7
2026-03-14T11:43:38Z POST /api/checkout 200 319ms req-8f7d0c
2026-03-14T11:43:46Z GET /api/account 200 254ms req-4e4bcc
2026-03-14T11:43:53Z PUT /api/search 201 162ms req-e6fa42
2026-03-14T11:43:56Z GET /api/shipping-quote 204 34ms req-3822fa
2026-03-14T11:44:00Z POST /api/shipping-quote 204 175ms req-51e3c8
2026-03-14T11:44:00Z GET /api/products 200 140ms req-0ee811
2026-03-14T11:44:03Z GET /api/search 301 261ms req-436713
2026-03-14T11:44:11Z GET /api/checkout 404 231ms req-ed5b43
2026-03-14T11:44:12Z GET /api/session 200 213ms req-3a0460
2026-03-14T11:44:13Z POST /api/products 200 289ms req-c49374
2026-03-14T11:44:18Z PUT /api/orders 204 394ms req-6a4dec
2026-03-14T11:44:19Z POST /api/recommendations 204 330ms req-48d739
2026-03-14T11:44:23Z GET /api/shipping-quote 200 213ms req-65e884
2026-03-14T11:44:24Z GET /api/session 404 251ms req-690764
2026-03-14T11:44:24Z GET /api/cart 204 56ms req-d5625f
2026-03-14T11:44:26Z POST /api/session 200 188ms req-962d32
2026-03-14T11:44:28Z GET /api/account 404 282ms req-3ce1e8
2026-03-14T11:44:29Z POST /api/session 301 189ms req-60a14e
2026-03-14T11:44:36Z POST /api/checkout 200 19ms req-fa5b45
2026-03-14T11:44:41Z GET /api/shipping-quote 200 257ms req-a17dd9
2026-03-14T11:44:47Z GET /api/session 301 192ms req-17a0a3
2026-03-14T11:44:54Z POST /api/cart 500 2267ms req-a88fc6
2026-03-14T11:45:00Z POST /api/recommendations 204 346ms req-08e131
2026-03-14T11:45:13Z PUT /api/orders 200 288ms req-bc86ee
2026-03-14T11:45:26Z GET /api/products 200 213ms req-f13d93
2026-03-14T11:45:30Z POST /api/orders 200 319ms req-3f4f05
2026-03-14T11:45:38Z PUT /api/cart 200 146ms req-fd7583
2026-03-14T11:45:50Z GET /api/search 200 30ms req-722f25
2026-03-14T11:45:52Z GET /api/session 201 412ms req-d556e1
2026-03-14T11:45:55Z POST /healthz 201 87ms req-f7e1a0
2026-03-14T11:45:57Z POST /api/shipping-quote 200 370ms req-d32c6e
2026-03-14T11:46:15Z PUT /api/shipping-quote 301 103ms req-2561e2
2026-03-14T11:46:24Z GET /healthz 200 408ms req-a75d43
2026-03-14T11:46:29Z GET /api/checkout 301 222ms req-6de936
2026-03-14T11:46:34Z GET /api/orders 200 329ms req-553069
2026-03-14T11:46:34Z POST /api/orders 200 398ms req-2bb13a
2026-03-14T11:46:47Z GET /api/search 200 409ms req-a61515
2026-03-14T11:46:49Z GET /api/checkout 301 336ms req-69bfda
2026-03-14T11:46:53Z GET /healthz 200 15ms req-007808
2026-03-14T11:46:55Z GET /api/orders 500 3548ms req-9a23c3
2026-03-14T11:46:57Z GET /api/account 200 156ms req-a5a5cb
2026-03-14T11:46:57Z PUT /api/cart 200 45ms req-d4e28d
2026-03-14T11:47:10Z GET /api/search 200 111ms req-ab2385
2026-03-14T11:47:11Z POST /healthz 200 27ms req-ab7039
2026-03-14T11:47:14Z POST /api/shipping-quote 201 177ms req-0deab5
2026-03-14T11:47:16Z POST /api/cart 200 82ms req-5f9deb
2026-03-14T11:47:18Z GET /api/session 201 124ms req-c56a7e
2026-03-14T11:47:20Z PUT /api/orders 204 59ms req-27859d
2026-03-14T11:47:20Z GET /api/search 204 375ms req-7409b1
2026-03-14T11:47:31Z POST /api/recommendations 200 418ms req-f02de2
2026-03-14T11:47:41Z PUT /api/shipping-quote 200 88ms req-8daefc
2026-03-14T11:47:48Z GET /api/recommendations 404 295ms req-e0e2ab
2026-03-14T11:47:51Z POST /api/recommendations 404 144ms req-2add7d
2026-03-14T11:47:57Z GET /healthz 200 26ms req-c37636
2026-03-14T11:47:58Z PUT /api/cart 200 15ms req-0f9c29
2026-03-14T11:48:11Z PUT /api/products 200 175ms req-3e402d
2026-03-14T11:48:12Z GET /api/recommendations 200 390ms req-99c267
2026-03-14T11:48:12Z GET /api/products 200 367ms req-e77bf9
2026-03-14T11:48:19Z GET /api/orders 201 54ms req-f13535
2026-03-14T11:48:22Z GET /healthz 200 246ms req-e53cac
2026-03-14T11:48:24Z POST /api/shipping-quote 200 193ms req-33f0bf
2026-03-14T11:48:27Z POST /api/cart 200 253ms req-cccc92
2026-03-14T11:48:28Z PUT /api/shipping-quote 200 294ms req-ffc3f2
2026-03-14T11:48:34Z GET /api/account 204 281ms req-aea770
2026-03-14T11:48:34Z PUT /api/products 200 183ms req-edc748
2026-03-14T11:48:35Z GET /api/search 200 202ms req-a32243
2026-03-14T11:48:40Z GET /api/products 404 377ms req-a53fc0
2026-03-14T11:49:04Z POST /api/shipping-quote 201 286ms req-fb4f22
2026-03-14T11:49:05Z PUT /api/shipping-quote 301 268ms req-377ad8
2026-03-14T11:49:18Z GET /api/orders 200 193ms req-00beed
2026-03-14T11:49:24Z POST /api/checkout 301 298ms req-76f763
2026-03-14T11:49:26Z PUT /healthz 200 69ms req-40b8c7
2026-03-14T11:49:26Z POST /api/recommendations 201 78ms req-a0bd17
2026-03-14T11:49:27Z POST /api/recommendations 200 278ms req-c3c6e3
2026-03-14T11:49:30Z GET /api/orders 200 263ms req-c849dc
2026-03-14T11:49:32Z GET /api/shipping-quote 404 311ms req-8583f3
2026-03-14T11:49:34Z GET /api/session 301 90ms req-e23f06
2026-03-14T11:49:37Z POST /api/products 301 126ms req-2084bf
2026-03-14T11:49:37Z POST /api/products 204 48ms req-41289f
2026-03-14T11:49:38Z POST /api/recommendations 200 339ms req-cf37cd
2026-03-14T11:49:38Z GET /api/products 301 140ms req-fe356d
2026-03-14T11:49:47Z POST /api/checkout 200 145ms req-7c19ea
2026-03-14T11:49:53Z POST /api/session 204 164ms req-7ddd48
2026-03-14T11:50:10Z GET /api/account 204 415ms req-6ede9d
2026-03-14T11:50:17Z POST /api/orders 200 12ms req-9c66b0
2026-03-14T11:50:20Z POST /api/account 301 260ms req-070d66
2026-03-14T11:50:23Z GET /api/products 204 197ms req-d458fb
2026-03-14T11:50:25Z PUT /api/recommendations 404 99ms req-af1cf7
2026-03-14T11:50:46Z POST /api/session 200 170ms req-1d3dd3
2026-03-14T11:50:46Z GET /api/cart 404 133ms req-6b8805
2026-03-14T11:50:50Z GET /api/session 200 11ms req-a862a0
2026-03-14T11:50:53Z GET /api/account 200 272ms req-7f7e1d
2026-03-14T11:50:54Z GET /healthz 200 335ms req-91c567
2026-03-14T11:51:07Z GET /api/cart 200 93ms req-ada01b
2026-03-14T11:51:17Z GET /healthz 201 173ms req-7da9d8
2026-03-14T11:51:18Z GET /api/cart 204 364ms req-5f59f0
2026-03-14T11:51:20Z GET /api/cart 201 135ms req-40f758
2026-03-14T11:51:25Z GET /api/shipping-quote 200 122ms req-346d30
2026-03-14T11:51:30Z GET /api/recommendations 301 142ms req-edabc8
2026-03-14T11:51:33Z POST /api/shipping-quote 301 133ms req-2d88fe
2026-03-14T11:51:34Z POST /healthz 200 67ms req-b12450
2026-03-14T11:51:53Z GET /api/cart 200 416ms req-b1254c
2026-03-14T11:51:53Z GET /api/recommendations 301 31ms req-f4ed03
2026-03-14T11:51:57Z GET /api/orders 301 212ms req-e172ec
2026-03-14T11:51:59Z GET /api/checkout 200 248ms req-908acb
2026-03-14T11:52:09Z POST /api/shipping-quote 204 130ms req-f7b462
2026-03-14T11:52:14Z POST /api/shipping-quote 200 219ms req-ba2338
2026-03-14T11:52:17Z PUT /api/products 404 271ms req-713814
2026-03-14T11:52:17Z GET /api/search 200 232ms req-e31263
2026-03-14T11:52:20Z POST /api/shipping-quote 200 89ms req-a2f287
2026-03-14T11:52:20Z GET /api/orders 404 199ms req-54e111
2026-03-14T11:52:21Z PUT /api/checkout 301 262ms req-fe90eb
2026-03-14T11:52:37Z GET /api/recommendations 204 259ms req-6f91bd
2026-03-14T11:52:43Z POST /api/checkout 200 255ms req-a380ee
2026-03-14T11:52:44Z GET /api/shipping-quote 204 271ms req-356f5c
2026-03-14T11:52:46Z POST /healthz 200 381ms req-c8d2ba
2026-03-14T11:52:48Z GET /api/shipping-quote 200 48ms req-ca60f9
2026-03-14T11:52:50Z POST /healthz 200 312ms req-eb8473
2026-03-14T11:52:53Z POST /api/search 301 306ms req-0bbfb4
2026-03-14T11:53:01Z POST /api/recommendations 201 121ms req-e093be
2026-03-14T11:53:03Z GET /api/orders 404 398ms req-da26bb
2026-03-14T11:53:06Z POST /api/recommendations 301 299ms req-db97e3
2026-03-14T11:53:14Z POST /api/products 200 96ms req-8dbd99
2026-03-14T11:53:25Z GET /api/cart 200 133ms req-68b921
2026-03-14T11:53:25Z GET /api/checkout 200 193ms req-f0631f
2026-03-14T11:53:35Z GET /api/shipping-quote 200 154ms req-f90650
2026-03-14T11:53:35Z POST /api/cart 200 83ms req-fa6655
2026-03-14T11:53:40Z GET /api/shipping-quote 200 292ms req-bb98fd
2026-03-14T11:53:40Z PUT /api/products 301 165ms req-41b2b5
2026-03-14T11:53:41Z POST /api/checkout 200 221ms req-6fc3b5
2026-03-14T11:53:47Z POST /api/recommendations 200 159ms req-86a6c7
2026-03-14T11:53:52Z GET /api/orders 404 186ms req-41ffee
2026-03-14T11:53:52Z GET /api/orders 404 13ms req-84c43e
2026-03-14T11:53:54Z GET /api/products 204 324ms req-327adc
2026-03-14T11:54:07Z GET /api/products 200 202ms req-44e657
2026-03-14T11:54:07Z POST /api/products 200 377ms req-50ae49
2026-03-14T11:54:11Z GET /api/orders 301 413ms req-48b102
2026-03-14T11:54:12Z POST /api/orders 200 31ms req-c4b8f7
2026-03-14T11:54:16Z POST /api/account 404 199ms req-948ecd
2026-03-14T11:54:19Z GET /healthz 200 237ms req-afc072
2026-03-14T11:54:21Z POST /api/cart 200 111ms req-d3961a
2026-03-14T11:54:29Z GET /api/shipping-quote 200 409ms req-b45b23
2026-03-14T11:54:38Z GET /api/products 204 239ms req-451546
2026-03-14T11:54:39Z POST /api/search 201 337ms req-111b56
2026-03-14T11:54:47Z GET /api/shipping-quote 404 195ms req-aaf665
2026-03-14T11:54:49Z GET /api/orders 200 352ms req-997cad
2026-03-14T11:54:51Z GET /api/products 204 131ms req-153d84
2026-03-14T11:54:51Z GET /api/checkout 200 57ms req-2d5d68
2026-03-14T11:54:52Z GET /healthz 200 360ms req-bf1e9e
2026-03-14T11:54:58Z POST /api/account 204 393ms req-31ba4a
2026-03-14T11:55:00Z POST /api/session 301 171ms req-947f87
2026-03-14T11:55:01Z GET /healthz 201 188ms req-3f5b1f
2026-03-14T11:55:22Z GET /api/products 200 259ms req-b1db36
2026-03-14T11:55:57Z GET /api/session 201 211ms req-2002cc
2026-03-14T11:55:58Z GET /api/cart 200 23ms req-134bb7
2026-03-14T11:56:01Z GET /api/cart 201 335ms req-9ade5a
2026-03-14T11:56:09Z GET /api/session 200 303ms req-0c07c0
2026-03-14T11:56:09Z POST /healthz 200 82ms req-a4287e
2026-03-14T11:56:11Z GET /api/checkout 200 272ms req-fdd09e
2026-03-14T11:56:19Z POST /api/checkout 204 76ms req-1f4fd1
2026-03-14T11:56:20Z POST /api/account 204 59ms req-87bf49
2026-03-14T11:56:32Z POST /api/recommendations 301 384ms req-38cfb7
2026-03-14T11:56:40Z GET /healthz 200 258ms req-f10b93
2026-03-14T11:56:43Z PUT /api/orders 201 236ms req-36b8b1
2026-03-14T11:56:46Z POST /api/cart 301 67ms req-6b1bf8
2026-03-14T11:56:50Z GET /api/account 404 199ms req-ff8954
2026-03-14T11:56:51Z GET /api/account 404 250ms req-148e8a
2026-03-14T11:56:53Z GET /api/orders 201 131ms req-e8a558
2026-03-14T11:56:54Z GET /api/shipping-quote 404 98ms req-2adb4f
2026-03-14T11:56:54Z POST /healthz 200 284ms req-72ecd8
2026-03-14T11:56:54Z GET /api/recommendations 201 98ms req-94e444
2026-03-14T11:56:57Z PUT /healthz 200 234ms req-3ce27e
2026-03-14T11:57:07Z GET /healthz 301 119ms req-96d3e6
2026-03-14T11:57:07Z GET /api/shipping-quote 200 41ms req-6f12f1
2026-03-14T11:57:13Z POST /api/recommendations 404 197ms req-e3eba2
2026-03-14T11:57:18Z PUT /api/orders 404 369ms req-6b4c26
2026-03-14T11:57:20Z POST /api/account 404 356ms req-644c87
2026-03-14T11:57:25Z GET /api/checkout 204 59ms req-748f4e
2026-03-14T11:57:25Z POST /api/products 404 382ms req-3685fb
2026-03-14T11:57:31Z GET /api/shipping-quote 200 342ms req-5c3683
2026-03-14T11:57:32Z GET /api/products 200 377ms req-dd6939
2026-03-14T11:57:35Z GET /api/session 200 160ms req-60eca8
2026-03-14T11:57:36Z PUT /api/products 200 258ms req-5e4ba2
2026-03-14T11:57:40Z POST /api/session 200 257ms req-727684
2026-03-14T11:57:44Z GET /api/session 200 410ms req-f77992
2026-03-14T11:57:47Z POST /api/orders 200 352ms req-29aa0d
2026-03-14T11:57:49Z PUT /api/cart 204 115ms req-51da4e
2026-03-14T11:58:02Z GET /healthz 200 97ms req-2a6425
2026-03-14T11:58:09Z GET /api/recommendations 200 126ms req-146ccc
2026-03-14T11:58:12Z GET /api/account 204 118ms req-1e8445
2026-03-14T11:58:13Z GET /api/checkout 200 273ms req-1aaa05
2026-03-14T11:58:29Z POST /api/shipping-quote 200 279ms req-34cf63
2026-03-14T11:58:32Z GET /api/session 201 119ms req-3ca31c
2026-03-14T11:58:32Z GET /api/account 200 44ms req-cb4c07
2026-03-14T11:58:38Z POST /api/cart 200 389ms req-549849
2026-03-14T11:58:52Z GET /api/session 204 385ms req-beb9eb
2026-03-14T11:58:56Z GET /api/products 200 174ms req-8b4d88
2026-03-14T11:59:22Z GET /api/shipping-quote 201 376ms req-7070df
2026-03-14T11:59:23Z GET /api/session 404 330ms req-7c108e
2026-03-14T11:59:30Z GET /api/checkout 404 132ms req-ab8876
2026-03-14T11:59:32Z POST /api/search 200 71ms req-b5ee76
2026-03-14T11:59:34Z GET /api/shipping-quote 404 13ms req-5c7133
2026-03-14T11:59:47Z GET /api/session 204 131ms req-70d506
2026-03-14T11:59:50Z POST /api/recommendations 204 190ms req-0f21b3
2026-03-14T11:59:51Z POST /api/products 204 8ms req-c0d5b5
2026-03-14T11:59:52Z GET /api/session 404 281ms req-95c04b
2026-03-14T11:59:55Z GET /api/session 404 254ms req-088081
