2026-03-14T11:00:07Z INFO [scheduler] cache refresh complete: 3859 entries loaded
2026-03-14T11:00:08Z DEBUG [startup] worker w57 idle for 60s
2026-03-14T11:00:39Z INFO [gc] cache refresh complete: 3514 entries loaded
2026-03-14T11:01:19Z INFO [metrics] request w20 completed status=200 in 108 ms
2026-03-14T11:01:26Z INFO [startup] heartbeat ok (epoch 4368)
2026-03-14T11:01:54Z INFO [gc] cache refresh complete: 4925 entries loaded
2026-03-14T11:01:59Z DEBUG [metrics] gc pause 856 ms (young gen)
2026-03-14T11:01:59Z DEBUG [gc] queue depth 1907 within limits
2026-03-14T11:02:30Z INFO [cache] scheduled job sku_reindex finished in 49s
2026-03-14T11:02:35Z WARN [startup] thread pool active 3893/64
2026-03-14T11:02:37Z INFO [metrics] request w26 completed status=200 in 787 ms
2026-03-14T11:02:40Z INFO [cache] heartbeat ok (epoch 1525)
2026-03-14T11:02:45Z INFO [scheduler] connection established to metrics-broker:8132
2026-03-14T11:03:01Z INFO [metrics] connection established to metrics-broker:8132
2026-03-14T11:03:11Z WARN [metrics] certificate for metrics-broker expires in 896 days
2026-03-14T11:03:12Z WARN [gc] retrying metrics flush (attempt 2380)
2026-03-14T11:03:23Z INFO [scheduler] cache refresh complete: 3697 entries loaded
2026-03-14T11:03:38Z ERROR [http.server] failed to publish metrics batch: broker unavailable (will retry)
2026-03-14T11:03:51Z INFO [metrics] cache refresh complete: 91 entries loaded
2026-03-14T11:04:23Z DEBUG [http.server] gc pause 484 ms (young gen)
2026-03-14T11:04:27Z WARN [cache] retrying metrics flush (attempt 3091)
2026-03-14T11:04:31Z INFO [gc] request w29 completed status=200 in 103 ms
2026-03-14T11:04:46Z WARN [http.server] certificate for metrics-broker expires in 3422 days
2026-03-14T11:04:53Z INFO [metrics] request w38 completed status=200 in 129 ms
2026-03-14T11:05:23Z INFO [http.server] request w62 completed status=200 in 168 ms
2026-03-14T11:05:25Z INFO [metrics] connection established to metrics-broker:8189
2026-03-14T11:05:31Z ERROR [cache] temporary DNS failure resolving metrics-broker (retried ok)
2026-03-14T11:05:46Z INFO [cache] connection established to metrics-broker:8129
2026-03-14T11:06:01Z DEBUG [scheduler] worker w43 idle for 104s
2026-03-14T11:06:02Z DEBUG [cache] queue depth 4143 within limits
2026-03-14T11:06:04Z WARN [gc] retrying metrics flush (attempt 2987)
2026-03-14T11:06:14Z INFO [gc] heartbeat ok (epoch 4505)
2026-03-14T11:06:19Z WARN [http.server] slow query 260 ms on table orders_rollup
2026-03-14T11:06:34Z INFO [scheduler] connection established to metrics-broker:8083
2026-03-14T11:06:50Z INFO [http.server] scheduled job ledger_sync finished in 40s
2026-03-14T11:07:21Z INFO [metrics] request w49 completed status=200 in 324 ms
2026-03-14T11:07:26Z WARN [http.server] retrying metrics flush (attempt 43)
2026-03-14T11:07:41Z DEBUG [cache] gc pause 368 ms (young gen)
2026-03-14T11:07:55Z DEBUG [scheduler] gc pause 31 ms (young gen)
2026-03-14T11:07:56Z INFO [startup] request w42 completed status=200 in 56 ms
2026-03-14T11:08:00Z WARN [startup] retrying metrics flush (attempt 1658)
2026-03-14T11:08:01Z INFO [http.server] connection established to metrics-broker:8096
2026-03-14T11:08:05Z WARN [scheduler] certificate for metrics-broker expires in 3817 days
2026-03-14T11:08:15Z DEBUG [startup] worker w33 idle for 37s
2026-03-14T11:08:21Z WARN [startup] certificate for metrics-broker expires in 61 days
2026-03-14T11:08:22Z INFO [startup] heartbeat ok (epoch 56)
2026-03-14T11:08:30Z DEBUG [scheduler] worker w21 idle for 118s
2026-03-14T11:08:38Z INFO [gc] scheduled job img_prewarm finished in 70s
2026-03-14T11:08:42Z DEBUG [cache] gc pause 394 ms (young gen)
2026-03-14T11:09:00Z INFO [http.server] connection established to metrics-broker:8170
2026-03-14T11:09:04Z INFO [gc] request w41 completed status=200 in 514 ms
2026-03-14T11:09:11Z INFO [startup] scheduled job img_prewarm finished in 23s
2026-03-14T11:09:23Z INFO [http.server] cache refresh complete: 1057 entries loaded
2026-03-14T11:09:34Z INFO [startup] heartbeat ok (epoch 1895)
2026-03-14T11:09:40Z INFO [startup] request w59 completed status=200 in 473 ms
2026-03-14T11:09:44Z INFO [cache] connection established to metrics-broker:8084
2026-03-14T11:09:46Z INFO [cache] heartbeat ok (epoch 4805)
2026-03-14T11:09:47Z WARN [scheduler] thread pool active 4584/64
2026-03-14T11:09:48Z INFO [startup] scheduled job orders_rollup finished in 8s
2026-03-14T11:09:55Z DEBUG [metrics] worker w57 idle for 116s
2026-03-14T11:10:19Z INFO [scheduler] scheduled job email_digest finished in 31s
2026-03-14T11:10:43Z INFO [http.server] scheduled job token_sweep finished in 94s
2026-03-14T11:10:45Z WARN [metrics] thread pool active 3008/64
2026-03-14T11:10:55Z INFO [cache] request w40 completed status=200 in 647 ms
2026-03-14T11:11:10Z INFO [http.server] connection established to metrics-broker:8134
2026-03-14T11:11:26Z DEBUG [cache] worker w40 idle for 101s
2026-03-14T11:11:35Z DEBUG [http.server] gc pause 173 ms (young gen)
2026-03-14T11:11:35Z DEBUG [cache] queue depth 1860 within limits
2026-03-14T11:11:37Z INFO [startup] connection established to metrics-broker:8180
2026-03-14T11:12:12Z INFO [cache] request w51 completed status=200 in 640 ms
2026-03-14T11:12:18Z WARN [scheduler] retrying metrics flush (attempt 3152)
2026-03-14T11:12:26Z DEBUG [http.server] queue depth 3599 within limits
2026-03-14T11:12:32Z INFO [gc] scheduled job img_prewarm finished in 70s
2026-03-14T11:12:35Z INFO [scheduler] scheduled job orders_rollup finished in 85s
2026-03-14T11:12:41Z WARN [scheduler] certificate for metrics-broker expires in 3046 days
2026-03-14T11:13:01Z INFO [gc] request w57 completed status=200 in 122 ms
2026-03-14T11:13:05Z WARN [startup] certificate for metrics-broker expires in 1590 days
2026-03-14T11:13:19Z INFO [scheduler] scheduled job token_sweep finished in 107s
2026-03-14T11:13:25Z WARN [startup] certificate for metrics-broker expires in 4035 days
2026-03-14T11:13:28Z INFO [scheduler] connection established to metrics-broker:8160
2026-03-14T11:14:01Z INFO [cache] cache refresh complete: 3648 entries loaded
2026-03-14T11:14:05Z WARN [cache] slow query 803 ms on table token_sweep
2026-03-14T11:14:14Z WARN [http.server] thread pool active 4514/64
2026-03-14T11:14:29Z WARN [startup] thread pool active 1798/64
2026-03-14T11:14:39Z WARN [http.server] slow query 648 ms on table orders_rollup
2026-03-14T11:14:47Z WARN [gc] thread pool active 3575/64
2026-03-14T11:14:57Z INFO [cache] scheduled job img_prewarm finished in 108s
2026-03-14T11:14:57Z DEBUG [cache] queue depth 2589 within limits
2026-03-14T11:15:00Z INFO [http.server] heartbeat ok (epoch 862)
2026-03-14T11:15:07Z INFO [gc] heartbeat ok (epoch 2237)
2026-03-14T11:15:14Z INFO [cache] request w21 completed status=200 in 350 ms
2026-03-14T11:15:17Z WARN [gc] thread pool active 688/64
2026-03-14T11:15:20Z INFO [scheduler] connection established to metrics-broker:8096
2026-03-14T11:15:50Z INFO [http.server] heartbeat ok (epoch 2987)
2026-03-14T11:15:56Z DEBUG [startup] queue depth 24 within limits
2026-03-14T11:15:57Z INFO [startup] cache refresh complete: 4657 entries loaded
2026-03-14T11:16:25Z DEBUG [cache] queue depth 616 within limits
2026-03-14T11:16:42Z WARN [gc] slow query 728 ms on table sku_reindex
2026-03-14T11:16:51Z WARN [scheduler] slow query 30 ms on table orders_rollup
2026-03-14T11:17:03Z INFO [scheduler] heartbeat ok (epoch 1940)
2026-03-14T11:17:34Z INFO [gc] scheduled job token_sweep finished in 64s
2026-03-14T11:17:36Z INFO [scheduler] scheduled job ledger_sync finished in 43s
2026-03-14T11:17:45Z WARN [startup] thread pool active 4257/64
2026-03-14T11:18:35Z INFO [gc] cache refresh complete: 4453 entries loaded
2026-03-14T11:18:53Z INFO [metrics] request w25 completed status=200 in 655 ms
2026-03-14T11:18:58Z WARN [http.server] retrying metrics flush (attempt 1501)
2026-03-14T11:19:23Z DEBUG [scheduler] gc pause 666 ms (young gen)
2026-03-14T11:20:04Z INFO [metrics] cache refresh complete: 4896 entries loaded
2026-03-14T11:20:09Z ERROR [startup] temporary DNS failure resolving metrics-broker (retried ok)
2026-03-14T11:20:10Z INFO [startup] heartbeat ok (epoch 2075)
2026-03-14T11:20:34Z DEBUG [scheduler] queue depth 4552 within limits
2026-03-14T11:20:40Z INFO [metrics] scheduled job sku_reindex finished in 22s
2026-03-14T11:20:43Z INFO [http.server] connection established to metrics-broker:8176
2026-03-14T11:21:07Z DEBUG [http.server] gc pause 648 ms (young gen)
2026-03-14T11:21:29Z DEBUG [startup] queue depth 1629 within limits
2026-03-14T11:21:33Z DEBUG [scheduler] queue depth 689 within limits
2026-03-14T11:21:42Z DEBUG [scheduler] gc pause 63 ms (young gen)
2026-03-14T11:21:47Z INFO [metrics] scheduled job orders_rollup finished in 96s
2026-03-14T11:21:55Z ERROR [cache] temporary DNS failure resolving metrics-broker (retried ok)
2026-03-14T11:22:07Z DEBUG [gc] worker w21 idle for 3s
2026-03-14T11:22:20Z WARN [gc] thread pool active 3570/64
2026-03-14T11:22:29Z INFO [startup] request w49 completed status=200 in 242 ms
2026-03-14T11:22:32Z INFO [http.server] connection established to metrics-broker:8081
2026-03-14T11:22:35Z INFO [metrics] cache refresh complete: 2131 entries loaded
2026-03-14T11:22:50Z INFO [http.server] connection established to metrics-broker:8107
2026-03-14T11:23:12Z INFO [startup] connection established to metrics-broker:8103
2026-03-14T11:23:19Z INFO [cache] scheduled job token_sweep finished in 43s
2026-03-14T11:23:28Z INFO [startup] request w3 completed status=200 in 117 ms
2026-03-14T11:23:31Z INFO [gc] heartbeat ok (epoch 2350)
2026-03-14T11:23:54Z INFO [startup] cache refresh complete: 483 entries loaded
2026-03-14T11:24:21Z INFO [scheduler] request w11 completed status=200 in 309 ms
2026-03-14T11:24:39Z INFO [metrics] cache refresh complete: 2407 entries loaded
2026-03-14T11:24:42Z INFO [startup] connection established to metrics-broker:8187
2026-03-14T11:24:53Z DEBUG [gc] worker w63 idle for 54s
2026-03-14T11:24:59Z INFO [scheduler] cache refresh complete: 624 entries loaded
2026-03-14T11:25:00Z INFO [startup] request w15 completed status=200 in 610 ms
2026-03-14T11:25:01Z WARN [scheduler] retrying metrics flush (attempt 4476)
2026-03-14T11:25:14Z INFO [cache] scheduled job img_prewarm finished in 35s
2026-03-14T11:25:21Z DEBUG [http.server] worker w53 idle for 21s
2026-03-14T11:25:46Z INFO [cache] scheduled job ledger_sync finished in 32s
2026-03-14T11:25:56Z INFO [cache] cache refresh complete: 2774 entries loaded
2026-03-14T11:26:32Z DEBUG [startup] worker w8 idle for 60s
2026-03-14T11:26:50Z INFO [gc] connection established to metrics-broker:8161
2026-03-14T11:27:12Z INFO [cache] heartbeat ok (epoch 1014)
2026-03-14T11:27:23Z DEBUG [startup] worker w25 idle for 85s
2026-03-14T11:27:32Z INFO [metrics] request w18 completed status=200 in 769 ms
2026-03-14T11:27:32Z INFO [startup] heartbeat ok (epoch 4186)
2026-03-14T11:27:45Z INFO [http.server] scheduled job token_sweep finished in 114s
2026-03-14T11:27:49Z WARN [gc] thread pool active 2816/64
2026-03-14T11:28:10Z INFO [startup] request w6 completed status=200 in 775 ms
2026-03-14T11:28:18Z INFO [gc] cache refresh complete: 2577 entries loaded
2026-03-14T11:28:27Z DEBUG [gc] worker w51 idle for 107s
2026-03-14T11:28:39Z INFO [scheduler] scheduled job email_digest finished in 18s
2026-03-14T11:28:41Z INFO [cache] heartbeat ok (epoch 1228)
2026-03-14T11:29:03Z INFO [scheduler] request w57 completed status=200 in 789 ms
2026-03-14T11:29:05Z INFO [gc] scheduled job sku_reindex finished in 31s
2026-03-14T11:29:15Z INFO [startup] heartbeat ok (epoch 277)
2026-03-14T11:29:24Z INFO [metrics] scheduled job orders_rollup finished in 5s
2026-03-14T11:29:26Z DEBUG [metrics] queue depth 3651 within limits
2026-03-14T11:29:56Z DEBUG [startup] queue depth 443 within limits
2026-03-14T11:29:58Z INFO [startup] connection established to metrics-broker:8181
2026-03-14T11:30:07Z WARN [metrics] slow query 793 ms on table email_digest
2026-03-14T11:30:09Z INFO [http.server] scheduled job orders_rollup finished in 16s
2026-03-14T11:30:15Z INFO [gc] cache refresh complete: 4944 entries loaded
2026-03-14T11:30:43Z WARN [metrics] certificate for metrics-broker expires in 4488 days
2026-03-14T11:30:48Z INFO [startup] connection established to metrics-broker:8092
2026-03-14T11:30:53Z INFO [http.server] cache refresh complete: 3294 entries loaded
2026-03-14T11:31:28Z INFO [gc] request w59 completed status=200 in 272 ms
2026-03-14T11:31:42Z WARN [gc] certificate for metrics-broker expires in 4273 days
2026-03-14T11:31:44Z INFO [http.server] request w54 completed status=200 in 846 ms
2026-03-14T11:32:16Z INFO [cache] request w64 completed status=200 in 403 ms
2026-03-14T11:32:25Z INFO [startup] connection established to metrics-broker:8125
2026-03-14T11:32:27Z DEBUG [gc] gc pause 359 ms (young gen)
2026-03-14T11:32:31Z INFO [cache] scheduled job img_prewarm finished in 54s
2026-03-14T11:32:44Z DEBUG [scheduler] gc pause 683 ms (young gen)
2026-03-14T11:32:49Z INFO [cache] heartbeat ok (epoch 1548)
2026-03-14T11:32:49Z WARN [cache] certificate for metrics-broker expires in 2430 days
2026-03-14T11:32:59Z INFO [cache] connection established to metrics-broker:8131
2026-03-14T11:33:01Z INFO [scheduler] request w39 completed status=200 in 123 ms
2026-03-14T11:33:01Z DEBUG [gc] queue depth 2415 within limits
2026-03-14T11:33:24Z DEBUG [http.server] queue depth 1678 within limits
2026-03-14T11:33:44Z INFO [scheduler] request w6 completed status=200 in 572 ms
2026-03-14T11:33:48Z WARN [startup] certificate for metrics-broker expires in 889 days
2026-03-14T11:33:48Z INFO [http.server] cache refresh complete: 1353 entries loaded
2026-03-14T11:34:03Z INFO [metrics] heartbeat ok (epoch 1419)
2026-03-14T11:34:13Z INFO [startup] cache refresh complete: 4642 entries loaded
2026-03-14T11:34:29Z WARN [metrics] thread pool active 1937/64
2026-03-14T11:35:06Z INFO [gc] request w19 completed status=200 in 778 ms
2026-03-14T11:35:26Z INFO [http.server] heartbeat ok (epoch 1071)
2026-03-14T11:35:35Z INFO [startup] connection established to metrics-broker:8149
2026-03-14T11:35:53Z DEBUG [metrics] worker w14 idle for 20s
2026-03-14T11:35:55Z INFO [gc] cache refresh complete: 2543 entries loaded
2026-03-14T11:36:09Z INFO [metrics] request w47 completed status=200 in 295 ms
2026-03-14T11:36:09Z WARN [metrics] slow query 37 ms on table ledger_sync
2026-03-14T11:36:17Z INFO [scheduler] connection established to metrics-broker:8120
2026-03-14T11:36:25Z INFO [gc] connection established to metrics-broker:8085
2026-03-14T11:36:26Z DEBUG [startup] worker w56 idle for 65s
2026-03-14T11:36:36Z INFO [metrics] heartbeat ok (epoch 2523)
2026-03-14T11:36:57Z WARN [http.server] slow query 373 ms on table img_prewarm
2026-03-14T11:37:15Z INFO [gc] cache refresh complete: 3802 entries loaded
2026-03-14T11:37:41Z INFO [cache] cache refresh complete: 1128 entries loaded
2026-03-14T11:37:50Z INFO [cache] scheduled job sku_reindex finished in 10s
2026-03-14T11:37:56Z INFO [cache] request w51 completed status=200 in 149 ms
2026-03-14T11:38:00Z INFO [metrics] connection established to metrics-broker:8161
2026-03-14T11:38:07Z INFO [metrics] heartbeat ok (epoch 896)
2026-03-14T11:38:50Z INFO [scheduler] connection established to metrics-broker:8171
2026-03-14T11:38:57Z WARN [gc] certificate for metrics-broker expires in 4527 days
2026-03-14T11:39:07Z INFO [startup] scheduled job orders_rollup finished in 35s
2026-03-14T11:39:07Z INFO [scheduler] scheduled job ledger_sync finished in 52s
2026-03-14T11:39:12Z INFO [startup] request w19 completed status=200 in 219 ms
2026-03-14T11:39:14Z DEBUG [cache] worker w23 idle for 95s
2026-03-14T11:39:21Z INFO [scheduler] cache refresh complete: 3216 entries loaded
2026-03-14T11:40:29Z INFO [http.server] heartbeat ok (epoch 2)
2026-03-14T11:40:30Z INFO [scheduler] connection established to metrics-broker:8095
2026-03-14T11:40:32Z DEBUG [scheduler] worker w9 idle for 90s
2026-03-14T11:40:48Z WARN [cache] retrying metrics flush (attempt 383)
2026-03-14T11:40:50Z DEBUG [scheduler] gc pause 451 ms (young gen)
2026-03-14T11:41:04Z INFO [scheduler] cache refresh complete: 1853 entries loaded
2026-03-14T11:41:15Z INFO [metrics] heartbeat ok (epoch 3932)
2026-03-14T11:41:20Z DEBUG [http.server] gc pause 720 ms (young gen)
2026-03-14T11:41:27Z WARN [gc] thread pool active 2002/64
2026-03-14T11:41:32Z INFO [metrics] request w32 completed status=200 in 588 ms
2026-03-14T11:41:46Z WARN [startup] thread pool active 1861/64
2026-03-14T11:42:16Z INFO [http.server] cache refresh complete: 1672 entries loaded
2026-03-14T11:42:19Z INFO [http.server] request w54 completed status=200 in 865 ms
2026-03-14T11:42:27Z INFO [cache] request w3 completed status=200 in 174 ms
2026-03-14T11:42:27Z INFO [gc] scheduled job sku_reindex finished in 4s
2026-03-14T11:42:58Z INFO [metrics] cache refresh complete: 4457 entries loaded
2026-03-14T11:43:32Z DEBUG [http.server] queue depth 3309 within limits
2026-03-14T11:43:34Z DEBUG [gc] queue depth 366 within limits
2026-03-14T11:43:35Z INFO [metrics] cache refresh complete: 4319 entries loaded
2026-03-14T11:43:48Z DEBUG [http.server] queue depth 1199 within limits
2026-03-14T11:43:49Z INFO [startup] cache refresh complete: 4073 entries loaded
2026-03-14T11:44:04Z DEBUG [startup] queue depth 3953 within limits
2026-03-14T11:44:19Z INFO [startup] connection established to metrics-broker:8146
2026-03-14T11:44:22Z WARN [metrics] certificate for metrics-broker expires in 1588 days
2026-03-14T11:44:25Z INFO [metrics] request w39 completed status=200 in 178 ms
2026-03-14T11:44:27Z WARN [cache] slow query 54 ms on table ledger_sync
2026-03-14T11:44:39Z INFO [scheduler] request w10 completed status=200 in 531 ms
2026-03-14T11:44:40Z DEBUG [startup] queue depth 962 within limits
2026-03-14T11:44:50Z DEBUG [gc] gc pause 5 ms (young gen)
2026-03-14T11:44:51Z DEBUG [http.server] queue depth 2893 within limits
2026-03-14T11:45:01Z DEBUG [startup] worker w14 idle for 110s
2026-03-14T11:45:15Z DEBUG [startup] worker w43 idle for 84s
2026-03-14T11:45:22Z INFO [http.server] connection established to metrics-broker:8153
2026-03-14T11:45:25Z INFO [scheduler] cache refresh complete: 1660 entries loaded
2026-03-14T11:46:06Z DEBUG [cache] worker w57 idle for 47s
2026-03-14T11:46:14Z INFO [http.server] scheduled job token_sweep finished in 93s
2026-03-14T11:46:26Z INFO [metrics] request w4 completed status=200 in 85 ms
2026-03-14T11:46:30Z INFO [metrics] heartbeat ok (epoch 4068)
2026-03-14T11:46:30Z WARN [http.server] retrying metrics flush (attempt 416)
2026-03-14T11:46:39Z WARN [http.server] slow query 71 ms on table orders_rollup
2026-03-14T11:46:42Z DEBUG [scheduler] worker w22 idle for 47s
2026-03-14T11:47:11Z INFO [cache] cache refresh complete: 1706 entries loaded
2026-03-14T11:47:12Z INFO [cache] connection established to metrics-broker:8151
2026-03-14T11:47:30Z INFO [startup] request w1 completed status=200 in 629 ms
2026-03-14T11:47:33Z WARN [startup] retrying metrics flush (attempt 132)
2026-03-14T11:47:34Z DEBUG [http.server] queue depth 4904 within limits
2026-03-14T11:48:01Z INFO [gc] request w25 completed status=200 in 150 ms
2026-03-14T11:48:06Z INFO [scheduler] scheduled job email_digest finished in 81s
2026-03-14T11:48:12Z WARN [scheduler] retrying metrics flush (attempt 4748)
2026-03-14T11:48:23Z INFO [scheduler] request w55 completed status=200 in 417 ms
2026-03-14T11:48:32Z WARN [cache] certificate for metrics-broker expires in 1842 days
2026-03-14T11:48:37Z DEBUG [scheduler] queue depth 1253 within limits
2026-03-14T11:48:54Z INFO [gc] connection established to metrics-broker:8120
2026-03-14T11:49:03Z DEBUG [gc] worker w49 idle for 101s
2026-03-14T11:49:25Z INFO [metrics] request w53 completed status=200 in 274 ms
2026-03-14T11:49:32Z INFO [http.server] request w14 completed status=200 in 300 ms
2026-03-14T11:49:35Z WARN [gc] retrying metrics flush (attempt 796)
2026-03-14T11:49:40Z INFO [startup] cache refresh complete: 4424 entries loaded
2026-03-14T11:50:00Z INFO [http.server] heartbeat ok (epoch 130)
2026-03-14T11:50:13Z INFO [startup] scheduled job orders_rollup finished in 39s
2026-03-14T11:50:18Z WARN [startup] slow query 28 ms on table orders_rollup
2026-03-14T11:50:25Z INFO [gc] scheduled job ledger_sync finished in 47s
2026-03-14T11:50:29Z INFO [http.server] cache refresh complete: 1571 entries loaded
2026-03-14T11:50:38Z INFO [metrics] cache refresh complete: 4196 entries loaded
2026-03-14T11:51:05Z DEBUG [scheduler] gc pause 269 ms (young gen)
2026-03-14T11:51:15Z INFO [cache] heartbeat ok (epoch 2283)
2026-03-14T11:51:17Z INFO [metrics] request w57 completed status=200 in 536 ms
2026-03-14T11:51:58Z INFO [http.server] cache refresh complete: 570 entries loaded
2026-03-14T11:52:00Z DEBUG [scheduler] gc pause 395 ms (young gen)
2026-03-14T11:52:01Z WARN [gc] thread pool active 2087/64
2026-03-14T11:52:15Z INFO [scheduler] scheduled job ledger_sync finished in 33s
2026-03-14T11:52:21Z DEBUG [metrics] queue depth 170 within limits
2026-03-14T11:52:42Z WARN [gc] slow query 313 ms on table orders_rollup
2026-03-14T11:52:51Z INFO [gc] cache refresh complete: 1611 entries loaded
2026-03-14T11:53:17Z INFO [cache] cache refresh complete: 4213 entries loaded
2026-03-14T11:53:32Z INFO [startup] heartbeat ok (epoch 3126)
2026-03-14T11:53:55Z INFO [startup] connection established to metrics-broker:8154
2026-03-14T11:54:14Z INFO [gc] heartbeat ok (epoch 3637)
2026-03-14T11:54:19Z DEBUG [gc] gc pause 735 ms (young gen)
2026-03-14T11:55:04Z INFO [cache] connection established to metrics-broker:8113
2026-03-14T11:55:10Z INFO [startup] request w57 completed status=200 in 197 ms
2026-03-14T11:55:12Z INFO [gc] scheduled job token_sweep finished in 95s
2026-03-14T11:55:14Z WARN [gc] thread pool active 3962/64
2026-03-14T11:56:36Z WARN [metrics] retrying metrics flush (attempt 3293)
2026-03-14T11:56:49Z INFO [gc] heartbeat ok (epoch 2699)
2026-03-14T11:56:49Z INFO [cache] scheduled job ledger_sync finished in 52s
2026-03-14T11:56:55Z INFO [gc] scheduled job email_digest finished in 109s
2026-03-14T11:57:17Z WARN [scheduler] slow query 495 ms on table token_sweep
2026-03-14T11:57:29Z WARN [http.server] slow query 109 ms on table ledger_sync
2026-03-14T11:57:55Z INFO [startup] heartbeat ok (epoch 4529)
2026-03-14T11:57:56Z INFO [startup] request w33 completed status=200 in 256 ms
2026-03-14T11:58:08Z INFO [startup] heartbeat ok (epoch 2889)
2026-03-14T11:58:16Z INFO [metrics] heartbeat ok (epoch 3035)
2026-03-14T11:58:18Z INFO [startup] request w57 completed status=200 in 331 ms
2026-03-14T11:58:22Z INFO [metrics] request w39 completed status=200 in 471 ms
2026-03-14T11:58:34Z DEBUG [gc] worker w18 idle for 59s
2026-03-14T11:59:26Z DEBUG [startup] queue depth 2741 within limits
2026-03-14T11:59:51Z INFO [scheduler] heartbeat ok (epoch 2640)
2026-03-14T11:59:53Z INFO [http.server] scheduled job token_sweep finished in 94s
