2026-03-14T11:00:03Z DEBUG [startup] gc pause 203 ms (young gen)
2026-03-14T11:00:05Z DEBUG [metrics] gc pause 282 ms (young gen)
2026-03-14T11:00:08Z WARN [scheduler] thread pool active 4252/64
2026-03-14T11:00:10Z INFO [gc] cache refresh complete: 2237 entries loaded
2026-03-14T11:00:12Z INFO [scheduler] connection established to inventory-service:8095
2026-03-14T11:00:33Z DEBUG [metrics] gc pause 821 ms (young gen)
2026-03-14T11:00:59Z INFO [scheduler] cache refresh complete: 4852 entries loaded
2026-03-14T11:01:01Z DEBUG [cache] gc pause 61 ms (young gen)
2026-03-14T11:01:08Z WARN [metrics] slow query 368 ms on table email_digest
2026-03-14T11:01:24Z DEBUG [http.server] queue depth 122 within limits
2026-03-14T11:01:30Z WARN [gc] certificate for inventory-service expires in 2571 days
2026-03-14T11:01:40Z DEBUG [gc] worker w7 idle for 93s
2026-03-14T11:01:45Z INFO [scheduler] request w39 completed status=200 in 65 ms
2026-03-14T11:01:55Z DEBUG [http.server] worker w60 idle for 62s
2026-03-14T11:02:16Z INFO [scheduler] request w46 completed status=200 in 112 ms
2026-03-14T11:02:18Z WARN [metrics] retrying metrics flush (attempt 1275)
2026-03-14T11:02:30Z INFO [metrics] request w54 completed status=200 in 379 ms
2026-03-14T11:02:30Z INFO [http.server] cache refresh complete: 165 entries loaded
2026-03-14T11:03:08Z INFO [gc] request w26 completed status=200 in 882 ms
2026-03-14T11:03:10Z INFO [gc] request w59 completed status=200 in 840 ms
2026-03-14T11:03:17Z WARN [cache] certificate for inventory-service expires in 4156 days
2026-03-14T11:03:55Z WARN [http.server] thread pool active 4315/64
2026-03-14T11:04:09Z INFO [cache] cache refresh complete: 1341 entries loaded
2026-03-14T11:04:18Z DEBUG [gc] worker w5 idle for 19s
2026-03-14T11:04:20Z DEBUG [scheduler] queue depth 3919 within limits
2026-03-14T11:04:29Z INFO [cache] scheduled job sku_reindex finished in 117s
2026-03-14T11:04:32Z WARN [http.server] certificate for inventory-service expires in 3293 days
2026-03-14T11:04:50Z INFO [startup] scheduled job token_sweep finished in 53s
2026-03-14T11:05:18Z INFO [gc] cache refresh complete: 734 entries loaded
2026-03-14T11:05:29Z INFO [http.server] scheduled job token_sweep finished in 25s
2026-03-14T11:05:35Z INFO [gc] scheduled job ledger_sync finished in 64s
2026-03-14T11:06:04Z INFO [gc] connection established to inventory-service:8170
2026-03-14T11:06:36Z INFO [metrics] heartbeat ok (epoch 509)
2026-03-14T11:06:40Z INFO [http.server] connection established to inventory-service:8188
2026-03-14T11:06:58Z INFO [gc] cache refresh complete: 2243 entries loaded
2026-03-14T11:07:00Z DEBUG [gc] queue depth 1970 within limits
2026-03-14T11:07:11Z INFO [metrics] scheduled job email_digest finished in 114s
2026-03-14T11:07:54Z WARN [cache] retrying metrics flush (attempt 1967)
2026-03-14T11:08:17Z WARN [cache] slow query 501 ms on table img_prewarm
2026-03-14T11:08:29Z DEBUG [http.server] gc pause 120 ms (young gen)
2026-03-14T11:08:54Z INFO [scheduler] cache refresh complete: 875 entries loaded
2026-03-14T11:08:56Z INFO [metrics] request w33 completed status=200 in 562 ms
2026-03-14T11:09:12Z INFO [startup] scheduled job token_sweep finished in 1s
2026-03-14T11:09:14Z INFO [cache] connection established to inventory-service:8113
2026-03-14T11:09:30Z INFO [gc] scheduled job sku_reindex finished in 92s
2026-03-14T11:09:31Z WARN [gc] retrying metrics flush (attempt 2675)
2026-03-14T11:09:48Z INFO [gc] request w55 completed status=200 in 113 ms
2026-03-14T11:09:59Z INFO [http.server] scheduled job ledger_sync finished in 111s
2026-03-14T11:10:05Z INFO [metrics] connection established to inventory-service:8082
2026-03-14T11:10:24Z INFO [metrics] request w49 completed status=200 in 303 ms
2026-03-14T11:10:28Z INFO [gc] heartbeat ok (epoch 4951)
2026-03-14T11:10:51Z INFO [http.server] connection established to inventory-service:8191
2026-03-14T11:10:53Z INFO [http.server] scheduled job img_prewarm finished in 85s
2026-03-14T11:11:27Z WARN [http.server] slow query 81 ms on table email_digest
2026-03-14T11:11:48Z INFO [startup] heartbeat ok (epoch 962)
2026-03-14T11:11:51Z WARN [gc] thread pool active 1668/64
2026-03-14T11:11:52Z INFO [http.server] scheduled job token_sweep finished in 9s
2026-03-14T11:12:30Z INFO [startup] scheduled job token_sweep finished in 109s
2026-03-14T11:12:34Z INFO [startup] scheduled job token_sweep finished in 107s
2026-03-14T11:12:49Z WARN [scheduler] retrying metrics flush (attempt 400)
2026-03-14T11:13:03Z WARN [scheduler] certificate for inventory-service expires in 951 days
2026-03-14T11:13:09Z INFO [gc] scheduled job sku_reindex finished in 7s
2026-03-14T11:13:14Z INFO [gc] request w2 completed status=200 in 135 ms
2026-03-14T11:13:43Z DEBUG [metrics] gc pause 414 ms (young gen)
2026-03-14T11:14:37Z WARN [gc] retrying metrics flush (attempt 1389)
2026-03-14T11:14:42Z WARN [metrics] thread pool active 1660/64
2026-03-14T11:14:51Z INFO [startup] request w47 completed status=200 in 464 ms
2026-03-14T11:15:14Z DEBUG [startup] queue depth 4533 within limits
2026-03-14T11:15:24Z WARN [scheduler] retrying metrics flush (attempt 1053)
2026-03-14T11:15:30Z WARN [metrics] retrying metrics flush (attempt 2113)
2026-03-14T11:15:58Z INFO [cache] request w54 completed status=200 in 891 ms
2026-03-14T11:16:12Z INFO [http.server] connection established to inventory-service:8198
2026-03-14T11:16:41Z INFO [http.server] heartbeat ok (epoch 2563)
2026-03-14T11:16:46Z DEBUG [gc] worker w52 idle for 27s
2026-03-14T11:16:56Z INFO [startup] heartbeat ok (epoch 2718)
2026-03-14T11:16:58Z WARN [gc] retrying metrics flush (attempt 2214)
2026-03-14T11:17:10Z INFO [metrics] request w21 completed status=200 in 213 ms
2026-03-14T11:17:24Z WARN [scheduler] slow query 726 ms on table email_digest
2026-03-14T11:17:26Z INFO [metrics] cache refresh complete: 3557 entries loaded
2026-03-14T11:17:31Z WARN [http.server] thread pool active 1364/64
2026-03-14T11:17:54Z INFO [gc] request w37 completed status=200 in 579 ms
2026-03-14T11:17:57Z INFO [metrics] connection established to inventory-service:8096
2026-03-14T11:18:01Z INFO [http.server] request w39 completed status=200 in 68 ms
2026-03-14T11:18:12Z INFO [cache] scheduled job email_digest finished in 69s
2026-03-14T11:18:17Z DEBUG [scheduler] worker w54 idle for 91s
2026-03-14T11:18:26Z INFO [scheduler] scheduled job sku_reindex finished in 76s
2026-03-14T11:18:29Z DEBUG [gc] worker w31 idle for 26s
2026-03-14T11:18:29Z INFO [cache] request w26 completed status=200 in 788 ms
2026-03-14T11:18:50Z DEBUG [http.server] queue depth 4537 within limits
2026-03-14T11:19:16Z INFO [scheduler] cache refresh complete: 2001 entries loaded
2026-03-14T11:19:18Z INFO [cache] connection established to inventory-service:8121
2026-03-14T11:19:22Z DEBUG [scheduler] queue depth 227 within limits
2026-03-14T11:19:24Z INFO [gc] heartbeat ok (epoch 407)
2026-03-14T11:19:30Z INFO [metrics] cache refresh complete: 4305 entries loaded
2026-03-14T11:20:00Z DEBUG [startup] worker w17 idle for 60s
2026-03-14T11:20:00Z INFO [startup] request w50 completed status=200 in 174 ms
2026-03-14T11:20:03Z INFO [startup] cache refresh complete: 2965 entries loaded
2026-03-14T11:20:23Z INFO [metrics] connection established to inventory-service:8112
2026-03-14T11:20:26Z WARN [http.server] retrying metrics flush (attempt 1529)
2026-03-14T11:20:43Z DEBUG [cache] gc pause 216 ms (young gen)
2026-03-14T11:20:58Z WARN [metrics] thread pool active 4141/64
2026-03-14T11:21:19Z ERROR [scheduler] temporary DNS failure resolving inventory-service (retried ok)
2026-03-14T11:22:04Z DEBUG [gc] queue depth 2975 within limits
2026-03-14T11:22:08Z INFO [startup] cache refresh complete: 2664 entries loaded
2026-03-14T11:22:10Z INFO [startup] cache refresh complete: 2617 entries loaded
2026-03-14T11:22:11Z INFO [cache] heartbeat ok (epoch 4477)
2026-03-14T11:22:23Z INFO [metrics] request w11 completed status=200 in 642 ms
2026-03-14T11:22:31Z INFO [metrics] request w31 completed status=200 in 409 ms
2026-03-14T11:22:49Z WARN [cache] thread pool active 559/64
2026-03-14T11:22:49Z WARN [startup] certificate for inventory-service expires in 4870 days
2026-03-14T11:23:00Z WARN [scheduler] certificate for inventory-service expires in 4767 days
2026-03-14T11:23:07Z INFO [http.server] heartbeat ok (epoch 2674)
2026-03-14T11:23:08Z WARN [scheduler] certificate for inventory-service expires in 4648 days
2026-03-14T11:23:09Z DEBUG [gc] queue depth 2041 within limits
2026-03-14T11:23:16Z DEBUG [scheduler] gc pause 456 ms (young gen)
2026-03-14T11:23:30Z DEBUG [scheduler] gc pause 81 ms (young gen)
2026-03-14T11:23:33Z INFO [scheduler] request w27 completed status=200 in 253 ms
2026-03-14T11:23:46Z INFO [startup] scheduled job token_sweep finished in 96s
2026-03-14T11:23:58Z INFO [startup] scheduled job sku_reindex finished in 25s
2026-03-14T11:24:00Z INFO [http.server] request w44 completed status=200 in 115 ms
2026-03-14T11:24:05Z WARN [http.server] slow query 488 ms on table sku_reindex
2026-03-14T11:24:29Z WARN [metrics] retrying metrics flush (attempt 3603)
2026-03-14T11:24:37Z DEBUG [startup] queue depth 563 within limits
2026-03-14T11:25:09Z INFO [http.server] cache refresh complete: 4915 entries loaded
2026-03-14T11:25:14Z INFO [scheduler] request w14 completed status=200 in 255 ms
2026-03-14T11:25:16Z WARN [startup] thread pool active 640/64
2026-03-14T11:25:19Z INFO [metrics] connection established to inventory-service:8095
2026-03-14T11:25:26Z WARN [http.server] slow query 852 ms on table email_digest
2026-03-14T11:25:48Z INFO [http.server] request w6 completed status=200 in 618 ms
2026-03-14T11:25:59Z WARN [gc] thread pool active 1351/64
2026-03-14T11:26:03Z INFO [metrics] cache refresh complete: 729 entries loaded
2026-03-14T11:26:07Z INFO [http.server] scheduled job ledger_sync finished in 60s
2026-03-14T11:26:11Z INFO [gc] cache refresh complete: 2480 entries loaded
2026-03-14T11:26:15Z INFO [startup] connection established to inventory-service:8098
2026-03-14T11:26:28Z INFO [http.server] request w56 completed status=200 in 593 ms
2026-03-14T11:26:39Z WARN [scheduler] certificate for inventory-service expires in 154 days
2026-03-14T11:26:40Z INFO [metrics] cache refresh complete: 1852 entries loaded
2026-03-14T11:26:40Z WARN [http.server] thread pool active 3651/64
2026-03-14T11:26:41Z INFO [metrics] request w30 completed status=200 in 814 ms
2026-03-14T11:26:43Z INFO [gc] connection established to inventory-service:8177
2026-03-14T11:27:01Z INFO [scheduler] connection established to inventory-service:8103
2026-03-14T11:27:02Z INFO [startup] scheduled job sku_reindex finished in 4s
2026-03-14T11:27:04Z INFO [http.server] scheduled job sku_reindex finished in 83s
2026-03-14T11:27:19Z INFO [gc] connection established to inventory-service:8086
2026-03-14T11:27:24Z INFO [http.server] connection established to inventory-service:8190
2026-03-14T11:27:36Z DEBUG [gc] gc pause 359 ms (young gen)
2026-03-14T11:27:53Z ERROR [cache] failed to publish metrics batch: broker unavailable (will retry)
2026-03-14T11:28:15Z WARN [startup] retrying metrics flush (attempt 538)
2026-03-14T11:28:34Z INFO [metrics] connection established to inventory-service:8156
2026-03-14T11:28:43Z WARN [http.server] retrying metrics flush (attempt 1988)
2026-03-14T11:28:43Z INFO [startup] request w61 completed status=200 in 200 ms
2026-03-14T11:28:46Z INFO [startup] heartbeat ok (epoch 3120)
2026-03-14T11:28:53Z DEBUG [cache] worker w59 idle for 77s
2026-03-14T11:28:55Z ERROR [http.server] temporary DNS failure resolving inventory-service (retried ok)
2026-03-14T11:28:56Z WARN [http.server] retrying metrics flush (attempt 3880)
2026-03-14T11:29:05Z INFO [metrics] connection established to inventory-service:8092
2026-03-14T11:29:09Z INFO [metrics] scheduled job token_sweep finished in 110s
2026-03-14T11:29:26Z DEBUG [startup] gc pause 271 ms (young gen)
2026-03-14T11:29:40Z INFO [metrics] heartbeat ok (epoch 3964)
2026-03-14T11:29:56Z INFO [http.server] connection established to inventory-service:8081
2026-03-14T11:30:10Z INFO [gc] request w13 completed status=200 in 662 ms
2026-03-14T11:30:31Z INFO [cache] connection established to inventory-service:8104
2026-03-14T11:30:40Z INFO [http.server] request w41 completed status=200 in 230 ms
2026-03-14T11:30:44Z INFO [gc] cache refresh complete: 3795 entries loaded
2026-03-14T11:30:51Z INFO [startup] cache refresh complete: 2229 entries loaded
2026-03-14T11:31:06Z INFO [http.server] heartbeat ok (epoch 3317)
2026-03-14T11:31:09Z DEBUG [cache] worker w13 idle for 31s
2026-03-14T11:31:12Z INFO [scheduler] cache refresh complete: 1694 entries loaded
2026-03-14T11:31:37Z DEBUG [metrics] queue depth 140 within limits
2026-03-14T11:31:42Z INFO [cache] request w55 completed status=200 in 865 ms
2026-03-14T11:31:49Z WARN [cache] retrying metrics flush (attempt 4092)
2026-03-14T11:32:13Z INFO [cache] request w33 completed status=200 in 49 ms
2026-03-14T11:32:14Z INFO [scheduler] scheduled job token_sweep finished in 50s
2026-03-14T11:32:29Z INFO [metrics] request w54 completed status=200 in 192 ms
2026-03-14T11:33:01Z WARN [http.server] certificate for inventory-service expires in 2506 days
2026-03-14T11:33:12Z WARN [scheduler] thread pool active 1238/64
2026-03-14T11:33:23Z INFO [metrics] heartbeat ok (epoch 4502)
2026-03-14T11:33:29Z INFO [http.server] cache refresh complete: 4473 entries loaded
2026-03-14T11:33:34Z WARN [gc] thread pool active 882/64
2026-03-14T11:33:35Z DEBUG [http.server] gc pause 70 ms (young gen)
2026-03-14T11:33:45Z INFO [http.server] heartbeat ok (epoch 673)
2026-03-14T11:33:48Z INFO [startup] heartbeat ok (epoch 2279)
2026-03-14T11:33:58Z INFO [gc] request w43 completed status=200 in 829 ms
2026-03-14T11:33:58Z INFO [http.server] connection established to inventory-service:8091
2026-03-14T11:34:13Z INFO [gc] request w18 completed status=200 in 218 ms
2026-03-14T11:34:26Z INFO [gc] request w13 completed status=200 in 565 ms
2026-03-14T11:34:32Z INFO [scheduler] scheduled job orders_rollup finished in 43s
2026-03-14T11:34:43Z DEBUG [startup] queue depth 4796 within limits
2026-03-14T11:34:59Z INFO [gc] connection established to inventory-service:8140
2026-03-14T11:35:08Z INFO [cache] heartbeat ok (epoch 4940)
2026-03-14T11:35:39Z INFO [metrics] request w54 completed status=200 in 119 ms
2026-03-14T11:36:07Z DEBUG [cache] gc pause 198 ms (young gen)
2026-03-14T11:36:11Z INFO [gc] connection established to inventory-service:8178
2026-03-14T11:36:17Z INFO [startup] cache refresh complete: 1657 entries loaded
2026-03-14T11:36:21Z ERROR [gc] failed to publish metrics batch: broker unavailable (will retry)
2026-03-14T11:36:27Z WARN [scheduler] retrying metrics flush (attempt 1287)
2026-03-14T11:36:39Z INFO [gc] scheduled job ledger_sync finished in 112s
2026-03-14T11:36:48Z DEBUG [scheduler] gc pause 377 ms (young gen)
2026-03-14T11:36:50Z INFO [http.server] scheduled job email_digest finished in 4s
2026-03-14T11:36:58Z WARN [metrics] slow query 878 ms on table ledger_sync
2026-03-14T11:37:18Z DEBUG [metrics] worker w25 idle for 56s
2026-03-14T11:37:33Z WARN [cache] thread pool active 3422/64
2026-03-14T11:37:41Z INFO [metrics] cache refresh complete: 1527 entries loaded
2026-03-14T11:38:03Z WARN [startup] slow query 625 ms on table sku_reindex
2026-03-14T11:38:11Z INFO [http.server] heartbeat ok (epoch 416)
2026-03-14T11:38:14Z DEBUG [cache] queue depth 3481 within limits
2026-03-14T11:38:23Z DEBUG [metrics] gc pause 430 ms (young gen)
2026-03-14T11:38:25Z DEBUG [gc] gc pause 602 ms (young gen)
2026-03-14T11:38:35Z DEBUG [http.server] queue depth 87 within limits
2026-03-14T11:38:43Z DEBUG [cache] gc pause 32 ms (young gen)
2026-03-14T11:38:51Z DEBUG [metrics] queue depth 1780 within limits
2026-03-14T11:40:08Z WARN [gc] thread pool active 3202/64
2026-03-14T11:40:23Z INFO [startup] connection established to inventory-service:8119
2026-03-14T11:40:39Z INFO [startup] scheduled job img_prewarm finished in 13s
2026-03-14T11:40:47Z INFO [cache] connection established to inventory-service:8139
2026-03-14T11:40:48Z INFO [scheduler] connection established to inventory-service:8154
2026-03-14T11:40:50Z INFO [metrics] request w33 completed status=200 in 395 ms
2026-03-14T11:41:13Z INFO [metrics] scheduled job token_sweep finished in 83s
2026-03-14T11:41:34Z DEBUG [gc] worker w3 idle for 46s
2026-03-14T11:41:41Z INFO [startup] scheduled job token_sweep finished in 81s
2026-03-14T11:41:59Z INFO [startup] heartbeat ok (epoch 3881)
2026-03-14T11:42:23Z INFO [scheduler] request w5 completed status=200 in 694 ms
2026-03-14T11:42:37Z WARN [metrics] retrying metrics flush (attempt 2223)
2026-03-14T11:42:47Z WARN [cache] slow query 428 ms on table token_sweep
2026-03-14T11:42:47Z WARN [scheduler] slow query 541 ms on table email_digest
2026-03-14T11:42:50Z INFO [cache] cache refresh complete: 208 entries loaded
2026-03-14T11:42:54Z DEBUG [gc] gc pause 585 ms (young gen)
2026-03-14T11:42:54Z INFO [startup] heartbeat ok (epoch 1710)
2026-03-14T11:43:01Z WARN [cache] certificate for inventory-service expires in 2003 days
2026-03-14T11:43:02Z INFO [metrics] request w21 completed status=200 in 310 ms
2026-03-14T11:43:21Z WARN [gc] slow query 615 ms on table sku_reindex
2026-03-14T11:43:25Z INFO [cache] request w50 completed status=200 in 523 ms
2026-03-14T11:43:35Z INFO [scheduler] connection established to inventory-service:8154
2026-03-14T11:43:40Z ERROR [cache] temporary DNS failure resolving inventory-service (retried ok)
2026-03-14T11:44:10Z INFO [scheduler] heartbeat ok (epoch 2403)
2026-03-14T11:44:19Z INFO [cache] cache refresh complete: 2239 entries loaded
2026-03-14T11:44:56Z INFO [metrics] request w8 completed status=200 in 282 ms
2026-03-14T11:45:15Z INFO [metrics] scheduled job img_prewarm finished in 74s
2026-03-14T11:45:19Z INFO [http.server] connection established to inventory-service:8109
2026-03-14T11:45:27Z INFO [startup] heartbeat ok (epoch 3608)
2026-03-14T11:45:27Z DEBUG [startup] gc pause 263 ms (young gen)
2026-03-14T11:46:17Z INFO [cache] request w40 completed status=200 in 551 ms
2026-03-14T11:46:20Z WARN [metrics] retrying metrics flush (attempt 3431)
2026-03-14T11:46:23Z WARN [startup] retrying metrics flush (attempt 490)
2026-03-14T11:46:35Z INFO [gc] request w44 completed status=200 in 131 ms
2026-03-14T11:46:40Z WARN [gc] slow query 234 ms on table token_sweep
2026-03-14T11:46:41Z INFO [gc] cache refresh complete: 3293 entries loaded
2026-03-14T11:46:42Z DEBUG [startup] worker w6 idle for 112s
2026-03-14T11:46:49Z INFO [metrics] connection established to inventory-service:8189
2026-03-14T11:47:11Z INFO [gc] cache refresh complete: 4278 entries loaded
2026-03-14T11:47:29Z WARN [gc] thread pool active 4738/64
2026-03-14T11:47:52Z WARN [metrics] certificate for inventory-service expires in 2887 days
2026-03-14T11:48:06Z INFO [cache] request w64 completed status=200 in 739 ms
2026-03-14T11:48:10Z INFO [gc] request w34 completed status=200 in 10 ms
2026-03-14T11:48:15Z WARN [http.server] thread pool active 76/64
2026-03-14T11:48:26Z INFO [gc] heartbeat ok (epoch 445)
2026-03-14T11:48:34Z INFO [startup] cache refresh complete: 3481 entries loaded
2026-03-14T11:48:41Z WARN [http.server] certificate for inventory-service expires in 4168 days
2026-03-14T11:48:43Z INFO [gc] scheduled job img_prewarm finished in 22s
2026-03-14T11:48:45Z INFO [gc] request w45 completed status=200 in 513 ms
2026-03-14T11:48:49Z INFO [http.server] cache refresh complete: 4481 entries loaded
2026-03-14T11:49:03Z WARN [metrics] slow query 516 ms on table sku_reindex
2026-03-14T11:49:03Z INFO [metrics] cache refresh complete: 3286 entries loaded
2026-03-14T11:49:04Z INFO [cache] request w16 completed status=200 in 504 ms
2026-03-14T11:49:07Z DEBUG [cache] worker w55 idle for 52s
2026-03-14T11:49:19Z DEBUG [http.server] queue depth 2803 within limits
2026-03-14T11:49:50Z INFO [gc] connection established to inventory-service:8147
2026-03-14T11:49:54Z WARN [metrics] retrying metrics flush (attempt 2135)
2026-03-14T11:50:31Z INFO [gc] request w17 completed status=200 in 537 ms
2026-03-14T11:50:40Z DEBUG [cache] gc pause 782 ms (young gen)
2026-03-14T11:50:40Z DEBUG [gc] gc pause 849 ms (young gen)
2026-03-14T11:50:41Z WARN [startup] retrying metrics flush (attempt 1767)
2026-03-14T11:50:43Z DEBUG [startup] queue depth 4399 within limits
2026-03-14T11:50:44Z DEBUG [startup] gc pause 435 ms (young gen)
2026-03-14T11:50:52Z WARN [scheduler] retrying metrics flush (attempt 167)
2026-03-14T11:51:03Z INFO [scheduler] scheduled job token_sweep finished in 65s
2026-03-14T11:51:07Z INFO [metrics] scheduled job img_prewarm finished in 88s
2026-03-14T11:51:09Z INFO [metrics] connection established to inventory-service:8119
2026-03-14T11:51:11Z DEBUG [startup] queue depth 904 within limits
2026-03-14T11:51:37Z WARN [metrics] retrying metrics flush (attempt 267)
2026-03-14T11:51:40Z INFO [http.server] heartbeat ok (epoch 1591)
2026-03-14T11:52:03Z INFO [http.server] request w48 completed status=200 in 275 ms
2026-03-14T11:52:47Z WARN [http.server] thread pool active 2546/64
2026-03-14T11:52:49Z INFO [http.server] request w24 completed status=200 in 744 ms
2026-03-14T11:52:50Z INFO [metrics] heartbeat ok (epoch 90)
2026-03-14T11:52:58Z DEBUG [scheduler] queue depth 4828 within limits
2026-03-14T11:53:18Z WARN [metrics] certificate for inventory-service expires in 1268 days
2026-03-14T11:53:53Z WARN [cache] thread pool active 1940/64
2026-03-14T11:53:54Z INFO [startup] heartbeat ok (epoch 2149)
2026-03-14T11:54:00Z INFO [scheduler] heartbeat ok (epoch 3375)
2026-03-14T11:54:04Z INFO [gc] request w25 completed status=200 in 54 ms
2026-03-14T11:54:11Z DEBUG [http.server] worker w50 idle for 87s
2026-03-14T11:54:19Z DEBUG [http.server] worker w25 idle for 81s
2026-03-14T11:54:23Z INFO [metrics] cache refresh complete: 2484 entries loaded
2026-03-14T11:54:27Z INFO [startup] scheduled job ledger_sync finished in 85s
2026-03-14T11:54:38Z INFO [scheduler] connection established to inventory-service:8097
2026-03-14T11:54:49Z DEBUG [http.server] worker w30 idle for 61s
2026-03-14T11:55:04Z INFO [gc] heartbeat ok (epoch 3073)
2026-03-14T11:55:19Z DEBUG [cache] gc pause 319 ms (young gen)
2026-03-14T11:55:26Z INFO [startup] cache refresh complete: 1099 entries loaded
2026-03-14T11:55:49Z INFO [cache] request w2 completed status=200 in 781 ms
2026-03-14T11:55:55Z INFO [metrics] request w63 completed status=200 in 15 ms
2026-03-14T11:56:06Z WARN [metrics] thread pool active 548/64
2026-03-14T11:56:28Z INFO [scheduler] connection established to inventory-service:8159
2026-03-14T11:56:29Z INFO [gc] connection established to inventory-service:8133
2026-03-14T11:56:36Z INFO [scheduler] connection established to inventory-service:8195
2026-03-14T11:56:42Z INFO [scheduler] scheduled job token_sweep finished in 118s
2026-03-14T11:57:17Z INFO [gc] cache refresh complete: 1272 entries loaded
2026-03-14T11:57:30Z INFO [scheduler] heartbeat ok (epoch 4309)
2026-03-14T11:57:35Z INFO [metrics] cache refresh complete: 1830 entries loaded
2026-03-14T11:57:47Z INFO [metrics] heartbeat ok (epoch 3591)
2026-03-14T11:57:47Z INFO [http.server] request w50 completed status=200 in 480 ms
2026-03-14T11:57:49Z DEBUG [http.server] gc pause 614 ms (young gen)
2026-03-14T11:58:07Z INFO [startup] scheduled job token_sweep finished in 52s
2026-03-14T11:58:22Z INFO [startup] connection established to inventory-service:8164
2026-03-14T11:58:31Z INFO [http.server] cache refresh complete: 1557 entries loaded
2026-03-14T11:58:53Z ERROR [gc] temporary DNS failure resolving inventory-service (retried ok)
2026-03-14T11:58:56Z INFO [scheduler] request w50 completed status=200 in 212 ms
2026-03-14T11:59:15Z DEBUG [startup] gc pause 226 ms (young gen)
2026-03-14T11:59:22Z WARN [scheduler] slow query 89 ms on table img_prewarm
2026-03-14T11:59:22Z INFO [http.server] connection established to inventory-service:8091
2026-03-14T11:59:44Z INFO [http.server] cache refresh complete: 920 entries loaded
2026-03-14T11:59:46Z INFO [scheduler] connection established to inventory-service:8120
2026-03-14T11:59:52Z DEBUG [http.server] queue depth 3044 within limits
2026-03-14T11:59:56Z INFO [http.server] connection established to inventory-service:8144
