2026-03-14T04:00:02Z GET /api/products 404 105ms req-979039
2026-03-14T04:00:57Z POST /api/session 301 183ms req-cb821e
2026-03-14T04:01:00Z POST /api/cart 200 66ms req-6c0975
2026-03-14T04:01:03Z GET /api/products 200 348ms req-ae8099
2026-03-14T04:01:09Z GET /api/orders 200 51ms req-636a38
2026-03-14T04:01:14Z POST /api/products 404 398ms req-805010
2026-03-14T04:01:34Z GET /api/orders 200 319ms req-5594d7
2026-03-14T04:01:35Z PUT /api/checkout 201 376ms req-d9afc0
2026-03-14T04:03:02Z POST /api/session 200 25ms req-cfc7b2
2026-03-14T04:03:42Z POST /api/products 404 259ms req-02d3a3
2026-03-14T04:04:55Z POST /healthz 201 207ms req-5b312c
2026-03-14T04:04:59Z GET /api/search 200 55ms req-eeec60
2026-03-14T04:05:13Z GET /api/session 204 139ms req-6edd87
2026-03-14T04:05:46Z POST /api/cart 204 230ms req-e7be2e
2026-03-14T04:06:16Z POST /api/search 200 216ms req-a9ede1
2026-03-14T04:06:55Z GET /api/checkout 200 260ms req-5d1da7
2026-03-14T04:07:29Z GET /healthz 200 180ms req-dd66c1
2026-03-14T04:07:39Z GET /api/cart 200 145ms req-e7bcb1
2026-03-14T04:09:19Z GET /healthz 200 325ms req-903b5c
2026-03-14T04:09:41Z GET /api/session 204 106ms req-0ca925
2026-03-14T04:10:35Z GET /healthz 201 184ms req-508de8
2026-03-14T04:10:47Z POST /healthz 200 114ms req-a79ab1
2026-03-14T04:10:49Z GET /api/session 200 405ms req-17c6ba
2026-03-14T04:11:12Z POST /api/account 200 256ms req-1e54ab
2026-03-14T04:11:16Z POST /api/session 200 144ms req-be1f0a
2026-03-14T04:11:24Z GET /api/account 204 398ms req-17becf
2026-03-14T04:11:35Z POST /api/checkout 204 176ms req-b02ebe
2026-03-14T04:12:06Z GET /api/session 201 182ms req-adc671
2026-03-14T04:12:22Z GET /api/session 200 360ms req-632493
2026-03-14T04:12:26Z PUT /api/search 200 217ms req-a1a21f
2026-03-14T04:12:57Z POST /api/orders 204 331ms req-f0f871
2026-03-14T04:13:12Z GET /api/products 204 193ms req-855e46
2026-03-14T04:13:28Z POST /api/cart 200 73ms req-846243
2026-03-14T04:13:36Z PUT /api/checkout 301 407ms req-3028cf
2026-03-14T04:14:14Z PUT /api/orders 301 225ms req-7ef709
2026-03-14T04:15:45Z GET /api/checkout 200 293ms req-08de87
2026-03-14T04:15:53Z PUT /api/search 200 225ms req-89a689
2026-03-14T04:15:57Z POST /api/search 200 218ms req-e6269a
2026-03-14T04:16:21Z POST /healthz 200 188ms req-6e46c3
2026-03-14T04:16:25Z PUT /healthz 200 365ms req-1be63f
2026-03-14T04:16:49Z GET /api/cart 404 412ms req-b46386
2026-03-14T04:17:21Z POST /api/products 200 188ms req-9b8b47
2026-03-14T04:17:42Z GET /api/orders 404 221ms req-16441b
2026-03-14T04:17:58Z GET /api/session 200 76ms req-f31572
2026-03-14T04:18:04Z GET /api/checkout 200 199ms req-099fa3
2026-03-14T04:18:59Z GET /api/search 404 412ms req-b6a4e1
2026-03-14T04:19:01Z GET /healthz 200 215ms req-6997a5
2026-03-14T04:20:25Z GET /healthz 201 225ms req-84eb04
2026-03-14T04:20:33Z POST /api/search 200 295ms req-e00222
2026-03-14T04:22:16Z POST /api/session 200 207ms req-f9eea8
2026-03-14T04:22:28Z POST /api/checkout 200 268ms req-e80118
2026-03-14T04:22:31Z PUT /api/search 200 335ms req-b46c83
2026-03-14T04:22:38Z GET /api/search 200 386ms req-165b34
2026-03-14T04:23:25Z POST /api/checkout 200 62ms req-d08122
2026-03-14T04:23:28Z POST /api/products 201 227ms req-bb40e2
2026-03-14T04:24:16Z GET /api/search 200 299ms req-25f255
2026-03-14T04:24:25Z GET /api/session 200 307ms req-35c808
2026-03-14T04:24:30Z GET /api/products 200 288ms req-64440f
2026-03-14T04:24:34Z POST /api/account 201 277ms req-d8bbd3
2026-03-14T04:24:35Z PUT /api/products 200 23ms req-ca0b72
2026-03-14T04:24:42Z GET /api/orders 404 103ms req-660454
2026-03-14T04:24:57Z PUT /api/cart 404 22ms req-8679c4
2026-03-14T04:25:03Z GET /api/orders 200 382ms req-a0cfaa
2026-03-14T04:25:40Z GET /api/search 200 334ms req-813c5c
2026-03-14T04:25:51Z GET /api/account 200 347ms req-5fc950
2026-03-14T04:26:35Z PUT /api/products 200 345ms req-aca478
2026-03-14T04:26:38Z GET /api/cart 404 226ms req-f6795c
2026-03-14T04:28:42Z PUT /api/account 301 243ms req-1b3844
2026-03-14T04:28:45Z GET /api/session 200 203ms req-aaca5d
2026-03-14T04:29:29Z GET /api/products 200 170ms req-9be12f
2026-03-14T04:29:38Z POST /api/cart 200 286ms req-eafaaa
2026-03-14T04:30:06Z POST /api/account 200 368ms req-b8a715
2026-03-14T04:30:08Z POST /api/account 200 155ms req-647d44
2026-03-14T04:30:22Z POST /api/orders 200 8ms req-7b8841
2026-03-14T04:30:30Z POST /api/cart 404 328ms req-a99207
2026-03-14T04:30:44Z POST /api/products 204 363ms req-469d2a
2026-03-14T04:30:49Z GET /api/checkout 200 308ms req-0f44e4
2026-03-14T04:30:53Z GET /api/orders 200 227ms req-8a27e7
2026-03-14T04:32:22Z POST /api/checkout 200 115ms req-8b27c5
2026-03-14T04:33:17Z GET /api/products 404 146ms req-cd9468
2026-03-14T04:35:12Z PUT /api/orders 200 342ms req-df12e0
2026-03-14T04:35:15Z POST /healthz 200 185ms req-dc3fed
2026-03-14T04:35:19Z GET /api/checkout 200 179ms req-79f146
2026-03-14T04:35:26Z POST /healthz 301 271ms req-7c8cbf
2026-03-14T04:35:43Z POST /api/orders 404 23ms req-3a4618
2026-03-14T04:35:47Z GET /healthz 204 24ms req-eae6e5
2026-03-14T04:37:12Z GET /api/search 200 127ms req-189fc7
2026-03-14T04:37:17Z GET /api/products 200 178ms req-39bf30
2026-03-14T04:37:27Z GET /api/cart 200 217ms req-f28ae5
2026-03-14T04:37:58Z POST /api/session 204 49ms req-957e94
2026-03-14T04:38:15Z POST /api/cart 200 152ms req-42a358
2026-03-14T04:38:24Z GET /api/account 404 166ms req-b5c96d
2026-03-14T04:39:16Z GET /api/session 204 243ms req-5e5ee6
2026-03-14T04:39:18Z PUT /api/products 200 345ms req-78ada7
2026-03-14T04:39:26Z POST /api/account 404 408ms req-558c97
2026-03-14T04:39:34Z GET /api/cart 301 25ms req-c9c16d
2026-03-14T04:40:09Z GET /api/account 404 94ms req-3b4e38
2026-03-14T04:40:58Z GET /api/account 301 310ms req-9bdc3d
2026-03-14T04:41:13Z GET /api/checkout 200 192ms req-26f5b3
2026-03-14T04:41:40Z GET /api/session 200 56ms req-0a8514
2026-03-14T04:41:44Z GET /api/cart 200 386ms req-7f1b14
2026-03-14T04:42:20Z PUT /api/cart 200 24ms req-43ddf4
2026-03-14T04:42:25Z GET /healthz 301 8ms req-e70576
2026-03-14T04:42:28Z GET /api/orders 200 397ms req-c3451d
2026-03-14T04:42:38Z PUT /api/orders 200 255ms req-b0b327
2026-03-14T04:42:41Z GET /api/checkout 404 212ms req-c17221
2026-03-14T04:42:53Z PUT /healthz 200 307ms req-4ecfa1
2026-03-14T04:43:22Z PUT /api/cart 200 83ms req-f0d976
2026-03-14T04:43:23Z PUT /api/orders 200 384ms req-8c72bd
2026-03-14T04:45:22Z GET /api/session 200 350ms req-36e933
2026-03-14T04:45:25Z POST /api/products 201 38ms req-0cf64c
2026-03-14T04:45:52Z POST /api/session 200 253ms req-5af014
2026-03-14T04:46:00Z GET /api/checkout 200 415ms req-838eb1
2026-03-14T04:46:27Z POST /api/cart 301 11ms req-179a8c
2026-03-14T04:46:33Z POST /api/search 204 388ms req-3bfad4
2026-03-14T04:46:41Z GET /api/account 200 236ms req-9fa950
2026-03-14T04:46:50Z PUT /api/cart 204 99ms req-de5480
2026-03-14T04:47:08Z POST /api/checkout 301 37ms req-13f432
2026-03-14T04:47:20Z GET /api/orders 301 41ms req-9259f5
2026-03-14T04:47:22Z GET /healthz 301 181ms req-dcd8d1
2026-03-14T04:47:41Z GET /api/session 204 249ms req-24e716
2026-03-14T04:50:08Z GET /api/products 204 336ms req-9058ca
2026-03-14T04:50:13Z POST /healthz 200 133ms req-7fc821
2026-03-14T04:50:22Z POST /api/cart 200 42ms req-ee2c51
2026-03-14T04:51:15Z POST /api/account 201 169ms req-b9a3f4
2026-03-14T04:51:30Z GET /api/products 301 205ms req-a67380
2026-03-14T04:51:48Z POST /healthz 301 102ms req-827161
2026-03-14T04:52:02Z PUT /api/checkout 201 108ms req-994f85
2026-03-14T04:53:08Z GET /api/products 200 182ms req-2d7efb
2026-03-14T04:53:19Z GET /healthz 204 271ms req-1592a9
2026-03-14T04:53:45Z POST /healthz 200 405ms req-c3ef4c
2026-03-14T04:54:09Z GET /healthz 201 11ms req-6051da
2026-03-14T04:54:23Z POST /api/search 200 8ms req-0e1f4c
2026-03-14T04:54:48Z POST /api/account 201 92ms req-a0dfcb
2026-03-14T04:55:27Z GET /api/cart 201 268ms req-e926ce
2026-03-14T04:55:50Z POST /api/search 200 362ms req-3fc881
2026-03-14T04:55:55Z PUT /api/cart 204 128ms req-af540a
2026-03-14T04:56:18Z POST /api/account 200 142ms req-3ea9e6
2026-03-14T04:57:12Z GET /api/account 301 155ms req-7099e3
2026-03-14T04:59:30Z GET /api/search 201 84ms req-77bb93
2026-03-14T04:59:32Z GET /api/products 204 9ms req-fc92ba
2026-03-14T04:59:53Z GET /api/search 204 299ms req-fb0427
2026-03-14T05:01:11Z POST /api/orders 404 33ms req-3cbb1c
2026-03-14T05:01:38Z POST /api/orders 200 352ms req-35c929
2026-03-14T05:01:50Z GET /api/search 404 376ms req-fcb794
2026-03-14T05:02:09Z GET /api/products 201 65ms req-6517c3
2026-03-14T05:02:15Z POST /api/account 301 77ms req-218572
2026-03-14T05:02:42Z GET /api/cart 404 171ms req-29983e
2026-03-14T05:03:20Z PUT /healthz 200 156ms req-04ef04
2026-03-14T05:04:10Z GET /api/session 200 267ms req-2cf70f
2026-03-14T05:04:48Z GET /api/checkout 201 321ms req-9a9600
2026-03-14T05:04:56Z GET /api/products 200 286ms req-0316bd
2026-03-14T05:05:34Z GET /api/session 201 195ms req-fd0134
2026-03-14T05:06:18Z GET /api/products 404 416ms req-28aec8
2026-03-14T05:06:21Z GET /api/cart 200 129ms req-4b54ed
2026-03-14T05:06:55Z PUT /api/orders 404 48ms req-e2882c
2026-03-14T05:06:59Z POST /api/orders 200 239ms req-6c3c61
2026-03-14T05:07:07Z POST /api/products 200 68ms req-571878
2026-03-14T05:07:37Z GET /api/search 404 91ms req-15a3e6
2026-03-14T05:08:02Z GET /api/account 201 307ms req-ad2ded
2026-03-14T05:08:22Z GET /api/products 200 110ms req-847471
2026-03-14T05:08:30Z GET /api/account 204 229ms req-638b1e
2026-03-14T05:08:31Z GET /api/checkout 404 388ms req-c56855
2026-03-14T05:09:21Z PUT /healthz 201 10ms req-d534e2
2026-03-14T05:10:11Z PUT /api/search 404 384ms req-0bcbd5
2026-03-14T05:11:31Z POST /api/search 404 291ms req-4444c3
2026-03-14T05:12:04Z POST /api/cart 200 133ms req-ba5f7d
2026-03-14T05:12:41Z POST /api/checkout 301 262ms req-68a210
2026-03-14T05:13:18Z GET /api/orders 204 211ms req-6f3dfb
2026-03-14T05:13:21Z GET /healthz 301 101ms req-c1a332
2026-03-14T05:13:45Z POST /api/orders 200 202ms req-53a02b
2026-03-14T05:14:28Z POST /api/session 301 157ms req-c59ce3
2026-03-14T05:14:30Z GET /api/cart 204 58ms req-305782
2026-03-14T05:15:16Z POST /healthz 200 154ms req-60fc0f
2026-03-14T05:15:55Z GET /api/cart 301 301ms req-cd528f
2026-03-14T05:16:11Z GET /api/session 200 410ms req-39f49a
2026-03-14T05:16:20Z PUT /api/search 200 280ms req-1a8518
2026-03-14T05:16:26Z PUT /api/checkout 404 338ms req-f29e85
2026-03-14T05:16:32Z POST /api/orders 201 120ms req-d0ee9a
2026-03-14T05:17:16Z POST /api/products 200 287ms req-07ea75
2026-03-14T05:17:22Z GET /api/session 200 148ms req-58972b
2026-03-14T05:17:30Z GET /api/checkout 301 402ms req-6b653d
2026-03-14T05:17:53Z GET /api/session 200 66ms req-666b05
2026-03-14T05:17:56Z GET /api/session 200 40ms req-09c184
2026-03-14T05:18:02Z GET /api/cart 301 410ms req-3f89aa
2026-03-14T05:18:02Z PUT /api/orders 200 269ms req-2ad9ab
2026-03-14T05:18:10Z POST /api/account 200 150ms req-f7afa4
2026-03-14T05:18:19Z POST /api/products 301 59ms req-b8c825
2026-03-14T05:18:42Z GET /api/products 200 190ms req-196e79
2026-03-14T05:19:03Z POST /api/account 200 337ms req-0f2809
2026-03-14T05:19:15Z GET /api/cart 200 322ms req-4fd945
2026-03-14T05:20:39Z POST /api/session 200 84ms req-2df491
2026-03-14T05:21:20Z PUT /healthz 201 13ms req-669b28
2026-03-14T05:21:46Z POST /api/checkout 404 81ms req-384651
2026-03-14T05:21:52Z POST /api/checkout 200 109ms req-4575e7
2026-03-14T05:21:59Z GET /api/orders 201 179ms req-f84b88
2026-03-14T05:22:07Z GET /api/products 200 291ms req-824290
2026-03-14T05:22:43Z POST /api/search 200 117ms req-47fb49
2026-03-14T05:22:46Z GET /api/cart 404 205ms req-af2f0c
2026-03-14T05:23:41Z GET /api/account 200 213ms req-59478d
2026-03-14T05:24:18Z GET /api/session 204 225ms req-063b2d
2026-03-14T05:24:38Z PUT /api/checkout 301 375ms req-93062d
2026-03-14T05:25:33Z GET /api/checkout 200 401ms req-5a8940
2026-03-14T05:25:45Z GET /healthz 200 34ms req-b360b3
2026-03-14T05:25:52Z POST /api/account 200 161ms req-016613
2026-03-14T05:26:52Z GET /api/session 404 20ms req-28172e
2026-03-14T05:27:05Z GET /api/orders 200 166ms req-9a6dfe
2026-03-14T05:27:15Z GET /healthz 200 130ms req-049c63
2026-03-14T05:27:30Z PUT /api/products 201 65ms req-2ebaf1
2026-03-14T05:27:49Z GET /api/account 301 367ms req-05b64f
2026-03-14T05:27:55Z GET /api/orders 200 278ms req-7eb9c1
2026-03-14T05:28:30Z GET /api/checkout 204 402ms req-2a5609
2026-03-14T05:28:50Z POST /api/session 200 320ms req-8ed023
2026-03-14T05:29:05Z GET /healthz 200 404ms req-19c2de
2026-03-14T05:29:21Z GET /api/session 200 324ms req-f0057e
2026-03-14T05:29:42Z GET /api/account 201 404ms req-749ff5
2026-03-14T05:29:54Z GET /api/checkout 404 225ms req-c2fc2b
2026-03-14T05:30:24Z GET /api/search 200 362ms req-15c335
2026-03-14T05:30:57Z POST /api/search 200 8ms req-65234d
2026-03-14T05:31:00Z GET /api/account 200 243ms req-241a37
2026-03-14T05:31:17Z POST /api/session 200 196ms req-1d107e
2026-03-14T05:31:24Z GET /api/account 404 128ms req-0f4cfc
2026-03-14T05:31:51Z POST /api/search 204 39ms req-cecbe5
2026-03-14T05:31:56Z POST /api/products 200 15ms req-ba5e61
2026-03-14T05:31:59Z GET /api/session 200 126ms req-0e5005
2026-03-14T05:32:21Z POST /api/orders 200 271ms req-683567
2026-03-14T05:33:04Z POST /api/account 204 31ms req-4914ba
2026-03-14T05:33:05Z PUT /healthz 301 264ms req-c9798d
2026-03-14T05:33:14Z POST /api/search 200 179ms req-4817a2
2026-03-14T05:33:49Z GET /healthz 200 122ms req-2bc59e
2026-03-14T05:34:33Z GET /api/products 404 151ms req-828d9b
2026-03-14T05:34:35Z POST /api/search 200 324ms req-758a94
2026-03-14T05:34:48Z PUT /api/orders 200 389ms req-0c0cf2
2026-03-14T05:34:57Z GET /api/account 201 159ms req-edd3f0
2026-03-14T05:35:18Z GET /api/checkout 200 68ms req-5b6b15
2026-03-14T05:35:20Z POST /healthz 200 55ms req-8773ab
2026-03-14T05:35:56Z GET /api/orders 200 175ms req-8c1b85
2026-03-14T05:36:31Z PUT /api/checkout 201 114ms req-f599fd
2026-03-14T05:36:45Z PUT /api/session 204 117ms req-2d14c8
2026-03-14T05:37:42Z POST /api/session 301 22ms req-d0a1e8
2026-03-14T05:38:15Z GET /api/search 200 412ms req-799ace
2026-03-14T05:39:06Z POST /api/cart 201 71ms req-101666
2026-03-14T05:39:07Z GET /api/account 200 205ms req-ddac97
2026-03-14T05:39:16Z POST /api/account 301 403ms req-92a432
2026-03-14T05:39:37Z GET /healthz 200 165ms req-a39258
2026-03-14T05:39:39Z GET /api/account 201 290ms req-050044
2026-03-14T05:40:08Z GET /api/orders 200 352ms req-ed730d
2026-03-14T05:40:32Z GET /healthz 200 228ms req-a215c2
2026-03-14T05:40:42Z PUT /api/cart 200 13ms req-d0deae
2026-03-14T05:40:46Z GET /api/cart 200 279ms req-4ad8d6
2026-03-14T05:40:52Z GET /api/checkout 200 379ms req-b09c9f
2026-03-14T05:41:03Z GET /api/orders 204 286ms req-31a429
2026-03-14T05:41:06Z POST /api/cart 204 50ms req-fbe24a
2026-03-14T05:41:10Z GET /api/products 404 96ms req-5a0f5e
2026-03-14T05:41:17Z GET /api/session 200 72ms req-490b05
2026-03-14T05:41:27Z POST /api/session 404 79ms req-fbcbf7
2026-03-14T05:41:34Z POST /api/checkout 200 322ms req-a912e1
2026-03-14T05:42:06Z POST /healthz 301 26ms req-753999
2026-03-14T05:43:27Z PUT /api/checkout 301 89ms req-df7a4c
2026-03-14T05:43:48Z GET /api/checkout 200 347ms req-b39a2e
2026-03-14T05:44:09Z GET /api/session 200 203ms req-3e4f55
2026-03-14T05:45:57Z GET /api/account 200 380ms req-b7ccd8
2026-03-14T05:46:08Z PUT /api/search 201 12ms req-4134e3
2026-03-14T05:46:59Z GET /api/search 301 144ms req-52d764
2026-03-14T05:47:38Z GET /api/cart 301 208ms req-827099
2026-03-14T05:48:51Z POST /api/cart 200 25ms req-b286b7
2026-03-14T05:49:23Z GET /api/search 200 210ms req-97c705
2026-03-14T05:49:26Z PUT /api/account 200 189ms req-48e187
2026-03-14T05:49:47Z POST /api/orders 200 51ms req-becc06
2026-03-14T05:49:51Z PUT /api/search 200 291ms req-161ba9
2026-03-14T05:51:50Z GET /api/cart 201 318ms req-71efa8
2026-03-14T05:51:52Z POST /api/search 301 150ms req-21d50c
2026-03-14T05:51:53Z GET /api/cart 200 387ms req-8b52d8
2026-03-14T05:52:46Z POST /api/checkout 200 107ms req-3d067d
2026-03-14T05:53:02Z POST /api/products 200 367ms req-ba680b
2026-03-14T05:53:24Z GET /api/search 201 221ms req-2e47ef
2026-03-14T05:53:59Z PUT /api/checkout 200 388ms req-d0e131
2026-03-14T05:54:19Z POST /api/checkout 201 163ms req-69726d
2026-03-14T05:54:20Z GET /api/search 200 223ms req-6b9f58
2026-03-14T05:56:59Z GET /api/search 201 414ms req-5fd6c7
2026-03-14T05:57:39Z GET /api/cart 201 77ms req-af8e10
2026-03-14T05:58:18Z GET /api/orders 301 220ms req-362712
2026-03-14T05:58:36Z GET /api/account 500 4593ms req-b7103b
2026-03-14T05:59:18Z GET /api/checkout 201 8ms req-6ddce8
2026-03-14T05:59:22Z GET /api/search 200 201ms req-4ea656
2026-03-14T05:59:27Z PUT /api/products 200 200ms req-1b3c56
2026-03-14T05:59:31Z GET /api/account 404 287ms req-afbef4
