2026-03-14T00:30:25Z change_id=CHG-5000 user=sre-tools service=inventory-service key=hpa.max_replicas old=8 new=12
2026-03-14T00:34:14Z change_id=CHG-5001 user=sre-tools service=inventory-service key=feature.dark_launch old=off new=on
2026-03-14T00:54:41Z change_id=CHG-5002 user=deploy-bot service=billing-worker key=cdn.edge_ttl_s old=60 new=300
2026-03-14T01:22:44Z change_id=CHG-5003 user=deploy-bot service=auth-service key=tls.min_version old=1.3 new=1.2
2026-03-14T01:41:45Z change_id=CHG-5004 user=release-train service=cart-api key=hpa.max_replicas old=8 new=12
2026-03-14T01:46:46Z change_id=CHG-5005 user=deploy-bot service=billing-worker key=search.index.refresh_interval_s old=60 new=120
2026-03-14T01:48:29Z change_id=CHG-5006 user=deploy-bot service=pricing-service key=db.pool.max_connections old=120 new=15
2026-03-14T01:53:22Z change_id=CHG-5007 user=sre-tools service=recommendation-api key=cache.warmup_batch old=500 new=250
2026-03-14T01:56:20Z change_id=CHG-5008 user=deploy-bot service=payment-gateway key=feature.dark_launch old=on new=off
2026-03-14T02:01:29Z change_id=CHG-5009 user=sre-tools service=notification-service key=hpa.max_replicas old=16 new=12
2026-03-14T02:11:03Z change_id=CHG-5010 user=sre-tools service=search-api key=tls.min_version old=1.3 new=1.2
2026-03-14T02:18:10Z change_id=CHG-5011 user=release-train service=payment-gateway key=log.level old=WARN new=INFO
2026-03-14T02:18:29Z change_id=CHG-5012 user=oncall-sre service=pricing-service key=db.pool.max_connections old=15 new=120
2026-03-14T02:22:27Z change_id=CHG-5013 user=release-train service=shipping-service key=feature.dark_launch old=off new=on
2026-03-14T02:33:41Z change_id=CHG-5014 user=sre-tools service=shipping-service key=metrics.flush_interval_s old=15 new=10
2026-03-14T02:39:07Z change_id=CHG-5015 user=deploy-bot service=order-service key=tls.min_version old=1.2 new=1.3
2026-03-14T02:49:13Z change_id=CHG-5016 user=sre-tools service=inventory-service key=search.index.refresh_interval_s old=120 new=30
2026-03-14T02:52:51Z change_id=CHG-5017 user=release-train service=search-api key=log.level old=INFO new=WARN
2026-03-14T03:06:42Z change_id=CHG-5018 user=release-train service=order-service key=cdn.edge_ttl_s old=300 new=600
2026-03-14T03:12:22Z change_id=CHG-5019 user=release-train service=billing-worker key=tls.min_version old=1.2 new=1.3
2026-03-14T03:18:32Z change_id=CHG-5020 user=release-train service=search-api key=tls.min_version old=1.3 new=1.2
2026-03-14T03:24:57Z change_id=CHG-5021 user=release-train service=billing-worker key=cdn.edge_ttl_s old=60 new=300
2026-03-14T03:35:06Z change_id=CHG-5022 user=release-train service=shipping-service key=hpa.max_replicas old=6 new=16
2026-03-14T03:46:44Z change_id=CHG-5023 user=sre-tools service=session-cache key=feature.dark_launch old=off new=on
2026-03-14T04:31:13Z change_id=CHG-5024 user=release-train service=recommendation-api key=hpa.max_replicas old=8 new=12
2026-03-14T04:36:08Z change_id=CHG-5025 user=release-train service=session-cache key=hpa.max_replicas old=12 new=16
2026-03-14T04:47:58Z change_id=CHG-5026 user=release-train service=payment-gateway key=cdn.edge_ttl_s old=60 new=600
2026-03-14T05:40:58Z change_id=CHG-5027 user=deploy-bot service=order-service key=http.client.timeout_ms old=2500 new=250
2026-03-14T05:48:15Z change_id=CHG-5028 user=release-train service=cart-api key=log.level old=WARN new=DEBUG
2026-03-14T05:59:20Z change_id=CHG-5029 user=release-train service=shipping-service key=search.index.refresh_interval_s old=60 new=120
2026-03-14T06:10:58Z change_id=CHG-5030 user=oncall-sre service=order-service key=http.client.timeout_ms old=250 new=2500
2026-03-14T06:26:34Z change_id=CHG-5031 user=sre-tools service=notification-service key=cdn.edge_ttl_s old=300 new=60
2026-03-14T06:33:00Z change_id=CHG-5032 user=sre-tools service=inventory-service key=cdn.edge_ttl_s old=300 new=60
2026-03-14T06:42:51Z change_id=CHG-5033 user=release-train service=fraud-detector key=hpa.max_replicas old=6 new=12
2026-03-14T06:50:29Z change_id=CHG-5034 user=sre-tools service=billing-worker key=cache.warmup_batch old=250 new=500
2026-03-14T07:01:29Z change_id=CHG-5035 user=sre-tools service=checkout-api key=tls.min_version old=1.3 new=1.2
2026-03-14T07:31:22Z change_id=CHG-5036 user=deploy-bot service=edge-gateway key=metrics.flush_interval_s old=10 new=30
2026-03-14T07:33:22Z change_id=CHG-5037 user=release-train service=recommendation-api key=feature.dark_launch old=on new=off
2026-03-14T07:41:07Z change_id=CHG-5038 user=sre-tools service=shipping-service key=log.level old=DEBUG new=WARN
2026-03-14T07:50:29Z change_id=CHG-5039 user=sre-tools service=cart-api key=cdn.edge_ttl_s old=600 new=60
2026-03-14T08:07:44Z change_id=CHG-5040 user=sre-tools service=cart-api key=search.index.refresh_interval_s old=30 new=120
2026-03-14T08:20:36Z change_id=CHG-5041 user=release-train service=shipping-service key=log.level old=WARN new=INFO
2026-03-14T08:51:07Z change_id=CHG-5042 user=deploy-bot service=recommendation-api key=tls.min_version old=1.3 new=1.2
2026-03-14T09:07:35Z change_id=CHG-5043 user=release-train service=order-service key=metrics.flush_interval_s old=60 new=15
2026-03-14T09:23:20Z change_id=CHG-5044 user=release-train service=session-cache key=hpa.max_replicas old=12 new=8
2026-03-14T09:23:48Z change_id=CHG-5045 user=sre-tools service=pricing-service key=hpa.max_replicas old=8 new=16
2026-03-14T09:25:53Z change_id=CHG-5046 user=deploy-bot service=notification-service key=search.index.refresh_interval_s old=60 new=120
2026-03-14T09:35:01Z change_id=CHG-5047 user=deploy-bot service=inventory-service key=cache.heap_limit_mb old=4096 new=512
2026-03-14T10:05:01Z change_id=CHG-5048 user=oncall-sre service=inventory-service key=cache.heap_limit_mb old=512 new=4096
2026-03-14T10:36:43Z change_id=CHG-5049 user=release-train service=session-cache key=cdn.edge_ttl_s old=60 new=600
2026-03-14T10:41:28Z change_id=CHG-5050 user=release-train service=fraud-detector key=search.index.refresh_interval_s old=60 new=120
2026-03-14T10:58:22Z change_id=CHG-5051 user=deploy-bot service=recommendation-api key=cache.warmup_batch old=100 new=250
2026-03-14T11:14:26Z change_id=CHG-5052 user=deploy-bot service=payment-gateway key=cdn.edge_ttl_s old=300 new=60
2026-03-14T11:16:12Z change_id=CHG-5053 user=sre-tools service=fraud-detector key=hpa.max_replicas old=6 new=12
2026-03-14T11:23:50Z change_id=CHG-5054 user=release-train service=search-api key=hpa.max_replicas old=8 new=6
2026-03-14T11:31:23Z change_id=CHG-5055 user=release-train service=session-cache key=hpa.max_replicas old=12 new=16
