2026-03-14T10:00:02Z GET /api/session 404 197ms req-717f76
2026-03-14T10:00:03Z POST /api/products 301 127ms req-8c67d4
2026-03-14T10:00:07Z GET /api/orders 301 164ms req-06cc89
2026-03-14T10:00:14Z GET /api/products 200 213ms req-eea4a5
2026-03-14T10:00:16Z GET /api/search 200 126ms req-a39166
2026-03-14T10:00:19Z GET /api/shipping-quote 200 62ms req-81f4d6
2026-03-14T10:00:20Z POST /api/checkout 204 419ms req-2ce588
2026-03-14T10:00:27Z GET /api/recommendations 200 34ms req-c3b65b
2026-03-14T10:00:32Z PUT /api/session 200 163ms req-d51572
2026-03-14T10:00:35Z POST /api/recommendations 404 43ms req-3cd965
2026-03-14T10:00:35Z GET /api/products 301 387ms req-3e656d
2026-03-14T10:00:39Z POST /api/checkout 301 191ms req-cc93c2
2026-03-14T10:00:40Z POST /api/cart 200 124ms req-12e490
2026-03-14T10:00:43Z POST /api/session 200 231ms req-8aa63d
2026-03-14T10:00:49Z POST /api/orders 204 274ms req-161173
2026-03-14T10:00:56Z GET /api/shipping-quote 404 135ms req-901be3
2026-03-14T10:01:02Z PUT /api/products 200 22ms req-e524ef
2026-03-14T10:01:14Z POST /api/session 301 272ms req-6e51d9
2026-03-14T10:01:14Z GET /api/cart 200 239ms req-fe0cea
2026-03-14T10:01:17Z POST /healthz 201 173ms req-6d5ae1
2026-03-14T10:01:41Z PUT /api/shipping-quote 201 104ms req-1971a2
2026-03-14T10:01:44Z POST /api/orders 204 294ms req-0d145a
2026-03-14T10:01:45Z POST /api/checkout 404 147ms req-9f985d
2026-03-14T10:01:46Z GET /api/session 200 309ms req-913299
2026-03-14T10:01:49Z GET /api/search 200 33ms req-58c8a6
2026-03-14T10:01:54Z POST /api/session 200 390ms req-86d3d6
2026-03-14T10:02:01Z POST /healthz 200 409ms req-16063a
2026-03-14T10:02:05Z POST /api/orders 200 172ms req-22054d
2026-03-14T10:02:21Z GET /api/shipping-quote 200 25ms req-d26998
2026-03-14T10:02:22Z PUT /api/session 200 8ms req-b4f178
2026-03-14T10:02:23Z GET /api/search 200 225ms req-3d9cd8
2026-03-14T10:02:51Z POST /healthz 200 370ms req-5183a5
2026-03-14T10:02:53Z PUT /api/orders 200 388ms req-7b6c79
2026-03-14T10:02:57Z GET /api/cart 204 99ms req-0b6e9a
2026-03-14T10:02:59Z POST /api/recommendations 201 410ms req-27058d
2026-03-14T10:03:14Z POST /healthz 200 189ms req-afed05
2026-03-14T10:03:23Z POST /api/session 200 262ms req-38a0a3
2026-03-14T10:03:28Z GET /api/recommendations 200 370ms req-e8f7a1
2026-03-14T10:03:35Z GET /api/orders 404 92ms req-c4b30c
2026-03-14T10:03:45Z GET /api/account 204 35ms req-6b9ebd
2026-03-14T10:03:54Z GET /healthz 201 171ms req-45f7ae
2026-03-14T10:03:58Z POST /api/recommendations 301 298ms req-d608aa
2026-03-14T10:04:06Z GET /api/checkout 200 316ms req-b3268b
2026-03-14T10:04:10Z POST /api/session 200 338ms req-31f94c
2026-03-14T10:04:14Z POST /api/account 200 202ms req-831bbb
2026-03-14T10:04:14Z GET /api/account 200 15ms req-43807f
2026-03-14T10:04:21Z POST /api/recommendations 404 309ms req-29c6bd
2026-03-14T10:04:23Z POST /api/cart 200 275ms req-df3e37
2026-03-14T10:04:32Z POST /api/search 200 71ms req-accb0c
2026-03-14T10:04:33Z PUT /api/checkout 301 365ms req-c7c1fb
2026-03-14T10:04:37Z GET /healthz 204 178ms req-e306b6
2026-03-14T10:04:42Z PUT /healthz 200 243ms req-120d8e
2026-03-14T10:04:46Z GET /healthz 200 118ms req-adb9e9
2026-03-14T10:04:52Z POST /api/products 200 149ms req-81a15c
2026-03-14T10:04:56Z PUT /api/recommendations 200 379ms req-a0ea48
2026-03-14T10:04:57Z GET /api/shipping-quote 204 185ms req-907c41
2026-03-14T10:05:02Z POST /api/search 204 85ms req-bccbed
2026-03-14T10:05:02Z GET /api/session 200 342ms req-e40b2f
2026-03-14T10:05:08Z GET /healthz 200 147ms req-baf25f
2026-03-14T10:05:16Z GET /api/products 200 108ms req-adbb5e
2026-03-14T10:05:20Z GET /api/account 200 11ms req-d40bfd
2026-03-14T10:05:29Z GET /api/recommendations 301 366ms req-255a0d
2026-03-14T10:05:32Z PUT /api/session 404 91ms req-84c1c3
2026-03-14T10:05:32Z POST /api/search 200 285ms req-d65382
2026-03-14T10:05:36Z GET /api/checkout 200 222ms req-51322e
2026-03-14T10:05:45Z GET /api/session 200 223ms req-1f1038
2026-03-14T10:05:47Z PUT /api/recommendations 200 100ms req-430781
2026-03-14T10:05:57Z GET /api/account 201 50ms req-19c3e8
2026-03-14T10:05:58Z GET /api/search 200 61ms req-ad57ff
2026-03-14T10:06:05Z GET /api/checkout 200 416ms req-53e58c
2026-03-14T10:06:13Z GET /api/search 301 228ms req-16d77c
2026-03-14T10:06:17Z GET /api/shipping-quote 200 315ms req-a88013
2026-03-14T10:06:18Z GET /api/shipping-quote 204 147ms req-112f56
2026-03-14T10:06:18Z POST /api/orders 200 340ms req-28a723
2026-03-14T10:06:22Z POST /healthz 301 204ms req-205856
2026-03-14T10:06:22Z POST /api/search 200 307ms req-10cd2f
2026-03-14T10:06:23Z PUT /api/shipping-quote 200 92ms req-bc696a
2026-03-14T10:06:27Z POST /api/cart 200 179ms req-af9e8d
2026-03-14T10:06:34Z POST /api/checkout 200 45ms req-545a04
2026-03-14T10:06:35Z GET /api/account 200 360ms req-49a2d3
2026-03-14T10:06:37Z GET /api/orders 200 329ms req-da45ce
2026-03-14T10:06:53Z POST /api/checkout 200 111ms req-dc536c
2026-03-14T10:06:54Z POST /api/checkout 200 367ms req-6d8087
2026-03-14T10:06:58Z PUT /healthz 201 419ms req-d82632
2026-03-14T10:07:01Z POST /api/search 204 297ms req-4a6d9b
2026-03-14T10:07:06Z GET /api/checkout 404 222ms req-f7417f
2026-03-14T10:07:11Z GET /api/shipping-quote 404 235ms req-ce2051
2026-03-14T10:07:13Z GET /api/session 200 388ms req-c49b18
2026-03-14T10:07:14Z GET /api/shipping-quote 404 210ms req-f8e446
2026-03-14T10:07:21Z POST /api/account 404 226ms req-9d9e10
2026-03-14T10:07:21Z GET /api/account 200 307ms req-59f362
2026-03-14T10:07:23Z GET /api/shipping-quote 404 38ms req-3d2106
2026-03-14T10:07:32Z POST /api/checkout 502 3513ms req-99b581
2026-03-14T10:07:34Z GET /api/account 404 123ms req-8424c1
2026-03-14T10:07:42Z POST /api/products 200 388ms req-63001a
2026-03-14T10:07:47Z GET /api/account 200 177ms req-3238c7
2026-03-14T10:07:55Z GET /api/checkout 200 235ms req-e71ab5
2026-03-14T10:08:03Z PUT /api/shipping-quote 200 228ms req-12d3c0
2026-03-14T10:08:04Z PUT /api/checkout 502 2737ms req-7f5b3a
2026-03-14T10:08:12Z POST /healthz 301 26ms req-8b51b8
2026-03-14T10:08:18Z PUT /api/account 200 236ms req-414c82
2026-03-14T10:08:29Z GET /api/account 204 402ms req-7d7fa5
2026-03-14T10:08:39Z GET /api/products 301 246ms req-523870
2026-03-14T10:08:41Z PUT /api/recommendations 200 272ms req-488e2d
2026-03-14T10:08:41Z GET /api/search 200 342ms req-ae41d4
2026-03-14T10:08:47Z GET /api/orders 204 75ms req-e6c0f1
2026-03-14T10:08:48Z GET /api/shipping-quote 404 364ms req-7b1c4a
2026-03-14T10:08:59Z GET /api/session 200 325ms req-212455
2026-03-14T10:09:14Z PUT /api/checkout 200 288ms req-686103
2026-03-14T10:09:20Z GET /api/products 301 321ms req-78bc02
2026-03-14T10:09:20Z GET /api/cart 200 214ms req-dc9867
2026-03-14T10:09:29Z GET /api/orders 201 197ms req-9ea920
2026-03-14T10:09:29Z PUT /api/products 404 146ms req-b68087
2026-03-14T10:09:46Z GET /api/cart 200 119ms req-6fadc6
2026-03-14T10:09:50Z POST /healthz 200 166ms req-b798da
2026-03-14T10:09:53Z POST /api/session 301 47ms req-48824c
2026-03-14T10:09:59Z GET /api/account 200 210ms req-c298d7
2026-03-14T10:10:00Z GET /api/account 200 292ms req-089c4d
2026-03-14T10:10:01Z GET /api/shipping-quote 200 330ms req-39cebb
2026-03-14T10:10:04Z PUT /api/search 204 201ms req-38bbc9
2026-03-14T10:10:07Z POST /healthz 200 57ms req-148f17
2026-03-14T10:10:10Z POST /api/account 200 266ms req-9df847
2026-03-14T10:10:12Z GET /api/checkout 200 321ms req-035e5f
2026-03-14T10:10:15Z GET /api/cart 200 404ms req-fbe7e1
2026-03-14T10:10:19Z GET /api/session 200 334ms req-388e85
2026-03-14T10:10:23Z GET /api/shipping-quote 204 40ms req-23b433
2026-03-14T10:10:45Z GET /api/cart 404 22ms req-05ce37
2026-03-14T10:10:53Z PUT /api/search 200 141ms req-52e53b
2026-03-14T10:10:55Z GET /api/shipping-quote 200 164ms req-b46c42
2026-03-14T10:10:59Z POST /api/products 200 388ms req-1d7739
2026-03-14T10:11:02Z PUT /api/orders 200 255ms req-d7fdbe
2026-03-14T10:11:10Z PUT /healthz 200 374ms req-49b575
2026-03-14T10:11:10Z GET /api/cart 204 299ms req-95b97b
2026-03-14T10:11:13Z GET /api/orders 200 294ms req-023e4f
2026-03-14T10:11:21Z POST /api/session 200 161ms req-13a4fe
2026-03-14T10:11:21Z GET /api/account 204 371ms req-1171fc
2026-03-14T10:11:21Z GET /api/products 404 143ms req-46aebe
2026-03-14T10:11:24Z GET /api/orders 200 140ms req-217517
2026-03-14T10:11:29Z PUT /api/account 204 263ms req-f08c29
2026-03-14T10:11:32Z POST /api/orders 201 86ms req-4dc8d3
2026-03-14T10:11:32Z GET /healthz 201 228ms req-6fef56
2026-03-14T10:11:45Z POST /api/shipping-quote 204 79ms req-162e2f
2026-03-14T10:11:49Z POST /healthz 204 121ms req-408dc6
2026-03-14T10:11:59Z POST /api/products 204 74ms req-9dc747
2026-03-14T10:12:01Z GET /api/orders 200 277ms req-8ac688
2026-03-14T10:12:04Z GET /api/checkout 204 165ms req-617383
2026-03-14T10:12:31Z GET /api/search 200 155ms req-34441a
2026-03-14T10:12:40Z GET /api/account 200 195ms req-6a69f1
2026-03-14T10:12:44Z GET /api/orders 404 266ms req-b1fa32
2026-03-14T10:12:55Z POST /api/account 200 368ms req-849fa5
2026-03-14T10:12:58Z GET /healthz 200 292ms req-af8339
2026-03-14T10:12:59Z GET /api/orders 200 353ms req-e93951
2026-03-14T10:13:00Z GET /api/orders 404 73ms req-1bc431
2026-03-14T10:13:03Z GET /api/orders 204 250ms req-d50cff
2026-03-14T10:13:11Z POST /api/session 200 113ms req-6840f5
2026-03-14T10:13:12Z POST /api/search 200 341ms req-8eead7
2026-03-14T10:13:26Z POST /healthz 200 247ms req-fcdb25
2026-03-14T10:13:31Z GET /api/orders 200 29ms req-87981f
2026-03-14T10:13:31Z POST /api/checkout 201 129ms req-d65001
2026-03-14T10:13:52Z POST /api/orders 404 342ms req-d572be
2026-03-14T10:13:55Z GET /api/checkout 404 267ms req-af3f3a
2026-03-14T10:14:05Z GET /api/products 200 232ms req-e895c4
2026-03-14T10:14:06Z GET /api/recommendations 200 127ms req-c7bc6a
2026-03-14T10:14:10Z GET /api/account 404 245ms req-688485
2026-03-14T10:14:13Z GET /api/session 301 199ms req-762308
2026-03-14T10:14:19Z GET /healthz 200 321ms req-e68bbb
2026-03-14T10:14:28Z PUT /api/orders 200 371ms req-c039fd
2026-03-14T10:14:28Z GET /api/session 200 77ms req-a8ff69
2026-03-14T10:14:35Z GET /api/cart 204 86ms req-0884a1
2026-03-14T10:14:42Z PUT /api/cart 201 349ms req-ba3816
2026-03-14T10:14:48Z POST /api/shipping-quote 204 330ms req-d917af
2026-03-14T10:14:50Z POST /api/search 200 15ms req-da9f78
2026-03-14T10:14:53Z GET /api/orders 404 259ms req-12840e
2026-03-14T10:14:56Z PUT /api/products 404 168ms req-72f321
2026-03-14T10:15:15Z POST /api/session 200 11ms req-7d9d04
2026-03-14T10:15:19Z POST /api/products 200 17ms req-8a8e3c
2026-03-14T10:15:29Z GET /healthz 204 359ms req-0a7b4a
2026-03-14T10:15:40Z GET /api/products 201 149ms req-af20c9
2026-03-14T10:15:45Z POST /api/recommendations 404 134ms req-6c9d9c
2026-03-14T10:15:50Z POST /api/products 200 128ms req-59e433
2026-03-14T10:16:02Z PUT /api/shipping-quote 200 40ms req-964a62
2026-03-14T10:16:07Z GET /api/search 200 34ms req-777ad9
2026-03-14T10:16:10Z POST /api/recommendations 200 286ms req-355a94
2026-03-14T10:16:18Z GET /api/cart 204 257ms req-9d5813
2026-03-14T10:16:19Z GET /api/cart 301 180ms req-825220
2026-03-14T10:16:26Z GET /api/session 200 265ms req-554f38
2026-03-14T10:16:35Z PUT /api/search 201 269ms req-20ef89
2026-03-14T10:16:35Z PUT /api/products 201 347ms req-9038ef
2026-03-14T10:16:36Z PUT /api/account 200 386ms req-8bc4cb
2026-03-14T10:16:41Z POST /api/recommendations 201 42ms req-fb4032
2026-03-14T10:16:52Z PUT /api/shipping-quote 200 207ms req-35edb4
2026-03-14T10:17:06Z GET /api/session 204 72ms req-5ca146
2026-03-14T10:17:10Z POST /api/products 200 23ms req-8d6e9b
2026-03-14T10:17:18Z GET /api/products 200 31ms req-1b03f9
2026-03-14T10:17:20Z GET /api/products 201 24ms req-fc184e
2026-03-14T10:17:20Z POST /api/search 404 201ms req-114cb5
2026-03-14T10:17:23Z POST /healthz 201 103ms req-c0d94b
2026-03-14T10:17:24Z GET /api/account 204 88ms req-fa38ed
2026-03-14T10:17:28Z PUT /api/orders 404 96ms req-ca606c
2026-03-14T10:17:33Z POST /api/session 404 59ms req-089211
2026-03-14T10:17:43Z PUT /api/search 204 184ms req-1ad1da
2026-03-14T10:17:45Z GET /api/session 201 14ms req-09ee8c
2026-03-14T10:17:57Z POST /api/checkout 200 338ms req-d7ecb9
2026-03-14T10:18:06Z GET /api/cart 200 158ms req-8764c3
2026-03-14T10:18:12Z GET /api/recommendations 200 10ms req-127320
2026-03-14T10:18:57Z PUT /api/account 204 185ms req-12f71d
2026-03-14T10:19:00Z GET /healthz 200 166ms req-12c8f2
2026-03-14T10:19:07Z POST /api/session 200 335ms req-d5e5c1
2026-03-14T10:19:08Z GET /api/session 200 217ms req-8387bb
2026-03-14T10:19:15Z PUT /healthz 200 394ms req-9e0e23
2026-03-14T10:19:15Z POST /healthz 200 288ms req-772c4d
2026-03-14T10:19:18Z POST /api/recommendations 200 246ms req-b492ec
2026-03-14T10:19:19Z GET /api/session 200 156ms req-6655cf
2026-03-14T10:19:25Z GET /api/products 204 53ms req-9cc2af
2026-03-14T10:19:27Z GET /api/search 200 123ms req-7d7005
2026-03-14T10:19:34Z GET /api/checkout 301 380ms req-98961d
2026-03-14T10:19:40Z PUT /api/products 200 310ms req-817b2c
2026-03-14T10:19:41Z GET /api/shipping-quote 204 257ms req-a0a726
2026-03-14T10:19:45Z GET /api/search 200 132ms req-30aa80
2026-03-14T10:19:51Z PUT /api/cart 200 66ms req-bd46da
2026-03-14T10:19:52Z POST /api/checkout 301 136ms req-aeb34e
2026-03-14T10:19:52Z GET /api/products 200 340ms req-28eaa8
2026-03-14T10:19:54Z PUT /api/products 204 234ms req-0b92cf
2026-03-14T10:19:54Z GET /api/checkout 301 267ms req-859c34
2026-03-14T10:19:58Z GET /api/products 204 317ms req-258b25
2026-03-14T10:19:59Z GET /api/account 200 54ms req-fb0acc
2026-03-14T10:20:01Z GET /api/cart 201 197ms req-659837
2026-03-14T10:20:12Z PUT /healthz 200 250ms req-e6c16f
2026-03-14T10:20:13Z PUT /api/products 201 138ms req-e24cfa
2026-03-14T10:20:14Z POST /api/products 200 103ms req-95328d
2026-03-14T10:20:21Z GET /api/orders 201 300ms req-f34dfb
2026-03-14T10:20:30Z GET /api/checkout 204 198ms req-dae591
2026-03-14T10:20:30Z GET /api/search 201 24ms req-bc779e
2026-03-14T10:20:42Z GET /healthz 200 260ms req-b014d1
2026-03-14T10:20:45Z POST /api/recommendations 201 231ms req-a4aed0
2026-03-14T10:20:45Z GET /api/cart 404 194ms req-fe26b3
2026-03-14T10:20:46Z GET /api/cart 200 410ms req-92e610
2026-03-14T10:20:49Z POST /api/products 301 327ms req-6a563b
2026-03-14T10:20:56Z GET /api/cart 204 271ms req-978520
2026-03-14T10:21:00Z POST /api/recommendations 404 78ms req-d1eb05
2026-03-14T10:21:02Z GET /api/search 301 164ms req-4c7e36
2026-03-14T10:21:05Z GET /api/recommendations 200 348ms req-934a9d
2026-03-14T10:21:07Z POST /api/orders 200 395ms req-6bbf3e
2026-03-14T10:21:10Z GET /api/checkout 200 70ms req-283c24
2026-03-14T10:21:12Z POST /api/checkout 201 275ms req-417319
2026-03-14T10:21:14Z POST /healthz 201 62ms req-73459d
2026-03-14T10:21:14Z GET /api/account 404 254ms req-6c4a18
2026-03-14T10:21:15Z GET /api/products 201 103ms req-4f3fd7
2026-03-14T10:21:20Z POST /api/shipping-quote 200 168ms req-a3a5bb
2026-03-14T10:21:22Z GET /api/recommendations 200 49ms req-036808
2026-03-14T10:21:32Z POST /healthz 200 363ms req-9c3937
2026-03-14T10:21:34Z PUT /api/shipping-quote 200 250ms req-e84dd9
2026-03-14T10:21:38Z GET /api/account 404 51ms req-4a46dd
2026-03-14T10:21:38Z POST /api/search 200 243ms req-f3c55a
2026-03-14T10:21:40Z PUT /api/session 404 246ms req-835f15
2026-03-14T10:21:46Z POST /api/orders 200 262ms req-f1d688
2026-03-14T10:21:47Z POST /api/orders 204 316ms req-7a97f4
2026-03-14T10:21:49Z GET /api/orders 200 339ms req-6a7f5b
2026-03-14T10:21:56Z GET /api/account 301 252ms req-c72446
2026-03-14T10:21:58Z GET /api/account 200 410ms req-f1a0c9
2026-03-14T10:22:02Z POST /api/recommendations 200 23ms req-a4f34a
2026-03-14T10:22:15Z GET /api/search 200 214ms req-7ba346
2026-03-14T10:22:24Z POST /api/search 200 137ms req-d894cc
2026-03-14T10:22:32Z POST /api/checkout 200 94ms req-0876c9
2026-03-14T10:22:36Z POST /api/session 204 270ms req-6ea514
2026-03-14T10:22:41Z PUT /api/account 301 40ms req-741d96
2026-03-14T10:22:43Z GET /api/recommendations 301 231ms req-cf3000
2026-03-14T10:22:55Z GET /api/account 200 122ms req-471283
2026-03-14T10:23:04Z GET /api/account 200 33ms req-f1f8fe
2026-03-14T10:23:15Z POST /api/orders 200 151ms req-17ebb7
2026-03-14T10:23:19Z GET /api/orders 201 336ms req-c7ba69
2026-03-14T10:23:20Z POST /api/checkout 201 180ms req-6d3de0
2026-03-14T10:23:28Z POST /api/shipping-quote 200 220ms req-4765fd
2026-03-14T10:23:36Z GET /api/account 200 60ms req-c0530e
2026-03-14T10:23:41Z GET /api/products 200 146ms req-12b445
2026-03-14T10:23:42Z POST /api/checkout 204 126ms req-3c3936
2026-03-14T10:23:48Z GET /healthz 200 29ms req-55547c
2026-03-14T10:23:49Z POST /healthz 200 55ms req-c8268a
2026-03-14T10:23:58Z POST /api/shipping-quote 301 26ms req-df99bc
2026-03-14T10:24:02Z GET /api/account 301 200ms req-298617
2026-03-14T10:24:04Z POST /api/search 200 147ms req-039a33
2026-03-14T10:24:06Z POST /api/session 200 144ms req-9d377d
2026-03-14T10:24:06Z GET /api/session 301 262ms req-944c0e
2026-03-14T10:24:10Z POST /api/products 201 143ms req-e4fab7
2026-03-14T10:24:32Z PUT /api/shipping-quote 200 92ms req-bf9e15
2026-03-14T10:24:42Z GET /api/shipping-quote 301 357ms req-308386
2026-03-14T10:24:55Z POST /api/account 200 365ms req-b009c9
2026-03-14T10:24:57Z POST /api/cart 200 419ms req-aad124
2026-03-14T10:25:05Z POST /api/search 200 315ms req-192862
2026-03-14T10:25:06Z PUT /healthz 200 402ms req-f56a4b
2026-03-14T10:25:07Z GET /api/shipping-quote 200 419ms req-3b48eb
2026-03-14T10:25:07Z GET /api/cart 204 224ms req-c23854
2026-03-14T10:25:10Z GET /api/session 200 113ms req-5f9536
2026-03-14T10:25:12Z GET /api/orders 200 343ms req-924a88
2026-03-14T10:25:20Z PUT /api/cart 301 383ms req-664f5e
2026-03-14T10:25:20Z PUT /healthz 301 287ms req-296fc4
2026-03-14T10:25:21Z GET /api/cart 201 316ms req-91fc51
2026-03-14T10:25:27Z PUT /api/search 201 345ms req-73db36
2026-03-14T10:25:30Z PUT /api/checkout 200 289ms req-ab58d1
2026-03-14T10:25:30Z POST /api/checkout 204 279ms req-3b7dc6
2026-03-14T10:25:30Z GET /api/search 301 20ms req-1de339
2026-03-14T10:25:35Z PUT /healthz 204 360ms req-5b4652
2026-03-14T10:25:58Z GET /api/orders 200 415ms req-9161d9
2026-03-14T10:26:05Z GET /api/checkout 404 32ms req-340eac
2026-03-14T10:26:09Z GET /api/checkout 200 85ms req-d73a7b
2026-03-14T10:26:16Z POST /healthz 301 44ms req-a27039
2026-03-14T10:26:25Z GET /api/shipping-quote 204 357ms req-b24e65
2026-03-14T10:26:25Z POST /api/cart 201 349ms req-3c07b0
2026-03-14T10:26:26Z POST /api/orders 200 289ms req-dfec12
2026-03-14T10:26:28Z GET /api/search 201 64ms req-6d1210
2026-03-14T10:26:35Z POST /api/search 201 264ms req-06b719
2026-03-14T10:26:45Z GET /api/checkout 200 319ms req-f14a08
2026-03-14T10:26:50Z GET /healthz 200 198ms req-737868
2026-03-14T10:27:00Z POST /api/orders 201 408ms req-4294ff
2026-03-14T10:27:03Z POST /api/search 204 368ms req-894b10
2026-03-14T10:27:16Z GET /api/checkout 204 17ms req-fb411d
2026-03-14T10:27:17Z GET /api/checkout 200 376ms req-03800e
2026-03-14T10:27:25Z GET /api/products 204 168ms req-6cae88
2026-03-14T10:27:29Z GET /api/recommendations 204 87ms req-3773b1
2026-03-14T10:27:32Z GET /api/orders 200 134ms req-9be781
2026-03-14T10:27:32Z PUT /api/orders 200 399ms req-003b37
2026-03-14T10:27:44Z GET /api/shipping-quote 200 246ms req-0bc697
2026-03-14T10:27:50Z POST /api/session 200 203ms req-5ee99f
2026-03-14T10:27:51Z GET /healthz 200 308ms req-3ab39b
2026-03-14T10:28:00Z PUT /api/cart 301 374ms req-5f09fc
2026-03-14T10:28:02Z GET /api/cart 200 43ms req-e98592
2026-03-14T10:28:03Z GET /api/products 200 299ms req-6722e0
2026-03-14T10:28:04Z GET /api/account 200 333ms req-60a23c
2026-03-14T10:28:09Z GET /api/products 200 9ms req-5e23dc
2026-03-14T10:28:11Z PUT /api/cart 200 76ms req-404f0c
2026-03-14T10:28:15Z GET /api/products 200 416ms req-288353
2026-03-14T10:28:19Z POST /api/orders 301 402ms req-89c9a0
2026-03-14T10:28:22Z POST /api/search 200 322ms req-66a654
2026-03-14T10:28:23Z POST /api/account 204 95ms req-092978
2026-03-14T10:28:27Z POST /api/checkout 200 147ms req-b1f45e
2026-03-14T10:28:39Z GET /api/checkout 200 358ms req-c7d1aa
2026-03-14T10:28:47Z POST /api/recommendations 404 102ms req-62f05c
2026-03-14T10:28:48Z GET /api/orders 200 399ms req-9ca2e1
2026-03-14T10:28:59Z GET /api/session 200 249ms req-b4df98
2026-03-14T10:29:11Z POST /api/orders 502 2007ms req-5c4394
2026-03-14T10:29:14Z PUT /api/orders 200 80ms req-189141
2026-03-14T10:29:19Z GET /api/checkout 200 152ms req-0b5206
2026-03-14T10:29:27Z GET /api/orders 200 94ms req-f554cb
2026-03-14T10:29:28Z PUT /api/session 201 256ms req-440899
2026-03-14T10:29:42Z POST /api/cart 200 361ms req-d1c45a
2026-03-14T10:29:50Z GET /api/orders 201 249ms req-dd86be
2026-03-14T10:30:01Z PUT /api/search 200 115ms req-f9e7c9
2026-03-14T10:30:10Z GET /api/orders 200 264ms req-e2898e
2026-03-14T10:30:10Z GET /api/recommendations 404 134ms req-c90047
2026-03-14T10:30:19Z GET /api/session 204 61ms req-1fb6d1
2026-03-14T10:30:23Z GET /api/products 200 368ms req-8e6bc7
2026-03-14T10:30:27Z POST /api/account 404 100ms req-e2c606
2026-03-14T10:30:31Z GET /api/session 200 167ms req-2534df
2026-03-14T10:30:33Z POST /api/recommendations 200 174ms req-bd4ef3
2026-03-14T10:30:35Z GET /api/search 204 81ms req-2639e5
2026-03-14T10:30:44Z POST /healthz 204 357ms req-93b3b1
2026-03-14T10:30:48Z POST /api/products 200 68ms req-289ed8
2026-03-14T10:31:02Z PUT /api/session 200 249ms req-f8e27e
2026-03-14T10:31:03Z GET /api/session 200 25ms req-55550b
2026-03-14T10:31:11Z PUT /api/recommendations 301 201ms req-7a65a9
2026-03-14T10:31:15Z POST /api/search 201 96ms req-42ad5d
2026-03-14T10:31:31Z POST /api/search 204 253ms req-d7f417
2026-03-14T10:31:32Z GET /api/checkout 204 299ms req-c77e13
2026-03-14T10:31:40Z GET /api/search 200 294ms req-5ffac6
2026-03-14T10:31:40Z GET /api/shipping-quote 404 138ms req-2a35ae
2026-03-14T10:31:45Z POST /api/session 200 40ms req-81360a
2026-03-14T10:31:47Z PUT /healthz 204 177ms req-5f6fe6
2026-03-14T10:31:51Z GET /api/search 200 319ms req-0cfe7a
2026-03-14T10:31:52Z PUT /api/products 201 152ms req-8aa581
2026-03-14T10:32:01Z GET /api/products 201 264ms req-52b661
2026-03-14T10:32:04Z POST /api/checkout 200 391ms req-5d35ff
2026-03-14T10:32:06Z POST /api/cart 200 135ms req-e3d612
2026-03-14T10:32:17Z GET /api/session 200 165ms req-80639f
2026-03-14T10:32:25Z GET /api/cart 404 393ms req-d871d7
2026-03-14T10:32:25Z GET /api/products 200 393ms req-056ce8
2026-03-14T10:32:30Z GET /api/checkout 200 276ms req-ebcfe2
2026-03-14T10:32:32Z POST /healthz 200 84ms req-5dfc52
2026-03-14T10:32:41Z PUT /api/checkout 404 399ms req-25e4d6
2026-03-14T10:32:42Z POST /api/search 200 151ms req-2733d8
2026-03-14T10:32:50Z GET /api/orders 502 1917ms req-bc0079
2026-03-14T10:33:18Z PUT /api/orders 200 136ms req-9aca1a
2026-03-14T10:33:18Z GET /api/products 201 166ms req-df7dea
2026-03-14T10:33:19Z GET /api/shipping-quote 200 72ms req-1e58f0
2026-03-14T10:33:28Z PUT /healthz 200 33ms req-ca597e
2026-03-14T10:33:30Z POST /api/products 201 232ms req-1dc3d1
2026-03-14T10:33:37Z POST /api/cart 301 39ms req-e2fab0
2026-03-14T10:33:48Z GET /api/checkout 200 389ms req-300abb
2026-03-14T10:33:52Z GET /api/checkout 200 239ms req-e3eb90
2026-03-14T10:33:54Z GET /api/products 200 374ms req-f4d455
2026-03-14T10:34:00Z POST /api/account 204 216ms req-38c0b9
2026-03-14T10:34:01Z GET /api/products 200 188ms req-cd8b57
2026-03-14T10:34:18Z POST /api/checkout 200 279ms req-ef0b92
2026-03-14T10:34:21Z GET /api/account 200 98ms req-1a2adc
2026-03-14T10:34:38Z GET /api/recommendations 301 233ms req-9ef93a
2026-03-14T10:34:49Z PUT /api/account 200 16ms req-c0dcbd
2026-03-14T10:35:00Z PUT /api/products 200 13ms req-98e2e6
2026-03-14T10:35:00Z GET /api/cart 301 49ms req-e7bab8
2026-03-14T10:35:15Z GET /api/account 204 304ms req-c1db76
2026-03-14T10:35:16Z PUT /api/search 201 261ms req-889c78
2026-03-14T10:35:18Z GET /api/recommendations 200 243ms req-4e2e6e
2026-03-14T10:35:19Z GET /api/orders 201 49ms req-131967
2026-03-14T10:35:20Z GET /api/products 200 71ms req-70e455
2026-03-14T10:35:21Z POST /api/cart 200 113ms req-ceeb52
2026-03-14T10:35:21Z POST /api/checkout 201 366ms req-22c25e
2026-03-14T10:35:25Z GET /api/orders 200 238ms req-83ef87
2026-03-14T10:35:29Z POST /api/orders 200 102ms req-9c42be
2026-03-14T10:35:31Z GET /api/search 200 304ms req-5319fa
2026-03-14T10:35:35Z POST /api/search 204 320ms req-271a48
2026-03-14T10:35:45Z POST /api/recommendations 301 268ms req-b84b1d
2026-03-14T10:35:46Z PUT /healthz 200 34ms req-f5ef53
2026-03-14T10:36:01Z POST /api/products 201 270ms req-dd876d
2026-03-14T10:36:05Z POST /healthz 200 268ms req-440370
2026-03-14T10:36:07Z PUT /api/account 404 245ms req-3e6de8
2026-03-14T10:36:08Z POST /api/search 200 87ms req-b424f0
2026-03-14T10:36:10Z GET /api/search 201 258ms req-4cf50d
2026-03-14T10:36:19Z PUT /api/cart 404 276ms req-902c04
2026-03-14T10:36:20Z GET /api/shipping-quote 204 371ms req-3f5bb2
2026-03-14T10:36:26Z GET /healthz 301 357ms req-b07445
2026-03-14T10:36:38Z POST /api/orders 204 32ms req-1318c4
2026-03-14T10:36:39Z POST /api/account 201 238ms req-1cd5d7
2026-03-14T10:36:43Z GET /api/account 200 316ms req-81c81e
2026-03-14T10:36:48Z GET /api/session 200 323ms req-842e0a
2026-03-14T10:36:52Z GET /api/products 301 354ms req-6eafbe
2026-03-14T10:36:52Z POST /api/products 301 311ms req-9bca99
2026-03-14T10:36:54Z GET /api/checkout 201 281ms req-9c06f0
2026-03-14T10:36:58Z GET /healthz 201 90ms req-d5c1bb
2026-03-14T10:37:39Z GET /healthz 200 297ms req-8935c5
2026-03-14T10:37:43Z POST /healthz 200 412ms req-253d78
2026-03-14T10:37:54Z PUT /healthz 201 103ms req-b1b982
2026-03-14T10:38:02Z PUT /api/recommendations 200 397ms req-1f032a
2026-03-14T10:38:05Z GET /healthz 200 217ms req-647b58
2026-03-14T10:38:08Z POST /api/orders 200 224ms req-9e3b02
2026-03-14T10:38:18Z GET /api/account 204 101ms req-e60c97
2026-03-14T10:38:18Z GET /api/session 200 389ms req-7a1ba0
2026-03-14T10:38:26Z POST /api/orders 500 2643ms req-c5b921
2026-03-14T10:38:33Z POST /api/recommendations 200 182ms req-74407b
2026-03-14T10:38:49Z POST /api/session 200 262ms req-cf65ab
2026-03-14T10:38:50Z GET /api/products 204 332ms req-69715b
2026-03-14T10:38:52Z POST /api/session 404 108ms req-621ebd
2026-03-14T10:38:53Z GET /api/account 200 372ms req-2aaef1
2026-03-14T10:39:06Z POST /api/shipping-quote 200 405ms req-2b565d
2026-03-14T10:39:07Z GET /api/products 200 389ms req-6ee346
2026-03-14T10:39:12Z GET /api/account 200 365ms req-c5b187
2026-03-14T10:39:15Z PUT /healthz 200 391ms req-0450f3
2026-03-14T10:39:19Z GET /api/recommendations 200 265ms req-6e276e
2026-03-14T10:39:22Z PUT /api/products 200 282ms req-4596cc
2026-03-14T10:39:26Z GET /api/search 301 256ms req-459afe
2026-03-14T10:39:40Z GET /api/account 200 209ms req-fe5774
2026-03-14T10:39:43Z POST /healthz 200 95ms req-682e23
2026-03-14T10:39:58Z POST /api/checkout 200 132ms req-64afb0
2026-03-14T10:40:05Z GET /healthz 301 97ms req-a4eb2b
2026-03-14T10:40:06Z PUT /api/products 404 335ms req-7e8d1e
2026-03-14T10:40:11Z PUT /api/account 404 224ms req-45d57e
2026-03-14T10:40:12Z POST /api/search 200 171ms req-307468
2026-03-14T10:40:12Z GET /healthz 200 128ms req-969024
2026-03-14T10:40:29Z GET /api/session 201 222ms req-b11b88
2026-03-14T10:40:31Z GET /api/search 200 237ms req-ebbb39
2026-03-14T10:40:36Z GET /api/products 200 27ms req-2df39f
2026-03-14T10:40:37Z POST /api/account 301 299ms req-4f77b8
2026-03-14T10:40:48Z GET /api/recommendations 404 210ms req-6e0f4a
2026-03-14T10:40:48Z GET /api/account 200 178ms req-b11f02
2026-03-14T10:40:54Z POST /api/recommendations 200 274ms req-d50cd0
2026-03-14T10:41:10Z GET /api/checkout 200 418ms req-ffd121
2026-03-14T10:41:13Z GET /api/recommendations 301 281ms req-08467c
2026-03-14T10:41:25Z GET /api/shipping-quote 200 76ms req-77295b
2026-03-14T10:41:30Z GET /api/account 200 184ms req-34ce5c
2026-03-14T10:41:31Z GET /healthz 201 64ms req-0f670f
2026-03-14T10:41:33Z PUT /api/cart 404 289ms req-d40afc
2026-03-14T10:41:38Z POST /api/recommendations 204 151ms req-13e529
2026-03-14T10:41:40Z GET /api/account 301 270ms req-1ba33d
2026-03-14T10:41:45Z GET /api/products 200 219ms req-b443aa
2026-03-14T10:41:52Z GET /api/shipping-quote 301 98ms req-f293a2
2026-03-14T10:42:00Z GET /api/account 204 409ms req-b7f5f6
2026-03-14T10:42:07Z GET /api/shipping-quote 200 204ms req-c6261d
2026-03-14T10:42:18Z GET /api/account 200 273ms req-95af8e
2026-03-14T10:42:24Z PUT /api/orders 201 309ms req-9f1442
2026-03-14T10:42:38Z GET /api/recommendations 200 23ms req-348d88
2026-03-14T10:42:40Z GET /api/search 301 286ms req-129331
2026-03-14T10:42:44Z GET /api/account 200 176ms req-f29536
2026-03-14T10:42:52Z GET /api/orders 200 326ms req-1052c8
2026-03-14T10:42:54Z GET /api/shipping-quote 404 159ms req-fec6f1
2026-03-14T10:43:18Z POST /api/account 201 214ms req-5a0168
2026-03-14T10:43:19Z GET /api/session 200 316ms req-d86a76
2026-03-14T10:43:22Z POST /api/orders 301 177ms req-140a23
2026-03-14T10:43:24Z GET /api/search 200 72ms req-0ab556
2026-03-14T10:43:40Z GET /api/search 200 240ms req-755d2e
2026-03-14T10:43:47Z POST /api/checkout 404 300ms req-a0fc1a
2026-03-14T10:43:54Z GET /api/products 200 64ms req-a4f658
2026-03-14T10:43:57Z GET /api/cart 404 45ms req-9c02c6
2026-03-14T10:44:00Z GET /api/checkout 200 377ms req-754b04
2026-03-14T10:44:04Z POST /api/search 200 302ms req-cc53ce
2026-03-14T10:44:15Z GET /api/shipping-quote 200 71ms req-2b2c07
2026-03-14T10:44:16Z POST /api/orders 204 244ms req-8f63dd
2026-03-14T10:44:17Z POST /api/session 301 344ms req-ccc708
2026-03-14T10:44:28Z GET /api/products 204 73ms req-2850bc
2026-03-14T10:44:36Z GET /api/session 404 202ms req-4b3ba7
2026-03-14T10:44:37Z GET /api/recommendations 200 408ms req-c2e5f7
2026-03-14T10:45:29Z PUT /api/session 200 266ms req-52043b
2026-03-14T10:45:32Z POST /healthz 200 292ms req-ddaa5e
2026-03-14T10:45:35Z POST /api/checkout 301 132ms req-b769ed
2026-03-14T10:45:36Z POST /api/orders 204 98ms req-7e0abf
2026-03-14T10:45:38Z POST /api/checkout 204 325ms req-b2a9d6
2026-03-14T10:45:43Z POST /api/products 200 98ms req-ed357b
2026-03-14T10:45:54Z GET /api/checkout 204 324ms req-569092
2026-03-14T10:45:55Z POST /api/recommendations 301 375ms req-027b3a
2026-03-14T10:45:57Z GET /api/orders 200 9ms req-a1224e
2026-03-14T10:45:58Z GET /api/checkout 200 81ms req-7dd07b
2026-03-14T10:46:00Z POST /api/orders 200 192ms req-762027
2026-03-14T10:46:01Z GET /api/orders 200 274ms req-41752d
2026-03-14T10:46:03Z PUT /api/account 200 181ms req-c9a955
2026-03-14T10:46:03Z POST /api/search 200 289ms req-a5d39b
2026-03-14T10:46:05Z GET /api/recommendations 204 159ms req-e95b38
2026-03-14T10:46:06Z GET /api/checkout 404 175ms req-b11957
2026-03-14T10:46:12Z POST /api/session 301 62ms req-e4b423
2026-03-14T10:46:26Z PUT /healthz 301 259ms req-cdfbdd
2026-03-14T10:46:30Z PUT /api/search 200 323ms req-3dd4b0
2026-03-14T10:46:32Z POST /healthz 200 269ms req-aedb99
2026-03-14T10:46:38Z GET /api/session 200 117ms req-8feb0e
2026-03-14T10:46:45Z PUT /api/session 200 383ms req-bed2e1
2026-03-14T10:46:45Z POST /api/products 200 192ms req-fc1f4a
2026-03-14T10:46:51Z PUT /api/orders 200 11ms req-9a5c62
2026-03-14T10:47:01Z PUT /api/products 301 391ms req-d072f6
2026-03-14T10:47:05Z GET /api/search 200 37ms req-3584b8
2026-03-14T10:47:05Z POST /api/session 204 51ms req-06ab28
2026-03-14T10:47:10Z GET /api/orders 200 389ms req-cd1cae
2026-03-14T10:47:11Z GET /api/recommendations 200 379ms req-d5afc8
2026-03-14T10:47:17Z POST /api/shipping-quote 200 269ms req-e737f9
2026-03-14T10:47:34Z POST /api/cart 200 41ms req-02e9ce
2026-03-14T10:47:35Z POST /api/shipping-quote 404 107ms req-233b93
2026-03-14T10:47:40Z GET /api/orders 200 75ms req-45bd87
2026-03-14T10:47:43Z POST /api/checkout 404 168ms req-a95e31
2026-03-14T10:47:49Z POST /api/account 200 216ms req-4709ed
2026-03-14T10:47:53Z PUT /api/session 200 11ms req-c3ee2c
2026-03-14T10:47:55Z POST /api/checkout 200 111ms req-ca9cb1
2026-03-14T10:47:59Z PUT /api/shipping-quote 404 345ms req-a49edc
2026-03-14T10:48:01Z GET /api/session 301 372ms req-773d93
2026-03-14T10:48:01Z POST /healthz 200 375ms req-712ace
2026-03-14T10:48:06Z GET /api/recommendations 200 277ms req-8126f0
2026-03-14T10:48:23Z GET /healthz 200 263ms req-05dc9b
2026-03-14T10:48:51Z GET /api/orders 204 389ms req-3baa1e
2026-03-14T10:49:00Z GET /api/recommendations 204 364ms req-f1dbe8
2026-03-14T10:49:02Z PUT /api/session 200 325ms req-83e073
2026-03-14T10:49:07Z POST /api/shipping-quote 200 99ms req-1332fe
2026-03-14T10:49:09Z GET /api/cart 201 155ms req-d725c1
2026-03-14T10:49:10Z GET /api/cart 200 325ms req-0c2461
2026-03-14T10:49:13Z GET /api/orders 404 230ms req-abb3d8
2026-03-14T10:49:15Z GET /api/products 404 321ms req-d8a645
2026-03-14T10:49:17Z GET /api/checkout 200 317ms req-13e076
2026-03-14T10:49:22Z GET /api/account 200 383ms req-c1d792
2026-03-14T10:49:47Z POST /api/recommendations 200 266ms req-eca041
2026-03-14T10:49:48Z POST /api/cart 200 237ms req-e7da90
2026-03-14T10:49:54Z POST /api/recommendations 200 410ms req-833202
2026-03-14T10:49:56Z POST /healthz 200 87ms req-da57e4
2026-03-14T10:50:07Z GET /api/recommendations 200 17ms req-19143f
2026-03-14T10:50:10Z PUT /api/orders 200 350ms req-033a70
2026-03-14T10:50:19Z GET /api/search 200 337ms req-d96f76
2026-03-14T10:50:30Z GET /api/shipping-quote 204 89ms req-906591
2026-03-14T10:50:30Z GET /api/search 200 139ms req-fc0785
2026-03-14T10:50:33Z POST /api/recommendations 200 105ms req-48ab52
2026-03-14T10:50:39Z POST /healthz 200 291ms req-572a3f
2026-03-14T10:50:40Z GET /api/checkout 200 255ms req-753f1a
2026-03-14T10:50:46Z GET /api/cart 204 43ms req-1666bb
2026-03-14T10:50:53Z GET /api/shipping-quote 200 63ms req-8660ca
2026-03-14T10:51:03Z POST /api/session 301 290ms req-fa7d6e
2026-03-14T10:51:09Z POST /api/session 404 358ms req-ddf547
2026-03-14T10:51:18Z POST /api/cart 200 190ms req-887d07
2026-03-14T10:51:22Z GET /api/session 200 291ms req-8ac66c
2026-03-14T10:51:38Z GET /api/session 200 374ms req-f7b369
2026-03-14T10:51:39Z POST /api/account 301 304ms req-dcedbd
2026-03-14T10:51:40Z PUT /api/session 200 36ms req-d774e2
2026-03-14T10:51:42Z POST /api/checkout 301 352ms req-7d5bdc
2026-03-14T10:51:54Z GET /api/cart 200 280ms req-5a0f41
2026-03-14T10:51:55Z POST /api/orders 200 206ms req-755f10
2026-03-14T10:51:55Z GET /api/cart 200 98ms req-9707dd
2026-03-14T10:51:56Z POST /api/account 200 285ms req-bee1b1
2026-03-14T10:52:02Z PUT /healthz 200 214ms req-b80132
2026-03-14T10:52:02Z GET /api/checkout 200 332ms req-06253f
2026-03-14T10:52:06Z GET /api/shipping-quote 204 94ms req-9fc04d
2026-03-14T10:52:12Z POST /api/search 200 339ms req-a5a992
2026-03-14T10:52:23Z GET /api/session 200 187ms req-deb467
2026-03-14T10:53:08Z POST /api/checkout 200 326ms req-123f6b
2026-03-14T10:53:11Z GET /api/shipping-quote 404 309ms req-bbe06c
2026-03-14T10:53:12Z GET /api/recommendations 301 360ms req-2937c3
2026-03-14T10:53:12Z GET /api/session 200 319ms req-d6ca29
2026-03-14T10:53:18Z GET /api/session 204 204ms req-5c64a1
2026-03-14T10:53:18Z GET /api/recommendations 200 14ms req-721a29
2026-03-14T10:53:20Z PUT /api/shipping-quote 301 59ms req-4f2ff4
2026-03-14T10:53:24Z GET /api/search 200 259ms req-2692ea
2026-03-14T10:53:28Z POST /api/products 200 325ms req-f7e796
2026-03-14T10:53:31Z GET /api/search 200 193ms req-612bc0
2026-03-14T10:53:40Z GET /api/checkout 200 72ms req-6832ff
2026-03-14T10:53:47Z GET /api/account 200 237ms req-0afde4
2026-03-14T10:53:48Z GET /api/session 200 152ms req-4bd136
2026-03-14T10:53:49Z POST /api/cart 200 216ms req-3f4ede
2026-03-14T10:53:53Z POST /api/shipping-quote 404 65ms req-f3c1d8
2026-03-14T10:53:57Z GET /api/search 200 176ms req-8255f1
2026-03-14T10:53:59Z PUT /api/shipping-quote 200 79ms req-819306
2026-03-14T10:54:04Z POST /api/search 200 228ms req-1cf693
2026-03-14T10:54:16Z GET /api/checkout 404 249ms req-c7fb9e
2026-03-14T10:54:25Z GET /api/orders 200 218ms req-5dd315
2026-03-14T10:54:27Z GET /api/account 404 141ms req-ca786f
2026-03-14T10:54:27Z POST /api/cart 301 284ms req-01e055
2026-03-14T10:54:30Z GET /api/products 500 4191ms req-4067ff
2026-03-14T10:54:31Z GET /api/recommendations 200 229ms req-7c4fc7
2026-03-14T10:54:43Z GET /api/cart 200 224ms req-96d56d
2026-03-14T10:55:00Z POST /api/recommendations 404 74ms req-61ac6d
2026-03-14T10:55:23Z GET /api/session 200 236ms req-4c9e3a
2026-03-14T10:55:28Z PUT /api/checkout 204 141ms req-073a9d
2026-03-14T10:55:31Z GET /healthz 200 113ms req-7b06c4
2026-03-14T10:55:36Z POST /healthz 200 177ms req-75e35b
2026-03-14T10:55:37Z PUT /api/checkout 404 271ms req-174cd5
2026-03-14T10:55:40Z GET /api/checkout 200 119ms req-a89508
2026-03-14T10:55:50Z POST /api/cart 404 308ms req-8a8868
2026-03-14T10:55:52Z GET /api/shipping-quote 200 37ms req-110095
2026-03-14T10:55:53Z POST /api/search 301 93ms req-79e076
2026-03-14T10:56:06Z GET /api/search 200 54ms req-515853
2026-03-14T10:56:06Z GET /healthz 200 355ms req-57c30c
2026-03-14T10:56:14Z GET /api/search 200 274ms req-57e3b4
2026-03-14T10:56:15Z POST /api/checkout 200 96ms req-121567
2026-03-14T10:56:16Z POST /healthz 200 47ms req-7fb4b5
2026-03-14T10:56:26Z POST /api/recommendations 404 11ms req-d60f5e
2026-03-14T10:56:29Z POST /api/shipping-quote 204 313ms req-0cc231
2026-03-14T10:56:30Z GET /api/checkout 200 330ms req-d25b91
2026-03-14T10:56:31Z GET /healthz 200 354ms req-45712c
2026-03-14T10:56:40Z POST /api/account 200 361ms req-e9df99
2026-03-14T10:56:41Z GET /api/recommendations 204 19ms req-5394d4
2026-03-14T10:56:44Z POST /healthz 201 47ms req-eed87c
2026-03-14T10:56:47Z POST /api/account 201 375ms req-47d4b6
2026-03-14T10:56:57Z GET /api/search 404 92ms req-702b62
2026-03-14T10:57:00Z GET /api/checkout 200 245ms req-98bcca
2026-03-14T10:57:02Z POST /api/cart 204 247ms req-7b00a3
2026-03-14T10:57:02Z GET /api/cart 301 19ms req-6ea662
2026-03-14T10:57:23Z POST /api/checkout 404 32ms req-2a44cc
2026-03-14T10:57:25Z GET /api/recommendations 201 322ms req-d27ada
2026-03-14T10:57:40Z GET /api/session 201 190ms req-d43d51
2026-03-14T10:57:40Z GET /api/cart 200 328ms req-fcc40d
2026-03-14T10:57:40Z PUT /api/orders 204 139ms req-53937b
2026-03-14T10:57:41Z GET /api/cart 204 306ms req-f880f6
2026-03-14T10:57:51Z POST /api/products 404 302ms req-3d57b8
2026-03-14T10:57:52Z GET /api/session 201 153ms req-5f12de
2026-03-14T10:57:54Z POST /api/cart 200 375ms req-8b1a12
2026-03-14T10:57:56Z GET /api/account 201 415ms req-4bcec3
2026-03-14T10:57:58Z GET /api/checkout 204 189ms req-46ed17
2026-03-14T10:58:01Z GET /healthz 200 124ms req-0c9c87
2026-03-14T10:58:11Z PUT /api/cart 200 33ms req-7d2cb8
2026-03-14T10:58:16Z GET /api/products 200 45ms req-feee96
2026-03-14T10:58:17Z PUT /api/account 200 364ms req-fa98e6
2026-03-14T10:58:22Z GET /api/session 404 263ms req-05ada6
2026-03-14T10:58:35Z POST /api/recommendations 200 348ms req-9d2cd3
2026-03-14T10:58:39Z POST /api/session 200 149ms req-77d969
2026-03-14T10:58:42Z GET /api/checkout 200 346ms req-760d28
2026-03-14T10:58:42Z PUT /api/cart 200 254ms req-3f799e
2026-03-14T10:58:49Z POST /api/search 201 363ms req-3871de
2026-03-14T10:58:53Z GET /api/products 200 237ms req-0f5315
2026-03-14T10:58:54Z POST /api/cart 404 289ms req-0b430b
2026-03-14T10:58:56Z POST /api/session 200 379ms req-0e5d48
2026-03-14T10:59:00Z GET /api/cart 201 64ms req-b6ad4c
2026-03-14T10:59:05Z PUT /api/products 200 323ms req-d8c5f3
2026-03-14T10:59:06Z GET /healthz 200 321ms req-532f47
2026-03-14T10:59:11Z POST /api/cart 200 357ms req-8b2505
2026-03-14T10:59:19Z GET /api/search 301 66ms req-87e258
2026-03-14T10:59:20Z GET /api/session 200 332ms req-b07174
2026-03-14T10:59:23Z GET /api/shipping-quote 200 180ms req-757d01
2026-03-14T10:59:23Z POST /api/orders 404 385ms req-ffc7fc
2026-03-14T10:59:44Z POST /api/orders 301 22ms req-1fa6ee
2026-03-14T10:59:46Z GET /healthz 200 99ms req-138324
2026-03-14T10:59:56Z GET /api/account 404 173ms req-7402eb
2026-03-14T11:00:02Z GET /api/cart 200 94ms req-050842
2026-03-14T11:00:07Z PUT /api/recommendations 200 204ms req-8e47a9
2026-03-14T11:00:08Z POST /api/shipping-quote 301 90ms req-647f7c
2026-03-14T11:00:14Z POST /api/shipping-quote 200 373ms req-375aa3
2026-03-14T11:00:24Z GET /api/search 404 247ms req-eb43a9
2026-03-14T11:00:26Z GET /api/recommendations 301 393ms req-27bfae
2026-03-14T11:00:32Z GET /api/cart 200 236ms req-a29ae8
2026-03-14T11:00:36Z POST /api/session 200 272ms req-f49388
2026-03-14T11:00:39Z GET /healthz 201 384ms req-f655a3
2026-03-14T11:00:46Z PUT /api/search 200 367ms req-ace9f1
2026-03-14T11:00:47Z POST /api/session 201 162ms req-7c8186
2026-03-14T11:00:52Z POST /api/products 200 276ms req-cec241
2026-03-14T11:01:04Z POST /healthz 200 280ms req-12d8ce
2026-03-14T11:01:05Z POST /api/products 200 301ms req-36f6bf
2026-03-14T11:01:26Z PUT /api/session 200 277ms req-822481
2026-03-14T11:01:28Z POST /api/search 200 141ms req-1f3f03
2026-03-14T11:01:35Z GET /api/session 200 235ms req-030142
2026-03-14T11:01:44Z PUT /api/orders 404 392ms req-d7dcdf
2026-03-14T11:01:47Z PUT /healthz 200 182ms req-3c22da
2026-03-14T11:01:48Z POST /api/cart 201 270ms req-1a1a62
2026-03-14T11:01:50Z POST /api/orders 200 26ms req-447e9f
2026-03-14T11:01:51Z GET /api/account 200 153ms req-de37e1
2026-03-14T11:01:53Z GET /api/products 200 81ms req-a1a96a
2026-03-14T11:02:00Z POST /api/recommendations 200 58ms req-a0753c
2026-03-14T11:02:10Z PUT /api/cart 200 391ms req-295384
2026-03-14T11:02:13Z PUT /api/orders 204 303ms req-d9e77b
2026-03-14T11:02:16Z GET /api/products 200 148ms req-4f2d42
2026-03-14T11:02:21Z GET /api/products 200 275ms req-ca2c87
2026-03-14T11:02:25Z POST /api/account 200 142ms req-77f5cd
2026-03-14T11:02:30Z POST /api/account 200 87ms req-26c0db
2026-03-14T11:02:31Z GET /api/orders 204 82ms req-1f9027
2026-03-14T11:02:36Z GET /api/search 201 242ms req-e16b92
2026-03-14T11:02:54Z GET /api/products 200 176ms req-681ea9
2026-03-14T11:03:08Z POST /api/session 200 216ms req-234d20
2026-03-14T11:03:27Z POST /api/checkout 200 187ms req-c0451d
2026-03-14T11:03:30Z GET /api/products 200 178ms req-965bb8
2026-03-14T11:03:33Z PUT /api/account 201 281ms req-29a485
2026-03-14T11:03:34Z GET /api/session 301 323ms req-063fd2
2026-03-14T11:03:36Z PUT /api/products 404 301ms req-cc391d
2026-03-14T11:03:40Z PUT /api/orders 201 412ms req-dfc0ec
2026-03-14T11:04:08Z PUT /healthz 200 180ms req-18a4eb
2026-03-14T11:04:14Z GET /api/cart 200 296ms req-4d763f
2026-03-14T11:04:33Z PUT /healthz 200 43ms req-110d6a
2026-03-14T11:04:40Z GET /api/session 200 72ms req-c59bff
2026-03-14T11:04:58Z POST /api/shipping-quote 200 84ms req-860aa5
2026-03-14T11:05:03Z GET /api/cart 404 119ms req-71c9f0
2026-03-14T11:05:03Z POST /healthz 200 172ms req-dceb6a
2026-03-14T11:05:06Z GET /api/search 200 116ms req-b5d889
2026-03-14T11:05:07Z PUT /api/products 200 328ms req-5a2a9b
2026-03-14T11:05:36Z GET /api/search 200 231ms req-834dbb
2026-03-14T11:05:37Z PUT /api/orders 204 234ms req-332be3
2026-03-14T11:05:41Z POST /api/cart 200 198ms req-4cc22e
2026-03-14T11:05:41Z POST /api/cart 404 70ms req-e8c41f
2026-03-14T11:05:48Z POST /api/session 201 206ms req-66b3de
2026-03-14T11:05:54Z PUT /api/shipping-quote 204 155ms req-c68eb2
2026-03-14T11:06:04Z POST /api/checkout 201 207ms req-fd4c87
2026-03-14T11:06:15Z POST /api/orders 200 117ms req-450869
2026-03-14T11:06:19Z GET /api/session 200 409ms req-970bbc
2026-03-14T11:06:19Z POST /healthz 204 228ms req-83be70
2026-03-14T11:06:19Z GET /api/recommendations 200 27ms req-3a0574
2026-03-14T11:06:32Z PUT /api/session 200 387ms req-a42595
2026-03-14T11:06:35Z GET /api/cart 200 265ms req-c65950
2026-03-14T11:06:37Z PUT /api/checkout 200 88ms req-8b1ef7
2026-03-14T11:06:46Z GET /api/session 200 385ms req-02abb3
2026-03-14T11:06:46Z POST /api/orders 301 411ms req-fb84eb
2026-03-14T11:06:48Z GET /api/products 204 417ms req-53ff4c
2026-03-14T11:06:48Z POST /api/recommendations 200 108ms req-5a23fd
2026-03-14T11:06:50Z POST /api/session 404 238ms req-ac225e
2026-03-14T11:07:09Z GET /api/account 200 117ms req-fdb50d
2026-03-14T11:07:09Z PUT /api/products 200 37ms req-bc7c76
2026-03-14T11:07:11Z GET /api/session 200 353ms req-dd7b5b
2026-03-14T11:07:20Z GET /api/session 404 189ms req-d5a803
2026-03-14T11:07:21Z POST /api/shipping-quote 200 34ms req-079804
2026-03-14T11:07:24Z GET /api/search 404 79ms req-24bb1f
2026-03-14T11:07:25Z POST /healthz 200 86ms req-5573b4
2026-03-14T11:07:34Z GET /api/cart 404 98ms req-04a629
2026-03-14T11:07:38Z GET /api/account 200 377ms req-a4a13c
2026-03-14T11:07:43Z POST /api/recommendations 200 147ms req-96b531
2026-03-14T11:07:50Z POST /api/products 201 229ms req-a47363
2026-03-14T11:07:56Z GET /api/orders 200 368ms req-12d690
2026-03-14T11:07:58Z POST /api/recommendations 201 59ms req-549cbd
2026-03-14T11:07:59Z GET /healthz 201 359ms req-2980d3
2026-03-14T11:08:01Z PUT /api/checkout 200 141ms req-0ef31e
2026-03-14T11:08:13Z GET /api/recommendations 200 83ms req-00f2f6
2026-03-14T11:08:25Z POST /api/orders 404 369ms req-a37acf
2026-03-14T11:08:31Z POST /api/orders 404 73ms req-da3986
2026-03-14T11:08:38Z GET /api/products 200 307ms req-fde8ff
2026-03-14T11:08:39Z GET /healthz 200 161ms req-377fc3
2026-03-14T11:08:46Z GET /api/session 404 89ms req-e054e4
2026-03-14T11:08:51Z POST /api/cart 204 10ms req-5b4ad0
2026-03-14T11:08:52Z POST /api/cart 200 408ms req-6ee265
2026-03-14T11:09:00Z POST /api/search 301 302ms req-ff9cbd
2026-03-14T11:09:14Z GET /api/products 200 408ms req-0cc0cc
2026-03-14T11:09:17Z GET /api/recommendations 201 9ms req-e9e1dc
2026-03-14T11:09:23Z PUT /healthz 200 189ms req-b3fe07
2026-03-14T11:09:28Z PUT /api/products 200 389ms req-cce639
2026-03-14T11:09:34Z POST /api/products 200 121ms req-ca6bc3
2026-03-14T11:09:37Z POST /api/search 201 365ms req-4bdf6a
2026-03-14T11:09:44Z GET /api/products 204 229ms req-b97709
2026-03-14T11:09:50Z POST /api/recommendations 200 240ms req-02f27c
2026-03-14T11:09:58Z GET /api/session 201 48ms req-18a7e4
2026-03-14T11:10:02Z GET /api/products 200 380ms req-e72221
2026-03-14T11:10:03Z POST /api/search 201 274ms req-2eb8f3
2026-03-14T11:10:06Z POST /healthz 200 44ms req-2f9330
2026-03-14T11:10:09Z GET /api/orders 200 417ms req-0850a2
2026-03-14T11:10:12Z GET /api/session 200 131ms req-94048a
2026-03-14T11:10:12Z PUT /api/orders 200 58ms req-80408d
2026-03-14T11:10:15Z GET /api/orders 404 381ms req-66d7f6
2026-03-14T11:10:19Z PUT /api/recommendations 404 384ms req-def324
2026-03-14T11:10:20Z POST /api/products 200 279ms req-8edb5c
2026-03-14T11:10:21Z GET /api/search 404 147ms req-745e39
2026-03-14T11:10:25Z POST /api/search 200 345ms req-ea3e2b
2026-03-14T11:10:26Z GET /api/shipping-quote 200 65ms req-2e2de0
2026-03-14T11:10:45Z GET /api/checkout 301 278ms req-584a76
2026-03-14T11:10:51Z PUT /api/orders 200 42ms req-7dbb9d
2026-03-14T11:10:51Z GET /api/products 301 200ms req-865f1b
2026-03-14T11:11:01Z GET /healthz 301 34ms req-485b63
2026-03-14T11:11:03Z GET /healthz 204 245ms req-224072
2026-03-14T11:11:11Z PUT /healthz 200 145ms req-45fc82
2026-03-14T11:11:17Z GET /api/account 301 325ms req-0abf8c
2026-03-14T11:11:17Z POST /api/account 404 17ms req-811a62
2026-03-14T11:11:19Z GET /healthz 200 304ms req-fcba2d
2026-03-14T11:11:23Z POST /api/products 201 161ms req-7ddca6
2026-03-14T11:11:24Z PUT /api/recommendations 404 197ms req-231c11
2026-03-14T11:11:33Z POST /api/account 201 204ms req-a4c845
2026-03-14T11:11:37Z GET /api/session 200 103ms req-d7b13b
2026-03-14T11:11:46Z POST /api/orders 200 310ms req-84abc9
2026-03-14T11:11:50Z PUT /api/recommendations 200 101ms req-678175
2026-03-14T11:11:52Z GET /api/session 200 371ms req-fa6cb6
2026-03-14T11:11:57Z POST /api/recommendations 200 265ms req-561a64
2026-03-14T11:11:57Z GET /api/products 301 25ms req-ea1088
2026-03-14T11:12:07Z POST /api/products 201 97ms req-d6bca7
2026-03-14T11:12:09Z GET /healthz 200 94ms req-56513f
2026-03-14T11:12:14Z GET /api/account 204 128ms req-378287
2026-03-14T11:12:18Z GET /api/session 200 29ms req-dd0f1b
2026-03-14T11:12:24Z POST /api/orders 204 148ms req-2229a4
2026-03-14T11:12:27Z GET /api/orders 200 199ms req-d2f6e9
2026-03-14T11:12:37Z GET /api/account 200 300ms req-6be7e1
2026-03-14T11:12:38Z GET /healthz 200 20ms req-05d7cb
2026-03-14T11:12:46Z GET /api/cart 200 195ms req-aa706a
2026-03-14T11:12:47Z GET /healthz 201 243ms req-af086b
2026-03-14T11:13:00Z PUT /api/products 404 406ms req-b675f3
2026-03-14T11:13:10Z PUT /api/search 200 326ms req-62e58c
2026-03-14T11:13:16Z GET /api/orders 201 67ms req-69904a
2026-03-14T11:13:19Z GET /api/orders 200 186ms req-646bf8
2026-03-14T11:13:20Z PUT /healthz 200 230ms req-d3ddc4
2026-03-14T11:13:21Z PUT /api/cart 200 372ms req-5a6ea5
2026-03-14T11:13:25Z PUT /healthz 200 35ms req-818fcb
2026-03-14T11:13:32Z GET /api/orders 301 249ms req-a56c7a
2026-03-14T11:13:34Z POST /api/search 301 276ms req-1536a2
2026-03-14T11:13:43Z POST /api/search 200 371ms req-351284
2026-03-14T11:13:44Z POST /api/account 200 231ms req-219087
2026-03-14T11:13:45Z POST /api/checkout 200 350ms req-c67090
2026-03-14T11:13:45Z GET /api/account 200 280ms req-3deaa0
2026-03-14T11:13:47Z GET /api/recommendations 204 56ms req-71e65e
2026-03-14T11:13:48Z PUT /api/search 200 243ms req-5726f4
2026-03-14T11:13:48Z POST /api/products 404 70ms req-0a3778
2026-03-14T11:14:02Z GET /api/search 204 313ms req-f0273d
2026-03-14T11:14:06Z GET /api/orders 301 51ms req-e52a29
2026-03-14T11:14:14Z GET /api/shipping-quote 204 21ms req-e8df31
2026-03-14T11:14:17Z POST /api/account 201 342ms req-d1581e
2026-03-14T11:14:19Z POST /api/orders 200 383ms req-c61090
2026-03-14T11:14:20Z GET /api/checkout 200 55ms req-2216a3
2026-03-14T11:14:24Z POST /api/cart 204 400ms req-d87403
2026-03-14T11:14:29Z GET /api/shipping-quote 200 387ms req-008d46
2026-03-14T11:14:35Z GET /api/checkout 204 287ms req-ab2182
2026-03-14T11:14:43Z PUT /api/shipping-quote 200 134ms req-99399a
2026-03-14T11:14:43Z GET /api/checkout 204 115ms req-70a3e7
2026-03-14T11:14:46Z GET /api/cart 201 138ms req-dfb1ba
2026-03-14T11:14:48Z GET /api/search 200 416ms req-ee187e
2026-03-14T11:14:50Z POST /api/search 404 306ms req-7b5f42
2026-03-14T11:14:59Z GET /api/products 201 358ms req-f704e2
2026-03-14T11:15:05Z POST /api/search 200 159ms req-3a5c2e
2026-03-14T11:15:10Z POST /api/session 200 23ms req-8b97a6
2026-03-14T11:15:19Z GET /api/products 200 370ms req-6d3d3b
2026-03-14T11:15:32Z GET /api/cart 200 58ms req-f29b2c
2026-03-14T11:15:32Z POST /api/session 201 87ms req-67881d
2026-03-14T11:15:32Z POST /api/search 201 419ms req-acd910
2026-03-14T11:15:41Z PUT /api/account 301 414ms req-050549
2026-03-14T11:15:50Z PUT /api/checkout 200 342ms req-666bfe
2026-03-14T11:16:01Z PUT /healthz 201 239ms req-d905bb
2026-03-14T11:16:02Z PUT /api/search 200 379ms req-5384ee
2026-03-14T11:16:08Z GET /api/session 200 137ms req-2b377f
2026-03-14T11:16:23Z GET /api/checkout 301 85ms req-f503ba
2026-03-14T11:16:32Z GET /api/search 200 71ms req-4f14df
2026-03-14T11:16:32Z GET /healthz 200 266ms req-9e3bd2
2026-03-14T11:16:44Z GET /api/checkout 200 304ms req-140585
2026-03-14T11:16:55Z GET /api/session 204 263ms req-3a8aff
2026-03-14T11:17:00Z GET /api/checkout 404 368ms req-1ac486
2026-03-14T11:17:03Z GET /api/orders 200 170ms req-a9c882
2026-03-14T11:17:07Z POST /api/cart 200 65ms req-63bf8a
2026-03-14T11:17:12Z GET /api/shipping-quote 200 55ms req-bd4efe
2026-03-14T11:17:18Z GET /api/cart 204 208ms req-356168
2026-03-14T11:17:24Z GET /api/search 200 239ms req-90952c
2026-03-14T11:17:26Z POST /api/recommendations 201 359ms req-61d3b4
2026-03-14T11:17:35Z PUT /api/shipping-quote 200 258ms req-910201
2026-03-14T11:17:36Z POST /api/shipping-quote 201 128ms req-0925e9
2026-03-14T11:17:38Z GET /api/cart 204 57ms req-29fb16
2026-03-14T11:17:39Z POST /api/checkout 200 236ms req-a66eb1
2026-03-14T11:17:45Z GET /api/cart 200 318ms req-aafc85
2026-03-14T11:17:49Z GET /api/cart 200 407ms req-f904f6
2026-03-14T11:17:50Z GET /api/orders 200 116ms req-3c83f5
2026-03-14T11:17:50Z GET /api/recommendations 200 347ms req-2dd135
2026-03-14T11:17:51Z GET /api/session 201 177ms req-1faabe
2026-03-14T11:17:54Z GET /api/account 200 114ms req-e98b82
2026-03-14T11:17:56Z GET /api/session 200 392ms req-98beed
2026-03-14T11:17:59Z GET /api/orders 200 340ms req-a97571
2026-03-14T11:18:01Z GET /api/recommendations 200 341ms req-0fa09f
2026-03-14T11:18:08Z POST /api/shipping-quote 502 2539ms req-18fc1d
2026-03-14T11:18:15Z PUT /api/orders 200 301ms req-644289
2026-03-14T11:18:17Z GET /api/search 200 369ms req-cb644f
2026-03-14T11:18:18Z PUT /api/orders 301 379ms req-74494b
2026-03-14T11:18:21Z POST /api/session 200 301ms req-d8f034
2026-03-14T11:18:31Z PUT /api/orders 201 80ms req-7d022f
2026-03-14T11:18:35Z GET /api/orders 204 62ms req-5a662e
2026-03-14T11:18:43Z POST /api/products 404 37ms req-b1454b
2026-03-14T11:18:43Z GET /api/session 200 149ms req-12b569
2026-03-14T11:19:03Z POST /api/products 404 193ms req-2e6147
2026-03-14T11:19:09Z GET /api/session 204 38ms req-237054
2026-03-14T11:19:13Z GET /api/session 301 237ms req-5288b9
2026-03-14T11:19:13Z POST /api/account 201 231ms req-4bd018
2026-03-14T11:19:17Z PUT /api/account 201 346ms req-7ee574
2026-03-14T11:19:22Z POST /api/orders 201 401ms req-ae5588
2026-03-14T11:19:24Z GET /api/search 200 393ms req-689efb
2026-03-14T11:19:24Z GET /healthz 301 356ms req-17478a
2026-03-14T11:19:37Z GET /api/session 201 87ms req-c1d241
2026-03-14T11:19:39Z GET /api/shipping-quote 200 380ms req-ce1061
2026-03-14T11:19:56Z GET /api/recommendations 404 265ms req-a9bb05
2026-03-14T11:19:56Z GET /api/account 200 226ms req-439924
2026-03-14T11:19:58Z GET /api/checkout 301 156ms req-24e8ad
2026-03-14T11:20:06Z POST /api/cart 301 18ms req-e92e5d
2026-03-14T11:20:14Z POST /api/cart 200 250ms req-034f58
2026-03-14T11:20:19Z POST /api/cart 200 289ms req-f17557
2026-03-14T11:20:37Z GET /api/search 201 315ms req-5d6f43
2026-03-14T11:20:42Z GET /api/checkout 200 166ms req-688fcd
2026-03-14T11:20:45Z POST /api/shipping-quote 204 98ms req-970ac5
2026-03-14T11:20:45Z GET /api/recommendations 200 124ms req-b77131
2026-03-14T11:20:51Z GET /api/checkout 200 106ms req-e88fbe
2026-03-14T11:20:52Z GET /api/cart 301 356ms req-7e3aec
2026-03-14T11:20:56Z GET /healthz 200 289ms req-abee26
2026-03-14T11:21:25Z POST /api/checkout 301 55ms req-0961ae
2026-03-14T11:21:29Z POST /api/products 301 247ms req-d18a19
2026-03-14T11:21:39Z PUT /api/products 500 4092ms req-4e1620
2026-03-14T11:21:49Z POST /api/cart 200 297ms req-cbc085
2026-03-14T11:21:51Z GET /healthz 200 248ms req-42b133
2026-03-14T11:21:54Z POST /api/recommendations 200 179ms req-bee85d
2026-03-14T11:22:06Z POST /api/recommendations 200 30ms req-357d7e
2026-03-14T11:22:09Z GET /api/shipping-quote 404 327ms req-8bf4a8
2026-03-14T11:22:11Z POST /api/search 200 177ms req-7579ab
2026-03-14T11:22:13Z POST /api/account 201 143ms req-97efdc
2026-03-14T11:22:14Z GET /api/products 201 251ms req-b82bcf
2026-03-14T11:22:21Z POST /api/search 200 317ms req-2c902c
2026-03-14T11:22:22Z POST /api/recommendations 200 319ms req-7c0585
2026-03-14T11:22:35Z GET /healthz 200 397ms req-a6b04d
2026-03-14T11:22:37Z POST /api/products 404 37ms req-70a245
2026-03-14T11:22:52Z POST /api/orders 204 67ms req-b1fd17
2026-03-14T11:22:56Z GET /api/orders 200 323ms req-134e85
2026-03-14T11:22:58Z GET /api/products 200 19ms req-83ca00
2026-03-14T11:23:02Z PUT /api/session 404 99ms req-8cf11c
2026-03-14T11:23:07Z GET /api/products 200 408ms req-d530ef
2026-03-14T11:23:10Z POST /api/products 200 78ms req-99d94d
2026-03-14T11:23:18Z GET /api/shipping-quote 404 354ms req-73fcd6
2026-03-14T11:23:18Z POST /api/cart 404 134ms req-2d017b
2026-03-14T11:23:21Z POST /healthz 200 265ms req-e0fdc5
2026-03-14T11:23:22Z POST /api/search 204 25ms req-91102f
2026-03-14T11:23:24Z GET /api/recommendations 200 51ms req-2af7a9
2026-03-14T11:23:25Z GET /api/shipping-quote 301 402ms req-1f79d6
2026-03-14T11:23:38Z GET /api/products 200 248ms req-4cbe7c
2026-03-14T11:23:48Z GET /api/account 201 409ms req-27f58b
2026-03-14T11:23:52Z PUT /healthz 201 9ms req-3c80c4
2026-03-14T11:23:59Z POST /api/search 200 171ms req-caa0cc
2026-03-14T11:24:02Z GET /api/search 200 95ms req-e37056
2026-03-14T11:24:13Z GET /api/checkout 200 355ms req-2615b5
2026-03-14T11:24:14Z GET /api/account 204 93ms req-99edd4
2026-03-14T11:24:20Z GET /api/orders 201 48ms req-9ad7e5
2026-03-14T11:24:21Z GET /api/orders 200 23ms req-5d0351
2026-03-14T11:24:22Z POST /api/account 204 115ms req-09945b
2026-03-14T11:24:22Z GET /api/checkout 204 42ms req-18ef25
2026-03-14T11:24:35Z GET /api/recommendations 201 291ms req-b17b8b
2026-03-14T11:24:41Z PUT /api/session 200 64ms req-34f395
2026-03-14T11:24:43Z POST /healthz 201 199ms req-1f0a09
2026-03-14T11:24:45Z POST /api/products 200 121ms req-cb0cb0
2026-03-14T11:24:48Z GET /api/search 200 400ms req-36e6b1
2026-03-14T11:24:50Z GET /api/orders 204 191ms req-904bad
2026-03-14T11:24:53Z GET /api/checkout 404 356ms req-9644e9
2026-03-14T11:24:53Z GET /api/checkout 200 335ms req-068ce4
2026-03-14T11:24:58Z POST /api/checkout 201 395ms req-fc3f4c
2026-03-14T11:25:18Z POST /api/checkout 201 392ms req-c428ad
2026-03-14T11:25:20Z POST /api/orders 200 373ms req-c77b29
2026-03-14T11:25:30Z POST /api/products 301 364ms req-124ee9
2026-03-14T11:25:31Z GET /api/cart 200 35ms req-f1cbff
2026-03-14T11:25:51Z GET /api/products 204 361ms req-6940e1
2026-03-14T11:26:02Z GET /api/session 201 144ms req-64150d
2026-03-14T11:26:03Z GET /api/cart 200 53ms req-b32985
2026-03-14T11:26:25Z POST /api/account 301 116ms req-e79498
2026-03-14T11:26:35Z POST /api/orders 200 325ms req-841d50
2026-03-14T11:26:36Z GET /healthz 200 43ms req-1ad006
2026-03-14T11:26:48Z PUT /api/checkout 200 146ms req-3e722b
2026-03-14T11:26:52Z GET /api/products 301 384ms req-185352
2026-03-14T11:26:59Z POST /api/account 204 233ms req-dc3fc9
2026-03-14T11:27:00Z POST /healthz 200 62ms req-8ecb00
2026-03-14T11:27:02Z GET /api/products 200 26ms req-e3d1d4
2026-03-14T11:27:05Z GET /api/search 404 363ms req-65febe
2026-03-14T11:27:15Z POST /api/account 200 128ms req-c6c94c
2026-03-14T11:27:17Z PUT /api/shipping-quote 200 232ms req-354dcb
2026-03-14T11:27:20Z POST /api/shipping-quote 200 218ms req-d2a5f3
2026-03-14T11:27:26Z PUT /api/orders 200 232ms req-0e53b3
2026-03-14T11:27:28Z GET /api/orders 201 120ms req-9664c4
2026-03-14T11:27:28Z GET /api/search 200 373ms req-d4cea3
2026-03-14T11:27:32Z GET /api/shipping-quote 200 270ms req-dce314
2026-03-14T11:27:34Z GET /api/search 301 301ms req-99079a
2026-03-14T11:27:35Z POST /api/recommendations 200 85ms req-ddd0fb
2026-03-14T11:27:38Z POST /api/session 200 43ms req-cd33f4
2026-03-14T11:27:43Z POST /api/cart 200 82ms req-845bed
2026-03-14T11:27:44Z POST /api/search 204 177ms req-e27e5e
2026-03-14T11:27:50Z GET /api/cart 200 58ms req-d06279
2026-03-14T11:27:52Z GET /api/search 201 183ms req-de8289
2026-03-14T11:27:53Z GET /api/session 201 349ms req-00a917
2026-03-14T11:28:13Z POST /api/recommendations 201 175ms req-3a3ce4
2026-03-14T11:28:24Z GET /api/session 301 173ms req-153dc7
2026-03-14T11:28:27Z PUT /api/cart 200 348ms req-24989e
2026-03-14T11:28:27Z POST /healthz 201 188ms req-7df7bc
2026-03-14T11:28:28Z POST /api/session 200 50ms req-96c86c
2026-03-14T11:28:29Z GET /api/recommendations 200 46ms req-c070ce
2026-03-14T11:28:29Z POST /api/session 200 330ms req-246d25
2026-03-14T11:28:32Z PUT /healthz 200 397ms req-782164
2026-03-14T11:28:33Z POST /api/checkout 301 83ms req-e2648d
2026-03-14T11:28:34Z POST /healthz 204 205ms req-5cf01d
2026-03-14T11:28:36Z GET /api/products 204 336ms req-61c243
2026-03-14T11:28:37Z GET /api/orders 200 211ms req-a3d32b
2026-03-14T11:28:45Z PUT /healthz 200 304ms req-1d3ff1
2026-03-14T11:28:49Z PUT /api/cart 200 35ms req-e7cd51
2026-03-14T11:28:52Z GET /api/recommendations 200 228ms req-54157c
2026-03-14T11:28:52Z GET /api/search 301 214ms req-b33a43
2026-03-14T11:28:53Z POST /healthz 200 159ms req-165ef6
2026-03-14T11:29:10Z POST /api/search 200 383ms req-3adfe1
2026-03-14T11:29:12Z GET /api/orders 200 54ms req-821524
2026-03-14T11:29:14Z GET /api/checkout 301 405ms req-601265
2026-03-14T11:29:25Z POST /api/account 200 53ms req-daa688
2026-03-14T11:29:27Z GET /api/products 404 161ms req-3b8b00
2026-03-14T11:29:38Z PUT /api/checkout 200 352ms req-fcc8f5
2026-03-14T11:29:42Z GET /api/recommendations 200 417ms req-bf2a2e
2026-03-14T11:29:53Z POST /api/cart 200 93ms req-303220
2026-03-14T11:29:58Z POST /api/cart 301 416ms req-5b1423
2026-03-14T11:29:59Z GET /healthz 301 392ms req-953ec9
2026-03-14T11:30:25Z POST /api/products 200 365ms req-7ef15a
2026-03-14T11:30:26Z GET /api/products 404 94ms req-72d7a4
2026-03-14T11:30:30Z POST /api/cart 200 391ms req-2fe0b5
2026-03-14T11:30:43Z GET /api/cart 301 143ms req-ce9ce3
2026-03-14T11:30:48Z GET /api/products 404 28ms req-848ed1
2026-03-14T11:30:56Z GET /api/recommendations 301 210ms req-825fe9
2026-03-14T11:30:58Z POST /api/orders 404 364ms req-fec9e4
2026-03-14T11:31:09Z GET /api/recommendations 201 32ms req-b7d004
2026-03-14T11:31:13Z GET /api/session 200 184ms req-b317cc
2026-03-14T11:31:13Z PUT /api/session 201 75ms req-2f2f6e
2026-03-14T11:31:15Z GET /api/search 404 41ms req-cca7c8
2026-03-14T11:31:25Z GET /api/account 200 315ms req-be12d5
2026-03-14T11:31:43Z GET /api/products 200 282ms req-2b5f6f
2026-03-14T11:31:46Z PUT /api/account 200 44ms req-524d6e
2026-03-14T11:31:52Z PUT /api/orders 200 144ms req-3a4b18
2026-03-14T11:32:00Z POST /api/search 200 291ms req-3afa1b
2026-03-14T11:32:02Z PUT /healthz 204 351ms req-3c9c0d
2026-03-14T11:32:07Z POST /api/checkout 200 361ms req-5a87eb
2026-03-14T11:32:09Z POST /api/orders 200 272ms req-9c8500
2026-03-14T11:32:12Z POST /healthz 200 50ms req-9df6f0
2026-03-14T11:32:18Z GET /api/search 404 130ms req-7c159f
2026-03-14T11:32:22Z GET /api/recommendations 204 323ms req-60b81f
2026-03-14T11:32:25Z GET /api/account 200 273ms req-18124c
2026-03-14T11:32:29Z PUT /api/orders 200 207ms req-904be1
2026-03-14T11:32:33Z GET /api/account 200 39ms req-eef097
2026-03-14T11:32:46Z GET /api/cart 404 160ms req-319c50
2026-03-14T11:32:55Z GET /api/search 204 385ms req-1d668a
2026-03-14T11:33:00Z POST /api/recommendations 204 195ms req-a6adc3
2026-03-14T11:33:00Z GET /api/session 200 208ms req-d15eb4
2026-03-14T11:33:04Z POST /api/cart 201 164ms req-6284c0
2026-03-14T11:33:08Z POST /api/account 404 103ms req-b998be
2026-03-14T11:33:12Z GET /api/shipping-quote 200 219ms req-1c4729
2026-03-14T11:33:24Z POST /api/checkout 200 165ms req-33f125
2026-03-14T11:33:33Z POST /api/search 201 241ms req-4e20be
2026-03-14T11:33:38Z POST /api/cart 200 29ms req-ea1fb2
2026-03-14T11:33:44Z POST /api/checkout 500 2271ms req-a5be37
2026-03-14T11:33:46Z POST /api/products 204 390ms req-90ede6
2026-03-14T11:33:46Z POST /api/account 301 413ms req-91e533
2026-03-14T11:34:02Z POST /api/session 301 121ms req-c3295e
2026-03-14T11:34:06Z GET /healthz 200 241ms req-3a071d
2026-03-14T11:34:11Z POST /api/products 200 400ms req-c2c247
2026-03-14T11:34:14Z GET /api/search 200 143ms req-f647df
2026-03-14T11:34:19Z PUT /api/shipping-quote 200 86ms req-ef28d7
2026-03-14T11:34:21Z POST /api/account 200 232ms req-d7b40d
2026-03-14T11:34:22Z PUT /api/account 404 415ms req-eb86c9
2026-03-14T11:34:26Z PUT /api/search 404 278ms req-d547a1
2026-03-14T11:34:28Z GET /api/cart 200 320ms req-d34ca3
2026-03-14T11:34:33Z GET /api/search 201 24ms req-9521f0
2026-03-14T11:34:52Z POST /api/recommendations 200 62ms req-9830b5
2026-03-14T11:34:54Z POST /api/account 204 149ms req-94e0e2
2026-03-14T11:34:57Z GET /api/account 204 95ms req-57a531
2026-03-14T11:35:00Z POST /api/checkout 200 312ms req-b8e254
2026-03-14T11:35:05Z GET /healthz 301 118ms req-970e1f
2026-03-14T11:35:07Z GET /api/cart 404 328ms req-b4867b
2026-03-14T11:35:08Z GET /api/search 404 359ms req-7d5fe8
2026-03-14T11:35:14Z POST /api/shipping-quote 200 401ms req-096700
2026-03-14T11:35:16Z POST /api/recommendations 200 251ms req-3a8abd
2026-03-14T11:35:17Z GET /api/orders 201 91ms req-7d9530
2026-03-14T11:35:17Z POST /healthz 200 282ms req-1b2a73
2026-03-14T11:35:28Z PUT /api/shipping-quote 204 13ms req-872b8e
2026-03-14T11:35:32Z POST /healthz 204 34ms req-a356d2
2026-03-14T11:35:48Z PUT /api/session 301 291ms req-0bf49e
2026-03-14T11:35:51Z PUT /api/orders 301 199ms req-c747d6
2026-03-14T11:35:56Z POST /api/cart 200 292ms req-f230da
2026-03-14T11:36:01Z POST /healthz 200 277ms req-de1e50
2026-03-14T11:36:08Z POST /api/checkout 200 368ms req-f2c5c0
2026-03-14T11:36:17Z GET /healthz 200 175ms req-77883b
2026-03-14T11:36:21Z GET /api/shipping-quote 200 333ms req-89e33b
2026-03-14T11:36:24Z POST /api/shipping-quote 200 33ms req-cf08a0
2026-03-14T11:36:26Z GET /api/orders 200 269ms req-a50fd5
2026-03-14T11:36:28Z POST /api/products 200 30ms req-20930d
2026-03-14T11:36:30Z GET /api/account 200 270ms req-19af0c
2026-03-14T11:36:46Z GET /api/cart 204 80ms req-564167
2026-03-14T11:36:52Z GET /api/orders 200 169ms req-1994fe
2026-03-14T11:37:06Z GET /api/recommendations 200 137ms req-d36642
2026-03-14T11:37:09Z POST /api/account 204 120ms req-da33f9
2026-03-14T11:37:13Z GET /api/recommendations 201 188ms req-844c2f
2026-03-14T11:37:16Z GET /api/orders 204 404ms req-b54c96
2026-03-14T11:37:16Z GET /api/checkout 201 127ms req-f070a8
2026-03-14T11:37:21Z POST /api/account 204 114ms req-f13dbc
2026-03-14T11:37:43Z PUT /api/orders 200 318ms req-fa8e7e
2026-03-14T11:37:46Z GET /api/cart 200 59ms req-ddc8f7
2026-03-14T11:37:51Z GET /healthz 201 286ms req-c5e581
2026-03-14T11:37:52Z PUT /healthz 200 220ms req-871ced
2026-03-14T11:37:56Z PUT /api/cart 204 349ms req-6ac20b
2026-03-14T11:37:59Z PUT /healthz 200 336ms req-079c60
2026-03-14T11:38:01Z POST /healthz 204 42ms req-1fd609
2026-03-14T11:38:14Z PUT /api/products 200 147ms req-68ba5b
2026-03-14T11:38:20Z POST /api/orders 204 29ms req-4b59b9
2026-03-14T11:38:30Z PUT /api/account 200 221ms req-729357
2026-03-14T11:38:34Z PUT /api/session 200 116ms req-9116aa
2026-03-14T11:38:34Z PUT /api/search 204 249ms req-c4a59f
2026-03-14T11:38:41Z POST /api/cart 200 76ms req-a3b8af
2026-03-14T11:38:43Z POST /api/session 301 61ms req-115381
2026-03-14T11:38:44Z GET /api/cart 404 395ms req-eb6641
2026-03-14T11:38:51Z GET /api/account 204 15ms req-7b1926
2026-03-14T11:39:01Z POST /api/recommendations 204 339ms req-62dad5
2026-03-14T11:39:04Z POST /api/session 404 171ms req-2d118f
2026-03-14T11:39:14Z POST /api/search 502 3185ms req-384fe4
2026-03-14T11:39:17Z GET /api/recommendations 204 249ms req-c5b7fa
2026-03-14T11:39:22Z GET /healthz 204 68ms req-8387aa
2026-03-14T11:39:26Z GET /api/account 200 211ms req-9adaae
2026-03-14T11:39:29Z GET /api/cart 200 312ms req-f266a3
2026-03-14T11:39:31Z GET /api/recommendations 204 222ms req-17128d
2026-03-14T11:39:41Z PUT /healthz 204 413ms req-b36366
2026-03-14T11:39:53Z POST /api/session 200 378ms req-3fb200
2026-03-14T11:40:03Z PUT /api/checkout 201 332ms req-331068
2026-03-14T11:40:15Z PUT /api/shipping-quote 200 269ms req-b6ad24
2026-03-14T11:40:33Z POST /api/checkout 200 15ms req-0a2d53
2026-03-14T11:40:43Z POST /api/session 201 346ms req-6f88aa
2026-03-14T11:40:46Z GET /api/account 404 32ms req-71e856
2026-03-14T11:40:52Z GET /api/session 201 139ms req-b78878
2026-03-14T11:41:06Z GET /api/account 204 161ms req-9d6dc9
2026-03-14T11:41:12Z POST /api/checkout 201 252ms req-0cdc26
2026-03-14T11:41:31Z GET /api/recommendations 200 316ms req-aa354a
2026-03-14T11:41:33Z POST /api/checkout 404 372ms req-01dfe9
2026-03-14T11:41:34Z POST /api/orders 301 237ms req-1bafc0
2026-03-14T11:41:40Z GET /api/session 404 293ms req-630b5a
2026-03-14T11:41:40Z POST /healthz 200 247ms req-ff2b22
2026-03-14T11:41:49Z GET /api/shipping-quote 301 381ms req-5e497a
2026-03-14T11:42:01Z GET /api/account 200 238ms req-d81a06
2026-03-14T11:42:24Z GET /api/account 200 391ms req-61f1b1
2026-03-14T11:42:27Z GET /api/orders 404 276ms req-b730c3
2026-03-14T11:42:31Z POST /api/orders 200 316ms req-41b1af
2026-03-14T11:42:35Z GET /api/orders 301 38ms req-bed5a4
2026-03-14T11:42:38Z POST /api/cart 200 121ms req-2b48cc
2026-03-14T11:42:53Z GET /api/products 204 216ms req-5bf592
2026-03-14T11:42:53Z GET /api/checkout 200 12ms req-9b5708
2026-03-14T11:43:01Z POST /api/cart 200 309ms req-67ce14
2026-03-14T11:43:13Z GET /api/recommendations 404 353ms req-8f7e2c
2026-03-14T11:43:14Z GET /api/account 201 11ms req-af682d
2026-03-14T11:43:16Z POST /api/search 200 342ms req-d4299b
2026-03-14T11:43:19Z GET /api/shipping-quote 200 370ms req-cd0676
2026-03-14T11:43:22Z GET /api/recommendations 201 350ms req-7d9a84
2026-03-14T11:43:22Z GET /api/search 201 296ms req-cdb1e0
2026-03-14T11:43:25Z GET /api/search 301 148ms req-edc6ac
2026-03-14T11:43:33Z GET /healthz 200 112ms req-2eb137
2026-03-14T11:43:33Z GET /api/cart 200 393ms req-df13fb
2026-03-14T11:43:36Z POST /api/products 204 198ms req-154098
2026-03-14T11:43:40Z POST /api/search 200 364ms req-696cab
2026-03-14T11:43:42Z PUT /api/cart 404 50ms req-a0891f
2026-03-14T11:43:46Z GET /api/cart 204 58ms req-1a60fd
2026-03-14T11:43:55Z GET /healthz 200 413ms req-a7adb0
2026-03-14T11:44:08Z GET /api/search 200 284ms req-cd13e2
2026-03-14T11:44:09Z POST /api/session 200 218ms req-163dcf
2026-03-14T11:44:13Z PUT /api/search 404 354ms req-1cfabe
2026-03-14T11:44:35Z GET /healthz 200 222ms req-e8edc4
2026-03-14T11:44:35Z GET /api/account 200 303ms req-801e89
2026-03-14T11:44:43Z GET /api/products 301 330ms req-867d2b
2026-03-14T11:44:48Z PUT /api/shipping-quote 200 317ms req-e7e163
2026-03-14T11:44:51Z GET /healthz 200 213ms req-beb955
2026-03-14T11:44:51Z POST /healthz 201 259ms req-dc5185
2026-03-14T11:44:58Z PUT /api/products 204 37ms req-2de6a9
2026-03-14T11:45:07Z GET /api/orders 204 341ms req-95bc65
2026-03-14T11:45:10Z GET /api/search 200 229ms req-7438df
2026-03-14T11:45:18Z GET /api/account 200 268ms req-d629b7
2026-03-14T11:45:25Z GET /api/search 404 273ms req-aba05a
2026-03-14T11:45:35Z POST /api/account 204 119ms req-8d1f89
2026-03-14T11:45:37Z GET /api/recommendations 200 86ms req-4cd41d
2026-03-14T11:45:44Z GET /healthz 200 42ms req-7388b3
2026-03-14T11:45:44Z GET /api/session 404 270ms req-524692
2026-03-14T11:45:47Z PUT /api/shipping-quote 200 20ms req-528e5c
2026-03-14T11:45:48Z POST /api/session 200 124ms req-286d1b
2026-03-14T11:45:57Z PUT /api/account 201 117ms req-cbbed8
2026-03-14T11:46:00Z GET /api/session 200 202ms req-da49a6
2026-03-14T11:46:02Z GET /api/products 200 362ms req-439801
2026-03-14T11:46:06Z POST /api/checkout 204 413ms req-93818b
2026-03-14T11:46:16Z GET /api/recommendations 200 30ms req-b3d9bf
2026-03-14T11:46:22Z GET /api/shipping-quote 204 328ms req-8551b7
2026-03-14T11:46:29Z POST /api/cart 200 265ms req-25de2d
2026-03-14T11:46:32Z PUT /api/search 200 321ms req-8593d0
2026-03-14T11:46:38Z GET /api/cart 204 45ms req-32ee96
2026-03-14T11:46:44Z GET /api/checkout 404 389ms req-fb18f7
2026-03-14T11:46:44Z GET /api/recommendations 200 329ms req-aea546
2026-03-14T11:46:44Z GET /api/shipping-quote 200 226ms req-dee8bc
2026-03-14T11:46:45Z POST /api/shipping-quote 301 116ms req-a2caca
2026-03-14T11:46:51Z GET /api/recommendations 301 370ms req-20938d
2026-03-14T11:46:57Z PUT /api/search 200 259ms req-b2522a
2026-03-14T11:46:58Z PUT /api/search 200 276ms req-fded5a
2026-03-14T11:46:58Z GET /api/session 200 377ms req-8c3a02
2026-03-14T11:47:00Z PUT /api/account 201 243ms req-e39b9b
2026-03-14T11:47:19Z GET /api/products 204 155ms req-4e1162
2026-03-14T11:47:26Z POST /api/account 200 128ms req-5b91b2
2026-03-14T11:47:27Z GET /api/recommendations 404 398ms req-a86219
2026-03-14T11:47:28Z POST /api/account 204 111ms req-853e8f
2026-03-14T11:47:40Z POST /api/recommendations 204 10ms req-824362
2026-03-14T11:47:42Z POST /api/recommendations 200 373ms req-1c455d
2026-03-14T11:47:46Z POST /api/search 200 382ms req-f696a1
2026-03-14T11:47:47Z POST /api/checkout 200 217ms req-08f4a9
2026-03-14T11:47:47Z POST /api/checkout 200 138ms req-e4233a
2026-03-14T11:47:53Z GET /api/account 200 406ms req-836c77
2026-03-14T11:47:56Z GET /api/session 200 133ms req-3d5f40
2026-03-14T11:47:57Z PUT /api/checkout 301 39ms req-bd6f7c
2026-03-14T11:47:57Z GET /api/orders 404 143ms req-cf1d1b
2026-03-14T11:48:00Z GET /api/products 200 230ms req-a71171
2026-03-14T11:48:04Z GET /api/orders 200 119ms req-281ff5
2026-03-14T11:48:05Z PUT /api/orders 200 96ms req-6f5fa9
2026-03-14T11:48:21Z GET /api/session 204 229ms req-a7b732
2026-03-14T11:48:23Z POST /api/orders 204 334ms req-b7adfd
2026-03-14T11:48:26Z GET /api/account 204 179ms req-ee8fc2
2026-03-14T11:48:27Z GET /api/cart 201 13ms req-bc9d2d
2026-03-14T11:48:29Z PUT /api/products 404 260ms req-ba7d1e
2026-03-14T11:48:33Z GET /api/cart 200 412ms req-7c5c1b
2026-03-14T11:48:40Z GET /api/products 201 131ms req-819899
2026-03-14T11:48:41Z POST /healthz 200 364ms req-007c69
2026-03-14T11:48:51Z GET /api/cart 200 308ms req-56bac7
2026-03-14T11:48:55Z GET /api/recommendations 200 369ms req-9c055b
2026-03-14T11:49:09Z GET /healthz 200 69ms req-86ffcd
2026-03-14T11:49:12Z GET /api/recommendations 200 256ms req-baadc2
2026-03-14T11:49:15Z PUT /api/checkout 200 128ms req-8d71ce
2026-03-14T11:49:19Z GET /api/orders 200 309ms req-a74d2e
2026-03-14T11:49:33Z GET /api/search 200 66ms req-7fb3a9
2026-03-14T11:49:33Z POST /api/session 200 389ms req-fbe0ac
2026-03-14T11:49:38Z PUT /api/session 204 164ms req-daf053
2026-03-14T11:49:42Z POST /api/cart 200 230ms req-88530f
2026-03-14T11:49:44Z GET /api/account 201 91ms req-d0ebf0
2026-03-14T11:49:48Z PUT /api/orders 204 399ms req-13b71f
2026-03-14T11:49:57Z POST /healthz 200 15ms req-fc29e5
2026-03-14T11:49:58Z POST /api/products 201 185ms req-5acffb
2026-03-14T11:50:04Z GET /api/session 204 163ms req-51e517
2026-03-14T11:50:05Z GET /api/checkout 200 351ms req-573d35
2026-03-14T11:50:14Z POST /healthz 204 110ms req-cb9266
2026-03-14T11:50:18Z GET /api/shipping-quote 200 41ms req-6aa58f
2026-03-14T11:50:22Z POST /api/products 204 319ms req-a82d09
2026-03-14T11:50:24Z GET /api/account 200 135ms req-9c9761
2026-03-14T11:50:28Z GET /healthz 200 239ms req-1e3ba2
2026-03-14T11:50:35Z POST /api/recommendations 404 368ms req-b318d9
2026-03-14T11:50:41Z GET /api/recommendations 200 316ms req-09ca9e
2026-03-14T11:50:44Z GET /api/orders 200 417ms req-4db0f2
2026-03-14T11:50:45Z GET /api/checkout 200 187ms req-126c4f
2026-03-14T11:50:51Z POST /api/shipping-quote 200 135ms req-b7e6ed
2026-03-14T11:50:54Z GET /api/cart 200 401ms req-19bef3
2026-03-14T11:50:56Z GET /api/orders 200 404ms req-56c3ea
2026-03-14T11:50:59Z GET /api/recommendations 404 180ms req-3f352a
2026-03-14T11:51:02Z POST /api/account 200 402ms req-69fe3d
2026-03-14T11:51:03Z GET /api/cart 301 44ms req-253d80
2026-03-14T11:51:05Z GET /api/orders 200 224ms req-b7e5c6
2026-03-14T11:51:09Z POST /api/products 404 384ms req-5e6f31
2026-03-14T11:51:13Z POST /api/products 200 385ms req-4afa39
2026-03-14T11:51:17Z PUT /api/orders 301 51ms req-f90a8d
2026-03-14T11:51:17Z POST /api/shipping-quote 404 304ms req-8ceb4b
2026-03-14T11:51:19Z POST /api/recommendations 301 138ms req-7e9ec8
2026-03-14T11:51:32Z POST /api/products 200 100ms req-03528d
2026-03-14T11:51:35Z GET /api/shipping-quote 404 130ms req-2b0280
2026-03-14T11:51:44Z GET /api/recommendations 200 310ms req-4d09e7
2026-03-14T11:51:46Z GET /api/account 204 376ms req-69c00b
2026-03-14T11:51:49Z POST /api/cart 404 192ms req-1da4ae
2026-03-14T11:51:53Z PUT /api/products 404 137ms req-280403
2026-03-14T11:52:07Z POST /api/shipping-quote 301 57ms req-517686
2026-03-14T11:52:07Z PUT /api/shipping-quote 301 104ms req-2eb20c
2026-03-14T11:52:09Z GET /api/products 200 227ms req-2c8776
2026-03-14T11:52:13Z POST /api/session 204 185ms req-1f1dc5
2026-03-14T11:52:14Z PUT /api/cart 200 315ms req-75ae84
2026-03-14T11:52:15Z GET /api/account 200 135ms req-64237f
2026-03-14T11:52:20Z PUT /api/products 200 331ms req-a29996
2026-03-14T11:52:26Z GET /api/cart 301 254ms req-97b5dc
2026-03-14T11:52:26Z POST /api/search 301 415ms req-3dbe7f
2026-03-14T11:52:27Z PUT /api/shipping-quote 204 293ms req-0fda56
2026-03-14T11:52:28Z GET /api/search 200 236ms req-5088d7
2026-03-14T11:52:34Z POST /api/recommendations 204 145ms req-cd62a9
2026-03-14T11:52:37Z GET /api/products 200 117ms req-231ede
2026-03-14T11:53:03Z PUT /api/products 201 409ms req-68a8d9
2026-03-14T11:53:15Z GET /api/orders 200 391ms req-e21c1d
2026-03-14T11:53:19Z GET /api/orders 200 325ms req-d135d5
2026-03-14T11:53:21Z GET /api/shipping-quote 204 215ms req-497614
2026-03-14T11:53:25Z GET /healthz 200 141ms req-927304
2026-03-14T11:53:36Z GET /healthz 200 337ms req-444bd1
2026-03-14T11:53:38Z GET /api/session 200 172ms req-d21bc1
2026-03-14T11:53:46Z GET /api/checkout 200 343ms req-e5baed
2026-03-14T11:53:50Z POST /api/checkout 404 329ms req-81e618
2026-03-14T11:53:53Z POST /api/recommendations 200 250ms req-62f193
2026-03-14T11:54:05Z GET /api/orders 200 40ms req-b56312
2026-03-14T11:54:07Z GET /api/products 404 329ms req-dd7c76
2026-03-14T11:54:08Z POST /healthz 204 85ms req-c4886e
2026-03-14T11:54:08Z POST /api/shipping-quote 201 290ms req-81a392
2026-03-14T11:54:16Z GET /healthz 204 366ms req-5c9df6
2026-03-14T11:54:19Z GET /api/search 200 20ms req-a1d98e
2026-03-14T11:54:21Z GET /healthz 200 408ms req-ac21c0
2026-03-14T11:54:22Z PUT /api/checkout 200 177ms req-25e6cb
2026-03-14T11:54:31Z PUT /api/cart 200 387ms req-af406a
2026-03-14T11:54:41Z GET /healthz 204 123ms req-feba3c
2026-03-14T11:54:42Z PUT /api/products 200 213ms req-e870a1
2026-03-14T11:54:47Z GET /api/recommendations 200 208ms req-dfd56b
2026-03-14T11:54:48Z GET /healthz 200 149ms req-1ac644
2026-03-14T11:55:02Z GET /healthz 200 206ms req-e7019e
2026-03-14T11:55:02Z POST /api/checkout 200 276ms req-7f3eb5
2026-03-14T11:55:03Z PUT /api/products 200 217ms req-13ab35
2026-03-14T11:55:06Z GET /api/session 404 381ms req-99224d
2026-03-14T11:55:06Z POST /api/session 204 197ms req-8d260b
2026-03-14T11:55:09Z GET /healthz 200 339ms req-ae4488
2026-03-14T11:55:09Z GET /api/session 204 143ms req-977160
2026-03-14T11:55:10Z GET /healthz 200 74ms req-f26ce9
2026-03-14T11:55:12Z GET /healthz 200 250ms req-575892
2026-03-14T11:55:18Z GET /api/products 201 39ms req-aab0d5
2026-03-14T11:55:18Z GET /api/account 200 37ms req-53bfe0
2026-03-14T11:55:23Z GET /api/account 200 403ms req-978589
2026-03-14T11:55:25Z GET /api/recommendations 301 316ms req-3e35f9
2026-03-14T11:55:41Z GET /api/search 201 130ms req-30f38a
2026-03-14T11:55:43Z GET /api/session 204 361ms req-056523
2026-03-14T11:55:45Z GET /api/recommendations 204 332ms req-79039b
2026-03-14T11:55:50Z POST /healthz 200 307ms req-10788d
2026-03-14T11:55:52Z GET /api/session 201 156ms req-fbd4ca
2026-03-14T11:55:59Z POST /healthz 204 299ms req-7a1bb3
2026-03-14T11:56:01Z GET /api/session 204 109ms req-4a0296
2026-03-14T11:56:05Z PUT /api/recommendations 204 394ms req-be3b4f
2026-03-14T11:56:08Z POST /api/search 200 158ms req-a52465
2026-03-14T11:56:29Z GET /api/orders 200 112ms req-39aeb0
2026-03-14T11:56:34Z GET /api/session 200 159ms req-64e98f
2026-03-14T11:56:38Z POST /api/account 200 306ms req-dbb141
2026-03-14T11:56:41Z GET /api/cart 200 238ms req-84506b
2026-03-14T11:56:42Z GET /api/search 301 330ms req-ce4ec7
2026-03-14T11:56:54Z POST /api/cart 200 270ms req-22fcd7
2026-03-14T11:56:54Z PUT /api/recommendations 200 45ms req-0112c6
2026-03-14T11:56:57Z PUT /api/orders 404 281ms req-77b0e8
2026-03-14T11:56:57Z GET /api/search 200 304ms req-cf50f6
2026-03-14T11:57:02Z POST /api/recommendations 301 285ms req-40d3ac
2026-03-14T11:57:04Z PUT /api/recommendations 200 51ms req-670b73
2026-03-14T11:57:09Z POST /api/checkout 204 143ms req-da0c39
2026-03-14T11:57:11Z POST /api/cart 404 306ms req-36c4a8
2026-03-14T11:57:12Z POST /api/search 201 184ms req-4e579c
2026-03-14T11:57:24Z GET /api/recommendations 301 9ms req-d3d726
2026-03-14T11:57:33Z POST /api/recommendations 404 359ms req-7c2f4c
2026-03-14T11:57:37Z GET /api/session 200 405ms req-316c51
2026-03-14T11:57:43Z GET /api/recommendations 200 140ms req-c48732
2026-03-14T11:57:44Z GET /api/cart 200 234ms req-ab0f25
2026-03-14T11:57:55Z GET /api/products 301 281ms req-e0de99
2026-03-14T11:58:04Z PUT /api/cart 200 316ms req-ecdb2e
2026-03-14T11:58:19Z GET /api/shipping-quote 204 187ms req-a944f6
2026-03-14T11:58:24Z POST /api/cart 200 33ms req-9d4208
2026-03-14T11:58:49Z GET /api/account 201 225ms req-1cc8e1
2026-03-14T11:58:50Z PUT /api/recommendations 404 308ms req-2050c0
2026-03-14T11:58:53Z GET /api/session 200 119ms req-7cd1c0
2026-03-14T11:58:57Z PUT /api/checkout 404 42ms req-440ff6
2026-03-14T11:58:59Z GET /api/recommendations 200 255ms req-d6c15f
2026-03-14T11:59:04Z POST /api/orders 200 377ms req-277c97
2026-03-14T11:59:09Z GET /api/recommendations 404 375ms req-9c9734
2026-03-14T11:59:12Z POST /api/checkout 404 251ms req-090181
2026-03-14T11:59:14Z POST /api/account 204 150ms req-0ee263
2026-03-14T11:59:16Z GET /api/cart 200 191ms req-e7b7a6
2026-03-14T11:59:18Z GET /api/account 200 260ms req-76733d
2026-03-14T11:59:18Z GET /api/account 200 178ms req-9a5832
2026-03-14T11:59:24Z PUT /api/search 201 302ms req-bd0bc6
2026-03-14T11:59:25Z PUT /api/search 200 100ms req-924c38
2026-03-14T11:59:36Z POST /api/session 200 117ms req-0ef043
2026-03-14T11:59:42Z GET /api/cart 404 287ms req-51dc0d
2026-03-14T11:59:51Z GET /api/orders 404 271ms req-65996d
2026-03-14T11:59:53Z POST /api/orders 404 240ms req-0f6037
2026-03-14T11:59:53Z GET /api/session 204 403ms req-874f65
