2026-03-14T10:00:49Z DEBUG [cache] worker w62 idle for 14s
2026-03-14T10:01:06Z WARN [gc] slow query 542 ms on table img_prewarm
2026-03-14T10:01:15Z INFO [startup] request w38 completed status=200 in 794 ms
2026-03-14T10:01:16Z WARN [cache] retrying metrics flush (attempt 4610)
2026-03-14T10:01:36Z INFO [gc] scheduled job orders_rollup finished in 42s
2026-03-14T10:01:49Z INFO [cache] cache refresh complete: 318 entries loaded
2026-03-14T10:02:06Z INFO [metrics] connection established to fraud-detector:8082
2026-03-14T10:02:07Z INFO [gc] connection established to billing-worker:8163
2026-03-14T10:02:54Z DEBUG [metrics] gc pause 653 ms (young gen)
2026-03-14T10:03:32Z INFO [cache] connection established to fraud-detector:8082
2026-03-14T10:04:07Z WARN [http.server] slow query 486 ms on table email_digest
2026-03-14T10:04:10Z WARN [metrics] slow query 860 ms on table img_prewarm
2026-03-14T10:04:18Z DEBUG [gc] queue depth 3469 within limits
2026-03-14T10:04:46Z DEBUG [metrics] gc pause 606 ms (young gen)
2026-03-14T10:05:00Z INFO [http.server] connection established to billing-worker:8175
2026-03-14T10:05:02Z INFO [startup] request w8 completed status=200 in 97 ms
2026-03-14T10:05:12Z INFO [gc] heartbeat ok (epoch 914)
2026-03-14T10:05:13Z INFO [startup] request w62 completed status=200 in 504 ms
2026-03-14T10:05:57Z INFO [http.server] request w30 completed status=200 in 268 ms
2026-03-14T10:06:26Z WARN [scheduler] slow query 135 ms on table img_prewarm
2026-03-14T10:06:31Z INFO [metrics] request w10 completed status=200 in 188 ms
2026-03-14T10:06:39Z INFO [cache] request w63 completed status=200 in 510 ms
2026-03-14T10:06:52Z INFO [startup] heartbeat ok (epoch 3085)
2026-03-14T10:06:58Z WARN [http.server] retrying metrics flush (attempt 3729)
2026-03-14T10:07:09Z INFO [http.server] request w42 completed status=200 in 262 ms
2026-03-14T10:07:09Z ERROR [startup] failed to publish metrics batch: broker unavailable (will retry)
2026-03-14T10:07:40Z INFO [http.server] connection established to billing-worker:8151
2026-03-14T10:08:26Z WARN [startup] slow query 267 ms on table token_sweep
2026-03-14T10:08:56Z INFO [metrics] cache refresh complete: 113 entries loaded
2026-03-14T10:09:06Z WARN [metrics] retrying metrics flush (attempt 2049)
2026-03-14T10:09:10Z DEBUG [cache] gc pause 32 ms (young gen)
2026-03-14T10:09:17Z DEBUG [http.server] queue depth 3395 within limits
2026-03-14T10:09:35Z WARN [cache] retrying metrics flush (attempt 1883)
2026-03-14T10:09:46Z INFO [metrics] request w42 completed status=200 in 331 ms
2026-03-14T10:10:01Z INFO [http.server] cache refresh complete: 2473 entries loaded
2026-03-14T10:10:08Z WARN [http.server] retrying metrics flush (attempt 4072)
2026-03-14T10:10:13Z ERROR [cache] failed to publish metrics batch: broker unavailable (will retry)
2026-03-14T10:10:16Z WARN [gc] slow query 386 ms on table email_digest
2026-03-14T10:10:25Z DEBUG [http.server] queue depth 2563 within limits
2026-03-14T10:10:26Z INFO [startup] request w59 completed status=200 in 441 ms
2026-03-14T10:10:30Z DEBUG [cache] queue depth 482 within limits
2026-03-14T10:10:30Z INFO [gc] scheduled job sku_reindex finished in 97s
2026-03-14T10:10:47Z ERROR [scheduler] failed to publish metrics batch: broker unavailable (will retry)
2026-03-14T10:11:19Z INFO [scheduler] cache refresh complete: 902 entries loaded
2026-03-14T10:11:28Z WARN [startup] slow query 110 ms on table ledger_sync
2026-03-14T10:12:32Z INFO [scheduler] cache refresh complete: 1061 entries loaded
2026-03-14T10:12:41Z INFO [gc] cache refresh complete: 3984 entries loaded
2026-03-14T10:12:41Z INFO [metrics] request w10 completed status=200 in 614 ms
2026-03-14T10:12:50Z INFO [gc] scheduled job ledger_sync finished in 87s
2026-03-14T10:13:24Z INFO [startup] request w22 completed status=200 in 795 ms
2026-03-14T10:13:29Z INFO [scheduler] heartbeat ok (epoch 2700)
2026-03-14T10:13:42Z ERROR [startup] temporary DNS failure resolving fraud-detector (retried ok)
2026-03-14T10:14:04Z WARN [metrics] retrying metrics flush (attempt 3051)
2026-03-14T10:14:44Z WARN [http.server] thread pool active 1463/64
2026-03-14T10:14:48Z INFO [scheduler] connection established to billing-worker:8145
2026-03-14T10:14:51Z DEBUG [metrics] queue depth 2291 within limits
2026-03-14T10:14:51Z DEBUG [http.server] worker w45 idle for 25s
2026-03-14T10:14:56Z INFO [cache] connection established to fraud-detector:8160
2026-03-14T10:15:24Z INFO [startup] connection established to billing-worker:8098
2026-03-14T10:15:46Z INFO [cache] scheduled job sku_reindex finished in 88s
2026-03-14T10:16:21Z INFO [cache] cache refresh complete: 3871 entries loaded
2026-03-14T10:16:21Z DEBUG [cache] gc pause 363 ms (young gen)
2026-03-14T10:16:25Z INFO [gc] cache refresh complete: 1076 entries loaded
2026-03-14T10:16:31Z INFO [metrics] cache refresh complete: 4552 entries loaded
2026-03-14T10:16:46Z INFO [gc] request w16 completed status=200 in 50 ms
2026-03-14T10:16:48Z INFO [metrics] scheduled job orders_rollup finished in 67s
2026-03-14T10:16:53Z INFO [startup] scheduled job ledger_sync finished in 103s
2026-03-14T10:16:59Z WARN [cache] slow query 747 ms on table img_prewarm
2026-03-14T10:17:00Z DEBUG [gc] queue depth 1650 within limits
2026-03-14T10:17:06Z INFO [startup] connection established to billing-worker:8125
2026-03-14T10:17:08Z INFO [metrics] heartbeat ok (epoch 3987)
2026-03-14T10:17:17Z INFO [cache] request w43 completed status=200 in 36 ms
2026-03-14T10:17:19Z INFO [gc] connection established to fraud-detector:8152
2026-03-14T10:17:50Z ERROR [cache] temporary DNS failure resolving fraud-detector (retried ok)
2026-03-14T10:18:04Z ERROR [scheduler] failed to publish metrics batch: broker unavailable (will retry)
2026-03-14T10:18:34Z DEBUG [cache] worker w31 idle for 24s
2026-03-14T10:18:36Z INFO [gc] request w16 completed status=200 in 854 ms
2026-03-14T10:18:49Z DEBUG [startup] queue depth 4652 within limits
2026-03-14T10:18:56Z INFO [gc] request w9 completed status=200 in 313 ms
2026-03-14T10:19:01Z INFO [metrics] cache refresh complete: 74 entries loaded
2026-03-14T10:19:20Z WARN [gc] retrying metrics flush (attempt 3127)
2026-03-14T10:19:21Z WARN [scheduler] certificate for billing-worker expires in 2795 days
2026-03-14T10:19:29Z WARN [http.server] certificate for fraud-detector expires in 2955 days
2026-03-14T10:19:30Z WARN [gc] slow query 597 ms on table email_digest
2026-03-14T10:19:35Z DEBUG [scheduler] gc pause 799 ms (young gen)
2026-03-14T10:19:41Z WARN [gc] thread pool active 3586/64
2026-03-14T10:19:42Z DEBUG [gc] queue depth 1960 within limits
2026-03-14T10:20:02Z INFO [gc] request w25 completed status=200 in 375 ms
2026-03-14T10:20:19Z DEBUG [startup] worker w30 idle for 48s
2026-03-14T10:20:30Z INFO [metrics] scheduled job orders_rollup finished in 18s
2026-03-14T10:20:30Z INFO [startup] heartbeat ok (epoch 2985)
2026-03-14T10:20:46Z INFO [scheduler] cache refresh complete: 1647 entries loaded
2026-03-14T10:20:46Z INFO [cache] request w19 completed status=200 in 202 ms
2026-03-14T10:20:50Z WARN [cache] thread pool active 2449/64
2026-03-14T10:21:05Z INFO [http.server] heartbeat ok (epoch 2797)
2026-03-14T10:21:08Z DEBUG [gc] queue depth 3216 within limits
2026-03-14T10:21:16Z INFO [cache] heartbeat ok (epoch 3713)
2026-03-14T10:21:40Z ERROR [scheduler] temporary DNS failure resolving billing-worker (retried ok)
2026-03-14T10:21:51Z INFO [gc] connection established to fraud-detector:8104
2026-03-14T10:21:53Z DEBUG [scheduler] gc pause 229 ms (young gen)
2026-03-14T10:22:00Z INFO [cache] heartbeat ok (epoch 3141)
2026-03-14T10:22:21Z INFO [gc] request w15 completed status=200 in 315 ms
2026-03-14T10:22:36Z ERROR [scheduler] failed to publish metrics batch: broker unavailable (will retry)
2026-03-14T10:22:43Z DEBUG [scheduler] queue depth 2327 within limits
2026-03-14T10:22:56Z DEBUG [http.server] gc pause 672 ms (young gen)
2026-03-14T10:22:58Z INFO [http.server] scheduled job orders_rollup finished in 15s
2026-03-14T10:23:57Z WARN [gc] retrying metrics flush (attempt 2445)
2026-03-14T10:24:01Z WARN [startup] certificate for fraud-detector expires in 3223 days
2026-03-14T10:24:08Z DEBUG [cache] queue depth 1898 within limits
2026-03-14T10:24:37Z DEBUG [cache] gc pause 866 ms (young gen)
2026-03-14T10:25:02Z ERROR [metrics] failed to publish metrics batch: broker unavailable (will retry)
2026-03-14T10:25:34Z INFO [gc] heartbeat ok (epoch 2275)
2026-03-14T10:25:44Z WARN [startup] slow query 161 ms on table email_digest
2026-03-14T10:25:52Z INFO [gc] request w9 completed status=200 in 563 ms
2026-03-14T10:26:02Z INFO [startup] request w23 completed status=200 in 347 ms
2026-03-14T10:26:14Z ERROR [gc] failed to publish metrics batch: broker unavailable (will retry)
2026-03-14T10:26:20Z DEBUG [startup] queue depth 3525 within limits
2026-03-14T10:27:15Z DEBUG [scheduler] worker w34 idle for 92s
2026-03-14T10:27:23Z INFO [http.server] connection established to billing-worker:8104
2026-03-14T10:27:23Z INFO [startup] cache refresh complete: 1843 entries loaded
2026-03-14T10:27:31Z DEBUG [metrics] queue depth 582 within limits
2026-03-14T10:27:39Z INFO [metrics] scheduled job ledger_sync finished in 70s
2026-03-14T10:28:08Z INFO [scheduler] connection established to billing-worker:8102
2026-03-14T10:28:15Z DEBUG [scheduler] gc pause 543 ms (young gen)
2026-03-14T10:28:21Z INFO [http.server] connection established to fraud-detector:8094
2026-03-14T10:28:43Z INFO [startup] scheduled job img_prewarm finished in 44s
2026-03-14T10:28:56Z INFO [scheduler] connection established to billing-worker:8146
2026-03-14T10:29:27Z INFO [gc] connection established to fraud-detector:8165
2026-03-14T10:29:34Z WARN [cache] retrying metrics flush (attempt 139)
2026-03-14T10:29:37Z WARN [scheduler] retrying metrics flush (attempt 3473)
2026-03-14T10:29:39Z WARN [cache] thread pool active 3209/64
2026-03-14T10:30:06Z DEBUG [cache] worker w16 idle for 53s
2026-03-14T10:30:11Z INFO [scheduler] scheduled job ledger_sync finished in 105s
2026-03-14T10:30:38Z WARN [http.server] thread pool active 2086/64
2026-03-14T10:30:47Z INFO [startup] cache refresh complete: 3646 entries loaded
2026-03-14T10:31:31Z INFO [cache] connection established to billing-worker:8186
2026-03-14T10:31:40Z DEBUG [gc] worker w19 idle for 17s
2026-03-14T10:32:06Z INFO [metrics] request w14 completed status=200 in 410 ms
2026-03-14T10:32:20Z INFO [gc] connection established to billing-worker:8123
2026-03-14T10:32:38Z INFO [gc] connection established to billing-worker:8168
2026-03-14T10:33:02Z INFO [startup] connection established to fraud-detector:8097
2026-03-14T10:33:09Z INFO [http.server] cache refresh complete: 4478 entries loaded
2026-03-14T10:33:19Z INFO [metrics] cache refresh complete: 3969 entries loaded
2026-03-14T10:33:37Z INFO [gc] request w11 completed status=200 in 493 ms
2026-03-14T10:33:45Z WARN [metrics] certificate for billing-worker expires in 1936 days
2026-03-14T10:34:03Z INFO [metrics] cache refresh complete: 4063 entries loaded
2026-03-14T10:34:34Z DEBUG [http.server] worker w26 idle for 54s
2026-03-14T10:34:50Z ERROR [gc] failed to publish metrics batch: broker unavailable (will retry)
2026-03-14T10:35:21Z DEBUG [startup] worker w17 idle for 102s
2026-03-14T10:35:33Z ERROR [http.server] temporary DNS failure resolving billing-worker (retried ok)
2026-03-14T10:35:41Z DEBUG [cache] queue depth 2238 within limits
2026-03-14T10:36:15Z INFO [metrics] connection established to billing-worker:8166
2026-03-14T10:36:15Z INFO [cache] heartbeat ok (epoch 3820)
2026-03-14T10:37:09Z INFO [startup] cache refresh complete: 4118 entries loaded
2026-03-14T10:37:16Z DEBUG [gc] worker w62 idle for 47s
2026-03-14T10:37:21Z DEBUG [gc] gc pause 456 ms (young gen)
2026-03-14T10:37:32Z INFO [metrics] request w6 completed status=200 in 660 ms
2026-03-14T10:37:34Z INFO [http.server] connection established to billing-worker:8128
2026-03-14T10:37:55Z WARN [cache] slow query 51 ms on table sku_reindex
2026-03-14T10:37:56Z INFO [gc] connection established to billing-worker:8093
2026-03-14T10:38:19Z WARN [scheduler] retrying metrics flush (attempt 4558)
2026-03-14T10:38:38Z WARN [cache] slow query 147 ms on table orders_rollup
2026-03-14T10:38:44Z WARN [metrics] slow query 467 ms on table sku_reindex
2026-03-14T10:39:01Z DEBUG [http.server] queue depth 2368 within limits
2026-03-14T10:39:09Z DEBUG [http.server] gc pause 24 ms (young gen)
2026-03-14T10:39:21Z WARN [cache] slow query 302 ms on table token_sweep
2026-03-14T10:39:23Z WARN [gc] certificate for fraud-detector expires in 2518 days
2026-03-14T10:39:31Z WARN [gc] retrying metrics flush (attempt 2308)
2026-03-14T10:39:42Z INFO [scheduler] connection established to fraud-detector:8096
2026-03-14T10:39:50Z DEBUG [scheduler] gc pause 720 ms (young gen)
2026-03-14T10:40:23Z INFO [gc] request w47 completed status=200 in 57 ms
2026-03-14T10:40:31Z WARN [scheduler] slow query 370 ms on table sku_reindex
2026-03-14T10:40:33Z INFO [metrics] scheduled job img_prewarm finished in 28s
2026-03-14T10:40:34Z DEBUG [cache] queue depth 1724 within limits
2026-03-14T10:40:43Z DEBUG [cache] queue depth 3640 within limits
2026-03-14T10:40:50Z INFO [scheduler] connection established to billing-worker:8195
2026-03-14T10:41:03Z INFO [metrics] scheduled job email_digest finished in 17s
2026-03-14T10:41:06Z ERROR [gc] temporary DNS failure resolving fraud-detector (retried ok)
2026-03-14T10:41:10Z INFO [http.server] heartbeat ok (epoch 3908)
2026-03-14T10:41:23Z DEBUG [gc] queue depth 1185 within limits
2026-03-14T10:41:51Z INFO [metrics] connection established to billing-worker:8199
2026-03-14T10:41:53Z DEBUG [metrics] worker w12 idle for 21s
2026-03-14T10:41:58Z WARN [metrics] thread pool active 3726/64
2026-03-14T10:42:02Z DEBUG [scheduler] queue depth 2996 within limits
2026-03-14T10:42:14Z INFO [cache] cache refresh complete: 3789 entries loaded
2026-03-14T10:42:16Z INFO [metrics] scheduled job sku_reindex finished in 101s
2026-03-14T10:42:22Z WARN [http.server] slow query 547 ms on table email_digest
2026-03-14T10:42:52Z WARN [metrics] slow query 793 ms on table img_prewarm
2026-03-14T10:43:17Z DEBUG [http.server] worker w57 idle for 55s
2026-03-14T10:43:17Z INFO [startup] cache refresh complete: 2278 entries loaded
2026-03-14T10:43:27Z INFO [gc] scheduled job token_sweep finished in 85s
2026-03-14T10:43:54Z INFO [http.server] connection established to billing-worker:8124
2026-03-14T10:43:55Z WARN [scheduler] slow query 674 ms on table sku_reindex
2026-03-14T10:43:56Z DEBUG [http.server] worker w17 idle for 75s
2026-03-14T10:43:59Z WARN [metrics] slow query 468 ms on table token_sweep
2026-03-14T10:44:10Z DEBUG [startup] worker w52 idle for 16s
2026-03-14T10:44:16Z DEBUG [metrics] queue depth 2446 within limits
2026-03-14T10:44:27Z INFO [cache] request w22 completed status=200 in 211 ms
2026-03-14T10:44:43Z DEBUG [metrics] gc pause 286 ms (young gen)
2026-03-14T10:44:50Z DEBUG [gc] worker w18 idle for 72s
2026-03-14T10:44:50Z INFO [cache] scheduled job token_sweep finished in 109s
2026-03-14T10:45:30Z INFO [cache] request w50 completed status=200 in 438 ms
2026-03-14T10:45:33Z ERROR [metrics] temporary DNS failure resolving billing-worker (retried ok)
2026-03-14T10:45:36Z INFO [cache] request w33 completed status=200 in 273 ms
2026-03-14T10:45:42Z INFO [metrics] request w24 completed status=200 in 833 ms
2026-03-14T10:46:11Z WARN [metrics] retrying metrics flush (attempt 3035)
2026-03-14T10:46:16Z DEBUG [cache] queue depth 4916 within limits
2026-03-14T10:46:29Z WARN [startup] certificate for billing-worker expires in 359 days
2026-03-14T10:46:37Z INFO [gc] scheduled job email_digest finished in 94s
2026-03-14T10:46:39Z INFO [scheduler] connection established to billing-worker:8165
2026-03-14T10:46:43Z INFO [startup] request w11 completed status=200 in 896 ms
2026-03-14T10:46:43Z DEBUG [startup] gc pause 367 ms (young gen)
2026-03-14T10:47:07Z INFO [startup] request w4 completed status=200 in 620 ms
2026-03-14T10:47:47Z WARN [metrics] slow query 560 ms on table orders_rollup
2026-03-14T10:48:00Z DEBUG [metrics] gc pause 129 ms (young gen)
2026-03-14T10:48:44Z INFO [gc] request w32 completed status=200 in 422 ms
2026-03-14T10:48:52Z DEBUG [scheduler] worker w28 idle for 59s
2026-03-14T10:49:00Z INFO [gc] scheduled job orders_rollup finished in 119s
2026-03-14T10:49:02Z DEBUG [gc] queue depth 2813 within limits
2026-03-14T10:49:02Z INFO [metrics] request w5 completed status=200 in 37 ms
2026-03-14T10:49:07Z INFO [scheduler] cache refresh complete: 899 entries loaded
2026-03-14T10:49:19Z WARN [cache] slow query 146 ms on table ledger_sync
2026-03-14T10:49:54Z WARN [metrics] thread pool active 3834/64
2026-03-14T10:50:21Z INFO [metrics] request w24 completed status=200 in 651 ms
2026-03-14T10:50:29Z INFO [gc] scheduled job sku_reindex finished in 9s
2026-03-14T10:50:32Z DEBUG [cache] gc pause 427 ms (young gen)
2026-03-14T10:50:42Z INFO [http.server] heartbeat ok (epoch 518)
2026-03-14T10:51:16Z INFO [startup] heartbeat ok (epoch 2983)
2026-03-14T10:51:22Z INFO [cache] request w1 completed status=200 in 740 ms
2026-03-14T10:51:23Z INFO [gc] cache refresh complete: 1949 entries loaded
2026-03-14T10:51:27Z WARN [scheduler] thread pool active 45/64
2026-03-14T10:51:30Z INFO [scheduler] cache refresh complete: 470 entries loaded
2026-03-14T10:51:37Z INFO [http.server] cache refresh complete: 2329 entries loaded
2026-03-14T10:51:42Z DEBUG [startup] worker w9 idle for 118s
2026-03-14T10:51:43Z INFO [startup] heartbeat ok (epoch 2370)
2026-03-14T10:51:46Z INFO [startup] scheduled job email_digest finished in 84s
2026-03-14T10:51:53Z DEBUG [gc] worker w18 idle for 91s
2026-03-14T10:52:03Z INFO [metrics] heartbeat ok (epoch 3135)
2026-03-14T10:52:05Z DEBUG [http.server] worker w30 idle for 33s
2026-03-14T10:52:29Z WARN [cache] thread pool active 845/64
2026-03-14T10:52:29Z WARN [gc] retrying metrics flush (attempt 363)
2026-03-14T10:52:41Z DEBUG [gc] queue depth 3543 within limits
2026-03-14T10:52:58Z INFO [scheduler] connection established to billing-worker:8107
2026-03-14T10:53:08Z INFO [gc] cache refresh complete: 3608 entries loaded
2026-03-14T10:53:08Z DEBUG [metrics] queue depth 2077 within limits
2026-03-14T10:53:23Z INFO [http.server] heartbeat ok (epoch 4279)
2026-03-14T10:53:30Z WARN [http.server] slow query 727 ms on table orders_rollup
2026-03-14T10:53:34Z INFO [metrics] cache refresh complete: 2472 entries loaded
2026-03-14T10:53:35Z INFO [startup] request w63 completed status=200 in 508 ms
2026-03-14T10:53:49Z WARN [startup] certificate for fraud-detector expires in 2782 days
2026-03-14T10:53:57Z INFO [startup] connection established to fraud-detector:8120
2026-03-14T10:54:26Z WARN [gc] thread pool active 3975/64
2026-03-14T10:54:28Z DEBUG [cache] worker w15 idle for 99s
2026-03-14T10:54:30Z INFO [scheduler] request w45 completed status=200 in 353 ms
2026-03-14T10:55:01Z INFO [gc] scheduled job ledger_sync finished in 119s
2026-03-14T10:55:02Z INFO [scheduler] heartbeat ok (epoch 4856)
2026-03-14T10:55:03Z WARN [startup] certificate for billing-worker expires in 4791 days
2026-03-14T10:55:09Z INFO [cache] request w5 completed status=200 in 456 ms
2026-03-14T10:55:16Z INFO [metrics] request w19 completed status=200 in 528 ms
2026-03-14T10:55:28Z INFO [cache] scheduled job email_digest finished in 25s
2026-03-14T10:55:31Z INFO [metrics] connection established to billing-worker:8092
2026-03-14T10:55:56Z WARN [metrics] certificate for fraud-detector expires in 3393 days
2026-03-14T10:56:05Z DEBUG [scheduler] queue depth 3867 within limits
2026-03-14T10:56:30Z WARN [cache] certificate for billing-worker expires in 3545 days
2026-03-14T10:56:36Z DEBUG [metrics] queue depth 2547 within limits
2026-03-14T10:56:44Z INFO [http.server] request w25 completed status=200 in 518 ms
2026-03-14T10:57:02Z DEBUG [http.server] gc pause 383 ms (young gen)
2026-03-14T10:57:06Z INFO [metrics] scheduled job ledger_sync finished in 87s
2026-03-14T10:57:20Z INFO [cache] cache refresh complete: 3597 entries loaded
2026-03-14T10:57:24Z DEBUG [http.server] queue depth 2166 within limits
2026-03-14T10:57:24Z DEBUG [gc] queue depth 2781 within limits
2026-03-14T10:57:28Z INFO [cache] scheduled job orders_rollup finished in 27s
2026-03-14T10:57:54Z INFO [gc] request w16 completed status=200 in 682 ms
2026-03-14T10:58:05Z ERROR [gc] failed to publish metrics batch: broker unavailable (will retry)
2026-03-14T10:58:07Z INFO [http.server] cache refresh complete: 3085 entries loaded
2026-03-14T10:58:07Z INFO [scheduler] cache refresh complete: 4547 entries loaded
2026-03-14T10:58:11Z WARN [gc] certificate for fraud-detector expires in 1257 days
2026-03-14T10:58:37Z WARN [metrics] certificate for fraud-detector expires in 906 days
2026-03-14T10:58:39Z WARN [scheduler] thread pool active 4122/64
2026-03-14T10:58:44Z DEBUG [gc] worker w14 idle for 6s
2026-03-14T10:58:55Z INFO [gc] connection established to fraud-detector:8107
2026-03-14T10:58:55Z INFO [http.server] heartbeat ok (epoch 333)
2026-03-14T10:58:58Z DEBUG [metrics] worker w17 idle for 61s
2026-03-14T10:59:06Z DEBUG [scheduler] worker w10 idle for 77s
2026-03-14T10:59:07Z WARN [gc] thread pool active 2118/64
2026-03-14T10:59:39Z INFO [http.server] cache refresh complete: 3166 entries loaded
2026-03-14T10:59:57Z DEBUG [cache] worker w4 idle for 62s
2026-03-14T11:00:06Z WARN [startup] certificate for billing-worker expires in 4587 days
2026-03-14T11:00:09Z INFO [startup] heartbeat ok (epoch 202)
2026-03-14T11:00:36Z INFO [http.server] request w10 completed status=200 in 808 ms
2026-03-14T11:00:36Z INFO [scheduler] cache refresh complete: 3054 entries loaded
2026-03-14T11:01:09Z ERROR [scheduler] failed to publish metrics batch: broker unavailable (will retry)
2026-03-14T11:01:18Z DEBUG [gc] worker w32 idle for 38s
2026-03-14T11:01:32Z INFO [startup] request w49 completed status=200 in 603 ms
2026-03-14T11:01:50Z INFO [scheduler] request w55 completed status=200 in 713 ms
2026-03-14T11:01:54Z WARN [startup] certificate for billing-worker expires in 2126 days
2026-03-14T11:02:04Z INFO [metrics] scheduled job email_digest finished in 20s
2026-03-14T11:02:13Z WARN [startup] slow query 838 ms on table email_digest
2026-03-14T11:02:31Z INFO [startup] request w9 completed status=200 in 104 ms
2026-03-14T11:03:03Z INFO [startup] heartbeat ok (epoch 1671)
2026-03-14T11:03:10Z DEBUG [scheduler] queue depth 3345 within limits
2026-03-14T11:03:12Z INFO [cache] connection established to billing-worker:8194
2026-03-14T11:03:17Z DEBUG [http.server] worker w25 idle for 59s
2026-03-14T11:03:20Z INFO [metrics] heartbeat ok (epoch 1444)
2026-03-14T11:03:21Z WARN [scheduler] certificate for fraud-detector expires in 2063 days
2026-03-14T11:03:21Z INFO [cache] heartbeat ok (epoch 3881)
2026-03-14T11:03:21Z INFO [gc] cache refresh complete: 282 entries loaded
2026-03-14T11:03:26Z WARN [gc] retrying metrics flush (attempt 3495)
2026-03-14T11:04:22Z INFO [metrics] request w22 completed status=200 in 442 ms
2026-03-14T11:04:46Z INFO [gc] heartbeat ok (epoch 2666)
2026-03-14T11:04:48Z INFO [metrics] connection established to billing-worker:8092
2026-03-14T11:04:48Z DEBUG [gc] worker w15 idle for 50s
2026-03-14T11:05:25Z WARN [startup] retrying metrics flush (attempt 4977)
2026-03-14T11:05:41Z WARN [http.server] thread pool active 935/64
2026-03-14T11:05:59Z WARN [scheduler] retrying metrics flush (attempt 2087)
2026-03-14T11:06:12Z INFO [http.server] cache refresh complete: 1729 entries loaded
2026-03-14T11:06:25Z INFO [gc] scheduled job token_sweep finished in 20s
2026-03-14T11:07:03Z INFO [gc] request w58 completed status=200 in 237 ms
2026-03-14T11:07:39Z INFO [gc] request w2 completed status=200 in 394 ms
2026-03-14T11:07:41Z WARN [scheduler] retrying metrics flush (attempt 2264)
2026-03-14T11:07:58Z INFO [scheduler] scheduled job ledger_sync finished in 19s
2026-03-14T11:08:13Z INFO [http.server] connection established to fraud-detector:8084
2026-03-14T11:08:27Z DEBUG [gc] queue depth 2809 within limits
2026-03-14T11:08:56Z WARN [scheduler] slow query 498 ms on table sku_reindex
2026-03-14T11:08:58Z DEBUG [cache] gc pause 637 ms (young gen)
2026-03-14T11:09:14Z INFO [gc] heartbeat ok (epoch 2179)
2026-03-14T11:09:22Z INFO [metrics] cache refresh complete: 1521 entries loaded
2026-03-14T11:09:31Z INFO [scheduler] heartbeat ok (epoch 3224)
2026-03-14T11:09:32Z INFO [metrics] heartbeat ok (epoch 2791)
2026-03-14T11:10:00Z INFO [gc] cache refresh complete: 275 entries loaded
2026-03-14T11:10:06Z ERROR [cache] failed to publish metrics batch: broker unavailable (will retry)
2026-03-14T11:10:24Z INFO [http.server] heartbeat ok (epoch 2219)
2026-03-14T11:10:35Z WARN [metrics] thread pool active 3549/64
2026-03-14T11:10:47Z INFO [cache] scheduled job ledger_sync finished in 37s
2026-03-14T11:10:50Z DEBUG [startup] queue depth 2614 within limits
2026-03-14T11:10:50Z INFO [startup] scheduled job token_sweep finished in 81s
2026-03-14T11:11:10Z INFO [gc] connection established to billing-worker:8140
2026-03-14T11:11:17Z ERROR [cache] failed to publish metrics batch: broker unavailable (will retry)
2026-03-14T11:11:40Z INFO [startup] scheduled job sku_reindex finished in 29s
2026-03-14T11:11:46Z WARN [cache] certificate for billing-worker expires in 4959 days
2026-03-14T11:11:47Z DEBUG [metrics] queue depth 3668 within limits
2026-03-14T11:11:49Z INFO [cache] cache refresh complete: 1447 entries loaded
2026-03-14T11:12:04Z WARN [scheduler] retrying metrics flush (attempt 712)
2026-03-14T11:12:13Z WARN [cache] slow query 48 ms on table img_prewarm
2026-03-14T11:12:54Z DEBUG [startup] queue depth 98 within limits
2026-03-14T11:13:02Z ERROR [startup] temporary DNS failure resolving billing-worker (retried ok)
2026-03-14T11:13:08Z INFO [gc] scheduled job token_sweep finished in 8s
2026-03-14T11:13:26Z DEBUG [http.server] worker w47 idle for 102s
2026-03-14T11:13:27Z WARN [http.server] retrying metrics flush (attempt 3459)
2026-03-14T11:13:45Z INFO [startup] request w31 completed status=200 in 622 ms
2026-03-14T11:13:49Z INFO [cache] request w41 completed status=200 in 776 ms
2026-03-14T11:13:54Z DEBUG [startup] gc pause 73 ms (young gen)
2026-03-14T11:14:03Z DEBUG [metrics] worker w10 idle for 107s
2026-03-14T11:14:21Z INFO [metrics] heartbeat ok (epoch 4344)
2026-03-14T11:14:31Z INFO [cache] cache refresh complete: 246 entries loaded
2026-03-14T11:14:46Z INFO [http.server] cache refresh complete: 4802 entries loaded
2026-03-14T11:14:55Z ERROR [cache] temporary DNS failure resolving fraud-detector (retried ok)
2026-03-14T11:15:01Z INFO [startup] scheduled job sku_reindex finished in 29s
2026-03-14T11:15:06Z INFO [startup] request w41 completed status=200 in 59 ms
2026-03-14T11:15:20Z INFO [metrics] scheduled job img_prewarm finished in 55s
2026-03-14T11:15:47Z INFO [scheduler] request w64 completed status=200 in 680 ms
2026-03-14T11:15:56Z INFO [metrics] heartbeat ok (epoch 2441)
2026-03-14T11:15:56Z DEBUG [cache] gc pause 795 ms (young gen)
2026-03-14T11:15:57Z INFO [gc] cache refresh complete: 1959 entries loaded
2026-03-14T11:16:11Z DEBUG [startup] worker w28 idle for 97s
2026-03-14T11:16:14Z INFO [cache] request w22 completed status=200 in 507 ms
2026-03-14T11:16:19Z WARN [http.server] retrying metrics flush (attempt 127)
2026-03-14T11:16:28Z WARN [startup] thread pool active 3341/64
2026-03-14T11:16:45Z INFO [gc] scheduled job orders_rollup finished in 61s
2026-03-14T11:16:47Z INFO [cache] request w35 completed status=200 in 201 ms
2026-03-14T11:17:20Z DEBUG [cache] queue depth 1061 within limits
2026-03-14T11:17:28Z ERROR [gc] temporary DNS failure resolving fraud-detector (retried ok)
2026-03-14T11:17:31Z ERROR [cache] temporary DNS failure resolving billing-worker (retried ok)
2026-03-14T11:18:24Z ERROR [startup] temporary DNS failure resolving billing-worker (retried ok)
2026-03-14T11:18:28Z INFO [metrics] scheduled job token_sweep finished in 88s
2026-03-14T11:18:30Z INFO [gc] heartbeat ok (epoch 2671)
2026-03-14T11:18:56Z INFO [gc] connection established to fraud-detector:8118
2026-03-14T11:19:02Z INFO [scheduler] request w61 completed status=200 in 275 ms
2026-03-14T11:19:13Z INFO [gc] request w58 completed status=200 in 273 ms
2026-03-14T11:19:19Z INFO [gc] connection established to fraud-detector:8155
2026-03-14T11:19:42Z INFO [startup] connection established to billing-worker:8168
2026-03-14T11:19:58Z INFO [cache] connection established to fraud-detector:8098
2026-03-14T11:19:58Z INFO [scheduler] request w40 completed status=200 in 612 ms
2026-03-14T11:20:23Z WARN [startup] certificate for fraud-detector expires in 4094 days
2026-03-14T11:20:26Z DEBUG [cache] gc pause 73 ms (young gen)
2026-03-14T11:20:42Z DEBUG [http.server] worker w4 idle for 37s
2026-03-14T11:20:49Z ERROR [scheduler] failed to publish metrics batch: broker unavailable (will retry)
2026-03-14T11:21:18Z DEBUG [cache] gc pause 378 ms (young gen)
2026-03-14T11:21:28Z DEBUG [cache] gc pause 362 ms (young gen)
2026-03-14T11:21:59Z WARN [startup] certificate for billing-worker expires in 744 days
2026-03-14T11:22:05Z INFO [gc] cache refresh complete: 3196 entries loaded
2026-03-14T11:22:07Z ERROR [metrics] failed to publish metrics batch: broker unavailable (will retry)
2026-03-14T11:22:50Z INFO [scheduler] request w6 completed status=200 in 572 ms
2026-03-14T11:23:03Z INFO [gc] cache refresh complete: 4422 entries loaded
2026-03-14T11:23:06Z WARN [scheduler] certificate for billing-worker expires in 886 days
2026-03-14T11:23:26Z INFO [http.server] heartbeat ok (epoch 3646)
2026-03-14T11:23:40Z WARN [startup] certificate for billing-worker expires in 4308 days
2026-03-14T11:23:59Z DEBUG [gc] queue depth 2401 within limits
2026-03-14T11:24:01Z WARN [cache] certificate for fraud-detector expires in 1824 days
2026-03-14T11:24:22Z WARN [cache] slow query 111 ms on table ledger_sync
2026-03-14T11:24:46Z ERROR [startup] failed to publish metrics batch: broker unavailable (will retry)
2026-03-14T11:24:56Z INFO [scheduler] heartbeat ok (epoch 1993)
2026-03-14T11:25:09Z ERROR [cache] failed to publish metrics batch: broker unavailable (will retry)
2026-03-14T11:25:29Z INFO [scheduler] connection established to fraud-detector:8192
2026-03-14T11:25:55Z INFO [scheduler] connection established to billing-worker:8106
2026-03-14T11:26:10Z INFO [gc] heartbeat ok (epoch 1461)
2026-03-14T11:26:22Z INFO [scheduler] request w35 completed status=200 in 23 ms
2026-03-14T11:26:35Z DEBUG [scheduler] gc pause 348 ms (young gen)
2026-03-14T11:26:49Z DEBUG [gc] queue depth 218 within limits
2026-03-14T11:26:52Z INFO [startup] cache refresh complete: 3117 entries loaded
2026-03-14T11:27:35Z DEBUG [cache] queue depth 2761 within limits
2026-03-14T11:28:04Z INFO [http.server] connection established to billing-worker:8123
2026-03-14T11:28:04Z DEBUG [http.server] worker w19 idle for 75s
2026-03-14T11:28:07Z INFO [gc] scheduled job ledger_sync finished in 97s
2026-03-14T11:28:11Z WARN [cache] slow query 393 ms on table ledger_sync
2026-03-14T11:28:16Z INFO [http.server] connection established to billing-worker:8182
2026-03-14T11:29:08Z WARN [gc] certificate for billing-worker expires in 2427 days
2026-03-14T11:29:26Z ERROR [metrics] failed to publish metrics batch: broker unavailable (will retry)
2026-03-14T11:29:34Z DEBUG [cache] worker w20 idle for 105s
2026-03-14T11:30:14Z INFO [metrics] request w26 completed status=200 in 224 ms
2026-03-14T11:31:03Z INFO [http.server] cache refresh complete: 672 entries loaded
2026-03-14T11:31:10Z INFO [cache] request w63 completed status=200 in 569 ms
2026-03-14T11:31:11Z INFO [cache] request w34 completed status=200 in 571 ms
2026-03-14T11:31:25Z DEBUG [cache] worker w59 idle for 68s
2026-03-14T11:31:26Z WARN [scheduler] retrying metrics flush (attempt 1965)
2026-03-14T11:31:28Z INFO [gc] connection established to billing-worker:8090
2026-03-14T11:31:29Z DEBUG [metrics] worker w51 idle for 105s
2026-03-14T11:31:35Z INFO [scheduler] scheduled job orders_rollup finished in 77s
2026-03-14T11:32:01Z WARN [scheduler] slow query 26 ms on table email_digest
2026-03-14T11:32:05Z DEBUG [scheduler] queue depth 2201 within limits
2026-03-14T11:32:45Z INFO [gc] heartbeat ok (epoch 2928)
2026-03-14T11:32:54Z INFO [metrics] request w57 completed status=200 in 514 ms
2026-03-14T11:32:56Z INFO [http.server] heartbeat ok (epoch 3957)
2026-03-14T11:33:03Z INFO [scheduler] request w54 completed status=200 in 611 ms
2026-03-14T11:33:41Z INFO [http.server] connection established to fraud-detector:8083
2026-03-14T11:33:50Z WARN [metrics] slow query 330 ms on table orders_rollup
2026-03-14T11:33:53Z INFO [scheduler] scheduled job email_digest finished in 47s
2026-03-14T11:34:08Z INFO [startup] scheduled job email_digest finished in 90s
2026-03-14T11:34:18Z WARN [startup] slow query 568 ms on table token_sweep
2026-03-14T11:34:36Z DEBUG [startup] gc pause 681 ms (young gen)
2026-03-14T11:34:38Z WARN [gc] thread pool active 1095/64
2026-03-14T11:35:00Z INFO [scheduler] connection established to billing-worker:8097
2026-03-14T11:35:05Z WARN [cache] certificate for fraud-detector expires in 2879 days
2026-03-14T11:35:44Z INFO [http.server] connection established to fraud-detector:8095
2026-03-14T11:35:45Z INFO [gc] connection established to fraud-detector:8162
2026-03-14T11:35:45Z WARN [gc] thread pool active 2018/64
2026-03-14T11:35:48Z DEBUG [cache] worker w43 idle for 96s
2026-03-14T11:35:56Z INFO [metrics] request w37 completed status=200 in 3 ms
2026-03-14T11:36:03Z INFO [http.server] cache refresh complete: 3047 entries loaded
2026-03-14T11:36:40Z INFO [metrics] heartbeat ok (epoch 671)
2026-03-14T11:36:49Z INFO [gc] request w39 completed status=200 in 673 ms
2026-03-14T11:36:59Z DEBUG [scheduler] queue depth 997 within limits
2026-03-14T11:37:07Z WARN [startup] thread pool active 4720/64
2026-03-14T11:37:20Z INFO [metrics] connection established to billing-worker:8086
2026-03-14T11:38:03Z WARN [metrics] retrying metrics flush (attempt 2616)
2026-03-14T11:38:11Z INFO [cache] connection established to billing-worker:8151
2026-03-14T11:38:20Z INFO [startup] scheduled job sku_reindex finished in 37s
2026-03-14T11:38:26Z INFO [gc] connection established to fraud-detector:8098
2026-03-14T11:38:35Z WARN [metrics] thread pool active 615/64
2026-03-14T11:39:00Z INFO [scheduler] cache refresh complete: 1022 entries loaded
2026-03-14T11:39:11Z WARN [http.server] thread pool active 2425/64
2026-03-14T11:39:12Z INFO [http.server] cache refresh complete: 2789 entries loaded
2026-03-14T11:39:40Z WARN [metrics] slow query 747 ms on table sku_reindex
2026-03-14T11:39:42Z INFO [http.server] request w37 completed status=200 in 59 ms
2026-03-14T11:40:05Z INFO [gc] request w23 completed status=200 in 363 ms
2026-03-14T11:40:12Z INFO [metrics] heartbeat ok (epoch 4602)
2026-03-14T11:40:21Z WARN [scheduler] thread pool active 1376/64
2026-03-14T11:41:00Z DEBUG [startup] queue depth 1961 within limits
2026-03-14T11:41:32Z ERROR [startup] temporary DNS failure resolving billing-worker (retried ok)
2026-03-14T11:41:40Z INFO [gc] heartbeat ok (epoch 3768)
2026-03-14T11:41:48Z DEBUG [metrics] queue depth 534 within limits
2026-03-14T11:41:51Z WARN [scheduler] retrying metrics flush (attempt 3172)
2026-03-14T11:42:06Z INFO [gc] heartbeat ok (epoch 4714)
2026-03-14T11:42:14Z DEBUG [cache] worker w3 idle for 67s
2026-03-14T11:42:16Z WARN [http.server] certificate for fraud-detector expires in 2821 days
2026-03-14T11:43:41Z DEBUG [startup] gc pause 757 ms (young gen)
2026-03-14T11:43:41Z WARN [startup] retrying metrics flush (attempt 1900)
2026-03-14T11:43:59Z WARN [metrics] thread pool active 4795/64
2026-03-14T11:44:13Z DEBUG [startup] queue depth 4482 within limits
2026-03-14T11:44:16Z DEBUG [http.server] queue depth 3031 within limits
2026-03-14T11:44:25Z INFO [http.server] cache refresh complete: 2083 entries loaded
2026-03-14T11:44:40Z WARN [http.server] retrying metrics flush (attempt 972)
2026-03-14T11:44:41Z INFO [startup] request w56 completed status=200 in 374 ms
2026-03-14T11:44:43Z WARN [gc] retrying metrics flush (attempt 955)
2026-03-14T11:44:49Z WARN [cache] certificate for billing-worker expires in 3793 days
2026-03-14T11:45:07Z INFO [gc] heartbeat ok (epoch 275)
2026-03-14T11:45:44Z DEBUG [http.server] gc pause 355 ms (young gen)
2026-03-14T11:46:01Z INFO [http.server] request w33 completed status=200 in 160 ms
2026-03-14T11:46:42Z INFO [metrics] connection established to fraud-detector:8154
2026-03-14T11:46:57Z DEBUG [http.server] gc pause 618 ms (young gen)
2026-03-14T11:46:59Z DEBUG [startup] worker w48 idle for 39s
2026-03-14T11:47:14Z WARN [cache] retrying metrics flush (attempt 4002)
2026-03-14T11:47:16Z INFO [http.server] cache refresh complete: 4324 entries loaded
2026-03-14T11:47:20Z ERROR [cache] temporary DNS failure resolving billing-worker (retried ok)
2026-03-14T11:47:31Z INFO [scheduler] connection established to billing-worker:8109
2026-03-14T11:47:34Z WARN [gc] thread pool active 4610/64
2026-03-14T11:47:43Z INFO [startup] heartbeat ok (epoch 4527)
2026-03-14T11:48:07Z INFO [http.server] request w24 completed status=200 in 364 ms
2026-03-14T11:48:29Z INFO [scheduler] cache refresh complete: 2665 entries loaded
2026-03-14T11:48:34Z INFO [scheduler] cache refresh complete: 33 entries loaded
2026-03-14T11:48:36Z DEBUG [cache] queue depth 3977 within limits
2026-03-14T11:48:37Z WARN [http.server] slow query 889 ms on table ledger_sync
2026-03-14T11:48:38Z INFO [scheduler] connection established to billing-worker:8189
2026-03-14T11:49:15Z INFO [metrics] heartbeat ok (epoch 3588)
2026-03-14T11:49:37Z INFO [startup] heartbeat ok (epoch 3978)
2026-03-14T11:49:47Z INFO [cache] connection established to fraud-detector:8103
2026-03-14T11:50:01Z WARN [metrics] retrying metrics flush (attempt 4733)
2026-03-14T11:50:12Z WARN [gc] slow query 681 ms on table sku_reindex
2026-03-14T11:50:20Z INFO [gc] connection established to billing-worker:8127
2026-03-14T11:50:31Z WARN [gc] slow query 487 ms on table orders_rollup
2026-03-14T11:50:54Z INFO [startup] request w30 completed status=200 in 54 ms
2026-03-14T11:50:56Z DEBUG [http.server] gc pause 357 ms (young gen)
2026-03-14T11:50:58Z WARN [metrics] retrying metrics flush (attempt 2)
2026-03-14T11:51:10Z DEBUG [gc] gc pause 745 ms (young gen)
2026-03-14T11:51:17Z INFO [scheduler] request w17 completed status=200 in 344 ms
2026-03-14T11:51:25Z DEBUG [startup] gc pause 51 ms (young gen)
2026-03-14T11:51:39Z DEBUG [gc] worker w38 idle for 100s
2026-03-14T11:52:27Z DEBUG [gc] queue depth 259 within limits
2026-03-14T11:52:49Z INFO [http.server] request w60 completed status=200 in 21 ms
2026-03-14T11:53:02Z DEBUG [http.server] gc pause 283 ms (young gen)
2026-03-14T11:53:02Z DEBUG [gc] queue depth 599 within limits
2026-03-14T11:53:07Z DEBUG [cache] queue depth 61 within limits
2026-03-14T11:53:16Z INFO [http.server] scheduled job email_digest finished in 27s
2026-03-14T11:53:21Z INFO [scheduler] heartbeat ok (epoch 2781)
2026-03-14T11:53:22Z ERROR [http.server] temporary DNS failure resolving billing-worker (retried ok)
2026-03-14T11:53:24Z INFO [http.server] request w7 completed status=200 in 199 ms
2026-03-14T11:53:27Z WARN [scheduler] slow query 690 ms on table token_sweep
2026-03-14T11:53:38Z DEBUG [cache] gc pause 520 ms (young gen)
2026-03-14T11:53:54Z DEBUG [gc] gc pause 500 ms (young gen)
2026-03-14T11:53:55Z INFO [http.server] heartbeat ok (epoch 4895)
2026-03-14T11:53:59Z WARN [startup] thread pool active 3641/64
2026-03-14T11:54:19Z DEBUG [cache] queue depth 1967 within limits
2026-03-14T11:54:48Z INFO [metrics] cache refresh complete: 1976 entries loaded
2026-03-14T11:55:12Z ERROR [startup] temporary DNS failure resolving billing-worker (retried ok)
2026-03-14T11:55:40Z DEBUG [startup] gc pause 26 ms (young gen)
2026-03-14T11:56:10Z WARN [scheduler] retrying metrics flush (attempt 1522)
2026-03-14T11:56:39Z INFO [gc] request w47 completed status=200 in 360 ms
2026-03-14T11:56:52Z DEBUG [http.server] worker w19 idle for 72s
2026-03-14T11:57:07Z INFO [cache] connection established to fraud-detector:8116
2026-03-14T11:57:11Z ERROR [cache] temporary DNS failure resolving billing-worker (retried ok)
2026-03-14T11:57:47Z DEBUG [http.server] gc pause 343 ms (young gen)
2026-03-14T11:57:54Z DEBUG [gc] gc pause 623 ms (young gen)
2026-03-14T11:58:05Z WARN [gc] slow query 485 ms on table ledger_sync
2026-03-14T11:58:27Z WARN [gc] thread pool active 3319/64
2026-03-14T11:58:43Z INFO [startup] request w56 completed status=200 in 719 ms
2026-03-14T11:58:49Z INFO [cache] heartbeat ok (epoch 336)
2026-03-14T11:59:01Z DEBUG [gc] gc pause 834 ms (young gen)
2026-03-14T11:59:11Z INFO [scheduler] scheduled job token_sweep finished in 89s
2026-03-14T11:59:14Z WARN [gc] retrying metrics flush (attempt 3223)
2026-03-14T11:59:27Z DEBUG [startup] worker w47 idle for 102s
2026-03-14T11:59:33Z WARN [metrics] retrying metrics flush (attempt 4521)
2026-03-14T11:59:35Z WARN [http.server] slow query 525 ms on table token_sweep
