2026-03-14T11:00:10Z DEBUG [cache] gc pause 788 ms (young gen)
2026-03-14T11:00:18Z DEBUG [http.server] worker w64 idle for 30s
2026-03-14T11:00:55Z INFO [gc] heartbeat ok (epoch 1899)
2026-03-14T11:01:09Z DEBUG [gc] queue depth 121 within limits
2026-03-14T11:01:30Z INFO [cache] request w19 completed status=200 in 839 ms
2026-03-14T11:01:51Z DEBUG [http.server] gc pause 75 ms (young gen)
2026-03-14T11:02:20Z INFO [gc] scheduled job ledger_sync finished in 118s
2026-03-14T11:02:31Z INFO [http.server] cache refresh complete: 4198 entries loaded
2026-03-14T11:03:04Z INFO [gc] connection established to recommendation-api:8137
2026-03-14T11:03:06Z DEBUG [gc] gc pause 528 ms (young gen)
2026-03-14T11:03:10Z INFO [metrics] request w51 completed status=200 in 424 ms
2026-03-14T11:03:22Z DEBUG [metrics] queue depth 4697 within limits
2026-03-14T11:04:10Z INFO [startup] heartbeat ok (epoch 733)
2026-03-14T11:04:21Z INFO [gc] cache refresh complete: 162 entries loaded
2026-03-14T11:04:26Z INFO [metrics] heartbeat ok (epoch 1660)
2026-03-14T11:04:33Z WARN [scheduler] certificate for inventory-service expires in 1931 days
2026-03-14T11:04:55Z INFO [metrics] cache refresh complete: 3630 entries loaded
2026-03-14T11:05:11Z INFO [scheduler] request w41 completed status=200 in 186 ms
2026-03-14T11:05:17Z DEBUG [scheduler] queue depth 4844 within limits
2026-03-14T11:05:30Z DEBUG [scheduler] gc pause 275 ms (young gen)
2026-03-14T11:05:31Z WARN [scheduler] slow query 489 ms on table orders_rollup
2026-03-14T11:05:47Z INFO [startup] connection established to recommendation-api:8104
2026-03-14T11:05:52Z INFO [cache] scheduled job img_prewarm finished in 7s
2026-03-14T11:05:54Z INFO [metrics] cache refresh complete: 2222 entries loaded
2026-03-14T11:05:57Z INFO [cache] request w16 completed status=200 in 218 ms
2026-03-14T11:06:19Z WARN [startup] thread pool active 552/64
2026-03-14T11:06:23Z DEBUG [http.server] worker w34 idle for 61s
2026-03-14T11:06:50Z WARN [startup] retrying metrics flush (attempt 4380)
2026-03-14T11:06:50Z DEBUG [http.server] worker w6 idle for 83s
2026-03-14T11:07:02Z DEBUG [gc] gc pause 599 ms (young gen)
2026-03-14T11:07:16Z INFO [scheduler] request w36 completed status=200 in 480 ms
2026-03-14T11:07:16Z INFO [scheduler] scheduled job img_prewarm finished in 31s
2026-03-14T11:08:00Z WARN [metrics] thread pool active 4317/64
2026-03-14T11:08:24Z INFO [startup] request w23 completed status=200 in 811 ms
2026-03-14T11:09:13Z INFO [gc] cache refresh complete: 4736 entries loaded
2026-03-14T11:09:17Z WARN [startup] retrying metrics flush (attempt 2327)
2026-03-14T11:09:38Z INFO [scheduler] heartbeat ok (epoch 3371)
2026-03-14T11:09:42Z INFO [http.server] request w35 completed status=200 in 539 ms
2026-03-14T11:09:58Z WARN [scheduler] thread pool active 4757/64
2026-03-14T11:10:00Z WARN [cache] retrying metrics flush (attempt 3225)
2026-03-14T11:10:06Z DEBUG [startup] worker w29 idle for 2s
2026-03-14T11:10:08Z INFO [http.server] scheduled job ledger_sync finished in 47s
2026-03-14T11:10:08Z INFO [metrics] request w3 completed status=200 in 35 ms
2026-03-14T11:10:12Z INFO [http.server] request w54 completed status=200 in 479 ms
2026-03-14T11:10:29Z INFO [cache] cache refresh complete: 1623 entries loaded
2026-03-14T11:10:31Z WARN [scheduler] retrying metrics flush (attempt 4900)
2026-03-14T11:10:35Z INFO [gc] scheduled job img_prewarm finished in 22s
2026-03-14T11:10:38Z DEBUG [scheduler] worker w23 idle for 63s
2026-03-14T11:10:57Z INFO [metrics] request w10 completed status=200 in 69 ms
2026-03-14T11:11:04Z WARN [gc] certificate for recommendation-api expires in 3058 days
2026-03-14T11:11:17Z INFO [gc] heartbeat ok (epoch 4361)
2026-03-14T11:12:07Z DEBUG [startup] worker w10 idle for 56s
2026-03-14T11:12:09Z INFO [http.server] heartbeat ok (epoch 4336)
2026-03-14T11:12:24Z WARN [scheduler] certificate for inventory-service expires in 4185 days
2026-03-14T11:12:27Z INFO [startup] request w35 completed status=200 in 566 ms
2026-03-14T11:12:27Z INFO [scheduler] heartbeat ok (epoch 4216)
2026-03-14T11:12:29Z DEBUG [startup] gc pause 732 ms (young gen)
2026-03-14T11:12:44Z DEBUG [cache] gc pause 639 ms (young gen)
2026-03-14T11:12:54Z DEBUG [scheduler] gc pause 660 ms (young gen)
2026-03-14T11:12:55Z INFO [http.server] request w14 completed status=200 in 612 ms
2026-03-14T11:13:01Z INFO [scheduler] cache refresh complete: 2589 entries loaded
2026-03-14T11:13:06Z INFO [gc] heartbeat ok (epoch 589)
2026-03-14T11:13:07Z INFO [metrics] scheduled job email_digest finished in 23s
2026-03-14T11:13:07Z INFO [cache] cache refresh complete: 7 entries loaded
2026-03-14T11:13:24Z INFO [startup] request w59 completed status=200 in 37 ms
2026-03-14T11:13:41Z ERROR [startup] failed to publish metrics batch: broker unavailable (will retry)
2026-03-14T11:14:05Z INFO [http.server] connection established to inventory-service:8113
2026-03-14T11:14:13Z INFO [scheduler] heartbeat ok (epoch 1537)
2026-03-14T11:14:23Z WARN [scheduler] thread pool active 4596/64
2026-03-14T11:14:34Z WARN [cache] thread pool active 2026/64
2026-03-14T11:14:54Z INFO [http.server] heartbeat ok (epoch 2855)
2026-03-14T11:15:14Z ERROR [scheduler] temporary DNS failure resolving inventory-service (retried ok)
2026-03-14T11:15:16Z INFO [startup] scheduled job sku_reindex finished in 16s
2026-03-14T11:15:23Z INFO [startup] scheduled job ledger_sync finished in 33s
2026-03-14T11:15:24Z DEBUG [startup] worker w4 idle for 20s
2026-03-14T11:15:27Z DEBUG [http.server] queue depth 4937 within limits
2026-03-14T11:15:37Z INFO [gc] heartbeat ok (epoch 1502)
2026-03-14T11:15:45Z INFO [metrics] connection established to recommendation-api:8178
2026-03-14T11:15:57Z INFO [cache] request w40 completed status=200 in 833 ms
2026-03-14T11:16:00Z INFO [scheduler] scheduled job sku_reindex finished in 94s
2026-03-14T11:16:00Z INFO [cache] cache refresh complete: 1876 entries loaded
2026-03-14T11:16:01Z INFO [metrics] heartbeat ok (epoch 3059)
2026-03-14T11:16:04Z INFO [startup] connection established to recommendation-api:8133
2026-03-14T11:16:05Z INFO [gc] request w23 completed status=200 in 234 ms
2026-03-14T11:16:25Z WARN [cache] certificate for inventory-service expires in 3386 days
2026-03-14T11:16:30Z DEBUG [metrics] gc pause 27 ms (young gen)
2026-03-14T11:16:37Z INFO [startup] connection established to inventory-service:8159
2026-03-14T11:17:18Z WARN [gc] slow query 667 ms on table orders_rollup
2026-03-14T11:17:42Z WARN [cache] thread pool active 3638/64
2026-03-14T11:17:45Z INFO [startup] request w8 completed status=200 in 830 ms
2026-03-14T11:18:08Z WARN [cache] slow query 318 ms on table ledger_sync
2026-03-14T11:18:19Z INFO [gc] request w9 completed status=200 in 157 ms
2026-03-14T11:18:35Z WARN [gc] retrying metrics flush (attempt 287)
2026-03-14T11:19:02Z INFO [cache] heartbeat ok (epoch 4991)
2026-03-14T11:19:07Z INFO [http.server] heartbeat ok (epoch 1561)
2026-03-14T11:19:22Z WARN [http.server] slow query 479 ms on table img_prewarm
2026-03-14T11:19:30Z INFO [metrics] scheduled job token_sweep finished in 29s
2026-03-14T11:19:55Z WARN [cache] retrying metrics flush (attempt 4537)
2026-03-14T11:20:08Z INFO [metrics] scheduled job email_digest finished in 28s
2026-03-14T11:20:08Z DEBUG [gc] worker w63 idle for 5s
2026-03-14T11:20:13Z INFO [http.server] cache refresh complete: 713 entries loaded
2026-03-14T11:20:29Z INFO [cache] connection established to recommendation-api:8114
2026-03-14T11:20:35Z INFO [gc] request w40 completed status=200 in 240 ms
2026-03-14T11:21:02Z INFO [cache] request w35 completed status=200 in 328 ms
2026-03-14T11:21:29Z INFO [scheduler] heartbeat ok (epoch 3253)
2026-03-14T11:21:40Z DEBUG [scheduler] gc pause 506 ms (young gen)
2026-03-14T11:21:53Z WARN [gc] certificate for inventory-service expires in 3857 days
2026-03-14T11:21:55Z INFO [scheduler] request w56 completed status=200 in 887 ms
2026-03-14T11:21:55Z DEBUG [scheduler] worker w30 idle for 26s
2026-03-14T11:22:13Z DEBUG [startup] gc pause 578 ms (young gen)
2026-03-14T11:22:16Z INFO [http.server] scheduled job orders_rollup finished in 23s
2026-03-14T11:22:27Z DEBUG [startup] worker w35 idle for 62s
2026-03-14T11:22:33Z DEBUG [cache] queue depth 4828 within limits
2026-03-14T11:22:36Z INFO [gc] heartbeat ok (epoch 1080)
2026-03-14T11:22:47Z INFO [http.server] scheduled job token_sweep finished in 33s
2026-03-14T11:23:10Z WARN [http.server] slow query 63 ms on table orders_rollup
2026-03-14T11:23:21Z WARN [metrics] retrying metrics flush (attempt 1350)
2026-03-14T11:23:31Z INFO [startup] heartbeat ok (epoch 2862)
2026-03-14T11:23:37Z INFO [startup] cache refresh complete: 3692 entries loaded
2026-03-14T11:23:40Z INFO [metrics] scheduled job ledger_sync finished in 112s
2026-03-14T11:23:44Z WARN [metrics] certificate for recommendation-api expires in 4914 days
2026-03-14T11:23:48Z INFO [http.server] cache refresh complete: 4213 entries loaded
2026-03-14T11:23:54Z DEBUG [gc] queue depth 161 within limits
2026-03-14T11:24:10Z INFO [startup] scheduled job token_sweep finished in 56s
2026-03-14T11:24:36Z DEBUG [gc] queue depth 4988 within limits
2026-03-14T11:25:13Z WARN [cache] thread pool active 1573/64
2026-03-14T11:25:46Z DEBUG [cache] worker w40 idle for 13s
2026-03-14T11:25:51Z DEBUG [metrics] gc pause 43 ms (young gen)
2026-03-14T11:26:12Z DEBUG [cache] queue depth 956 within limits
2026-03-14T11:26:17Z INFO [startup] scheduled job email_digest finished in 89s
2026-03-14T11:26:32Z INFO [gc] heartbeat ok (epoch 1585)
2026-03-14T11:26:33Z INFO [scheduler] request w58 completed status=200 in 894 ms
2026-03-14T11:26:34Z INFO [http.server] scheduled job ledger_sync finished in 65s
2026-03-14T11:27:21Z WARN [gc] retrying metrics flush (attempt 3077)
2026-03-14T11:28:10Z INFO [scheduler] connection established to recommendation-api:8096
2026-03-14T11:28:13Z DEBUG [scheduler] queue depth 3003 within limits
2026-03-14T11:29:03Z INFO [gc] cache refresh complete: 1458 entries loaded
2026-03-14T11:29:04Z WARN [metrics] slow query 320 ms on table sku_reindex
2026-03-14T11:29:09Z INFO [scheduler] connection established to inventory-service:8119
2026-03-14T11:29:45Z WARN [cache] slow query 505 ms on table token_sweep
2026-03-14T11:29:48Z WARN [startup] thread pool active 3391/64
2026-03-14T11:29:52Z WARN [http.server] slow query 141 ms on table email_digest
2026-03-14T11:30:04Z WARN [startup] slow query 565 ms on table img_prewarm
2026-03-14T11:30:12Z DEBUG [metrics] gc pause 357 ms (young gen)
2026-03-14T11:30:39Z WARN [gc] certificate for recommendation-api expires in 2825 days
2026-03-14T11:30:49Z INFO [metrics] cache refresh complete: 3210 entries loaded
2026-03-14T11:32:24Z DEBUG [scheduler] gc pause 148 ms (young gen)
2026-03-14T11:32:30Z INFO [http.server] connection established to inventory-service:8145
2026-03-14T11:32:54Z DEBUG [http.server] gc pause 564 ms (young gen)
2026-03-14T11:32:55Z WARN [cache] retrying metrics flush (attempt 4141)
2026-03-14T11:33:20Z DEBUG [scheduler] gc pause 90 ms (young gen)
2026-03-14T11:33:44Z DEBUG [gc] worker w18 idle for 53s
2026-03-14T11:34:20Z INFO [metrics] heartbeat ok (epoch 1411)
2026-03-14T11:34:25Z INFO [metrics] request w64 completed status=200 in 676 ms
2026-03-14T11:34:33Z INFO [cache] connection established to recommendation-api:8083
2026-03-14T11:35:16Z INFO [startup] request w10 completed status=200 in 578 ms
2026-03-14T11:35:24Z DEBUG [metrics] queue depth 300 within limits
2026-03-14T11:35:39Z DEBUG [http.server] worker w32 idle for 78s
2026-03-14T11:35:52Z DEBUG [startup] gc pause 429 ms (young gen)
2026-03-14T11:36:12Z INFO [http.server] request w30 completed status=200 in 664 ms
2026-03-14T11:36:19Z INFO [gc] cache refresh complete: 2977 entries loaded
2026-03-14T11:36:43Z WARN [scheduler] slow query 859 ms on table img_prewarm
2026-03-14T11:36:49Z INFO [http.server] cache refresh complete: 1220 entries loaded
2026-03-14T11:37:01Z DEBUG [metrics] gc pause 683 ms (young gen)
2026-03-14T11:37:10Z WARN [http.server] thread pool active 4821/64
2026-03-14T11:37:28Z INFO [startup] cache refresh complete: 677 entries loaded
2026-03-14T11:37:40Z INFO [http.server] request w53 completed status=200 in 439 ms
2026-03-14T11:37:54Z WARN [metrics] retrying metrics flush (attempt 315)
2026-03-14T11:38:07Z WARN [metrics] thread pool active 2477/64
2026-03-14T11:38:12Z DEBUG [http.server] queue depth 2096 within limits
2026-03-14T11:38:25Z WARN [http.server] certificate for recommendation-api expires in 2325 days
2026-03-14T11:38:38Z INFO [cache] scheduled job sku_reindex finished in 108s
2026-03-14T11:38:39Z ERROR [gc] failed to publish metrics batch: broker unavailable (will retry)
2026-03-14T11:38:57Z INFO [cache] request w15 completed status=200 in 753 ms
2026-03-14T11:38:59Z DEBUG [http.server] worker w17 idle for 111s
2026-03-14T11:39:17Z WARN [cache] retrying metrics flush (attempt 2408)
2026-03-14T11:39:57Z INFO [http.server] request w50 completed status=200 in 399 ms
2026-03-14T11:40:03Z INFO [startup] connection established to recommendation-api:8197
2026-03-14T11:40:04Z INFO [http.server] request w8 completed status=200 in 397 ms
2026-03-14T11:40:18Z WARN [gc] thread pool active 3810/64
2026-03-14T11:40:24Z WARN [scheduler] slow query 520 ms on table token_sweep
2026-03-14T11:40:33Z INFO [metrics] request w64 completed status=200 in 41 ms
2026-03-14T11:40:42Z INFO [metrics] scheduled job email_digest finished in 117s
2026-03-14T11:40:45Z DEBUG [startup] worker w44 idle for 61s
2026-03-14T11:41:05Z DEBUG [startup] queue depth 1141 within limits
2026-03-14T11:41:25Z INFO [startup] heartbeat ok (epoch 4288)
2026-03-14T11:41:43Z INFO [scheduler] request w17 completed status=200 in 334 ms
2026-03-14T11:41:47Z INFO [startup] cache refresh complete: 4793 entries loaded
2026-03-14T11:42:02Z INFO [scheduler] scheduled job orders_rollup finished in 27s
2026-03-14T11:42:09Z DEBUG [scheduler] gc pause 401 ms (young gen)
2026-03-14T11:42:09Z DEBUG [scheduler] gc pause 817 ms (young gen)
2026-03-14T11:42:31Z INFO [gc] heartbeat ok (epoch 3121)
2026-03-14T11:42:35Z INFO [metrics] request w10 completed status=200 in 222 ms
2026-03-14T11:42:49Z WARN [http.server] thread pool active 406/64
2026-03-14T11:42:52Z INFO [metrics] connection established to inventory-service:8176
2026-03-14T11:42:55Z DEBUG [http.server] worker w20 idle for 67s
2026-03-14T11:43:12Z INFO [cache] heartbeat ok (epoch 3012)
2026-03-14T11:43:18Z INFO [scheduler] request w11 completed status=200 in 332 ms
2026-03-14T11:43:34Z WARN [http.server] thread pool active 4296/64
2026-03-14T11:44:33Z DEBUG [startup] worker w17 idle for 54s
2026-03-14T11:44:43Z INFO [startup] heartbeat ok (epoch 938)
2026-03-14T11:44:59Z INFO [http.server] connection established to inventory-service:8118
2026-03-14T11:45:08Z WARN [metrics] retrying metrics flush (attempt 3294)
2026-03-14T11:45:21Z INFO [startup] cache refresh complete: 4503 entries loaded
2026-03-14T11:45:35Z INFO [http.server] request w20 completed status=200 in 773 ms
2026-03-14T11:45:51Z WARN [gc] retrying metrics flush (attempt 1306)
2026-03-14T11:45:54Z INFO [cache] request w38 completed status=200 in 626 ms
2026-03-14T11:46:00Z WARN [http.server] retrying metrics flush (attempt 3291)
2026-03-14T11:46:01Z INFO [metrics] heartbeat ok (epoch 539)
2026-03-14T11:46:35Z DEBUG [metrics] queue depth 842 within limits
2026-03-14T11:46:47Z WARN [http.server] retrying metrics flush (attempt 3678)
2026-03-14T11:47:21Z WARN [cache] retrying metrics flush (attempt 2425)
2026-03-14T11:47:43Z INFO [http.server] connection established to recommendation-api:8120
2026-03-14T11:49:05Z DEBUG [startup] queue depth 1846 within limits
2026-03-14T11:49:08Z INFO [cache] cache refresh complete: 2221 entries loaded
2026-03-14T11:49:11Z INFO [http.server] request w24 completed status=200 in 101 ms
2026-03-14T11:49:18Z INFO [startup] cache refresh complete: 2221 entries loaded
2026-03-14T11:49:35Z INFO [gc] cache refresh complete: 3148 entries loaded
2026-03-14T11:49:44Z INFO [http.server] heartbeat ok (epoch 853)
2026-03-14T11:49:52Z INFO [http.server] connection established to inventory-service:8151
2026-03-14T11:49:52Z WARN [metrics] certificate for inventory-service expires in 4340 days
2026-03-14T11:50:12Z DEBUG [scheduler] gc pause 574 ms (young gen)
2026-03-14T11:50:24Z INFO [gc] scheduled job img_prewarm finished in 43s
2026-03-14T11:50:52Z INFO [cache] cache refresh complete: 2961 entries loaded
2026-03-14T11:51:04Z INFO [cache] request w35 completed status=200 in 755 ms
2026-03-14T11:51:20Z WARN [http.server] certificate for recommendation-api expires in 4588 days
2026-03-14T11:51:47Z DEBUG [startup] worker w39 idle for 80s
2026-03-14T11:51:55Z DEBUG [cache] gc pause 802 ms (young gen)
2026-03-14T11:51:57Z DEBUG [startup] worker w19 idle for 1s
2026-03-14T11:52:15Z DEBUG [metrics] queue depth 4028 within limits
2026-03-14T11:52:33Z INFO [cache] request w24 completed status=200 in 267 ms
2026-03-14T11:53:22Z INFO [gc] scheduled job ledger_sync finished in 87s
2026-03-14T11:53:38Z INFO [gc] connection established to inventory-service:8169
2026-03-14T11:53:51Z INFO [startup] request w29 completed status=200 in 551 ms
2026-03-14T11:54:04Z INFO [cache] heartbeat ok (epoch 1022)
2026-03-14T11:54:22Z INFO [metrics] cache refresh complete: 4532 entries loaded
2026-03-14T11:54:52Z WARN [scheduler] thread pool active 3844/64
2026-03-14T11:55:13Z INFO [gc] request w15 completed status=200 in 280 ms
2026-03-14T11:55:16Z INFO [cache] connection established to inventory-service:8163
2026-03-14T11:55:29Z DEBUG [gc] gc pause 541 ms (young gen)
2026-03-14T11:55:57Z INFO [http.server] heartbeat ok (epoch 309)
2026-03-14T11:56:46Z INFO [startup] heartbeat ok (epoch 3934)
2026-03-14T11:56:51Z INFO [startup] cache refresh complete: 538 entries loaded
2026-03-14T11:56:54Z INFO [cache] request w27 completed status=200 in 388 ms
2026-03-14T11:56:56Z INFO [metrics] request w48 completed status=200 in 195 ms
2026-03-14T11:57:36Z INFO [metrics] connection established to inventory-service:8139
2026-03-14T11:57:39Z INFO [http.server] scheduled job ledger_sync finished in 32s
2026-03-14T11:57:41Z INFO [scheduler] cache refresh complete: 4561 entries loaded
2026-03-14T11:57:50Z WARN [startup] thread pool active 2451/64
2026-03-14T11:58:01Z WARN [gc] thread pool active 927/64
2026-03-14T11:58:14Z WARN [http.server] certificate for recommendation-api expires in 3846 days
2026-03-14T11:58:17Z DEBUG [metrics] queue depth 92 within limits
2026-03-14T11:58:22Z INFO [gc] connection established to recommendation-api:8185
2026-03-14T11:58:39Z WARN [cache] thread pool active 2627/64
2026-03-14T11:58:51Z INFO [cache] heartbeat ok (epoch 255)
2026-03-14T11:59:32Z DEBUG [startup] queue depth 2859 within limits
2026-03-14T11:59:39Z INFO [metrics] scheduled job img_prewarm finished in 87s
