2026-03-14T11:00:00Z WARN [scheduler] thread pool active 1626/64
2026-03-14T11:00:24Z WARN [startup] slow query 395 ms on table img_prewarm
2026-03-14T11:00:36Z INFO [scheduler] connection established to metrics-broker:8085
2026-03-14T11:00:50Z INFO [startup] scheduled job email_digest finished in 38s
2026-03-14T11:00:55Z INFO [gc] connection established to metrics-broker:8083
2026-03-14T11:00:58Z DEBUG [startup] gc pause 102 ms (young gen)
2026-03-14T11:01:06Z WARN [scheduler] retrying metrics flush (attempt 364)
2026-03-14T11:01:13Z WARN [http.server] thread pool active 3411/64
2026-03-14T11:01:21Z INFO [scheduler] connection established to metrics-broker:8161
2026-03-14T11:01:27Z INFO [metrics] scheduled job token_sweep finished in 47s
2026-03-14T11:01:36Z INFO [scheduler] heartbeat ok (epoch 4690)
2026-03-14T11:02:03Z ERROR [scheduler] failed to publish metrics batch: broker unavailable (will retry)
2026-03-14T11:02:03Z ERROR [startup] temporary DNS failure resolving metrics-broker (retried ok)
2026-03-14T11:02:04Z INFO [metrics] request w15 completed status=200 in 855 ms
2026-03-14T11:02:40Z DEBUG [metrics] queue depth 1753 within limits
2026-03-14T11:02:54Z INFO [startup] connection established to metrics-broker:8199
2026-03-14T11:03:33Z INFO [gc] request w6 completed status=200 in 363 ms
2026-03-14T11:03:57Z INFO [metrics] scheduled job email_digest finished in 57s
2026-03-14T11:04:06Z INFO [cache] scheduled job img_prewarm finished in 90s
2026-03-14T11:04:14Z INFO [scheduler] request w22 completed status=200 in 863 ms
2026-03-14T11:04:15Z INFO [startup] connection established to metrics-broker:8118
2026-03-14T11:04:20Z INFO [gc] heartbeat ok (epoch 2690)
2026-03-14T11:04:31Z INFO [http.server] scheduled job sku_reindex finished in 88s
2026-03-14T11:04:32Z INFO [startup] scheduled job orders_rollup finished in 109s
2026-03-14T11:04:45Z DEBUG [gc] worker w14 idle for 116s
2026-03-14T11:05:06Z INFO [gc] cache refresh complete: 4464 entries loaded
2026-03-14T11:05:39Z DEBUG [startup] worker w9 idle for 29s
2026-03-14T11:06:38Z DEBUG [metrics] worker w60 idle for 37s
2026-03-14T11:06:44Z INFO [startup] cache refresh complete: 762 entries loaded
2026-03-14T11:07:35Z DEBUG [cache] worker w34 idle for 6s
2026-03-14T11:08:25Z INFO [cache] request w39 completed status=200 in 567 ms
2026-03-14T11:08:28Z WARN [gc] certificate for metrics-broker expires in 3488 days
2026-03-14T11:08:29Z INFO [metrics] request w51 completed status=200 in 59 ms
2026-03-14T11:08:42Z INFO [cache] request w51 completed status=200 in 839 ms
2026-03-14T11:09:25Z DEBUG [gc] queue depth 3770 within limits
2026-03-14T11:09:28Z INFO [gc] request w10 completed status=200 in 636 ms
2026-03-14T11:09:32Z DEBUG [http.server] gc pause 109 ms (young gen)
2026-03-14T11:09:32Z INFO [startup] heartbeat ok (epoch 1549)
2026-03-14T11:09:36Z INFO [gc] cache refresh complete: 1668 entries loaded
2026-03-14T11:09:50Z INFO [cache] scheduled job img_prewarm finished in 115s
2026-03-14T11:10:06Z DEBUG [metrics] gc pause 12 ms (young gen)
2026-03-14T11:10:08Z WARN [startup] slow query 715 ms on table sku_reindex
2026-03-14T11:10:13Z INFO [scheduler] request w58 completed status=200 in 421 ms
2026-03-14T11:10:42Z WARN [metrics] slow query 652 ms on table img_prewarm
2026-03-14T11:10:44Z WARN [cache] certificate for metrics-broker expires in 4660 days
2026-03-14T11:11:15Z DEBUG [scheduler] gc pause 187 ms (young gen)
2026-03-14T11:11:40Z WARN [scheduler] thread pool active 4940/64
2026-03-14T11:11:48Z INFO [scheduler] scheduled job img_prewarm finished in 70s
2026-03-14T11:11:49Z INFO [metrics] request w59 completed status=200 in 157 ms
2026-03-14T11:11:59Z INFO [http.server] request w36 completed status=200 in 136 ms
2026-03-14T11:12:26Z INFO [cache] request w25 completed status=200 in 874 ms
2026-03-14T11:12:35Z INFO [cache] cache refresh complete: 4540 entries loaded
2026-03-14T11:13:03Z INFO [startup] scheduled job ledger_sync finished in 108s
2026-03-14T11:13:09Z INFO [gc] cache refresh complete: 2736 entries loaded
2026-03-14T11:13:23Z DEBUG [startup] queue depth 2311 within limits
2026-03-14T11:13:25Z DEBUG [http.server] queue depth 160 within limits
2026-03-14T11:13:27Z WARN [gc] thread pool active 1031/64
2026-03-14T11:13:54Z WARN [gc] certificate for metrics-broker expires in 364 days
2026-03-14T11:14:11Z INFO [gc] request w30 completed status=200 in 467 ms
2026-03-14T11:14:19Z INFO [cache] connection established to metrics-broker:8093
2026-03-14T11:14:30Z INFO [cache] cache refresh complete: 2344 entries loaded
2026-03-14T11:15:04Z INFO [cache] scheduled job sku_reindex finished in 95s
2026-03-14T11:15:26Z INFO [scheduler] request w4 completed status=200 in 260 ms
2026-03-14T11:15:30Z WARN [http.server] slow query 472 ms on table ledger_sync
2026-03-14T11:15:31Z INFO [metrics] scheduled job ledger_sync finished in 77s
2026-03-14T11:15:57Z INFO [scheduler] cache refresh complete: 327 entries loaded
2026-03-14T11:16:04Z INFO [metrics] request w57 completed status=200 in 130 ms
2026-03-14T11:16:05Z INFO [cache] request w44 completed status=200 in 135 ms
2026-03-14T11:16:13Z INFO [scheduler] request w13 completed status=200 in 622 ms
2026-03-14T11:16:16Z DEBUG [scheduler] queue depth 256 within limits
2026-03-14T11:17:02Z DEBUG [scheduler] worker w30 idle for 75s
2026-03-14T11:17:21Z INFO [cache] connection established to metrics-broker:8151
2026-03-14T11:17:51Z INFO [metrics] heartbeat ok (epoch 4009)
2026-03-14T11:18:20Z INFO [cache] request w7 completed status=200 in 77 ms
2026-03-14T11:18:27Z INFO [cache] heartbeat ok (epoch 4921)
2026-03-14T11:18:29Z INFO [http.server] connection established to metrics-broker:8131
2026-03-14T11:18:55Z INFO [cache] scheduled job token_sweep finished in 27s
2026-03-14T11:19:06Z WARN [metrics] certificate for metrics-broker expires in 1687 days
2026-03-14T11:19:32Z INFO [metrics] request w51 completed status=200 in 259 ms
2026-03-14T11:19:36Z ERROR [cache] failed to publish metrics batch: broker unavailable (will retry)
2026-03-14T11:19:40Z WARN [http.server] slow query 386 ms on table ledger_sync
2026-03-14T11:19:44Z WARN [http.server] thread pool active 538/64
2026-03-14T11:20:16Z INFO [http.server] request w47 completed status=200 in 127 ms
2026-03-14T11:20:18Z INFO [scheduler] cache refresh complete: 2205 entries loaded
2026-03-14T11:20:26Z INFO [gc] request w41 completed status=200 in 345 ms
2026-03-14T11:20:30Z INFO [cache] connection established to metrics-broker:8172
2026-03-14T11:20:42Z INFO [http.server] scheduled job orders_rollup finished in 69s
2026-03-14T11:20:57Z INFO [scheduler] cache refresh complete: 4999 entries loaded
2026-03-14T11:20:58Z DEBUG [scheduler] queue depth 100 within limits
2026-03-14T11:21:06Z INFO [metrics] connection established to metrics-broker:8091
2026-03-14T11:21:37Z WARN [cache] slow query 81 ms on table orders_rollup
2026-03-14T11:22:03Z INFO [scheduler] connection established to metrics-broker:8111
2026-03-14T11:22:26Z INFO [gc] scheduled job sku_reindex finished in 113s
2026-03-14T11:22:59Z WARN [cache] retrying metrics flush (attempt 2682)
2026-03-14T11:23:22Z WARN [cache] retrying metrics flush (attempt 3930)
2026-03-14T11:23:33Z DEBUG [startup] queue depth 1495 within limits
2026-03-14T11:23:46Z INFO [startup] scheduled job token_sweep finished in 90s
2026-03-14T11:24:01Z DEBUG [metrics] worker w12 idle for 84s
2026-03-14T11:24:01Z INFO [http.server] cache refresh complete: 2683 entries loaded
2026-03-14T11:25:03Z DEBUG [startup] queue depth 3589 within limits
2026-03-14T11:25:06Z INFO [http.server] connection established to metrics-broker:8145
2026-03-14T11:25:10Z DEBUG [metrics] queue depth 3626 within limits
2026-03-14T11:25:15Z WARN [startup] certificate for metrics-broker expires in 4438 days
2026-03-14T11:25:18Z DEBUG [gc] queue depth 4440 within limits
2026-03-14T11:25:21Z INFO [scheduler] cache refresh complete: 1530 entries loaded
2026-03-14T11:25:36Z INFO [metrics] scheduled job ledger_sync finished in 54s
2026-03-14T11:25:51Z DEBUG [startup] queue depth 3383 within limits
2026-03-14T11:25:55Z INFO [gc] request w7 completed status=200 in 65 ms
2026-03-14T11:26:12Z INFO [cache] request w38 completed status=200 in 339 ms
2026-03-14T11:26:14Z INFO [cache] request w22 completed status=200 in 560 ms
2026-03-14T11:27:15Z INFO [startup] heartbeat ok (epoch 3593)
2026-03-14T11:28:00Z WARN [gc] retrying metrics flush (attempt 2534)
2026-03-14T11:28:05Z WARN [cache] retrying metrics flush (attempt 4998)
2026-03-14T11:28:10Z INFO [scheduler] request w20 completed status=200 in 189 ms
2026-03-14T11:28:18Z INFO [metrics] heartbeat ok (epoch 3610)
2026-03-14T11:28:43Z WARN [http.server] thread pool active 3948/64
2026-03-14T11:29:01Z INFO [gc] cache refresh complete: 4877 entries loaded
2026-03-14T11:29:03Z ERROR [scheduler] failed to publish metrics batch: broker unavailable (will retry)
2026-03-14T11:29:54Z INFO [http.server] connection established to metrics-broker:8140
2026-03-14T11:30:15Z INFO [http.server] request w63 completed status=200 in 733 ms
2026-03-14T11:30:17Z DEBUG [cache] gc pause 314 ms (young gen)
2026-03-14T11:30:19Z INFO [startup] heartbeat ok (epoch 3093)
2026-03-14T11:30:39Z INFO [http.server] scheduled job sku_reindex finished in 97s
2026-03-14T11:30:44Z WARN [cache] certificate for metrics-broker expires in 4223 days
2026-03-14T11:30:48Z DEBUG [http.server] queue depth 2840 within limits
2026-03-14T11:31:11Z DEBUG [gc] worker w54 idle for 87s
2026-03-14T11:31:19Z DEBUG [http.server] queue depth 349 within limits
2026-03-14T11:31:45Z DEBUG [metrics] worker w21 idle for 34s
2026-03-14T11:31:49Z INFO [scheduler] cache refresh complete: 4798 entries loaded
2026-03-14T11:32:02Z INFO [gc] request w8 completed status=200 in 780 ms
2026-03-14T11:32:13Z INFO [metrics] connection established to metrics-broker:8130
2026-03-14T11:32:16Z INFO [http.server] cache refresh complete: 4782 entries loaded
2026-03-14T11:32:22Z DEBUG [cache] worker w50 idle for 117s
2026-03-14T11:32:26Z DEBUG [scheduler] queue depth 2759 within limits
2026-03-14T11:32:39Z INFO [cache] request w21 completed status=200 in 103 ms
2026-03-14T11:33:31Z INFO [metrics] request w38 completed status=200 in 239 ms
2026-03-14T11:34:17Z INFO [cache] connection established to metrics-broker:8195
2026-03-14T11:34:40Z DEBUG [metrics] queue depth 68 within limits
2026-03-14T11:35:22Z INFO [gc] request w7 completed status=200 in 22 ms
2026-03-14T11:35:42Z WARN [cache] retrying metrics flush (attempt 4263)
2026-03-14T11:35:51Z INFO [cache] request w40 completed status=200 in 294 ms
2026-03-14T11:35:57Z INFO [gc] request w2 completed status=200 in 810 ms
2026-03-14T11:35:58Z WARN [http.server] retrying metrics flush (attempt 2637)
2026-03-14T11:36:04Z WARN [startup] retrying metrics flush (attempt 3208)
2026-03-14T11:36:42Z INFO [scheduler] cache refresh complete: 3151 entries loaded
2026-03-14T11:36:46Z DEBUG [cache] worker w34 idle for 30s
2026-03-14T11:36:53Z INFO [metrics] request w38 completed status=200 in 354 ms
2026-03-14T11:37:22Z INFO [gc] heartbeat ok (epoch 2350)
2026-03-14T11:37:27Z INFO [cache] connection established to metrics-broker:8083
2026-03-14T11:38:01Z INFO [http.server] request w1 completed status=200 in 159 ms
2026-03-14T11:38:03Z DEBUG [gc] worker w6 idle for 108s
2026-03-14T11:38:24Z WARN [scheduler] thread pool active 1243/64
2026-03-14T11:38:34Z INFO [cache] heartbeat ok (epoch 4939)
2026-03-14T11:38:52Z INFO [scheduler] request w28 completed status=200 in 219 ms
2026-03-14T11:39:09Z INFO [gc] request w31 completed status=200 in 831 ms
2026-03-14T11:39:11Z INFO [cache] cache refresh complete: 2408 entries loaded
2026-03-14T11:39:19Z INFO [http.server] cache refresh complete: 4256 entries loaded
2026-03-14T11:39:41Z WARN [scheduler] certificate for metrics-broker expires in 4631 days
2026-03-14T11:40:00Z INFO [startup] scheduled job sku_reindex finished in 45s
2026-03-14T11:40:12Z INFO [cache] request w54 completed status=200 in 106 ms
2026-03-14T11:40:21Z DEBUG [scheduler] queue depth 1537 within limits
2026-03-14T11:40:21Z INFO [cache] scheduled job img_prewarm finished in 11s
2026-03-14T11:40:26Z INFO [metrics] cache refresh complete: 757 entries loaded
2026-03-14T11:40:28Z DEBUG [metrics] queue depth 896 within limits
2026-03-14T11:40:39Z DEBUG [metrics] gc pause 708 ms (young gen)
2026-03-14T11:40:43Z DEBUG [cache] queue depth 1701 within limits
2026-03-14T11:40:47Z INFO [http.server] connection established to metrics-broker:8145
2026-03-14T11:40:51Z WARN [gc] certificate for metrics-broker expires in 3566 days
2026-03-14T11:40:54Z INFO [gc] request w17 completed status=200 in 195 ms
2026-03-14T11:41:09Z WARN [scheduler] retrying metrics flush (attempt 3625)
2026-03-14T11:41:54Z INFO [metrics] request w43 completed status=200 in 435 ms
2026-03-14T11:41:59Z INFO [metrics] connection established to metrics-broker:8195
2026-03-14T11:41:59Z INFO [cache] heartbeat ok (epoch 687)
2026-03-14T11:42:24Z DEBUG [metrics] gc pause 692 ms (young gen)
2026-03-14T11:42:26Z DEBUG [scheduler] worker w32 idle for 106s
2026-03-14T11:42:42Z INFO [metrics] scheduled job orders_rollup finished in 41s
2026-03-14T11:42:47Z INFO [http.server] cache refresh complete: 37 entries loaded
2026-03-14T11:43:06Z INFO [scheduler] cache refresh complete: 936 entries loaded
2026-03-14T11:43:09Z INFO [cache] heartbeat ok (epoch 3740)
2026-03-14T11:43:16Z INFO [gc] request w3 completed status=200 in 8 ms
2026-03-14T11:43:36Z WARN [metrics] thread pool active 2858/64
2026-03-14T11:44:19Z INFO [cache] connection established to metrics-broker:8189
2026-03-14T11:44:32Z WARN [gc] slow query 226 ms on table sku_reindex
2026-03-14T11:45:03Z DEBUG [cache] worker w21 idle for 39s
2026-03-14T11:45:52Z INFO [scheduler] heartbeat ok (epoch 3824)
2026-03-14T11:45:54Z DEBUG [gc] worker w5 idle for 51s
2026-03-14T11:46:05Z INFO [http.server] scheduled job orders_rollup finished in 93s
2026-03-14T11:46:09Z INFO [scheduler] request w18 completed status=200 in 685 ms
2026-03-14T11:46:10Z DEBUG [scheduler] queue depth 4028 within limits
2026-03-14T11:46:20Z WARN [http.server] slow query 283 ms on table ledger_sync
2026-03-14T11:46:41Z DEBUG [metrics] queue depth 4830 within limits
2026-03-14T11:46:46Z INFO [scheduler] heartbeat ok (epoch 2996)
2026-03-14T11:46:58Z WARN [cache] retrying metrics flush (attempt 1760)
2026-03-14T11:47:15Z WARN [startup] certificate for metrics-broker expires in 669 days
2026-03-14T11:47:17Z INFO [scheduler] request w55 completed status=200 in 369 ms
2026-03-14T11:47:40Z DEBUG [startup] queue depth 568 within limits
2026-03-14T11:47:50Z INFO [gc] cache refresh complete: 1166 entries loaded
2026-03-14T11:47:53Z INFO [gc] scheduled job token_sweep finished in 1s
2026-03-14T11:48:06Z INFO [startup] request w29 completed status=200 in 283 ms
2026-03-14T11:48:34Z DEBUG [startup] queue depth 1843 within limits
2026-03-14T11:49:10Z WARN [http.server] thread pool active 1091/64
2026-03-14T11:49:20Z INFO [metrics] heartbeat ok (epoch 697)
2026-03-14T11:49:24Z INFO [scheduler] cache refresh complete: 880 entries loaded
2026-03-14T11:50:40Z INFO [gc] heartbeat ok (epoch 2939)
2026-03-14T11:50:55Z DEBUG [cache] worker w1 idle for 31s
2026-03-14T11:51:32Z INFO [startup] cache refresh complete: 2425 entries loaded
2026-03-14T11:51:48Z DEBUG [scheduler] gc pause 665 ms (young gen)
2026-03-14T11:52:00Z INFO [http.server] scheduled job img_prewarm finished in 22s
2026-03-14T11:52:18Z WARN [gc] certificate for metrics-broker expires in 2411 days
2026-03-14T11:52:37Z INFO [scheduler] connection established to metrics-broker:8122
2026-03-14T11:52:40Z INFO [scheduler] request w8 completed status=200 in 288 ms
2026-03-14T11:52:46Z WARN [scheduler] thread pool active 1141/64
2026-03-14T11:52:47Z DEBUG [metrics] worker w27 idle for 6s
2026-03-14T11:52:58Z DEBUG [http.server] gc pause 300 ms (young gen)
2026-03-14T11:53:19Z WARN [metrics] retrying metrics flush (attempt 1506)
2026-03-14T11:53:37Z WARN [metrics] certificate for metrics-broker expires in 1561 days
2026-03-14T11:53:37Z INFO [cache] cache refresh complete: 1089 entries loaded
2026-03-14T11:54:22Z ERROR [gc] temporary DNS failure resolving metrics-broker (retried ok)
2026-03-14T11:54:55Z INFO [scheduler] connection established to metrics-broker:8084
2026-03-14T11:55:10Z DEBUG [metrics] gc pause 521 ms (young gen)
2026-03-14T11:55:28Z INFO [gc] cache refresh complete: 4285 entries loaded
2026-03-14T11:55:36Z INFO [http.server] request w33 completed status=200 in 217 ms
2026-03-14T11:55:52Z INFO [cache] heartbeat ok (epoch 2030)
2026-03-14T11:56:03Z INFO [scheduler] connection established to metrics-broker:8103
2026-03-14T11:56:18Z INFO [http.server] connection established to metrics-broker:8128
2026-03-14T11:56:22Z INFO [cache] scheduled job ledger_sync finished in 52s
2026-03-14T11:56:23Z INFO [http.server] request w57 completed status=200 in 62 ms
2026-03-14T11:56:27Z INFO [scheduler] cache refresh complete: 2926 entries loaded
2026-03-14T11:57:00Z INFO [gc] scheduled job orders_rollup finished in 51s
2026-03-14T11:57:05Z INFO [scheduler] cache refresh complete: 671 entries loaded
2026-03-14T11:57:11Z DEBUG [metrics] worker w1 idle for 35s
2026-03-14T11:57:23Z WARN [startup] retrying metrics flush (attempt 1157)
2026-03-14T11:57:45Z INFO [cache] cache refresh complete: 3236 entries loaded
2026-03-14T11:57:46Z INFO [http.server] cache refresh complete: 4531 entries loaded
2026-03-14T11:58:21Z INFO [gc] cache refresh complete: 1626 entries loaded
2026-03-14T11:58:30Z WARN [gc] thread pool active 1959/64
2026-03-14T11:58:33Z INFO [cache] request w14 completed status=200 in 545 ms
2026-03-14T11:59:01Z INFO [cache] cache refresh complete: 4197 entries loaded
2026-03-14T11:59:02Z DEBUG [scheduler] gc pause 434 ms (young gen)
2026-03-14T11:59:15Z INFO [scheduler] cache refresh complete: 3206 entries loaded
2026-03-14T11:59:29Z ERROR [scheduler] failed to publish metrics batch: broker unavailable (will retry)
2026-03-14T11:59:32Z INFO [startup] connection established to metrics-broker:8180
2026-03-14T11:59:33Z WARN [startup] certificate for metrics-broker expires in 2651 days
2026-03-14T11:59:45Z ERROR [gc] failed to publish metrics batch: broker unavailable (will retry)
2026-03-14T11:59:57Z INFO [gc] heartbeat ok (epoch 4713)
