2026-03-14T00:13:19Z change_id=CHG-5000 user=deploy-bot service=notification-service key=search.index.refresh_interval_s old=60 new=30
2026-03-14T01:08:54Z change_id=CHG-5001 user=release-train service=shipping-service key=tls.min_version old=1.2 new=1.3
2026-03-14T02:17:56Z change_id=CHG-5002 user=sre-tools service=pricing-service key=search.index.refresh_interval_s old=60 new=120
2026-03-14T02:43:31Z change_id=CHG-5003 user=deploy-bot service=recommendation-api key=metrics.flush_interval_s old=10 new=15
2026-03-14T02:53:33Z change_id=CHG-5004 user=sre-tools service=search-api key=tls.min_version old=1.2 new=1.3
2026-03-14T03:12:36Z change_id=CHG-5005 user=sre-tools service=session-cache key=tls.min_version old=1.2 new=1.3
2026-03-14T03:29:12Z change_id=CHG-5006 user=deploy-bot service=inventory-service key=hpa.max_replicas old=16 new=12
2026-03-14T03:30:33Z change_id=CHG-5007 user=deploy-bot service=session-cache key=cdn.edge_ttl_s old=300 new=60
2026-03-14T03:38:11Z change_id=CHG-5008 user=deploy-bot service=search-api key=cache.warmup_batch old=500 new=100
2026-03-14T04:20:43Z change_id=CHG-5009 user=release-train service=order-service key=feature.dark_launch old=off new=on
2026-03-14T04:50:42Z change_id=CHG-5010 user=deploy-bot service=pricing-service key=metrics.flush_interval_s old=60 new=15
2026-03-14T04:52:10Z change_id=CHG-5011 user=deploy-bot service=inventory-service key=db.pool.max_connections old=120 new=15
2026-03-14T04:56:55Z change_id=CHG-5012 user=deploy-bot service=shipping-service key=log.level old=INFO new=DEBUG
2026-03-14T05:18:17Z change_id=CHG-5013 user=release-train service=search-api key=search.index.refresh_interval_s old=120 new=30
2026-03-14T05:22:10Z change_id=CHG-5014 user=oncall-sre service=inventory-service key=db.pool.max_connections old=15 new=120
2026-03-14T05:38:08Z change_id=CHG-5015 user=deploy-bot service=notification-service key=search.index.refresh_interval_s old=60 new=120
2026-03-14T06:28:49Z change_id=CHG-5016 user=sre-tools service=pricing-service key=log.level old=DEBUG new=INFO
2026-03-14T06:33:43Z change_id=CHG-5017 user=deploy-bot service=payment-gateway key=metrics.flush_interval_s old=15 new=10
2026-03-14T06:35:56Z change_id=CHG-5018 user=release-train service=notification-service key=hpa.max_replicas old=8 new=16
2026-03-14T06:47:03Z change_id=CHG-5019 user=deploy-bot service=cart-api key=log.level old=WARN new=INFO
2026-03-14T07:56:52Z change_id=CHG-5020 user=deploy-bot service=session-cache key=tls.min_version old=1.3 new=1.2
2026-03-14T08:17:03Z change_id=CHG-5021 user=deploy-bot service=fraud-detector key=cache.warmup_batch old=250 new=100
2026-03-14T08:40:56Z change_id=CHG-5022 user=sre-tools service=checkout-api key=metrics.flush_interval_s old=10 new=60
2026-03-14T08:51:09Z change_id=CHG-5023 user=deploy-bot service=inventory-service key=hpa.max_replicas old=12 new=6
2026-03-14T09:07:50Z change_id=CHG-5024 user=sre-tools service=order-service key=cache.warmup_batch old=100 new=250
2026-03-14T09:14:52Z change_id=CHG-5025 user=release-train service=pricing-service key=cache.warmup_batch old=250 new=500
2026-03-14T09:17:58Z change_id=CHG-5026 user=sre-tools service=edge-gateway key=search.index.refresh_interval_s old=120 new=30
2026-03-14T09:33:43Z change_id=CHG-5027 user=sre-tools service=recommendation-api key=feature.dark_launch old=on new=off
2026-03-14T10:15:04Z change_id=CHG-5028 user=deploy-bot service=billing-worker key=hpa.max_replicas old=12 new=8
2026-03-14T10:48:08Z change_id=CHG-5029 user=release-train service=billing-worker key=hpa.max_replicas old=16 new=12
2026-03-14T11:16:29Z change_id=CHG-5030 user=deploy-bot service=notification-service key=hpa.max_replicas old=12 new=6
2026-03-14T11:18:15Z change_id=CHG-5031 user=sre-tools service=recommendation-api key=metrics.flush_interval_s old=15 new=10
2026-03-14T11:32:55Z change_id=CHG-5032 user=sre-tools service=payment-gateway key=log.level old=WARN new=DEBUG
2026-03-14T11:33:01Z change_id=CHG-5033 user=deploy-bot service=fraud-detector key=search.index.refresh_interval_s old=120 new=60
2026-03-14T11:38:12Z change_id=CHG-5034 user=sre-tools service=cart-api key=metrics.flush_interval_s old=60 new=30
