2026-03-14T11:00:19Z WARN [metrics] certificate for shipping-service expires in 453 days
2026-03-14T11:00:21Z INFO [scheduler] cache refresh complete: 754 entries loaded
2026-03-14T11:00:30Z INFO [cache] request w64 completed status=200 in 176 ms
2026-03-14T11:00:33Z DEBUG [http.server] gc pause 360 ms (young gen)
2026-03-14T11:00:37Z WARN [startup] certificate for notification-service expires in 984 days
2026-03-14T11:00:38Z INFO [metrics] connection established to shipping-service:8120
2026-03-14T11:00:44Z INFO [metrics] scheduled job orders_rollup finished in 80s
2026-03-14T11:01:00Z INFO [gc] request w62 completed status=200 in 774 ms
2026-03-14T11:01:02Z WARN [startup] retrying metrics flush (attempt 4717)
2026-03-14T11:01:09Z WARN [http.server] slow query 364 ms on table ledger_sync
2026-03-14T11:01:18Z INFO [cache] heartbeat ok (epoch 2328)
2026-03-14T11:01:19Z INFO [cache] request w33 completed status=200 in 72 ms
2026-03-14T11:01:21Z INFO [http.server] scheduled job sku_reindex finished in 59s
2026-03-14T11:01:23Z INFO [gc] heartbeat ok (epoch 2385)
2026-03-14T11:01:23Z DEBUG [startup] worker w53 idle for 115s
2026-03-14T11:01:32Z INFO [startup] scheduled job img_prewarm finished in 14s
2026-03-14T11:02:01Z WARN [metrics] retrying metrics flush (attempt 4813)
2026-03-14T11:02:05Z INFO [startup] heartbeat ok (epoch 4893)
2026-03-14T11:02:21Z INFO [http.server] heartbeat ok (epoch 2681)
2026-03-14T11:02:24Z INFO [startup] scheduled job sku_reindex finished in 111s
2026-03-14T11:02:26Z INFO [startup] scheduled job sku_reindex finished in 54s
2026-03-14T11:02:29Z INFO [scheduler] cache refresh complete: 574 entries loaded
2026-03-14T11:02:56Z INFO [scheduler] connection established to notification-service:8194
2026-03-14T11:03:14Z INFO [gc] scheduled job img_prewarm finished in 54s
2026-03-14T11:03:29Z INFO [gc] request w14 completed status=200 in 93 ms
2026-03-14T11:03:35Z DEBUG [cache] gc pause 741 ms (young gen)
2026-03-14T11:03:41Z INFO [scheduler] connection established to notification-service:8125
2026-03-14T11:03:49Z DEBUG [http.server] worker w61 idle for 78s
2026-03-14T11:03:49Z INFO [http.server] request w52 completed status=200 in 62 ms
2026-03-14T11:03:55Z INFO [cache] heartbeat ok (epoch 3996)
2026-03-14T11:03:58Z WARN [startup] retrying metrics flush (attempt 186)
2026-03-14T11:03:58Z DEBUG [scheduler] gc pause 613 ms (young gen)
2026-03-14T11:04:24Z WARN [scheduler] retrying metrics flush (attempt 90)
2026-03-14T11:04:43Z INFO [scheduler] scheduled job orders_rollup finished in 59s
2026-03-14T11:04:49Z INFO [scheduler] connection established to billing-worker:8130
2026-03-14T11:04:53Z INFO [gc] scheduled job sku_reindex finished in 30s
2026-03-14T11:04:57Z WARN [metrics] thread pool active 2959/64
2026-03-14T11:05:16Z INFO [http.server] scheduled job email_digest finished in 30s
2026-03-14T11:05:20Z DEBUG [gc] queue depth 3624 within limits
2026-03-14T11:05:46Z WARN [gc] retrying metrics flush (attempt 4727)
2026-03-14T11:06:00Z INFO [cache] heartbeat ok (epoch 3456)
2026-03-14T11:06:17Z INFO [scheduler] request w23 completed status=200 in 376 ms
2026-03-14T11:06:18Z INFO [gc] heartbeat ok (epoch 2836)
2026-03-14T11:06:20Z DEBUG [startup] worker w13 idle for 117s
2026-03-14T11:06:42Z WARN [scheduler] thread pool active 499/64
2026-03-14T11:06:47Z DEBUG [http.server] worker w48 idle for 70s
2026-03-14T11:07:03Z INFO [scheduler] heartbeat ok (epoch 1114)
2026-03-14T11:07:07Z INFO [metrics] connection established to shipping-service:8081
2026-03-14T11:07:20Z WARN [http.server] slow query 798 ms on table orders_rollup
2026-03-14T11:07:40Z INFO [startup] request w57 completed status=200 in 184 ms
2026-03-14T11:07:42Z INFO [metrics] request w51 completed status=200 in 374 ms
2026-03-14T11:07:49Z INFO [http.server] heartbeat ok (epoch 3509)
2026-03-14T11:08:22Z INFO [cache] scheduled job token_sweep finished in 2s
2026-03-14T11:08:23Z INFO [scheduler] connection established to notification-service:8111
2026-03-14T11:08:24Z INFO [cache] request w35 completed status=200 in 215 ms
2026-03-14T11:08:37Z INFO [startup] request w39 completed status=200 in 586 ms
2026-03-14T11:08:42Z INFO [gc] cache refresh complete: 2651 entries loaded
2026-03-14T11:08:45Z INFO [gc] scheduled job token_sweep finished in 36s
2026-03-14T11:09:16Z INFO [http.server] cache refresh complete: 3093 entries loaded
2026-03-14T11:09:29Z WARN [scheduler] slow query 37 ms on table email_digest
2026-03-14T11:09:29Z DEBUG [metrics] queue depth 3090 within limits
2026-03-14T11:09:35Z INFO [metrics] scheduled job email_digest finished in 88s
2026-03-14T11:09:36Z DEBUG [http.server] worker w32 idle for 10s
2026-03-14T11:09:39Z INFO [gc] request w42 completed status=200 in 664 ms
2026-03-14T11:09:45Z DEBUG [cache] worker w19 idle for 42s
2026-03-14T11:09:50Z ERROR [metrics] temporary DNS failure resolving shipping-service (retried ok)
2026-03-14T11:09:57Z DEBUG [gc] queue depth 2298 within limits
2026-03-14T11:10:07Z INFO [gc] cache refresh complete: 4676 entries loaded
2026-03-14T11:10:21Z WARN [scheduler] retrying metrics flush (attempt 82)
2026-03-14T11:10:41Z DEBUG [cache] gc pause 788 ms (young gen)
2026-03-14T11:11:03Z WARN [scheduler] certificate for shipping-service expires in 2507 days
2026-03-14T11:11:08Z INFO [cache] cache refresh complete: 4729 entries loaded
2026-03-14T11:11:31Z WARN [scheduler] slow query 27 ms on table ledger_sync
2026-03-14T11:11:36Z INFO [scheduler] scheduled job token_sweep finished in 20s
2026-03-14T11:11:48Z INFO [http.server] scheduled job img_prewarm finished in 84s
2026-03-14T11:11:56Z WARN [scheduler] retrying metrics flush (attempt 1380)
2026-03-14T11:12:42Z WARN [scheduler] thread pool active 2288/64
2026-03-14T11:12:44Z INFO [metrics] connection established to shipping-service:8096
2026-03-14T11:12:44Z INFO [cache] connection established to notification-service:8120
2026-03-14T11:12:56Z INFO [startup] scheduled job orders_rollup finished in 48s
2026-03-14T11:13:57Z WARN [metrics] retrying metrics flush (attempt 3542)
2026-03-14T11:14:01Z INFO [http.server] cache refresh complete: 3220 entries loaded
2026-03-14T11:14:10Z INFO [metrics] heartbeat ok (epoch 2414)
2026-03-14T11:14:19Z INFO [gc] request w5 completed status=200 in 78 ms
2026-03-14T11:14:19Z DEBUG [gc] gc pause 45 ms (young gen)
2026-03-14T11:14:27Z DEBUG [scheduler] worker w57 idle for 64s
2026-03-14T11:14:34Z WARN [cache] slow query 30 ms on table token_sweep
2026-03-14T11:15:04Z WARN [http.server] thread pool active 3733/64
2026-03-14T11:15:08Z INFO [scheduler] request w7 completed status=200 in 39 ms
2026-03-14T11:15:08Z ERROR [scheduler] failed to publish metrics batch: broker unavailable (will retry)
2026-03-14T11:15:18Z INFO [cache] request w14 completed status=200 in 512 ms
2026-03-14T11:16:00Z DEBUG [scheduler] gc pause 373 ms (young gen)
2026-03-14T11:16:24Z INFO [metrics] heartbeat ok (epoch 4229)
2026-03-14T11:16:31Z INFO [http.server] request w16 completed status=200 in 457 ms
2026-03-14T11:16:49Z WARN [http.server] slow query 142 ms on table token_sweep
2026-03-14T11:16:51Z INFO [http.server] request w18 completed status=200 in 468 ms
2026-03-14T11:16:56Z INFO [http.server] scheduled job ledger_sync finished in 83s
2026-03-14T11:17:15Z DEBUG [http.server] queue depth 4927 within limits
2026-03-14T11:17:21Z DEBUG [gc] queue depth 2371 within limits
2026-03-14T11:17:39Z DEBUG [http.server] queue depth 2164 within limits
2026-03-14T11:17:41Z DEBUG [startup] gc pause 612 ms (young gen)
2026-03-14T11:18:01Z INFO [metrics] request w5 completed status=200 in 609 ms
2026-03-14T11:18:02Z WARN [http.server] thread pool active 591/64
2026-03-14T11:18:15Z DEBUG [scheduler] gc pause 694 ms (young gen)
2026-03-14T11:18:42Z INFO [http.server] connection established to billing-worker:8149
2026-03-14T11:19:05Z INFO [cache] request w42 completed status=200 in 659 ms
2026-03-14T11:19:12Z WARN [http.server] slow query 695 ms on table orders_rollup
2026-03-14T11:19:32Z INFO [gc] cache refresh complete: 4185 entries loaded
2026-03-14T11:19:59Z DEBUG [metrics] gc pause 645 ms (young gen)
2026-03-14T11:20:03Z DEBUG [scheduler] worker w38 idle for 52s
2026-03-14T11:20:04Z INFO [startup] request w12 completed status=200 in 102 ms
2026-03-14T11:20:20Z DEBUG [startup] queue depth 2841 within limits
2026-03-14T11:20:27Z INFO [startup] connection established to shipping-service:8194
2026-03-14T11:20:43Z INFO [metrics] request w56 completed status=200 in 82 ms
2026-03-14T11:20:45Z ERROR [gc] failed to publish metrics batch: broker unavailable (will retry)
2026-03-14T11:20:45Z WARN [scheduler] thread pool active 4/64
2026-03-14T11:20:45Z WARN [metrics] retrying metrics flush (attempt 1185)
2026-03-14T11:20:53Z DEBUG [startup] worker w38 idle for 16s
2026-03-14T11:20:55Z INFO [gc] request w8 completed status=200 in 291 ms
2026-03-14T11:21:18Z INFO [http.server] request w23 completed status=200 in 591 ms
2026-03-14T11:21:19Z DEBUG [gc] gc pause 49 ms (young gen)
2026-03-14T11:21:39Z INFO [scheduler] heartbeat ok (epoch 1702)
2026-03-14T11:22:03Z DEBUG [gc] queue depth 3267 within limits
2026-03-14T11:22:14Z INFO [scheduler] connection established to shipping-service:8197
2026-03-14T11:22:17Z DEBUG [metrics] worker w10 idle for 8s
2026-03-14T11:22:21Z DEBUG [startup] gc pause 856 ms (young gen)
2026-03-14T11:23:15Z INFO [cache] connection established to notification-service:8168
2026-03-14T11:23:45Z INFO [metrics] cache refresh complete: 2144 entries loaded
2026-03-14T11:23:47Z INFO [http.server] cache refresh complete: 2695 entries loaded
2026-03-14T11:23:50Z DEBUG [cache] queue depth 1459 within limits
2026-03-14T11:23:54Z DEBUG [gc] queue depth 1501 within limits
2026-03-14T11:24:10Z INFO [scheduler] request w8 completed status=200 in 209 ms
2026-03-14T11:24:16Z INFO [gc] heartbeat ok (epoch 857)
2026-03-14T11:24:47Z INFO [scheduler] connection established to billing-worker:8197
2026-03-14T11:24:57Z WARN [startup] thread pool active 1351/64
2026-03-14T11:24:59Z DEBUG [cache] worker w60 idle for 97s
2026-03-14T11:25:09Z INFO [http.server] cache refresh complete: 2085 entries loaded
2026-03-14T11:25:30Z INFO [cache] scheduled job ledger_sync finished in 63s
2026-03-14T11:25:43Z DEBUG [scheduler] gc pause 323 ms (young gen)
2026-03-14T11:26:07Z INFO [scheduler] scheduled job token_sweep finished in 12s
2026-03-14T11:26:07Z INFO [startup] connection established to billing-worker:8097
2026-03-14T11:26:23Z INFO [metrics] request w16 completed status=200 in 117 ms
2026-03-14T11:26:27Z WARN [startup] slow query 234 ms on table orders_rollup
2026-03-14T11:26:59Z INFO [gc] scheduled job sku_reindex finished in 38s
2026-03-14T11:27:13Z WARN [startup] slow query 114 ms on table orders_rollup
2026-03-14T11:27:17Z DEBUG [scheduler] worker w24 idle for 22s
2026-03-14T11:27:29Z INFO [cache] cache refresh complete: 3565 entries loaded
2026-03-14T11:27:39Z WARN [http.server] slow query 86 ms on table img_prewarm
2026-03-14T11:28:11Z WARN [http.server] slow query 167 ms on table sku_reindex
2026-03-14T11:28:56Z INFO [http.server] connection established to notification-service:8148
2026-03-14T11:29:12Z WARN [startup] thread pool active 4248/64
2026-03-14T11:29:13Z INFO [cache] scheduled job img_prewarm finished in 72s
2026-03-14T11:29:18Z INFO [gc] scheduled job email_digest finished in 18s
2026-03-14T11:29:23Z WARN [cache] slow query 109 ms on table token_sweep
2026-03-14T11:29:46Z DEBUG [scheduler] gc pause 14 ms (young gen)
2026-03-14T11:29:55Z INFO [cache] request w59 completed status=200 in 792 ms
2026-03-14T11:30:12Z ERROR [metrics] failed to publish metrics batch: broker unavailable (will retry)
2026-03-14T11:30:13Z INFO [http.server] connection established to billing-worker:8132
2026-03-14T11:30:14Z INFO [metrics] heartbeat ok (epoch 3748)
2026-03-14T11:30:26Z WARN [scheduler] retrying metrics flush (attempt 1541)
2026-03-14T11:31:13Z INFO [gc] scheduled job orders_rollup finished in 54s
2026-03-14T11:31:32Z INFO [cache] connection established to billing-worker:8179
2026-03-14T11:32:09Z WARN [startup] certificate for shipping-service expires in 3693 days
2026-03-14T11:32:41Z DEBUG [metrics] worker w15 idle for 94s
2026-03-14T11:32:44Z INFO [startup] request w16 completed status=200 in 347 ms
2026-03-14T11:32:46Z INFO [gc] scheduled job img_prewarm finished in 110s
2026-03-14T11:33:23Z INFO [startup] scheduled job sku_reindex finished in 101s
2026-03-14T11:33:23Z INFO [http.server] scheduled job img_prewarm finished in 15s
2026-03-14T11:33:41Z DEBUG [metrics] worker w14 idle for 118s
2026-03-14T11:33:44Z DEBUG [metrics] queue depth 2652 within limits
2026-03-14T11:33:51Z INFO [startup] request w44 completed status=200 in 273 ms
2026-03-14T11:34:18Z INFO [cache] heartbeat ok (epoch 2897)
2026-03-14T11:34:22Z INFO [scheduler] cache refresh complete: 803 entries loaded
2026-03-14T11:34:46Z INFO [http.server] scheduled job img_prewarm finished in 103s
2026-03-14T11:34:58Z WARN [gc] retrying metrics flush (attempt 1865)
2026-03-14T11:34:59Z WARN [gc] retrying metrics flush (attempt 904)
2026-03-14T11:35:37Z DEBUG [gc] gc pause 359 ms (young gen)
2026-03-14T11:35:44Z ERROR [scheduler] failed to publish metrics batch: broker unavailable (will retry)
2026-03-14T11:36:00Z DEBUG [startup] gc pause 621 ms (young gen)
2026-03-14T11:36:10Z INFO [scheduler] cache refresh complete: 4311 entries loaded
2026-03-14T11:36:17Z INFO [startup] request w55 completed status=200 in 79 ms
2026-03-14T11:36:26Z INFO [http.server] request w57 completed status=200 in 70 ms
2026-03-14T11:36:29Z INFO [scheduler] cache refresh complete: 4691 entries loaded
2026-03-14T11:36:29Z INFO [gc] heartbeat ok (epoch 3120)
2026-03-14T11:36:30Z DEBUG [http.server] gc pause 158 ms (young gen)
2026-03-14T11:36:47Z INFO [metrics] request w11 completed status=200 in 582 ms
2026-03-14T11:36:55Z INFO [startup] request w21 completed status=200 in 255 ms
2026-03-14T11:37:48Z INFO [cache] cache refresh complete: 1334 entries loaded
2026-03-14T11:37:56Z INFO [metrics] cache refresh complete: 985 entries loaded
2026-03-14T11:38:00Z INFO [http.server] heartbeat ok (epoch 1635)
2026-03-14T11:38:18Z INFO [scheduler] request w26 completed status=200 in 24 ms
2026-03-14T11:38:43Z ERROR [scheduler] temporary DNS failure resolving notification-service (retried ok)
2026-03-14T11:38:44Z WARN [cache] certificate for shipping-service expires in 3814 days
2026-03-14T11:38:48Z INFO [http.server] scheduled job orders_rollup finished in 63s
2026-03-14T11:38:53Z INFO [cache] connection established to notification-service:8150
2026-03-14T11:38:58Z DEBUG [http.server] queue depth 1729 within limits
2026-03-14T11:39:08Z DEBUG [cache] worker w31 idle for 40s
2026-03-14T11:39:10Z INFO [scheduler] request w53 completed status=200 in 221 ms
2026-03-14T11:39:35Z WARN [scheduler] retrying metrics flush (attempt 1746)
2026-03-14T11:39:41Z INFO [http.server] request w58 completed status=200 in 110 ms
2026-03-14T11:39:47Z INFO [gc] scheduled job orders_rollup finished in 18s
2026-03-14T11:39:56Z INFO [startup] scheduled job sku_reindex finished in 84s
2026-03-14T11:39:59Z INFO [startup] request w4 completed status=200 in 472 ms
2026-03-14T11:40:11Z INFO [http.server] request w20 completed status=200 in 691 ms
2026-03-14T11:40:43Z INFO [scheduler] connection established to shipping-service:8184
2026-03-14T11:40:47Z DEBUG [http.server] worker w52 idle for 97s
2026-03-14T11:41:08Z ERROR [scheduler] temporary DNS failure resolving billing-worker (retried ok)
2026-03-14T11:42:31Z WARN [gc] retrying metrics flush (attempt 2531)
2026-03-14T11:43:03Z INFO [scheduler] connection established to billing-worker:8103
2026-03-14T11:43:18Z INFO [scheduler] connection established to shipping-service:8118
2026-03-14T11:43:34Z INFO [scheduler] scheduled job orders_rollup finished in 67s
2026-03-14T11:44:38Z INFO [gc] heartbeat ok (epoch 2563)
2026-03-14T11:44:47Z INFO [metrics] heartbeat ok (epoch 3611)
2026-03-14T11:45:03Z WARN [gc] thread pool active 4834/64
2026-03-14T11:45:06Z WARN [gc] thread pool active 2465/64
2026-03-14T11:45:15Z INFO [gc] scheduled job token_sweep finished in 65s
2026-03-14T11:45:16Z INFO [metrics] heartbeat ok (epoch 2789)
2026-03-14T11:45:19Z INFO [http.server] request w59 completed status=200 in 448 ms
2026-03-14T11:45:56Z INFO [metrics] scheduled job img_prewarm finished in 43s
2026-03-14T11:46:09Z INFO [gc] heartbeat ok (epoch 4985)
2026-03-14T11:46:16Z INFO [http.server] heartbeat ok (epoch 3611)
2026-03-14T11:46:20Z DEBUG [http.server] worker w20 idle for 14s
2026-03-14T11:46:46Z INFO [metrics] connection established to billing-worker:8126
2026-03-14T11:46:47Z INFO [scheduler] connection established to shipping-service:8147
2026-03-14T11:46:48Z DEBUG [cache] worker w63 idle for 103s
2026-03-14T11:47:08Z WARN [startup] slow query 356 ms on table email_digest
2026-03-14T11:47:17Z WARN [http.server] slow query 297 ms on table email_digest
2026-03-14T11:47:32Z WARN [startup] thread pool active 4639/64
2026-03-14T11:47:38Z INFO [cache] request w54 completed status=200 in 383 ms
2026-03-14T11:48:09Z INFO [scheduler] cache refresh complete: 2959 entries loaded
2026-03-14T11:48:19Z INFO [gc] connection established to shipping-service:8152
2026-03-14T11:48:30Z INFO [cache] scheduled job orders_rollup finished in 75s
2026-03-14T11:48:35Z INFO [scheduler] connection established to billing-worker:8095
2026-03-14T11:49:24Z INFO [http.server] cache refresh complete: 2455 entries loaded
2026-03-14T11:49:30Z INFO [gc] cache refresh complete: 2446 entries loaded
2026-03-14T11:49:44Z INFO [startup] request w14 completed status=200 in 68 ms
2026-03-14T11:50:44Z INFO [cache] scheduled job token_sweep finished in 108s
2026-03-14T11:51:02Z INFO [cache] heartbeat ok (epoch 4454)
2026-03-14T11:51:15Z DEBUG [scheduler] worker w27 idle for 42s
2026-03-14T11:51:22Z ERROR [metrics] failed to publish metrics batch: broker unavailable (will retry)
2026-03-14T11:51:24Z DEBUG [startup] worker w1 idle for 66s
2026-03-14T11:51:42Z INFO [startup] cache refresh complete: 2805 entries loaded
2026-03-14T11:51:56Z INFO [cache] cache refresh complete: 2084 entries loaded
2026-03-14T11:52:14Z DEBUG [gc] gc pause 678 ms (young gen)
2026-03-14T11:52:36Z WARN [cache] slow query 60 ms on table img_prewarm
2026-03-14T11:52:55Z INFO [gc] request w61 completed status=200 in 799 ms
2026-03-14T11:53:12Z DEBUG [metrics] queue depth 3197 within limits
2026-03-14T11:53:25Z DEBUG [metrics] worker w28 idle for 46s
2026-03-14T11:54:09Z INFO [cache] scheduled job ledger_sync finished in 57s
2026-03-14T11:54:57Z INFO [gc] request w18 completed status=200 in 469 ms
2026-03-14T11:55:36Z INFO [gc] connection established to billing-worker:8179
2026-03-14T11:55:44Z DEBUG [cache] queue depth 665 within limits
2026-03-14T11:55:48Z WARN [metrics] certificate for shipping-service expires in 4826 days
2026-03-14T11:55:52Z INFO [cache] request w21 completed status=200 in 269 ms
2026-03-14T11:56:10Z WARN [cache] slow query 710 ms on table img_prewarm
2026-03-14T11:56:13Z WARN [scheduler] slow query 22 ms on table img_prewarm
2026-03-14T11:56:37Z INFO [metrics] scheduled job ledger_sync finished in 54s
2026-03-14T11:56:45Z DEBUG [scheduler] gc pause 892 ms (young gen)
2026-03-14T11:56:57Z DEBUG [startup] worker w37 idle for 109s
2026-03-14T11:57:04Z INFO [http.server] request w54 completed status=200 in 746 ms
2026-03-14T11:57:10Z DEBUG [gc] gc pause 208 ms (young gen)
2026-03-14T11:57:20Z WARN [scheduler] slow query 140 ms on table img_prewarm
2026-03-14T11:57:38Z DEBUG [cache] queue depth 1175 within limits
2026-03-14T11:58:21Z INFO [http.server] cache refresh complete: 4484 entries loaded
2026-03-14T11:58:41Z DEBUG [cache] gc pause 886 ms (young gen)
2026-03-14T11:59:05Z ERROR [cache] temporary DNS failure resolving shipping-service (retried ok)
2026-03-14T11:59:18Z DEBUG [metrics] gc pause 432 ms (young gen)
2026-03-14T11:59:18Z INFO [gc] connection established to notification-service:8142
2026-03-14T11:59:19Z WARN [cache] slow query 450 ms on table ledger_sync
2026-03-14T11:59:22Z DEBUG [http.server] queue depth 1721 within limits
2026-03-14T11:59:25Z WARN [metrics] thread pool active 1494/64
2026-03-14T11:59:48Z WARN [metrics] thread pool active 3828/64
2026-03-14T11:59:55Z INFO [metrics] scheduled job ledger_sync finished in 37s
