2026-03-14T11:00:14Z INFO [scheduler] scheduled job token_sweep finished in 76s
2026-03-14T11:00:43Z INFO [gc] connection established to payment-gateway:8083
2026-03-14T11:00:55Z INFO [metrics] cache refresh complete: 3766 entries loaded
2026-03-14T11:01:00Z INFO [metrics] scheduled job ledger_sync finished in 43s
2026-03-14T11:01:08Z INFO [metrics] cache refresh complete: 3751 entries loaded
2026-03-14T11:01:11Z INFO [metrics] cache refresh complete: 4711 entries loaded
2026-03-14T11:01:18Z INFO [cache] request w45 completed status=200 in 726 ms
2026-03-14T11:01:21Z INFO [cache] connection established to order-service:8182
2026-03-14T11:01:38Z INFO [startup] connection established to session-cache:8121
2026-03-14T11:01:53Z INFO [cache] scheduled job email_digest finished in 50s
2026-03-14T11:02:11Z INFO [scheduler] cache refresh complete: 4576 entries loaded
2026-03-14T11:02:34Z DEBUG [cache] gc pause 380 ms (young gen)
2026-03-14T11:02:51Z INFO [startup] cache refresh complete: 1055 entries loaded
2026-03-14T11:03:01Z INFO [scheduler] request w54 completed status=200 in 283 ms
2026-03-14T11:03:24Z DEBUG [scheduler] worker w5 idle for 108s
2026-03-14T11:03:45Z WARN [http.server] retrying metrics flush (attempt 3195)
2026-03-14T11:04:02Z INFO [scheduler] heartbeat ok (epoch 900)
2026-03-14T11:04:04Z WARN [metrics] thread pool active 3571/64
2026-03-14T11:04:34Z INFO [metrics] heartbeat ok (epoch 3676)
2026-03-14T11:04:51Z INFO [gc] request w7 completed status=200 in 403 ms
2026-03-14T11:05:01Z INFO [metrics] request w42 completed status=200 in 506 ms
2026-03-14T11:05:26Z WARN [gc] slow query 497 ms on table email_digest
2026-03-14T11:05:43Z INFO [startup] request w14 completed status=200 in 338 ms
2026-03-14T11:06:19Z WARN [scheduler] thread pool active 1532/64
2026-03-14T11:06:30Z WARN [scheduler] thread pool active 1818/64
2026-03-14T11:06:39Z WARN [cache] retrying metrics flush (attempt 2425)
2026-03-14T11:07:05Z INFO [startup] request w17 completed status=200 in 674 ms
2026-03-14T11:07:33Z INFO [gc] connection established to payment-gateway:8163
2026-03-14T11:07:36Z DEBUG [metrics] worker w39 idle for 22s
2026-03-14T11:07:51Z DEBUG [scheduler] queue depth 497 within limits
2026-03-14T11:07:52Z INFO [metrics] cache refresh complete: 3718 entries loaded
2026-03-14T11:08:09Z DEBUG [startup] worker w25 idle for 53s
2026-03-14T11:08:36Z INFO [scheduler] scheduled job email_digest finished in 51s
2026-03-14T11:08:40Z INFO [scheduler] cache refresh complete: 1927 entries loaded
2026-03-14T11:08:45Z DEBUG [http.server] queue depth 494 within limits
2026-03-14T11:09:03Z INFO [startup] request w40 completed status=200 in 640 ms
2026-03-14T11:09:05Z INFO [http.server] connection established to order-service:8104
2026-03-14T11:09:21Z INFO [http.server] connection established to session-cache:8187
2026-03-14T11:09:29Z INFO [startup] heartbeat ok (epoch 954)
2026-03-14T11:09:49Z DEBUG [gc] queue depth 916 within limits
2026-03-14T11:10:01Z INFO [gc] request w52 completed status=200 in 50 ms
2026-03-14T11:10:11Z INFO [scheduler] heartbeat ok (epoch 1473)
2026-03-14T11:10:30Z INFO [scheduler] heartbeat ok (epoch 3620)
2026-03-14T11:10:52Z INFO [metrics] request w17 completed status=200 in 666 ms
2026-03-14T11:11:02Z INFO [metrics] connection established to order-service:8168
2026-03-14T11:11:18Z INFO [http.server] scheduled job email_digest finished in 21s
2026-03-14T11:11:28Z WARN [startup] thread pool active 654/64
2026-03-14T11:11:33Z DEBUG [scheduler] worker w24 idle for 41s
2026-03-14T11:11:40Z INFO [http.server] request w63 completed status=200 in 723 ms
2026-03-14T11:12:02Z INFO [cache] scheduled job ledger_sync finished in 98s
2026-03-14T11:12:13Z INFO [gc] request w25 completed status=200 in 171 ms
2026-03-14T11:12:16Z INFO [gc] request w57 completed status=200 in 592 ms
2026-03-14T11:12:26Z WARN [cache] retrying metrics flush (attempt 4695)
2026-03-14T11:12:33Z INFO [startup] connection established to session-cache:8090
2026-03-14T11:12:56Z INFO [gc] connection established to order-service:8161
2026-03-14T11:13:11Z INFO [startup] request w62 completed status=200 in 744 ms
2026-03-14T11:13:12Z INFO [gc] connection established to payment-gateway:8142
2026-03-14T11:13:15Z INFO [metrics] cache refresh complete: 3928 entries loaded
2026-03-14T11:13:50Z DEBUG [scheduler] worker w45 idle for 45s
2026-03-14T11:13:53Z DEBUG [startup] gc pause 28 ms (young gen)
2026-03-14T11:13:57Z WARN [cache] slow query 646 ms on table sku_reindex
2026-03-14T11:13:58Z INFO [metrics] request w10 completed status=200 in 371 ms
2026-03-14T11:14:05Z DEBUG [cache] worker w12 idle for 34s
2026-03-14T11:14:09Z WARN [scheduler] retrying metrics flush (attempt 340)
2026-03-14T11:14:39Z INFO [cache] heartbeat ok (epoch 4438)
2026-03-14T11:14:42Z WARN [startup] certificate for payment-gateway expires in 3767 days
2026-03-14T11:14:53Z DEBUG [metrics] gc pause 42 ms (young gen)
2026-03-14T11:15:03Z INFO [startup] scheduled job token_sweep finished in 74s
2026-03-14T11:15:27Z INFO [gc] scheduled job email_digest finished in 77s
2026-03-14T11:15:31Z DEBUG [http.server] gc pause 167 ms (young gen)
2026-03-14T11:15:58Z WARN [http.server] retrying metrics flush (attempt 4169)
2026-03-14T11:16:02Z WARN [http.server] certificate for session-cache expires in 1425 days
2026-03-14T11:16:02Z WARN [metrics] slow query 765 ms on table email_digest
2026-03-14T11:16:18Z INFO [cache] cache refresh complete: 2507 entries loaded
2026-03-14T11:16:25Z INFO [scheduler] request w40 completed status=200 in 162 ms
2026-03-14T11:16:29Z INFO [cache] scheduled job token_sweep finished in 102s
2026-03-14T11:16:31Z INFO [cache] connection established to order-service:8096
2026-03-14T11:16:33Z DEBUG [metrics] queue depth 1659 within limits
2026-03-14T11:16:35Z WARN [gc] retrying metrics flush (attempt 1366)
2026-03-14T11:16:35Z DEBUG [http.server] queue depth 617 within limits
2026-03-14T11:16:57Z DEBUG [scheduler] queue depth 3522 within limits
2026-03-14T11:16:59Z DEBUG [metrics] gc pause 561 ms (young gen)
2026-03-14T11:17:42Z INFO [http.server] cache refresh complete: 1319 entries loaded
2026-03-14T11:18:10Z INFO [gc] request w60 completed status=200 in 458 ms
2026-03-14T11:18:28Z ERROR [scheduler] temporary DNS failure resolving session-cache (retried ok)
2026-03-14T11:19:03Z DEBUG [startup] gc pause 266 ms (young gen)
2026-03-14T11:19:33Z WARN [gc] certificate for order-service expires in 1957 days
2026-03-14T11:19:44Z WARN [metrics] slow query 342 ms on table sku_reindex
2026-03-14T11:20:19Z INFO [http.server] cache refresh complete: 3677 entries loaded
2026-03-14T11:20:25Z INFO [scheduler] request w50 completed status=200 in 829 ms
2026-03-14T11:20:36Z WARN [http.server] certificate for order-service expires in 3393 days
2026-03-14T11:20:58Z INFO [scheduler] request w42 completed status=200 in 603 ms
2026-03-14T11:21:40Z DEBUG [metrics] queue depth 3427 within limits
2026-03-14T11:21:44Z WARN [startup] slow query 369 ms on table ledger_sync
2026-03-14T11:21:49Z INFO [cache] connection established to inventory-service:8194
2026-03-14T11:22:03Z INFO [metrics] heartbeat ok (epoch 1343)
2026-03-14T11:22:29Z WARN [metrics] slow query 42 ms on table ledger_sync
2026-03-14T11:22:30Z INFO [scheduler] heartbeat ok (epoch 3007)
2026-03-14T11:22:51Z ERROR [startup] temporary DNS failure resolving order-service (retried ok)
2026-03-14T11:23:04Z DEBUG [gc] worker w54 idle for 79s
2026-03-14T11:23:20Z INFO [metrics] connection established to payment-gateway:8164
2026-03-14T11:23:31Z INFO [http.server] request w16 completed status=200 in 768 ms
2026-03-14T11:23:53Z INFO [cache] cache refresh complete: 2176 entries loaded
2026-03-14T11:23:59Z INFO [startup] heartbeat ok (epoch 3944)
2026-03-14T11:24:09Z DEBUG [cache] worker w21 idle for 72s
2026-03-14T11:24:38Z INFO [http.server] cache refresh complete: 1503 entries loaded
2026-03-14T11:24:47Z INFO [scheduler] connection established to payment-gateway:8199
2026-03-14T11:25:12Z INFO [cache] cache refresh complete: 2562 entries loaded
2026-03-14T11:25:48Z WARN [metrics] thread pool active 4536/64
2026-03-14T11:26:32Z DEBUG [gc] queue depth 3422 within limits
2026-03-14T11:26:39Z WARN [scheduler] certificate for inventory-service expires in 942 days
2026-03-14T11:27:34Z INFO [startup] scheduled job img_prewarm finished in 29s
2026-03-14T11:27:46Z INFO [cache] request w52 completed status=200 in 866 ms
2026-03-14T11:27:47Z DEBUG [startup] worker w61 idle for 36s
2026-03-14T11:28:06Z WARN [scheduler] thread pool active 874/64
2026-03-14T11:28:15Z WARN [scheduler] retrying metrics flush (attempt 1816)
2026-03-14T11:28:22Z INFO [cache] cache refresh complete: 1215 entries loaded
2026-03-14T11:28:33Z INFO [http.server] request w25 completed status=200 in 652 ms
2026-03-14T11:28:46Z INFO [scheduler] cache refresh complete: 2858 entries loaded
2026-03-14T11:28:58Z INFO [gc] cache refresh complete: 947 entries loaded
2026-03-14T11:29:05Z INFO [metrics] scheduled job orders_rollup finished in 50s
2026-03-14T11:29:24Z INFO [cache] connection established to inventory-service:8166
2026-03-14T11:30:01Z WARN [startup] certificate for session-cache expires in 3559 days
2026-03-14T11:30:18Z INFO [metrics] scheduled job token_sweep finished in 98s
2026-03-14T11:30:26Z INFO [cache] request w51 completed status=200 in 855 ms
2026-03-14T11:30:27Z WARN [cache] retrying metrics flush (attempt 4245)
2026-03-14T11:30:47Z INFO [cache] connection established to session-cache:8145
2026-03-14T11:31:07Z INFO [scheduler] connection established to session-cache:8089
2026-03-14T11:31:08Z WARN [http.server] retrying metrics flush (attempt 1423)
2026-03-14T11:31:19Z INFO [http.server] cache refresh complete: 282 entries loaded
2026-03-14T11:32:08Z DEBUG [metrics] queue depth 1854 within limits
2026-03-14T11:32:28Z INFO [startup] request w34 completed status=200 in 703 ms
2026-03-14T11:32:44Z INFO [scheduler] request w35 completed status=200 in 827 ms
2026-03-14T11:33:21Z INFO [scheduler] connection established to order-service:8132
2026-03-14T11:33:30Z DEBUG [cache] gc pause 714 ms (young gen)
2026-03-14T11:33:34Z INFO [metrics] request w49 completed status=200 in 51 ms
2026-03-14T11:33:38Z INFO [gc] connection established to inventory-service:8176
2026-03-14T11:33:48Z INFO [gc] request w40 completed status=200 in 554 ms
2026-03-14T11:34:13Z INFO [cache] cache refresh complete: 1138 entries loaded
2026-03-14T11:34:41Z INFO [cache] heartbeat ok (epoch 791)
2026-03-14T11:34:53Z INFO [scheduler] request w22 completed status=200 in 206 ms
2026-03-14T11:35:02Z INFO [http.server] connection established to order-service:8124
2026-03-14T11:35:08Z INFO [startup] cache refresh complete: 1861 entries loaded
2026-03-14T11:36:02Z INFO [gc] request w24 completed status=200 in 373 ms
2026-03-14T11:37:04Z INFO [gc] request w36 completed status=200 in 590 ms
2026-03-14T11:37:19Z WARN [scheduler] certificate for payment-gateway expires in 4943 days
2026-03-14T11:37:34Z INFO [gc] request w14 completed status=200 in 894 ms
2026-03-14T11:37:38Z DEBUG [cache] queue depth 2615 within limits
2026-03-14T11:38:02Z INFO [scheduler] connection established to inventory-service:8130
2026-03-14T11:38:14Z INFO [cache] request w37 completed status=200 in 576 ms
2026-03-14T11:38:14Z INFO [scheduler] request w39 completed status=200 in 880 ms
2026-03-14T11:38:16Z INFO [gc] scheduled job orders_rollup finished in 115s
2026-03-14T11:38:29Z WARN [cache] slow query 174 ms on table img_prewarm
2026-03-14T11:38:32Z WARN [gc] slow query 482 ms on table ledger_sync
2026-03-14T11:38:46Z ERROR [gc] temporary DNS failure resolving session-cache (retried ok)
2026-03-14T11:38:52Z INFO [gc] connection established to inventory-service:8096
2026-03-14T11:39:06Z INFO [scheduler] request w8 completed status=200 in 463 ms
2026-03-14T11:39:25Z WARN [scheduler] retrying metrics flush (attempt 3056)
2026-03-14T11:39:30Z DEBUG [scheduler] queue depth 1644 within limits
2026-03-14T11:39:30Z INFO [startup] request w43 completed status=200 in 155 ms
2026-03-14T11:39:31Z DEBUG [gc] worker w61 idle for 87s
2026-03-14T11:39:33Z DEBUG [cache] worker w62 idle for 40s
2026-03-14T11:39:59Z INFO [http.server] cache refresh complete: 1934 entries loaded
2026-03-14T11:40:00Z INFO [gc] connection established to order-service:8149
2026-03-14T11:40:05Z ERROR [cache] temporary DNS failure resolving payment-gateway (retried ok)
2026-03-14T11:40:18Z INFO [scheduler] cache refresh complete: 3751 entries loaded
2026-03-14T11:40:20Z INFO [gc] cache refresh complete: 3091 entries loaded
2026-03-14T11:40:39Z WARN [gc] thread pool active 4097/64
2026-03-14T11:41:15Z DEBUG [gc] gc pause 709 ms (young gen)
2026-03-14T11:41:24Z INFO [startup] request w41 completed status=200 in 464 ms
2026-03-14T11:41:35Z INFO [cache] request w57 completed status=200 in 133 ms
2026-03-14T11:41:51Z INFO [scheduler] heartbeat ok (epoch 2491)
2026-03-14T11:41:53Z INFO [metrics] connection established to session-cache:8158
2026-03-14T11:41:58Z INFO [gc] request w62 completed status=200 in 90 ms
2026-03-14T11:42:02Z DEBUG [http.server] worker w28 idle for 93s
2026-03-14T11:42:13Z DEBUG [metrics] gc pause 7 ms (young gen)
2026-03-14T11:42:15Z INFO [startup] connection established to inventory-service:8114
2026-03-14T11:42:21Z INFO [metrics] cache refresh complete: 4646 entries loaded
2026-03-14T11:42:44Z INFO [scheduler] heartbeat ok (epoch 846)
2026-03-14T11:42:54Z INFO [metrics] connection established to session-cache:8080
2026-03-14T11:43:06Z DEBUG [scheduler] queue depth 3443 within limits
2026-03-14T11:43:14Z INFO [startup] connection established to inventory-service:8144
2026-03-14T11:43:19Z INFO [metrics] scheduled job orders_rollup finished in 56s
2026-03-14T11:43:22Z INFO [metrics] request w16 completed status=200 in 463 ms
2026-03-14T11:43:23Z INFO [cache] connection established to inventory-service:8091
2026-03-14T11:43:37Z INFO [http.server] cache refresh complete: 813 entries loaded
2026-03-14T11:43:40Z INFO [metrics] request w21 completed status=200 in 716 ms
2026-03-14T11:43:49Z DEBUG [gc] worker w22 idle for 96s
2026-03-14T11:44:04Z INFO [http.server] request w57 completed status=200 in 898 ms
2026-03-14T11:44:06Z INFO [metrics] connection established to inventory-service:8193
2026-03-14T11:44:50Z INFO [gc] heartbeat ok (epoch 1959)
2026-03-14T11:45:03Z DEBUG [metrics] gc pause 395 ms (young gen)
2026-03-14T11:45:20Z WARN [http.server] certificate for inventory-service expires in 2059 days
2026-03-14T11:45:25Z INFO [scheduler] heartbeat ok (epoch 2383)
2026-03-14T11:45:30Z INFO [startup] heartbeat ok (epoch 3876)
2026-03-14T11:45:41Z DEBUG [metrics] worker w23 idle for 58s
2026-03-14T11:45:59Z INFO [startup] connection established to inventory-service:8110
2026-03-14T11:46:00Z INFO [gc] request w6 completed status=200 in 217 ms
2026-03-14T11:46:14Z INFO [gc] scheduled job token_sweep finished in 49s
2026-03-14T11:46:24Z INFO [scheduler] request w1 completed status=200 in 561 ms
2026-03-14T11:46:35Z WARN [http.server] slow query 795 ms on table orders_rollup
2026-03-14T11:46:35Z INFO [metrics] cache refresh complete: 1713 entries loaded
2026-03-14T11:46:41Z INFO [metrics] connection established to payment-gateway:8196
2026-03-14T11:47:01Z WARN [metrics] slow query 633 ms on table orders_rollup
2026-03-14T11:47:16Z DEBUG [startup] queue depth 460 within limits
2026-03-14T11:47:20Z INFO [metrics] request w29 completed status=200 in 384 ms
2026-03-14T11:47:26Z INFO [startup] cache refresh complete: 1529 entries loaded
2026-03-14T11:47:32Z WARN [startup] retrying metrics flush (attempt 2063)
2026-03-14T11:47:44Z INFO [gc] heartbeat ok (epoch 2034)
2026-03-14T11:48:15Z INFO [http.server] cache refresh complete: 407 entries loaded
2026-03-14T11:48:28Z INFO [cache] request w15 completed status=200 in 479 ms
2026-03-14T11:48:40Z INFO [startup] request w48 completed status=200 in 195 ms
2026-03-14T11:48:50Z DEBUG [scheduler] queue depth 672 within limits
2026-03-14T11:49:14Z INFO [metrics] request w48 completed status=200 in 597 ms
2026-03-14T11:49:33Z INFO [cache] connection established to order-service:8172
2026-03-14T11:49:37Z DEBUG [metrics] worker w37 idle for 79s
2026-03-14T11:49:40Z DEBUG [http.server] queue depth 3690 within limits
2026-03-14T11:49:48Z WARN [scheduler] certificate for session-cache expires in 2340 days
2026-03-14T11:49:52Z WARN [http.server] thread pool active 1239/64
2026-03-14T11:50:02Z DEBUG [metrics] queue depth 4882 within limits
2026-03-14T11:50:20Z WARN [http.server] retrying metrics flush (attempt 3777)
2026-03-14T11:51:54Z INFO [cache] scheduled job sku_reindex finished in 75s
2026-03-14T11:52:15Z INFO [cache] cache refresh complete: 3707 entries loaded
2026-03-14T11:52:22Z DEBUG [http.server] queue depth 4128 within limits
2026-03-14T11:52:35Z INFO [cache] connection established to order-service:8159
2026-03-14T11:52:39Z INFO [gc] request w1 completed status=200 in 468 ms
2026-03-14T11:53:09Z DEBUG [gc] queue depth 4088 within limits
2026-03-14T11:53:22Z WARN [scheduler] certificate for session-cache expires in 4320 days
2026-03-14T11:53:59Z WARN [cache] retrying metrics flush (attempt 414)
2026-03-14T11:54:02Z WARN [gc] thread pool active 2135/64
2026-03-14T11:54:04Z INFO [gc] request w14 completed status=200 in 737 ms
2026-03-14T11:54:09Z WARN [metrics] certificate for inventory-service expires in 1438 days
2026-03-14T11:55:09Z INFO [http.server] request w23 completed status=200 in 614 ms
2026-03-14T11:55:10Z INFO [metrics] connection established to order-service:8131
2026-03-14T11:55:23Z DEBUG [startup] gc pause 471 ms (young gen)
2026-03-14T11:55:52Z INFO [cache] request w22 completed status=200 in 117 ms
2026-03-14T11:57:07Z INFO [gc] request w64 completed status=200 in 247 ms
2026-03-14T11:57:47Z INFO [startup] heartbeat ok (epoch 3368)
2026-03-14T11:57:50Z WARN [startup] retrying metrics flush (attempt 1658)
2026-03-14T11:58:08Z INFO [http.server] heartbeat ok (epoch 1645)
2026-03-14T11:58:15Z DEBUG [metrics] worker w49 idle for 25s
2026-03-14T11:58:19Z INFO [scheduler] connection established to inventory-service:8088
2026-03-14T11:58:21Z INFO [scheduler] request w34 completed status=200 in 452 ms
2026-03-14T11:58:37Z INFO [http.server] heartbeat ok (epoch 1653)
2026-03-14T11:59:01Z WARN [cache] certificate for inventory-service expires in 3532 days
